
Debian GNU/Linux 9 syzkaller ttyS0

Warning: Permanently added '[localhost]:17366' (ECDSA) to the list of known hosts.
Argument "" isn't numeric in numeric eq (==) at /usr/bin/rxe_cfg line 141.
Cannot get driver information: Operation not supported
Cannot get driver information: Operation not supported
Cannot get driver information: Operation not supported
Cannot get driver information: Operation not supported
libibverbs: Warning: couldn't open config directory '/etc/libibverbs.d'.
IB device 'rxe0' wasn't found
2020/11/19 20:25:43 fuzzer started
syzkaller login: [   59.851166][ T9958] ld (9958) used greatest stack depth: 24128 bytes left
2020/11/19 20:25:45 dialing manager at 10.0.2.10:35850
2020/11/19 20:25:45 syscalls: 106
2020/11/19 20:25:45 code coverage: enabled
2020/11/19 20:25:45 comparison tracing: CONFIG_KCOV_ENABLE_COMPARISONS is not enabled
2020/11/19 20:25:45 extra coverage: extra coverage is not supported by the kernel
2020/11/19 20:25:45 setuid sandbox: enabled
2020/11/19 20:25:45 namespace sandbox: enabled
2020/11/19 20:25:45 Android sandbox: /sys/fs/selinux/policy does not exist
2020/11/19 20:25:45 fault injection: enabled
2020/11/19 20:25:45 leak checking: CONFIG_DEBUG_KMEMLEAK is not enabled
2020/11/19 20:25:45 net packet injection: enabled
2020/11/19 20:25:45 net device setup: enabled
2020/11/19 20:25:45 concurrency sanitizer: /sys/kernel/debug/kcsan does not exist
2020/11/19 20:25:45 devlink PCI setup: PCI device 0000:00:10.0 is not available
2020/11/19 20:25:45 USB emulation: /dev/raw-gadget does not exist
2020/11/19 20:25:45 hci packet injection: enabled
2020/11/19 20:25:45 wifi device emulation: enabled
20:25:49 executing program 0:
ioctl$VIDIOC_OVERLAY(0xffffffffffffffff, 0x4004560e, &(0x7f0000000000)=0x6f)
r0 = syz_open_dev$cec(&(0x7f0000000040)='/dev/cec#\x00', 0x0, 0x2)
ioctl$VIDIOC_S_AUDOUT(r0, 0x40345632, &(0x7f0000000080)={0x0, "7f20ed849acc15c228e39d26db565a99ce64339287ae512d0708b84cbca9587d", 0x3, 0x1})
r1 = openat$vimc1(0xffffffffffffff9c, &(0x7f00000000c0)='/dev/video1\x00', 0x2, 0x0)
ioctl$VIDIOC_ENCODER_CMD(r1, 0xc028564d, &(0x7f0000000100)={0x1, 0x0, [0x3, 0x84, 0xfb, 0x2, 0x80000001, 0x9, 0x7f, 0x101]})
r2 = syz_open_dev$radio(&(0x7f0000000140)='/dev/radio#\x00', 0x0, 0x2)
ioctl$VIDIOC_ENCODER_CMD(r1, 0xc028564d, &(0x7f0000000180)={0x2, 0x1, [0x5, 0x5, 0x5, 0x7fffffff, 0x5, 0xdfb8, 0x1dae1b10, 0x7]})
r3 = syz_open_dev$radio(&(0x7f00000001c0)='/dev/radio#\x00', 0x1, 0x2)
ioctl$VIDIOC_SUBSCRIBE_EVENT(r3, 0x4020565a, &(0x7f0000000200)={0x8000006, 0x6, 0x2})
syz_open_dev$radio(&(0x7f0000000240)='/dev/radio#\x00', 0x0, 0x2)
ioctl$VIDIOC_S_FREQUENCY(r1, 0x402c5639, &(0x7f0000000280)={0x3, 0x3, 0xffffffff})
r4 = syz_open_dev$swradio(&(0x7f00000002c0)='/dev/swradio#\x00', 0x1, 0x2)
ioctl$VIDIOC_SUBDEV_ENUM_FRAME_SIZE(r4, 0xc040564a, &(0x7f0000000300)={0x2, 0x0, 0x3007, 0x4, 0x50, 0x6, 0x5800})
ioctl$VIDIOC_G_SELECTION(r3, 0xc040565e, &(0x7f0000000340)={0xf, 0x101, 0x2, {0x9, 0x0, 0x3abb, 0x49}})
ioctl$VIDIOC_G_OUTPUT(r3, 0x8004562e, &(0x7f0000000380))
ioctl$VIDIOC_SUBDEV_ENUM_DV_TIMINGS(r3, 0xc0945662, &(0x7f00000003c0)={0xfffffffa, 0x0, [], {0x0, @reserved}})
ioctl$VIDIOC_G_FMT(r4, 0xc0d05604, &(0x7f0000000480)={0xb, @raw_data="b90bb721f245412e00d7313d3a88fa99a564babfcc288c8568f20122725c95599a2bb9da2b93b21ebcd0fd44a0d15c9ba00110acd48cae0fd57b384999a0b1112cc70c3c4a6f478fd891696bd1fb8b43d62ce550ce1eed7bbf5aec6b3be4ce7aefbab468301fe695636e006e1159bb8e6d6384e60066902f6d868c9ea5af3b3d5ede91932b196476660abc0cb0a5e604dc7ba0cac8345a2420930f83fe0989b531b2d17b3568549cc4aa1c91e22afbac103d15fc0b8dcb3aa07b3ea3b2f0d556ffe59a0038e0b4b3"})
ioctl$VIDIOC_QUERYSTD(r2, 0x8008563f, &(0x7f0000000580))
r5 = syz_open_dev$swradio(&(0x7f00000005c0)='/dev/swradio#\x00', 0x1, 0x2)
ioctl$VIDIOC_SUBDEV_ENUM_DV_TIMINGS(r5, 0xc0945662, &(0x7f0000000600)={0x9, 0x0, [], {0x0, @reserved}})

[   65.570749][ T9971] IPVS: ftp: loaded support on port[0] = 21
[   65.735459][ T9971] chnl_net:caif_netlink_parms(): no params data found
[   65.774115][ T9971] bridge0: port 1(bridge_slave_0) entered blocking state
[   65.777718][ T9971] bridge0: port 1(bridge_slave_0) entered disabled state
[   65.783551][ T9971] device bridge_slave_0 entered promiscuous mode
[   65.787861][ T9971] bridge0: port 2(bridge_slave_1) entered blocking state
[   65.793719][ T9971] bridge0: port 2(bridge_slave_1) entered disabled state
[   65.797915][ T9971] device bridge_slave_1 entered promiscuous mode
[   65.811687][ T9971] bond0: (slave bond_slave_0): Enslaving as an active interface with an up link
[   65.817017][ T9971] bond0: (slave bond_slave_1): Enslaving as an active interface with an up link
[   65.830385][ T9971] team0: Port device team_slave_0 added
[   65.835929][ T9971] team0: Port device team_slave_1 added
[   65.846902][ T9971] batman_adv: batadv0: Adding interface: batadv_slave_0
[   65.850454][ T9971] batman_adv: batadv0: The MTU of interface batadv_slave_0 is too small (1500) to handle the transport of batman-adv packets. Packets going over this interface will be fragmented on layer2 which could impact the performance. Setting the MTU to 1560 would solve the problem.
[   65.859975][ T9971] batman_adv: batadv0: Not using interface batadv_slave_0 (retrying later): interface not active
[   65.867574][ T9971] batman_adv: batadv0: Adding interface: batadv_slave_1
[   65.869960][ T9971] batman_adv: batadv0: The MTU of interface batadv_slave_1 is too small (1500) to handle the transport of batman-adv packets. Packets going over this interface will be fragmented on layer2 which could impact the performance. Setting the MTU to 1560 would solve the problem.
[   65.880235][ T9971] batman_adv: batadv0: Not using interface batadv_slave_1 (retrying later): interface not active
[   65.897046][ T9971] device hsr_slave_0 entered promiscuous mode
[   65.900776][ T9971] device hsr_slave_1 entered promiscuous mode
[   66.038794][ T9971] bridge0: port 2(bridge_slave_1) entered blocking state
[   66.041242][ T9971] bridge0: port 2(bridge_slave_1) entered forwarding state
[   66.045148][ T9971] bridge0: port 1(bridge_slave_0) entered blocking state
[   66.048688][ T9971] bridge0: port 1(bridge_slave_0) entered forwarding state
[   66.234108][ T9971] 8021q: adding VLAN 0 to HW filter on device bond0
[   66.245148][ T5956] IPv6: ADDRCONF(NETDEV_CHANGE): veth0: link becomes ready
[   66.267188][ T5956] bridge0: port 1(bridge_slave_0) entered disabled state
[   66.285423][ T5956] bridge0: port 2(bridge_slave_1) entered disabled state
[   66.293343][ T5956] IPv6: ADDRCONF(NETDEV_CHANGE): bond0: link becomes ready
[   66.299627][ T9971] 8021q: adding VLAN 0 to HW filter on device team0
[   66.305783][ T5956] IPv6: ADDRCONF(NETDEV_CHANGE): bridge_slave_0: link becomes ready
[   66.310199][ T5956] bridge0: port 1(bridge_slave_0) entered blocking state
[   66.313832][ T5956] bridge0: port 1(bridge_slave_0) entered forwarding state
[   66.322079][    T5] IPv6: ADDRCONF(NETDEV_CHANGE): bridge_slave_1: link becomes ready
[   66.326586][    T5] bridge0: port 2(bridge_slave_1) entered blocking state
[   66.330175][    T5] bridge0: port 2(bridge_slave_1) entered forwarding state
[   66.342629][    T7] IPv6: ADDRCONF(NETDEV_CHANGE): team_slave_0: link becomes ready
[   66.347267][    T7] IPv6: ADDRCONF(NETDEV_CHANGE): team_slave_1: link becomes ready
[   66.352886][    T7] IPv6: ADDRCONF(NETDEV_CHANGE): hsr_slave_0: link becomes ready
[   66.357071][    T7] IPv6: ADDRCONF(NETDEV_CHANGE): hsr_slave_1: link becomes ready
[   66.360750][ T9971] IPv6: ADDRCONF(NETDEV_CHANGE): hsr0: link becomes ready
[   66.365891][    T7] IPv6: ADDRCONF(NETDEV_CHANGE): team0: link becomes ready
[   66.377107][    T7] IPv6: ADDRCONF(NETDEV_CHANGE): vxcan0: link becomes ready
[   66.380065][    T7] IPv6: ADDRCONF(NETDEV_CHANGE): vxcan1: link becomes ready
[   66.386780][ T9971] 8021q: adding VLAN 0 to HW filter on device batadv0
[   66.422739][ T5956] IPv6: ADDRCONF(NETDEV_CHANGE): veth0_virt_wifi: link becomes ready
[   66.425631][ T5956] IPv6: ADDRCONF(NETDEV_CHANGE): veth0_vlan: link becomes ready
[   66.430089][ T5956] IPv6: ADDRCONF(NETDEV_CHANGE): vlan0: link becomes ready
[   66.435485][ T5956] IPv6: ADDRCONF(NETDEV_CHANGE): vlan1: link becomes ready
[   66.439333][ T9971] device veth0_vlan entered promiscuous mode
[   66.445939][ T9971] device veth1_vlan entered promiscuous mode
[   66.456475][ T5956] IPv6: ADDRCONF(NETDEV_CHANGE): macvlan0: link becomes ready
[   66.460860][ T5956] IPv6: ADDRCONF(NETDEV_CHANGE): macvlan1: link becomes ready
[   66.466285][ T5956] IPv6: ADDRCONF(NETDEV_CHANGE): veth0_macvtap: link becomes ready
[   66.472033][ T9971] device veth0_macvtap entered promiscuous mode
[   66.476686][ T9971] device veth1_macvtap entered promiscuous mode
[   66.486746][ T9971] batman_adv: batadv0: Interface activated: batadv_slave_0
[   66.489112][ T5956] IPv6: ADDRCONF(NETDEV_CHANGE): veth0_to_batadv: link becomes ready
[   66.495098][ T5956] IPv6: ADDRCONF(NETDEV_CHANGE): macvtap0: link becomes ready
[   66.500567][ T9971] batman_adv: batadv0: Interface activated: batadv_slave_1
[   66.505266][    T7] IPv6: ADDRCONF(NETDEV_CHANGE): veth1_to_batadv: link becomes ready
[   66.582435][ T9971] ieee80211 phy3: Selected rate control algorithm 'minstrel_ht'
[   66.600818][ T3935] wlan0: Created IBSS using preconfigured BSSID 50:50:50:50:50:50
[   66.603775][ T3935] wlan0: Creating new IBSS network, BSSID 50:50:50:50:50:50
[   66.606397][ T5956] IPv6: ADDRCONF(NETDEV_CHANGE): wlan0: link becomes ready
[   66.616303][ T9971] ieee80211 phy4: Selected rate control algorithm 'minstrel_ht'
[   66.639457][   T79] wlan1: Created IBSS using preconfigured BSSID 50:50:50:50:50:50
[   66.644713][   T79] wlan1: Creating new IBSS network, BSSID 50:50:50:50:50:50
[   66.649062][ T5956] IPv6: ADDRCONF(NETDEV_CHANGE): wlan1: link becomes ready
20:25:51 executing program 0:
openat$vimc1(0xffffffffffffff9c, &(0x7f0000000000)='/dev/video1\x00', 0x2, 0x0)
syz_open_dev$radio(&(0x7f0000000040)='/dev/radio#\x00', 0x1, 0x2)
r0 = openat$vimc1(0xffffffffffffff9c, &(0x7f0000000140)='/dev/video1\x00', 0x2, 0x0)
ioctl$VIDIOC_SUBDEV_G_EDID(r0, 0xc0285628, &(0x7f0000000240)={0x0, 0x0, 0x7, [], &(0x7f0000000180)=0x3})
r1 = syz_open_dev$vivid(&(0x7f0000000080)='/dev/video#\x00', 0x2, 0x2)
ioctl$VIDIOC_ENUM_FREQ_BANDS(r1, 0xc0405665, &(0x7f0000000000)={0x0, 0x2})
r2 = syz_open_dev$vivid(&(0x7f0000000080)='/dev/video#\x00', 0x2, 0x2)
ioctl$VIDIOC_ENUM_FREQ_BANDS(r2, 0xc0405665, &(0x7f0000000000)={0x0, 0x2})
ioctl$VIDIOC_QUERYCAP(r1, 0x80685600, &(0x7f00000001c0))
r3 = openat$vicodec1(0xffffffffffffff9c, &(0x7f0000000080)='/dev/video37\x00', 0x2, 0x0)
ioctl$VIDIOC_STREAMOFF(r3, 0x40045613, &(0x7f00000000c0)=0x800)
ioctl$VIDIOC_REQBUFS(r3, 0xc0145608, &(0x7f0000000100)={0x81, 0xb, 0x2})

20:25:51 executing program 0:
r0 = syz_open_dev$vivid(&(0x7f0000000040)='/dev/video#\x00', 0x3, 0x2)
ioctl$VIDIOC_S_FMT(r0, 0xc0d05605, &(0x7f00000000c0)={0x8, @pix_mp={0x3, 0x0, 0x0, 0x9, 0x0, [{0xffffffff}, {0x0, 0xffffff81}, {}, {}, {}, {}, {}, {0x1}]}})
ioctl$VIDIOC_REQBUFS(r0, 0xc0145608, &(0x7f0000000000)={0x1, 0x1})

20:25:51 executing program 0:
r0 = syz_open_dev$radio(&(0x7f00000000c0)='/dev/radio#\x00', 0x2, 0x2)
ioctl$VIDIOC_S_FREQUENCY(r0, 0x402c5639, &(0x7f0000000180)={0x0, 0x1, 0x400000})
ioctl$VIDIOC_UNSUBSCRIBE_EVENT(r0, 0x4020565b, &(0x7f0000000000)={0x5, 0x0, 0x1})
openat$vimc1(0xffffffffffffff9c, &(0x7f0000000040)='/dev/video1\x00', 0x2, 0x0)

20:25:51 executing program 0:
r0 = syz_open_dev$vbi(&(0x7f0000000240)='/dev/vbi#\x00', 0x0, 0x2)
ioctl$VIDIOC_G_AUDOUT(r0, 0x80345631, &(0x7f0000000000))
ioctl$VIDIOC_ENUM_DV_TIMINGS(r0, 0xc0945662, 0x0)

20:25:51 executing program 0:
r0 = syz_open_dev$swradio(&(0x7f0000000040)='/dev/swradio#\x00', 0x0, 0x2)
ioctl$VIDIOC_ENUMOUTPUT(r0, 0xc0485630, &(0x7f0000000100)={0x6, "445bea5a746e4b2bfc5c703120d8035854d454faeb675f5648790b4928050a00", 0x2, 0x8, 0x1, 0x40004, 0x4})
ioctl$VIDIOC_REQBUFS(r0, 0xc0145608, &(0x7f0000000080)={0x40000000, 0xb, 0x2})
r1 = syz_open_dev$cec(&(0x7f0000000180)='/dev/cec#\x00', 0x0, 0x2)
ioctl$VIDIOC_ENUM_DV_TIMINGS(r1, 0xc0945662, &(0x7f00000001c0)={0x35, 0x0, [], {0x0, @reserved}})
ioctl$VIDIOC_STREAMOFF(0xffffffffffffffff, 0x40045613, &(0x7f00000000c0)=0xfff)
openat$vimc1(0xffffffffffffff9c, &(0x7f0000000000)='/dev/video1\x00', 0x2, 0x0)

20:25:51 executing program 0:
r0 = syz_open_dev$radio(&(0x7f0000000080)='/dev/radio#\x00', 0x3, 0x2)
ioctl$VIDIOC_SUBDEV_G_EDID(r0, 0xc0285628, &(0x7f00000000c0)={0x0, 0x2, 0x0, [], &(0x7f0000000000)=0x8c})
ioctl$VIDIOC_G_FREQUENCY(r0, 0xc02c5638, &(0x7f0000000040))

20:25:51 executing program 0:
r0 = syz_open_dev$vivid(&(0x7f00000000c0)='/dev/video#\x00', 0x2, 0x2)
r1 = syz_open_dev$vbi(&(0x7f0000000000)='/dev/vbi#\x00', 0x2, 0x2)
ioctl$VIDIOC_S_HW_FREQ_SEEK(r1, 0x40305652, &(0x7f0000000080)={0x38000, 0x4, 0x5, 0x1, 0x5, 0x400, 0xc7})
ioctl$VIDIOC_S_INPUT(r0, 0xc0045627, &(0x7f0000000040))

20:25:51 executing program 0:
r0 = syz_open_dev$vivid(&(0x7f0000000100)='/dev/video#\x00', 0x2, 0x2)
ioctl$VIDIOC_S_FMT(r0, 0xc0d05605, &(0x7f0000000000)={0x9, @pix_mp={0x0, 0x0, 0x33524742, 0x0, 0x0, [{0xffffffff}]}})
ioctl$VIDIOC_S_FMT(r0, 0xc0d05605, &(0x7f0000000140)={0x3, @sliced={0x4, [0x2, 0x7, 0x806f, 0x6, 0x7, 0x4, 0x5b, 0x3, 0x800, 0x6, 0x1, 0xa9, 0x5, 0x0, 0x0, 0x478, 0x2, 0xffc1, 0x7, 0x9, 0xff07, 0xfffc, 0x5, 0x1f, 0x1, 0xfff, 0xffff, 0x55, 0x9ef, 0x3, 0x20, 0x2, 0x5f07, 0xdd, 0x0, 0x8b3, 0xff7b, 0x8, 0x823, 0x6, 0x9, 0x8, 0xfffe, 0x40, 0x0, 0x1, 0x5c32, 0x80], 0x7}})
ioctl$VIDIOC_S_FMT(r0, 0xc0d05605, &(0x7f0000000240)={0x9, @sliced={0xf38, [0x3ff, 0x5, 0x4, 0x4ac, 0x3f, 0x20, 0x7, 0x1, 0x8, 0x1d, 0x6, 0xeb, 0x7fff, 0x4, 0x3, 0x1, 0x200, 0x2, 0xfffb, 0x80, 0x3f, 0xffff, 0x1ff, 0x8000, 0x0, 0x5, 0x1f, 0x7, 0x2, 0x7fff, 0x4, 0x4, 0x24f, 0x0, 0x81, 0xce3, 0x0, 0x9, 0x4, 0x5, 0x1000, 0xfce, 0x7ff, 0x6, 0x0, 0x8000, 0x7f], 0x8}})

20:25:51 executing program 0:
r0 = openat$vicodec0(0xffffffffffffff9c, &(0x7f0000000100)='/dev/video36\x00', 0x2, 0x0)
ioctl$VIDIOC_S_FMT(r0, 0xc0d05605, &(0x7f0000000280)={0x2, @pix={0x0, 0x0, 0x34324142}})
ioctl$VIDIOC_SUBDEV_ENUM_MBUS_CODE(r0, 0xc0305602, &(0x7f0000000000)={0x0, 0x6, 0x1013})
ioctl$VIDIOC_S_TUNER(r0, 0x4054561e, &(0x7f0000000380)={0x3ff, "6b0e07f8aa86d1e70b3c09fe56842e9f3358a18062d4cff5d6f61ab725f02c4e", 0x2, 0x10, 0x0, 0x3, 0x4, 0x3, 0x401, 0x2})
r1 = syz_open_dev$vivid(&(0x7f0000000140)='/dev/video#\x00', 0x2, 0x2)
ioctl$VIDIOC_S_FMT(r1, 0xc0d05605, &(0x7f0000000180)={0x8, @pix={0x800, 0xffffff01, 0x1364690d, 0x1, 0x8, 0x4, 0x4, 0x1, 0x0, 0x0, 0x0, 0x4}})
r2 = openat$vicodec1(0xffffffffffffff9c, &(0x7f0000000400)='/dev/video37\x00', 0x2, 0x0)
ioctl$VIDIOC_REQBUFS(r2, 0xc0145608, &(0x7f0000000440)={0x401, 0xc, 0x2})
ioctl$VIDIOC_S_DV_TIMINGS(r0, 0xc0845657, &(0x7f0000000040)={0x0, @bt={0x81, 0x10, 0x1, 0x0, 0x9, 0x1, 0x2f5e, 0x400, 0x4, 0x800, 0x2, 0xffff, 0xad, 0x10000, 0x18, 0x3f, {0xfffffffb, 0x4}, 0x40, 0x1}})

20:25:52 executing program 0:
r0 = openat$vimc0(0xffffffffffffff9c, &(0x7f0000000000)='/dev/video0\x00', 0x2, 0x0)
ioctl$VIDIOC_G_PRIORITY(r0, 0x80045643, 0x1)
syz_open_dev$vbi(&(0x7f0000000200)='/dev/vbi#\x00', 0x1, 0x2)
ioctl$VIDIOC_CREATE_BUFS(r0, 0xc100565c, &(0x7f0000000100)={0x4c1, 0xfffffff7, 0x1, {0xb, @win={{0x155, 0x8, 0x74, 0x80}, 0x4, 0x6, &(0x7f0000000080)={{0x0, 0x8, 0xffe, 0x100}, &(0x7f0000000040)={{0xd63, 0x1, 0x4520, 0x6}}}, 0x8009, &(0x7f0000000240)="be46cbb3f6053d44750000000000000000000000007a8549f50855b43b1fb7c6c8d1c4734f256ffee502e4ee79026de221880bcf7db2ada6d37de755872c0e09ca394435829cdb0bb0a87aa68220f92e9f3154107ce477024e6005757c487b7544a98f6c0684bf6b87f965651cb2e08a", 0x4}}})

20:25:52 executing program 0:
r0 = syz_open_dev$vbi(&(0x7f0000000000)='/dev/vbi#\x00', 0x0, 0x2)
ioctl$VIDIOC_ENUMINPUT(r0, 0xc050561a, &(0x7f0000000080)={0x3f, "af0e294a6d6cd1955d2fdeec0e7799bdf4e3a74d476f1e34b840df0865b4ffb8", 0x3, 0x538, 0x3, 0x80, 0x100, 0x6})
r1 = syz_open_dev$vivid(&(0x7f0000000040)='/dev/video#\x00', 0x0, 0x2)
ioctl$VIDIOC_ENUMINPUT(r1, 0xc050561a, &(0x7f0000000140)={0x3, "feb49428f6f046cf00af2bb67f5ed5c8ac8ad57577a1c39d6c8e4fed4dce454f"})

20:25:52 executing program 0:
r0 = syz_open_dev$vivid(&(0x7f00000001c0)='/dev/video#\x00', 0x0, 0x2)
ioctl$VIDIOC_ENUM_FRAMEINTERVALS(r0, 0xc034564b, &(0x7f0000000000)={0x1, 0x30323953, 0x100, 0x1, 0x2, @stepwise={{0x3ff, 0x48d2}, {0x9, 0x3}, {0x7ff}}})
ioctl$VIDIOC_S_FMT(r0, 0xc0d05605, &(0x7f0000000300)={0x3, @pix_mp={0x2, 0x6, 0x32314d54, 0x7, 0x4, [{0x59d, 0x9}, {0x101, 0x200}, {0x5, 0x7}, {}, {0x7f, 0xfffffffb}, {0x8, 0x15}, {0x4, 0x6}, {0xffffffff, 0xa}], 0xe7, 0xa3, 0x8, 0x2, 0x3}})

20:25:52 executing program 0:
r0 = openat$vicodec1(0xffffffffffffff9c, &(0x7f0000000100)='/dev/video37\x00', 0x2, 0x0)
ioctl$VIDIOC_S_FMT(r0, 0xc0d05605, &(0x7f0000000180)={0x1, @vbi})
ioctl$VIDIOC_SUBDEV_G_FMT(r0, 0xc0585604, &(0x7f0000000000)={0x1, 0x0, {0x0, 0x1, 0x2018, 0x0, 0xa, 0x1, 0x2, 0x6}})

20:25:52 executing program 0:
r0 = syz_open_dev$vivid(&(0x7f00000001c0)='/dev/video#\x00', 0x0, 0x2)
r1 = syz_open_dev$radio(&(0x7f0000000000)='/dev/radio#\x00', 0x1, 0x2)
ioctl$VIDIOC_S_CROP(r1, 0x4014563c, &(0x7f0000000040)={0x5, {0x1000, 0x101, 0x1, 0xe56}})
r2 = syz_open_dev$vivid(&(0x7f0000000080)='/dev/video#\x00', 0x2, 0x2)
ioctl$VIDIOC_ENUM_FREQ_BANDS(r2, 0xc0405665, &(0x7f0000000000)={0x0, 0x2})
ioctl$VIDIOC_TRY_FMT(r2, 0xc0d05640, &(0x7f0000000080)={0xc, @pix_mp={0x8, 0x2, 0x30314142, 0x1, 0x4, [{0x8, 0x7}, {0xfff, 0xf4ee}, {0x0, 0x4}, {0x3, 0x1}, {0x80d5, 0x4}, {0x5, 0x9}, {0x3d, 0x7}, {0x3f, 0x10001}], 0x3, 0xff, 0x3, 0x0, 0x4}})
ioctl$VIDIOC_S_FMT(r0, 0xc0d05605, &(0x7f0000000300)={0x3, @win={{}, 0x0, 0x0, 0x0, 0x0, &(0x7f0000000040)}})

20:25:52 executing program 0:
openat$vimc2(0xffffffffffffff9c, &(0x7f00000005c0)='/dev/video2\x00', 0x2, 0x0)
ioctl$VIDIOC_G_FBUF(0xffffffffffffffff, 0x8030560a, &(0x7f0000000140)={0x49, 0x48, &(0x7f0000000080)="bb76737545ca3d439675afbda6cb6421aed389189730a2002968145282071fcbdacab073bebd25ff26ba9a72327b62dbcf6bfe74ec5e420d3df84367ee9f3ff9a3dea6222bc707f2b779729d6367519e7f556ad532886a8642d9600b019a61c0ba28b96b2ad346b663bf7ecca20e7f8724e70d019876c3f96908a147bbb28d7eb57bd800846dff4bc7dae1310c", {0x8, 0xf5e, 0x31435641, 0x7, 0x6, 0x81, 0x2, 0x4}})
r0 = syz_open_dev$radio(&(0x7f0000000000)='/dev/radio#\x00', 0x1, 0x2)
r1 = syz_open_dev$vivid(&(0x7f0000000080)='/dev/video#\x00', 0x2, 0x2)
ioctl$VIDIOC_ENUM_FREQ_BANDS(r1, 0xc0405665, &(0x7f0000000000)={0x0, 0x2})
ioctl$VIDIOC_DBG_G_REGISTER(r1, 0xc0385650, &(0x7f0000000240)={{0x0, @addr=0x5624}, 0x8, 0x2, 0x10000})
r2 = syz_open_dev$vivid(&(0x7f0000000080)='/dev/video#\x00', 0x2, 0x2)
ioctl$VIDIOC_ENUM_FREQ_BANDS(r2, 0xc0405665, &(0x7f0000000000)={0x0, 0x2})
ioctl$VIDIOC_ENUM_DV_TIMINGS(0xffffffffffffffff, 0xc0945662, &(0x7f0000000180)={0x7, 0x0, [], {0x0, @reserved}})
ioctl$VIDIOC_STREAMOFF(r0, 0x40045613, &(0x7f0000000040)=0xfffffffe)

20:25:52 executing program 0:
r0 = openat$vicodec1(0xffffffffffffff9c, &(0x7f0000000c00)='/dev/video37\x00', 0x2, 0x0)
ioctl$VIDIOC_CREATE_BUFS(r0, 0xc100565c, &(0x7f0000000100)={0x0, 0x2, 0x0, {0x9, @vbi}})
ioctl$VIDIOC_QUERYCTRL(r0, 0xc0445624, &(0x7f0000000240)={0x2, 0x102, "0fbcb1d1c79907f219b478ac996789c2f86e871d6b4f6cd7e58201607781e809", 0x6, 0x0, 0xfff, 0x2, 0x391})
r1 = syz_open_dev$vivid(&(0x7f0000000080)='/dev/video#\x00', 0x2, 0x2)
openat$vicodec1(0xffffffffffffff9c, &(0x7f00000002c0)='/dev/video37\x00', 0x2, 0x0)
ioctl$VIDIOC_ENUM_FREQ_BANDS(r1, 0xc0405665, &(0x7f0000000000)={0x0, 0x2})
ioctl$VIDIOC_SUBDEV_G_CROP(r1, 0xc038563b, &(0x7f0000000200)={0x1, 0x0, {0x5, 0x4, 0x7fff, 0x6}})
ioctl$VIDIOC_G_AUDOUT(r1, 0x80345631, &(0x7f0000000000))
syz_open_dev$swradio(&(0x7f0000000040)='/dev/swradio#\x00', 0x1, 0x2)
ioctl$VIDIOC_SUBDEV_G_CROP(0xffffffffffffffff, 0xc038563b, &(0x7f00000000c0)={0x0, 0x0, {0xac9f, 0x80000001, 0x2, 0x3}})

20:25:52 executing program 0:
r0 = openat$vicodec1(0xffffffffffffff9c, &(0x7f0000000c00)='/dev/video37\x00', 0x2, 0x0)
ioctl$VIDIOC_CREATE_BUFS(r0, 0xc100565c, &(0x7f0000000100)={0x0, 0x2, 0x0, {0x9, @vbi}})
ioctl$VIDIOC_QUERYCTRL(r0, 0xc0445624, &(0x7f0000000240)={0x2, 0x102, "0fbcb1d1c79907f219b478ac996789c2f86e871d6b4f6cd7e58201607781e809", 0x6, 0x0, 0xfff, 0x2, 0x391})
r1 = syz_open_dev$vivid(&(0x7f0000000080)='/dev/video#\x00', 0x2, 0x2)
openat$vicodec1(0xffffffffffffff9c, &(0x7f00000002c0)='/dev/video37\x00', 0x2, 0x0)
ioctl$VIDIOC_ENUM_FREQ_BANDS(r1, 0xc0405665, &(0x7f0000000000)={0x0, 0x2})
ioctl$VIDIOC_SUBDEV_G_CROP(r1, 0xc038563b, &(0x7f0000000200)={0x1, 0x0, {0x5, 0x4, 0x7fff, 0x6}})
ioctl$VIDIOC_G_AUDOUT(r1, 0x80345631, &(0x7f0000000000))
syz_open_dev$swradio(&(0x7f0000000040)='/dev/swradio#\x00', 0x1, 0x2)
ioctl$VIDIOC_SUBDEV_G_CROP(0xffffffffffffffff, 0xc038563b, &(0x7f00000000c0)={0x0, 0x0, {0xac9f, 0x80000001, 0x2, 0x3}})

20:25:52 executing program 0:
r0 = syz_open_dev$swradio(&(0x7f0000000240)='/dev/swradio#\x00', 0x0, 0x2)
ioctl$VIDIOC_S_EXT_CTRLS(r0, 0xc0205648, &(0x7f0000000300)={0xa30000, 0x0, 0x0, 0xffffffffffffffff, 0x0, 0x0})

20:25:52 executing program 0:
ioctl$VIDIOC_SUBDEV_ENUM_DV_TIMINGS(0xffffffffffffffff, 0xc0945662, &(0x7f0000000000)={0x1, 0x0, [], {0x0, @reserved}})
r0 = syz_open_dev$vivid(&(0x7f00000001c0)='/dev/video#\x00', 0x0, 0x2)
ioctl$VIDIOC_S_FMT(r0, 0xc0d05605, &(0x7f0000000300)={0x3, @win={{}, 0x0, 0x0, 0x0, 0x0, &(0x7f0000000040)}})

20:25:52 executing program 0:
r0 = syz_open_dev$vbi(&(0x7f0000000140)='/dev/vbi#\x00', 0x1, 0x2)
ioctl$VIDIOC_G_EDID(r0, 0xc0285628, &(0x7f0000000100)={0x0, 0x0, 0x0, [], 0x0})
ioctl$VIDIOC_STREAMOFF(r0, 0x40045613, &(0x7f0000000000)=0x1ff)

20:25:52 executing program 0:
r0 = openat$vimc0(0xffffffffffffff9c, &(0x7f00000000c0)='/dev/video0\x00', 0x2, 0x0)
ioctl$VIDIOC_G_PRIORITY(r0, 0x80045643, 0x0)
r1 = syz_open_dev$vivid(&(0x7f0000000080)='/dev/video#\x00', 0x2, 0x2)
ioctl$VIDIOC_ENUM_FREQ_BANDS(r1, 0xc0405665, &(0x7f0000000000)={0xffffff0c, 0x1, 0x0, 0x0, 0xffffffff, 0xb707})
ioctl$VIDIOC_G_STD(r1, 0x80085617, &(0x7f0000000040))
ioctl$VIDIOC_S_FMT(r1, 0xc0d05605, &(0x7f0000000100)={0x3, @pix={0x6, 0x5, 0x49323159, 0x3, 0x4, 0xffffffa3, 0x0, 0x1, 0x0, 0x0, 0x1, 0x5}})
ioctl$VIDIOC_ENUM_DV_TIMINGS(r1, 0xc0945662, &(0x7f0000000200)={0x6fc, 0x0, [], {0x0, @bt={0x7956, 0x2, 0x0, 0x2, 0x5, 0x1ff, 0x2, 0x8, 0x8, 0x4, 0x401, 0x20, 0x5, 0x10000, 0x0, 0x0, {0x800}, 0x9, 0x3f}}})

[   67.551165][    T7] Bluetooth: hci0: command 0x0409 tx timeout
20:25:52 executing program 0:
r0 = syz_open_dev$vivid(&(0x7f0000000040)='/dev/video#\x00', 0x1, 0x2)
ioctl$VIDIOC_LOG_STATUS(r0, 0x5646, 0x0)
ioctl$VIDIOC_STREAMON(r0, 0x40045612, &(0x7f0000000080))
ioctl$VIDIOC_STREAMON(r0, 0x40045612, &(0x7f0000000580))

[   67.602654][T10340] vivid-000: =================  START STATUS  =================
[   67.605343][T10340] v4l2-ctrls: vivid-000: Enable Output Cropping: true
[   67.607709][T10340] v4l2-ctrls: vivid-000: Enable Output Composing: true
[   67.610397][T10340] v4l2-ctrls: vivid-000: Enable Output Scaler: true
[   67.614118][T10340] v4l2-ctrls: vivid-000: Tx RGB Quantization Range: Automatic
[   67.616777][T10340] v4l2-ctrls: vivid-000: Transmit Mode: HDMI
[   67.619567][T10340] v4l2-ctrls: vivid-000: Display Present: true inactive
[   67.623021][T10340] v4l2-ctrls: vivid-000: Hotplug Present: 0x00000001
[   67.625329][T10340] v4l2-ctrls: vivid-000: RxSense Present: 0x00000001
[   67.627626][T10340] v4l2-ctrls: vivid-000: EDID Present: 0x00000001
[   67.629879][T10340] vivid-000: ==================  END STATUS  ==================
[   67.635368][T10340] vivid-000: =================  START STATUS  =================
[   67.638058][T10340] v4l2-ctrls: vivid-000: Enable Output Cropping: true
[   67.641306][T10340] v4l2-ctrls: vivid-000: Enable Output Composing: true
[   67.643772][T10340] v4l2-ctrls: vivid-000: Enable Output Scaler: true
[   67.646094][T10340] v4l2-ctrls: vivid-000: Tx RGB Quantization Range: Automatic
[   67.648706][T10340] v4l2-ctrls: vivid-000: Transmit Mode: HDMI
[   67.652134][T10340] v4l2-ctrls: vivid-000: Display Present: true inactive
[   67.654554][T10340] v4l2-ctrls: vivid-000: Hotplug Present: 0x00000001
[   67.656870][T10340] v4l2-ctrls: vivid-000: RxSense Present: 0x00000001
[   67.659216][T10340] v4l2-ctrls: vivid-000: EDID Present: 0x00000001
[   67.662705][T10340] vivid-000: ==================  END STATUS  ==================
20:25:52 executing program 0:
r0 = syz_open_dev$vbi(&(0x7f0000000000)='/dev/vbi#\x00', 0x2, 0x2)
ioctl$VIDIOC_SUBDEV_S_SELECTION(0xffffffffffffffff, 0xc040563e, &(0x7f0000000140)={0x0, 0x0, 0x102, 0x4, {0x0, 0x7, 0x1, 0xfffffff9}})
ioctl$VIDIOC_S_FMT(r0, 0xc0d05605, &(0x7f0000000040)={0x6, @vbi={0xffff}})

20:25:52 executing program 0:
r0 = syz_open_dev$vivid(&(0x7f0000000040)='/dev/video#\x00', 0x0, 0x2)
ioctl$VIDIOC_TRY_EXT_CTRLS(r0, 0xc0205649, &(0x7f0000000100)={0x0, 0x3, 0x0, 0xffffffffffffffff, 0x0, &(0x7f0000000080)={0x0, 0x0, [], @p_u16=&(0x7f0000000000)=0x80}})

20:25:52 executing program 0:
r0 = openat$vicodec1(0xffffffffffffff9c, &(0x7f0000000000)='/dev/video37\x00', 0x2, 0x0)
r1 = syz_open_dev$vivid(&(0x7f0000000080)='/dev/video#\x00', 0x0, 0x2)
ioctl$VIDIOC_S_FMT(r1, 0xc0d05605, &(0x7f00000000c0)={0xc, @sliced={0x2, [0xfff, 0x7f, 0x80, 0x8001, 0xf23c, 0x712, 0x2, 0x6, 0x862, 0x4, 0x8, 0x1663, 0xba4d, 0x5, 0x0, 0x9077, 0x6, 0xe95, 0x6, 0x101, 0xa00, 0x690d, 0xda61, 0x881, 0xfffb, 0x0, 0x7fff, 0xb26d, 0x2, 0x7, 0x3ff, 0x6, 0xcd, 0xeb8, 0x1, 0x2, 0x6, 0x3ff, 0xa3ae, 0xfff7, 0x20, 0x100, 0x3, 0x4607, 0x3f, 0xf2a0, 0xbd81, 0x334d]}})
ioctl$VIDIOC_REQBUFS(r0, 0xc0145608, &(0x7f0000000040)={0x6, 0x6, 0x2})

20:25:52 executing program 0:
r0 = syz_open_dev$vivid(&(0x7f0000000000)='/dev/video#\x00', 0x0, 0x2)
r1 = syz_open_dev$cec(&(0x7f0000000080)='/dev/cec#\x00', 0x0, 0x2)
ioctl$VIDIOC_S_SELECTION(r1, 0xc040565f, &(0x7f00000000c0)={0x7, 0x2, 0x4, {0xfffffffc, 0x3f, 0x800, 0x9}})
ioctl$VIDIOC_ENUM_FREQ_BANDS(r0, 0xc0405665, &(0x7f0000000040)={0x0, 0x2})

20:25:52 executing program 0:
r0 = syz_open_dev$swradio(&(0x7f0000001200)='/dev/swradio#\x00', 0x0, 0x2)
ioctl$VIDIOC_G_FREQUENCY(r0, 0xc02c5638, &(0x7f0000001240))
ioctl$VIDIOC_G_AUDIO(r0, 0x80345621, &(0x7f0000000000))

20:25:52 executing program 0:
r0 = syz_open_dev$vivid(&(0x7f00000000c0)='/dev/video#\x00', 0x0, 0x2)
ioctl$VIDIOC_LOG_STATUS(r0, 0x5646, 0x0)
r1 = syz_open_dev$vivid(&(0x7f0000000080)='/dev/video#\x00', 0x2, 0x2)
ioctl$VIDIOC_ENUM_FREQ_BANDS(r1, 0xc0405665, &(0x7f0000000000)={0x0, 0x2})
ioctl$VIDIOC_SUBDEV_S_DV_TIMINGS(r1, 0xc0845657, &(0x7f0000000100)={0x0, @bt={0x2, 0xfffffffc, 0x1, 0x1, 0x9, 0x80000000, 0x1, 0x40, 0x664, 0x8, 0x2, 0x0, 0x7, 0x7fffffff, 0x9, 0x35, {0x7, 0xe00}, 0x7f, 0x3}})
openat$vimc1(0xffffffffffffff9c, &(0x7f0000000000)='/dev/video1\x00', 0x2, 0x0)
ioctl$VIDIOC_REQBUFS(r0, 0xc0145608, &(0x7f0000000080)={0x0, 0x1, 0x2})

[   67.852808][T10361] vivid-000: =================  START STATUS  =================
[   67.858514][T10361] v4l2-ctrls: vivid-000: Test Pattern: 75% Colorbar
[   67.864032][T10361] v4l2-ctrls: vivid-000: Fill Percentage of Frame: 100
[   67.867674][T10361] v4l2-ctrls: vivid-000: Horizontal Movement: No Movement
[   67.875705][T10361] v4l2-ctrls: vivid-000: Vertical Movement: No Movement
[   67.881463][T10361] v4l2-ctrls: vivid-000: OSD Text Mode: All
[   67.885736][T10361] v4l2-ctrls: vivid-000: Show Border: false
[   67.889846][T10361] v4l2-ctrls: vivid-000: Show Square: false
[   67.893824][T10361] v4l2-ctrls: vivid-000: Sensor Flipped Horizontally: false
[   67.896144][T10361] v4l2-ctrls: vivid-000: Sensor Flipped Vertically: false
[   67.898412][T10361] v4l2-ctrls: vivid-000: Insert SAV Code in Image: false
[   67.901863][T10361] v4l2-ctrls: vivid-000: Insert EAV Code in Image: false
[   67.905138][T10361] v4l2-ctrls: vivid-000: Reduced Framerate: false
[   67.907248][T10361] v4l2-ctrls: vivid-000: Enable Capture Cropping: true
[   67.909428][T10361] v4l2-ctrls: vivid-000: Enable Capture Composing: true
[   67.912741][T10361] v4l2-ctrls: vivid-000: Enable Capture Scaler: true
[   67.915044][T10361] v4l2-ctrls: vivid-000: Timestamp Source: End of Frame
[   67.917455][T10361] v4l2-ctrls: vivid-000: Colorspace: sRGB
[   67.919244][T10361] v4l2-ctrls: vivid-000: Transfer Function: Default
[   67.922725][T10361] v4l2-ctrls: vivid-000: Y'CbCr Encoding: Default
[   67.924830][T10361] v4l2-ctrls: vivid-000: HSV Encoding: Hue 0-179
[   67.926964][T10361] v4l2-ctrls: vivid-000: Quantization: Default
[   67.928948][T10361] v4l2-ctrls: vivid-000: Apply Alpha To Red Only: false
[   67.932089][T10361] v4l2-ctrls: vivid-000: Standard Aspect Ratio: 4x3
[   67.934224][T10361] v4l2-ctrls: vivid-000: DV Timings Signal Mode: Current DV Timings inactive
[   67.937054][T10361] v4l2-ctrls: vivid-000: DV Timings: 640x480p59 inactive
[   67.939380][T10361] v4l2-ctrls: vivid-000: DV Timings Aspect Ratio: Source Width x Height
[   67.943409][T10361] v4l2-ctrls: vivid-000: Maximum EDID Blocks: 2
[   67.945593][T10361] v4l2-ctrls: vivid-000: Limited RGB Range (16-235): false
[   67.947901][T10361] v4l2-ctrls: vivid-000: Rx RGB Quantization Range: Automatic
[   67.952923][T10361] v4l2-ctrls: vivid-000: Power Present: 0x00000001
[   67.955047][T10361] tpg source WxH: 640x360 (Y'CbCr)
[   67.956734][T10361] tpg field: 1
[   67.957935][T10361] tpg crop: 640x360@0x0
[   67.959274][T10361] tpg compose: 640x360@0x0
[   67.962185][T10361] tpg colorspace: 8
[   67.963528][T10361] tpg transfer function: 0/0
[   67.965044][T10361] tpg Y'CbCr encoding: 0/0
[   67.966492][T10361] tpg quantization: 0/0
[   67.967853][T10361] tpg RGB range: 0/2
[   67.969137][T10361] vivid-000: ==================  END STATUS  ==================
[   67.975373][T10361] vivid-000: =================  START STATUS  =================
[   67.978199][T10361] v4l2-ctrls: vivid-000: Test Pattern: 75% Colorbar
[   67.980416][T10361] v4l2-ctrls: vivid-000: Fill Percentage of Frame: 100
[   67.983726][T10361] v4l2-ctrls: vivid-000: Horizontal Movement: No Movement
[   67.986118][T10361] v4l2-ctrls: vivid-000: Vertical Movement: No Movement
[   67.988423][T10361] v4l2-ctrls: vivid-000: OSD Text Mode: All
[   67.990365][T10361] v4l2-ctrls: vivid-000: Show Border: false
[   67.993158][T10361] v4l2-ctrls: vivid-000: Show Square: false
[   67.995095][T10361] v4l2-ctrls: vivid-000: Sensor Flipped Horizontally: false
[   67.997469][T10361] v4l2-ctrls: vivid-000: Sensor Flipped Vertically: false
[   67.999870][T10361] v4l2-ctrls: vivid-000: Insert SAV Code in Image: false
[   68.003216][T10361] v4l2-ctrls: vivid-000: Insert EAV Code in Image: false
[   68.005518][T10361] v4l2-ctrls: vivid-000: Reduced Framerate: false
[   68.007811][T10361] v4l2-ctrls: vivid-000: Enable Capture Cropping: true
[   68.010073][T10361] v4l2-ctrls: vivid-000: Enable Capture Composing: true
[   68.013460][T10361] v4l2-ctrls: vivid-000: Enable Capture Scaler: true
[   68.015642][T10361] v4l2-ctrls: vivid-000: Timestamp Source: End of Frame
[   68.017913][T10361] v4l2-ctrls: vivid-000: Colorspace: sRGB
[   68.020058][T10361] v4l2-ctrls: vivid-000: Transfer Function: Default
[   68.023461][T10361] v4l2-ctrls: vivid-000: Y'CbCr Encoding: Default
[   68.025830][T10361] v4l2-ctrls: vivid-000: HSV Encoding: Hue 0-179
[   68.028002][T10361] v4l2-ctrls: vivid-000: Quantization: Default
[   68.030061][T10361] v4l2-ctrls: vivid-000: Apply Alpha To Red Only: false
[   68.034386][T10361] v4l2-ctrls: vivid-000: Standard Aspect Ratio: 4x3
[   68.036720][T10361] v4l2-ctrls: vivid-000: DV Timings Signal Mode: Current DV Timings inactive
[   68.039673][T10361] v4l2-ctrls: vivid-000: DV Timings: 640x480p59 inactive
[   68.043029][T10361] v4l2-ctrls: vivid-000: DV Timings Aspect Ratio: Source Width x Height
[   68.045868][T10361] v4l2-ctrls: vivid-000: Maximum EDID Blocks: 2
[   68.047877][T10361] v4l2-ctrls: vivid-000: Limited RGB Range (16-235): false
[   68.050307][T10361] v4l2-ctrls: vivid-000: Rx RGB Quantization Range: Automatic
[   68.053891][T10361] v4l2-ctrls: vivid-000: Power Present: 0x00000001
[   68.056086][T10361] tpg source WxH: 640x360 (Y'CbCr)
[   68.057746][T10361] tpg field: 1
[   68.058756][T10361] tpg crop: 640x360@0x0
[   68.059990][T10361] tpg compose: 640x360@0x0
[   68.062598][T10361] tpg colorspace: 8
[   68.063879][T10361] tpg transfer function: 0/0
[   68.065379][T10361] tpg Y'CbCr encoding: 0/0
[   68.066924][T10361] tpg quantization: 0/0
[   68.068284][T10361] tpg RGB range: 0/2
[   68.069540][T10361] vivid-000: ==================  END STATUS  ==================
20:25:53 executing program 0:
r0 = syz_open_dev$cec(&(0x7f0000000080)='/dev/cec#\x00', 0x1, 0x2)
ioctl$VIDIOC_S_OUTPUT(r0, 0xc004562f, &(0x7f00000000c0)=0x6)
ioctl$VIDIOC_QUERYCTRL(r0, 0xc0445624, &(0x7f0000000000)={0x8, 0x4, "b75abca2bb294fae30d8fe5d4b5d0c45f61881eb29c27ad5b54d89272537fd4b", 0x7, 0xffffff38, 0x3ff, 0x7ff, 0x2ca})

20:25:53 executing program 0:
openat$vicodec1(0xffffffffffffff9c, &(0x7f0000000000)='/dev/video37\x00', 0x2, 0x0)
r0 = syz_open_dev$vivid(&(0x7f0000000080)='/dev/video#\x00', 0x2, 0x2)
ioctl$VIDIOC_ENUM_FREQ_BANDS(r0, 0xc0405665, &(0x7f0000000000)={0x0, 0x2})
ioctl$VIDIOC_DECODER_CMD(r0, 0xc0485660, &(0x7f00000000c0)={0x1, 0x0, @start})

20:25:53 executing program 0:
r0 = openat$vicodec0(0xffffffffffffff9c, &(0x7f0000000040)='/dev/video36\x00', 0x2, 0x0)
ioctl$VIDIOC_REQBUFS(r0, 0xc0145608, &(0x7f0000000180)={0xfffffff9, 0x1, 0x1})
ioctl$VIDIOC_TRY_ENCODER_CMD(r0, 0xc028564e, &(0x7f0000000080)={0x2, 0x1, [0x0, 0x5, 0x80000001, 0x5abb, 0x0, 0x1, 0x8, 0x1000]})
syz_open_dev$cec(&(0x7f0000000000)='/dev/cec#\x00', 0x2, 0x2)

20:25:53 executing program 0:
syz_open_dev$radio(&(0x7f0000000100)='/dev/radio#\x00', 0x2, 0x2)
r0 = openat$vimc2(0xffffffffffffff9c, &(0x7f0000000040)='/dev/video2\x00', 0x2, 0x0)
ioctl$VIDIOC_S_FREQUENCY(r0, 0x402c5639, &(0x7f0000000000)={0x2, 0x5})

20:25:53 executing program 0:
r0 = syz_open_dev$vbi(&(0x7f00000006c0)='/dev/vbi#\x00', 0x1, 0x2)
r1 = syz_open_dev$swradio(&(0x7f0000000000)='/dev/swradio#\x00', 0x0, 0x2)
ioctl$VIDIOC_G_EXT_CTRLS(r1, 0xc0205647, &(0x7f00000000c0)={0x9f0000, 0x9, 0x800, r0, 0x0, &(0x7f0000000080)={0x9a090e, 0xff, [], @p_u8=&(0x7f0000000040)=0x80}})
ioctl$VIDIOC_LOG_STATUS(r0, 0x5646, 0x0)

[   68.391679][T10384] vivid-000: =================  START STATUS  =================
[   68.400595][T10384] vivid-000: ==================  END STATUS  ==================
20:25:53 executing program 0:
r0 = syz_open_dev$radio(&(0x7f00000000c0)='/dev/radio#\x00', 0x3, 0x2)
ioctl$VIDIOC_LOG_STATUS(r0, 0x5646, 0x0)
r1 = syz_open_dev$vivid(&(0x7f0000000080)='/dev/video#\x00', 0x2, 0x2)
ioctl$VIDIOC_ENUM_FREQ_BANDS(r1, 0xc0405665, &(0x7f0000000000)={0x0, 0x2})
ioctl$VIDIOC_G_AUDIO(r1, 0x80345621, &(0x7f0000000000))
ioctl$VIDIOC_S_JPEGCOMP(r1, 0x408c563e, &(0x7f0000000100)={0x8, 0x5, 0x18, "3d5a24f11b6e61c57efe22b17e86d9319db3a4bb2bdd1d46b76b50346e21884384d2899c07454cddef9ab905212572a89015a3f65da57bf15093a721", 0x21, "f8b832f0d590328f75b4d69c87a78c9740bff5f813cb960268f718239d7b9da1c7f652b2c14e5170b46c9f61883bfd46b63f75e2e5f8e56d2f65e119", 0x8})

[   68.433841][T10388] vivid-001: =================  START STATUS  =================
[   68.436398][T10388] v4l2-ctrls: vivid-001: RDS Tx I/O Mode: Controls
[   68.438460][T10388] v4l2-ctrls: vivid-001: RDS Program ID: 32904
[   68.441402][T10388] v4l2-ctrls: vivid-001: RDS Program Type: 3
[   68.443359][T10388] v4l2-ctrls: vivid-001: RDS PS Name: VIVID-TX
[   68.445329][T10388] v4l2-ctrls: vivid-001: RDS Radio Text: This is a VIVID default Radio Text template text, change at will
[   68.449069][T10388] v4l2-ctrls: vivid-001: RDS Stereo: true
[   68.452769][T10388] v4l2-ctrls: vivid-001: RDS Artificial Head: false
[   68.455043][T10388] v4l2-ctrls: vivid-001: RDS Compressed: false
[   68.457187][T10388] v4l2-ctrls: vivid-001: RDS Dynamic PTY: false
[   68.459250][T10388] v4l2-ctrls: vivid-001: RDS Traffic Announcement: false
[   68.462603][T10388] v4l2-ctrls: vivid-001: RDS Traffic Program: true
[   68.464745][T10388] v4l2-ctrls: vivid-001: RDS Music: true
[   68.466646][T10388] vivid-001: ==================  END STATUS  ==================
[   68.471593][T10388] vivid-001: =================  START STATUS  =================
[   68.474380][T10388] v4l2-ctrls: vivid-001: RDS Tx I/O Mode: Controls
[   68.476631][T10388] v4l2-ctrls: vivid-001: RDS Program ID: 32904
[   68.478619][T10388] v4l2-ctrls: vivid-001: RDS Program Type: 3
[   68.481488][T10388] v4l2-ctrls: vivid-001: RDS PS Name: VIVID-TX
[   68.483503][T10388] v4l2-ctrls: vivid-001: RDS Radio Text: This is a VIVID default Radio Text template text, change at will
[   68.487200][T10388] v4l2-ctrls: vivid-001: RDS Stereo: true
[   68.489045][T10388] v4l2-ctrls: vivid-001: RDS Artificial Head: false
[   68.492480][T10388] v4l2-ctrls: vivid-001: RDS Compressed: false
[   68.494480][T10388] v4l2-ctrls: vivid-001: RDS Dynamic PTY: false
[   68.496520][T10388] v4l2-ctrls: vivid-001: RDS Traffic Announcement: false
[   68.498786][T10388] v4l2-ctrls: vivid-001: RDS Traffic Program: true
[   68.501538][T10388] v4l2-ctrls: vivid-001: RDS Music: true
[   68.503225][T10388] vivid-001: ==================  END STATUS  ==================
20:25:53 executing program 0:
openat$vimc1(0xffffffffffffff9c, &(0x7f0000000000)='/dev/video1\x00', 0x2, 0x0)
openat$vimc2(0xffffffffffffff9c, &(0x7f0000000040)='/dev/video2\x00', 0x2, 0x0)
r0 = syz_open_dev$vivid(&(0x7f0000000300)='/dev/video#\x00', 0x3, 0x2)
r1 = openat$vicodec0(0xffffffffffffff9c, &(0x7f0000000140)='/dev/video36\x00', 0x2, 0x0)
ioctl$VIDIOC_EXPBUF(r1, 0xc0405610, &(0x7f0000000180)={0x9, 0x3, 0x4, 0x80000})
ioctl$VIDIOC_UNSUBSCRIBE_EVENT(r0, 0x4020565b, &(0x7f0000000080)={0x1, 0x7ff, 0x1})
r2 = syz_open_dev$vivid(&(0x7f0000000080)='/dev/video#\x00', 0x2, 0x2)
ioctl$VIDIOC_SUBDEV_ENUM_FRAME_SIZE(0xffffffffffffffff, 0xc040564a, &(0x7f0000000100)={0x7, 0x0, 0x5001, 0x1, 0x2, 0xc58, 0x9})
ioctl$VIDIOC_ENUM_FREQ_BANDS(r2, 0xc0405665, &(0x7f0000000000)={0x0, 0x2})
r3 = syz_open_dev$vivid(&(0x7f0000000080)='/dev/video#\x00', 0x2, 0x2)
ioctl$VIDIOC_ENUM_FREQ_BANDS(r3, 0xc0405665, &(0x7f0000000000)={0x0, 0x2})
ioctl$VIDIOC_S_AUDIO(r3, 0x40345622, &(0x7f00000001c0)={0xd5, "d3f62fa1097c8ae6b6e0f83face81017e15fde7f55b11f8accbcd1494a525ee6", 0x2})
ioctl$VIDIOC_SUBDEV_S_FRAME_INTERVAL(r2, 0xc0305616, &(0x7f00000000c0)={0x0, {0x6}})
ioctl$VIDIOC_TRY_FMT(r0, 0xc0d05640, &(0x7f0000000340)={0x3, @sliced={0x0, [0x0, 0x0, 0x0, 0x0, 0x0, 0x0, 0x0, 0x0, 0x0, 0x0, 0x0, 0x0, 0x0, 0x0, 0x0, 0x0, 0x0, 0x0, 0x0, 0x0, 0x0, 0x0, 0x0, 0x0, 0x0, 0x0, 0x0, 0x0, 0x0, 0x0, 0x0, 0x0, 0x0, 0x0, 0x0, 0x0, 0x0, 0x0, 0x0, 0x0, 0x0, 0x0, 0x0, 0x0, 0x1]}})

20:25:53 executing program 0:
r0 = openat$vicodec0(0xffffffffffffff9c, &(0x7f0000000040)='/dev/video36\x00', 0x2, 0x0)
r1 = syz_open_dev$vivid(&(0x7f0000000080)='/dev/video#\x00', 0x2, 0x2)
ioctl$VIDIOC_ENUM_FREQ_BANDS(r1, 0xc0405665, &(0x7f0000000000)={0x0, 0x2})
r2 = openat$vicodec1(0xffffffffffffff9c, &(0x7f0000000280)='/dev/video37\x00', 0x2, 0x0)
ioctl$VIDIOC_S_STD(r2, 0x40085618, &(0x7f00000002c0)=0x1000000)
ioctl$VIDIOC_S_PRIORITY(r1, 0x40045644, 0x2)
ioctl$VIDIOC_G_CROP(r0, 0xc014563b, &(0x7f0000000080)={0x1})
r3 = syz_open_dev$vivid(&(0x7f0000000080)='/dev/video#\x00', 0x2, 0x2)
ioctl$VIDIOC_CREATE_BUFS(r1, 0xc100565c, &(0x7f0000000180)={0x2, 0x1f, 0x3, {0x4, @vbi={0x885, 0x4, 0x401, 0x4f565559, [0x2, 0xffff67a3], [0x8001, 0x6], 0x1}}, 0x1})
ioctl$VIDIOC_ENUM_FREQ_BANDS(r3, 0xc0405665, &(0x7f0000000000)={0x0, 0x2})
ioctl$VIDIOC_S_JPEGCOMP(r3, 0x408c563e, &(0x7f00000000c0)={0x800001, 0xa, 0x27, "2cbfede05f97a41e8b5400d62bbbcfbda750bd103476de6fb6b3552ac633d42b24d76baab75f68483fdbb29f8d38f4ce4af2ffa0fe6d8bb8cfd77d94", 0x3a, "c712396da413254f2078af050058fc2ec77b704bcdae1fd01a895aecaaf1ac092c9ad1b28651e6482f650a44507d0b753c069bfb6264ac152e0280e2"})

20:25:53 executing program 0:
r0 = syz_open_dev$swradio(&(0x7f0000000080)='/dev/swradio#\x00', 0x0, 0x2)
ioctl$VIDIOC_REQBUFS(r0, 0xc0145608, &(0x7f0000000040)={0x10001, 0xb, 0x1})
r1 = openat$vimc2(0xffffffffffffff9c, &(0x7f0000001680)='/dev/video2\x00', 0x2, 0x0)
ioctl$VIDIOC_G_OUTPUT(r1, 0x8004562e, &(0x7f0000000100))
r2 = syz_open_dev$swradio(0x0, 0x0, 0x2)
ioctl$VIDIOC_EXPBUF(r2, 0xc0405610, &(0x7f0000000140))
ioctl$VIDIOC_S_FBUF(r0, 0x4030560b, &(0x7f00000000c0)={0x1, 0x69, 0x0, {0x800, 0x0, 0x30314142, 0x4, 0x5, 0xf6d3, 0x0, 0x7}})
r3 = syz_open_dev$vivid(&(0x7f0000000080)='/dev/video#\x00', 0x2, 0x2)
ioctl$VIDIOC_ENUM_FREQ_BANDS(r3, 0xc0405665, &(0x7f0000000000)={0x0, 0x2})
ioctl$VIDIOC_REQBUFS(r3, 0xc0145608, &(0x7f0000000000)={0x3, 0x4, 0x1})

20:25:53 executing program 0:
r0 = syz_open_dev$vbi(&(0x7f0000000000)='/dev/vbi#\x00', 0x3, 0x2)
ioctl$VIDIOC_S_INPUT(r0, 0xc0045627, &(0x7f0000000040))

20:25:53 executing program 0:
r0 = openat$vicodec0(0xffffffffffffff9c, &(0x7f0000000000)='/dev/video36\x00', 0x2, 0x0)
ioctl$VIDIOC_CREATE_BUFS(r0, 0xc100565c, &(0x7f00000001c0)={0x0, 0x8, 0x0, {0x2, @vbi={0xfffffffe, 0xfffffffd, 0x0, 0x0, [0x0, 0xeba]}}, 0xc3})

20:25:53 executing program 0:
r0 = syz_open_dev$radio(&(0x7f0000000080)='/dev/radio#\x00', 0x2, 0x2)
r1 = syz_open_dev$vivid(&(0x7f0000000080)='/dev/video#\x00', 0x2, 0x2)
ioctl$VIDIOC_ENUM_FREQ_BANDS(r1, 0xc0405665, &(0x7f0000000000)={0x0, 0x2})
ioctl$VIDIOC_ENUM_FMT(r1, 0xc0405602, &(0x7f0000000100)={0x800, 0x2, 0x2, "c214d09543d80293ec6fd68c939d6e552dd73564ce84295d7d3af8cc233f8306", 0x494e4f4b})
ioctl$VIDIOC_S_AUDOUT(r0, 0x40345632, &(0x7f00000000c0)={0x5e4d, "d0f45b6d236dcadc67cbad5098f6792c818ab1be8110da289cb5803d4e843ab1", 0x3, 0x1})
ioctl$VIDIOC_STREAMOFF(0xffffffffffffffff, 0x40045613, &(0x7f0000000040)=0x6)
r2 = openat$vicodec0(0xffffffffffffff9c, &(0x7f0000000000)='/dev/video36\x00', 0x2, 0x0)
ioctl$VIDIOC_REQBUFS(r2, 0xc0145608, &(0x7f0000000180)={0xfffffff9, 0x1, 0x1})

20:25:53 executing program 0:
r0 = syz_open_dev$vivid(&(0x7f0000000080)='/dev/video#\x00', 0x2, 0x2)
r1 = openat$vimc0(0xffffffffffffff9c, &(0x7f00000001c0)='/dev/video0\x00', 0x2, 0x0)
ioctl$VIDIOC_G_SELECTION(r1, 0xc040565e, &(0x7f0000000200)={0x5, 0x103, 0x4, {0x368, 0x80000001, 0x2, 0x200}})
ioctl$VIDIOC_ENUM_FREQ_BANDS(r0, 0xc0405665, &(0x7f0000000000)={0x0, 0x2})
ioctl$VIDIOC_S_HW_FREQ_SEEK(r0, 0x40305652, &(0x7f0000000040)={0xfffffff8, 0x1, 0x6, 0x81, 0xfffffe67, 0xe45, 0x5})
syz_open_dev$swradio(&(0x7f0000000000)='/dev/swradio#\x00', 0x1, 0x2)
ioctl$VIDIOC_CREATE_BUFS(r0, 0xc100565c, &(0x7f00000000c0)={0x5, 0x6, 0x4, {0x9, @raw_data="6523c1f2861664aec18661f00df6013ffe11bd0030d37aae4731979fe6ed1442fb7fb82e4a22affb4ad4a6fce45354a73f5320ca600329b278c8b9205c2fc50ecd2ae9e49b4d82960b0ebcc8e5db28f757a9b8678a6094836f100028aa35a170fb6c2edca7168524bc46636af937e96a0140b470541eda83a597276d3772320757154fada706381be75ae9a63116420f0b56bd21713075b779bceca30b6a209395fd70a63e1a46dd3d6f46494ab00976ae46a6587fc0cf1b3679981712e9cb0da15138279b5a1471"}, 0x6})

20:25:53 executing program 0:
r0 = syz_open_dev$vbi(&(0x7f00000000c0)='/dev/vbi#\x00', 0x0, 0x2)
ioctl$VIDIOC_G_EXT_CTRLS(r0, 0xc0205647, &(0x7f0000000180)={0x0, 0x0, 0x0, 0xffffffffffffffff, 0x0, 0x0})
ioctl$VIDIOC_SUBDEV_ENUM_DV_TIMINGS(r0, 0xc0945662, &(0x7f0000000280)={0x0, 0x0, [], {0x0, @reserved}})
ioctl$VIDIOC_CREATE_BUFS(r0, 0xc100565c, &(0x7f0000000380)={0x4, 0x5, 0x4, {0x2, @win={{0x4, 0x5, 0x2, 0x1a80}, 0x3, 0x4, &(0x7f0000000080)={{0x3, 0x6, 0x80, 0xfffffffc}, &(0x7f0000000040)={{0x2, 0x3f, 0x12, 0x803}, &(0x7f0000000000)={{0x2, 0x1000, 0x0, 0x10000}}}}, 0x6, &(0x7f00000001c0)="2815b5a7b469e7514474f85819c39754b8e70b5b251f2c89c4e0aff37a3e36b37a106d3257dcc54c48b389f43931306ebe783afeed47e7b6eae1c08ee25b767958126620eac0ad5a98970454a70342033e9d9cd34f4dc946d8b40819ef1190ac2c2b488d95706ef6a498720388300aebaac609d72940232013df5d0da37e94c7877099", 0x7f}}, 0x1003})
r1 = syz_open_dev$swradio(&(0x7f0000000100)='/dev/swradio#\x00', 0x0, 0x2)
ioctl$VIDIOC_QUERYSTD(r1, 0x8008563f, &(0x7f0000000140))

20:25:53 executing program 0:
ioctl$VIDIOC_G_CROP(0xffffffffffffffff, 0xc014563b, &(0x7f0000000040)={0xb, {0x1, 0x6, 0x2, 0xc0}})
r0 = syz_open_dev$cec(&(0x7f0000000140)='/dev/cec#\x00', 0x2, 0x2)
ioctl$VIDIOC_ENUMAUDOUT(r0, 0xc0345642, &(0x7f0000000180)={0xd5, "58641e037a67e1e91b81699e85b96d63cdd7453b9d9c2aa5a8e23b3ea1b83bd5", 0x1})
ioctl$VIDIOC_QUERY_DV_TIMINGS(0xffffffffffffffff, 0x80845663, &(0x7f0000000080))
r1 = syz_open_dev$vivid(&(0x7f0000000000)='/dev/video#\x00', 0x0, 0x2)
r2 = syz_open_dev$vivid(&(0x7f0000000080)='/dev/video#\x00', 0x2, 0x2)
ioctl$VIDIOC_ENUM_FREQ_BANDS(r2, 0xc0405665, &(0x7f0000000000)={0x0, 0x2})
ioctl$VIDIOC_S_TUNER(r2, 0x4054561e, &(0x7f00000001c0)={0xfffffffa, "cc507b8975f3780b199baae8d70a574d11585d3e9924ddb9846e143386bd3ed2", 0x1, 0x2, 0x1200, 0x7, 0x1, 0x4, 0x36f0, 0x2})
ioctl$VIDIOC_SUBDEV_G_EDID(r1, 0xc0285628, &(0x7f0000000440)={0x0, 0x0, 0x43, [], &(0x7f0000000400)})

20:25:53 executing program 0:
syz_open_dev$radio(&(0x7f0000000080)='/dev/radio#\x00', 0x0, 0x2)
openat$vicodec0(0xffffffffffffff9c, &(0x7f0000001180)='/dev/video36\x00', 0x2, 0x0)
r0 = openat$vimc1(0xffffffffffffff9c, &(0x7f0000000000)='/dev/video1\x00', 0x2, 0x0)
ioctl$VIDIOC_G_JPEGCOMP(r0, 0x808c563d, &(0x7f00000000c0))

20:25:53 executing program 0:
r0 = syz_open_dev$swradio(&(0x7f0000000040)='/dev/swradio#\x00', 0x1, 0x2)
ioctl$VIDIOC_G_FMT(r0, 0xc0d05604, &(0x7f0000000080)={0x1, @pix={0xacce, 0x6, 0x20363159, 0x6, 0x1f, 0x1, 0x8, 0x0, 0x0, 0x2, 0x1, 0x5}})

20:25:54 executing program 0:
r0 = syz_open_dev$vivid(&(0x7f0000000000)='/dev/video#\x00', 0x3, 0x2)
ioctl$VIDIOC_OVERLAY(r0, 0x4004560e, &(0x7f0000000040))

20:25:54 executing program 0:
r0 = syz_open_dev$vbi(&(0x7f0000000000)='/dev/vbi#\x00', 0x0, 0x2)
ioctl$VIDIOC_LOG_STATUS(r0, 0x5646, 0x0)
r1 = syz_open_dev$swradio(&(0x7f0000000040)='/dev/swradio#\x00', 0x1, 0x2)
ioctl$VIDIOC_G_EDID(r1, 0xc0285628, &(0x7f00000000c0)={0x0, 0x8, 0x20, [], &(0x7f0000000080)=0x6c})

[   69.086126][T10435] vivid-000: =================  START STATUS  =================
[   69.091884][T10435] v4l2-ctrls: vivid-000: Interlaced VBI Format: false
[   69.096372][T10435] vivid-000: ==================  END STATUS  ==================
[   69.103298][T10435] vivid-000: =================  START STATUS  =================
[   69.108055][T10435] v4l2-ctrls: vivid-000: Interlaced VBI Format: false
[   69.115733][T10435] vivid-000: ==================  END STATUS  ==================
20:25:54 executing program 0:
r0 = syz_open_dev$vbi(&(0x7f0000000000)='/dev/vbi#\x00', 0x3, 0x2)
ioctl$VIDIOC_ENUMOUTPUT(r0, 0xc0485630, &(0x7f0000000140)={0x80000000, "c8333b3f10955580147ed6c1193954858016b23313c237cc765085215acf3a94", 0x2, 0x20000000, 0x7, 0x18051c, 0x4})
ioctl$VIDIOC_G_ENC_INDEX(0xffffffffffffffff, 0x8818564c, &(0x7f00000001c0))
ioctl$VIDIOC_ENUMAUDOUT(r0, 0xc0345642, &(0x7f0000000a00)={0x6, "4d048b9f8481be543c4b234c42408204f5c0f1ef3b61f882a7fd0059ecd16bdd", 0x2, 0x1})
r1 = syz_open_dev$vivid(&(0x7f0000000080)='/dev/video#\x00', 0x2, 0x2)
ioctl$VIDIOC_ENUM_FREQ_BANDS(r1, 0xc0405665, &(0x7f0000000000)={0x0, 0x2})
ioctl$VIDIOC_G_PRIORITY(r1, 0x80045643, 0x3)
ioctl$VIDIOC_G_FMT(r0, 0xc0d05604, &(0x7f0000000040)={0x7})
r2 = syz_open_dev$vivid(&(0x7f0000000ac0)='/dev/video#\x00', 0x2, 0x2)
ioctl$VIDIOC_ENUM_FREQ_BANDS(r2, 0xc0405665, &(0x7f0000000000)={0x0, 0x2})
ioctl$VIDIOC_S_STD(r2, 0x40085618, &(0x7f0000000a40)=0xc000c)

20:25:54 executing program 0:
r0 = openat$vicodec1(0xffffffffffffff9c, &(0x7f0000000440)='/dev/video37\x00', 0x2, 0x0)
ioctl$VIDIOC_CREATE_BUFS(r0, 0xc100565c, &(0x7f00000000c0)={0x0, 0x1bf, 0x2, {0x1, @raw_data="58148cdb59dd74b9138a314262940038eb1824be7fe872669de2ed035c0dfe5657997460bc90ad9c23d360925fde40cf72b2e6d3aae725636a11c8bee8406adab9c72331d1f03ea1c412bb5f2611b6eb2c8304e762e2de6ef635cca6d7e6f679b1dc825fb4c0107562c37e32d303ea823eab8f9b72ed0decf329d02eb280b4349f07a673ac9c8340f51209a1b120a580646fa71859ff9a4c632a12c320173d9630b7c4f7b568bd9e839a3e253815c7eda3691c35c69f00"}})
r1 = syz_open_dev$vivid(&(0x7f0000000080)='/dev/video#\x00', 0x2, 0x2)
ioctl$VIDIOC_ENUM_FREQ_BANDS(r1, 0xc0405665, &(0x7f0000000000)={0x0, 0x2})
ioctl$VIDIOC_G_CROP(r1, 0xc014563b, &(0x7f0000000000)={0x1, {0x8, 0x7, 0x617, 0x3ff}})
ioctl$VIDIOC_STREAMON(r0, 0x40045612, &(0x7f0000000080)=0x1)
ioctl$VIDIOC_STREAMOFF(r0, 0x40045613, &(0x7f0000000240)=0x1)

20:25:54 executing program 0:
r0 = openat$vimc2(0xffffffffffffff9c, &(0x7f0000000640)='/dev/video2\x00', 0x2, 0x0)
ioctl$VIDIOC_STREAMOFF(r0, 0x40045613, &(0x7f0000000040)=0x400)
ioctl$VIDIOC_TRY_EXT_CTRLS(0xffffffffffffffff, 0xc0205649, &(0x7f0000000100)={0x980000, 0x105, 0x0, 0xffffffffffffffff, 0x0, 0x0})
ioctl$VIDIOC_S_CTRL(r0, 0xc008561c, &(0x7f0000000000)={0x7, 0x4252})

20:25:54 executing program 0:
r0 = syz_open_dev$vivid(&(0x7f0000000100)='/dev/video#\x00', 0x0, 0x2)
r1 = openat$vicodec0(0xffffffffffffff9c, &(0x7f0000000180)='/dev/video36\x00', 0x2, 0x0)
ioctl$VIDIOC_ENUM_FREQ_BANDS(r1, 0xc0405665, &(0x7f0000000080)={0x9, 0x1, 0x20000001, 0x2, 0x81, 0xc00000, 0x8})
ioctl$VIDIOC_CROPCAP(r0, 0xc02c563a, &(0x7f0000000140)={0x9})
ioctl$VIDIOC_ENUMOUTPUT(r0, 0xc0485630, &(0x7f0000000000)={0xfffffffa, "1c456cb41553ccbef2f5ef9c9d0b1bc2c99d9a42c06e9186045fa388216588e2", 0x1, 0xf5ee, 0x80000001, 0x19003, 0x2})
ioctl$VIDIOC_QUERYCTRL(r0, 0xc0445624, &(0x7f00000001c0)={0x4, 0x2, "9c4c83b20b3dd382662bc77ea9b4677a892856f762ec033e160ee89ac6d6d4f3", 0x3, 0x1, 0x1f5b629, 0x8001, 0x8c})

20:25:54 executing program 0:
r0 = syz_open_dev$vivid(&(0x7f0000000000)='/dev/video#\x00', 0x2, 0x2)
ioctl$VIDIOC_LOG_STATUS(r0, 0x5646, 0x0)
ioctl$VIDIOC_S_FREQUENCY(r0, 0x402c5639, &(0x7f0000000040)={0x8, 0x4})

[   69.301893][T10457] vivid-001: =================  START STATUS  =================
[   69.309498][T10457] v4l2-ctrls: vivid-001: Test Pattern: 75% Colorbar
[   69.315225][T10457] v4l2-ctrls: vivid-001: Fill Percentage of Frame: 100
[   69.320674][T10457] v4l2-ctrls: vivid-001: Horizontal Movement: No Movement
[   69.325232][T10457] v4l2-ctrls: vivid-001: Vertical Movement: No Movement
[   69.335276][T10457] v4l2-ctrls: vivid-001: OSD Text Mode: All
[   69.339765][T10457] v4l2-ctrls: vivid-001: Show Border: false
[   69.342704][T10457] v4l2-ctrls: vivid-001: Show Square: false
[   69.344638][T10457] v4l2-ctrls: vivid-001: Sensor Flipped Horizontally: false
[   69.347191][T10457] v4l2-ctrls: vivid-001: Sensor Flipped Vertically: false
[   69.351127][T10457] v4l2-ctrls: vivid-001: Insert SAV Code in Image: false
[   69.353480][T10457] v4l2-ctrls: vivid-001: Insert EAV Code in Image: false
[   69.355618][T10457] v4l2-ctrls: vivid-001: Reduced Framerate: false
[   69.357751][T10457] v4l2-ctrls: vivid-001: Enable Capture Cropping: true
[   69.361336][T10457] v4l2-ctrls: vivid-001: Enable Capture Composing: true
[   69.363681][T10457] v4l2-ctrls: vivid-001: Enable Capture Scaler: true
[   69.365948][T10457] v4l2-ctrls: vivid-001: Timestamp Source: End of Frame
[   69.368299][T10457] v4l2-ctrls: vivid-001: Colorspace: sRGB
[   69.371382][T10457] v4l2-ctrls: vivid-001: Transfer Function: Default
[   69.373539][T10457] v4l2-ctrls: vivid-001: Y'CbCr Encoding: Default
[   69.375629][T10457] v4l2-ctrls: vivid-001: HSV Encoding: Hue 0-179
[   69.377751][T10457] v4l2-ctrls: vivid-001: Quantization: Default
[   69.379819][T10457] v4l2-ctrls: vivid-001: Apply Alpha To Red Only: false
[   69.383515][T10457] v4l2-ctrls: vivid-001: Standard Aspect Ratio: 4x3
[   69.385779][T10457] v4l2-ctrls: vivid-001: DV Timings Signal Mode: Current DV Timings inactive
[   69.388713][T10457] v4l2-ctrls: vivid-001: DV Timings: 640x480p59 inactive
[   69.392080][T10457] v4l2-ctrls: vivid-001: DV Timings Aspect Ratio: Source Width x Height
[   69.394823][T10457] v4l2-ctrls: vivid-001: Maximum EDID Blocks: 2
[   69.396931][T10457] v4l2-ctrls: vivid-001: Limited RGB Range (16-235): false
[   69.399259][T10457] v4l2-ctrls: vivid-001: Rx RGB Quantization Range: Automatic
[   69.402987][T10457] v4l2-ctrls: vivid-001: Power Present: 0x00000001
[   69.405280][T10457] tpg source WxH: 320x180 (R'G'B)
[   69.406992][T10457] tpg field: 1
[   69.408205][T10457] tpg crop: 320x180@0x0
[   69.409563][T10457] tpg compose: 320x180@0x0
[   69.412325][T10457] tpg colorspace: 8
[   69.413711][T10457] tpg transfer function: 0/0
[   69.415295][T10457] tpg quantization: 0/0
[   69.416673][T10457] tpg RGB range: 0/2
[   69.418002][T10457] vivid-001: ==================  END STATUS  ==================
20:25:54 executing program 0:
r0 = syz_open_dev$vivid(&(0x7f00000002c0)='/dev/video#\x00', 0x2, 0x2)
ioctl$VIDIOC_LOG_STATUS(r0, 0x5646, 0x0)
ioctl$VIDIOC_S_MODULATOR(r0, 0x40445637, &(0x7f0000000000)={0xfffffffd, "f47e46074013996b95a3613257aab9eb2b891c1986071d727f737170e379d43d", 0x4, 0x0, 0xfffffffe, 0x4, 0x4})
ioctl$VIDIOC_G_FMT(r0, 0xc0d05604, &(0x7f0000000300)={0x0, @vbi={0x0, 0x0, 0x0, 0x0, [0x1]}})

[   69.449679][T10461] vivid-001: =================  START STATUS  =================
[   69.455730][T10461] v4l2-ctrls: vivid-001: Test Pattern: 75% Colorbar
[   69.461025][T10461] v4l2-ctrls: vivid-001: Fill Percentage of Frame: 100
[   69.465053][T10461] v4l2-ctrls: vivid-001: Horizontal Movement: No Movement
[   69.472656][T10461] v4l2-ctrls: vivid-001: Vertical Movement: No Movement
[   69.478376][T10461] v4l2-ctrls: vivid-001: OSD Text Mode: All
[   69.482721][T10461] v4l2-ctrls: vivid-001: Show Border: false
[   69.486861][T10461] v4l2-ctrls: vivid-001: Show Square: false
[   69.489894][T10461] v4l2-ctrls: vivid-001: Sensor Flipped Horizontally: false
[   69.493493][T10461] v4l2-ctrls: vivid-001: Sensor Flipped Vertically: false
[   69.495946][T10461] v4l2-ctrls: vivid-001: Insert SAV Code in Image: false
[   69.498685][T10461] v4l2-ctrls: vivid-001: Insert EAV Code in Image: false
[   69.502394][T10461] v4l2-ctrls: vivid-001: Reduced Framerate: false
[   69.504612][T10461] v4l2-ctrls: vivid-001: Enable Capture Cropping: true
[   69.506871][T10461] v4l2-ctrls: vivid-001: Enable Capture Composing: true
[   69.509209][T10461] v4l2-ctrls: vivid-001: Enable Capture Scaler: true
[   69.512551][T10461] v4l2-ctrls: vivid-001: Timestamp Source: End of Frame
[   69.514911][T10461] v4l2-ctrls: vivid-001: Colorspace: sRGB
[   69.516902][T10461] v4l2-ctrls: vivid-001: Transfer Function: Default
[   69.518988][T10461] v4l2-ctrls: vivid-001: Y'CbCr Encoding: Default
[   69.522198][T10461] v4l2-ctrls: vivid-001: HSV Encoding: Hue 0-179
[   69.524509][T10461] v4l2-ctrls: vivid-001: Quantization: Default
[   69.526569][T10461] v4l2-ctrls: vivid-001: Apply Alpha To Red Only: false
[   69.528954][T10461] v4l2-ctrls: vivid-001: Standard Aspect Ratio: 4x3
[   69.532115][T10461] v4l2-ctrls: vivid-001: DV Timings Signal Mode: Current DV Timings inactive
[   69.534972][T10461] v4l2-ctrls: vivid-001: DV Timings: 640x480p59 inactive
[   69.537452][T10461] v4l2-ctrls: vivid-001: DV Timings Aspect Ratio: Source Width x Height
[   69.541621][T10461] v4l2-ctrls: vivid-001: Maximum EDID Blocks: 2
[   69.544024][T10461] v4l2-ctrls: vivid-001: Limited RGB Range (16-235): false
[   69.546302][T10461] v4l2-ctrls: vivid-001: Rx RGB Quantization Range: Automatic
[   69.548865][T10461] v4l2-ctrls: vivid-001: Power Present: 0x00000001
[   69.552108][T10461] tpg source WxH: 320x180 (R'G'B)
[   69.553983][T10461] tpg field: 1
[   69.555105][T10461] tpg crop: 320x180@0x0
[   69.556542][T10461] tpg compose: 320x180@0x0
[   69.558019][T10461] tpg colorspace: 8
[   69.559286][T10461] tpg transfer function: 0/0
[   69.562372][T10461] tpg quantization: 0/0
[   69.563878][T10461] tpg RGB range: 0/2
[   69.565243][T10461] vivid-001: ==================  END STATUS  ==================
20:25:54 executing program 0:
r0 = syz_open_dev$vivid(&(0x7f0000000000)='/dev/video#\x00', 0x0, 0x2)
ioctl$VIDIOC_S_FMT(r0, 0xc0d05605, &(0x7f00000001c0)={0x1, @pix={0x0, 0x0, 0x0, 0x3}})
r1 = syz_open_dev$vivid(&(0x7f0000000040)='/dev/video#\x00', 0x0, 0x2)
ioctl$VIDIOC_S_STD(r1, 0x40085618, &(0x7f0000000080)=0x200)

20:25:54 executing program 0:
r0 = syz_open_dev$vivid(&(0x7f0000000000)='/dev/video#\x00', 0x1, 0x2)
ioctl$VIDIOC_SUBDEV_S_DV_TIMINGS(r0, 0xc0845657, &(0x7f0000000140)={0x0, @bt={0x6, 0x2, 0x1, 0x1, 0x1, 0x101, 0x7, 0x40, 0x4, 0x100, 0x6, 0x10000, 0x3f, 0x5, 0x6, 0x1, {0xffffffff, 0x76e11844}, 0x4, 0x47}})
ioctl$VIDIOC_S_FMT(r0, 0xc0d05605, &(0x7f0000000040)={0x2, @sliced})

[   69.630040][ T5956] Bluetooth: hci0: command 0x041b tx timeout
20:25:54 executing program 0:
r0 = syz_open_dev$vivid(&(0x7f0000000000)='/dev/video#\x00', 0x0, 0x2)
ioctl$VIDIOC_TRY_FMT(r0, 0xc0d05640, &(0x7f0000000100)={0x5, @sdr={0x34363248, 0x3}})
ioctl$VIDIOC_SUBDEV_S_EDID(r0, 0xc0285629, &(0x7f00000000c0)={0x0, 0x0, 0x100, [], &(0x7f0000000080)})

20:25:54 executing program 0:
syz_open_dev$vivid(0x0, 0x1, 0x2)
r0 = syz_open_dev$cec(&(0x7f0000000000)='/dev/cec#\x00', 0x0, 0x2)
r1 = syz_open_dev$vivid(&(0x7f0000000080)='/dev/video#\x00', 0x2, 0x2)
r2 = syz_open_dev$vivid(&(0x7f0000000080)='/dev/video#\x00', 0x2, 0x2)
ioctl$VIDIOC_ENUM_FREQ_BANDS(r2, 0xc0405665, &(0x7f0000000000)={0x0, 0x2})
ioctl$VIDIOC_ENUM_FREQ_BANDS(r2, 0xc0405665, &(0x7f0000000000)={0x1, 0x1, 0x0, 0x0, 0xab27, 0x0, 0xa})
ioctl$VIDIOC_EXPBUF(r1, 0xc0405610, &(0x7f0000000040)={0x9, 0x6d26, 0x1000, 0x80000})
ioctl$VIDIOC_LOG_STATUS(r0, 0x5646, 0x0)
ioctl$VIDIOC_SUBDEV_S_DV_TIMINGS(r1, 0xc0845657, &(0x7f00000000c0)={0x0, @reserved})

20:25:54 executing program 0:
r0 = syz_open_dev$swradio(&(0x7f0000000480)='/dev/swradio#\x00', 0x1, 0x2)
ioctl$VIDIOC_SUBSCRIBE_EVENT(r0, 0x4020565a, &(0x7f00000004c0)={0x1, 0x5})

20:25:54 executing program 0:
r0 = syz_open_dev$swradio(&(0x7f0000000080)='/dev/swradio#\x00', 0x0, 0x2)
ioctl$VIDIOC_ENUM_FREQ_BANDS(r0, 0xc0405665, &(0x7f0000000100)={0x0, 0x4, 0x400, 0x0, 0x0, 0x0, 0xe})

20:25:54 executing program 0:
r0 = openat$vicodec0(0xffffffffffffff9c, &(0x7f0000000000)='/dev/video36\x00', 0x2, 0x0)
ioctl$VIDIOC_SUBSCRIBE_EVENT(r0, 0x4020565a, &(0x7f00000000c0)={0x5})
r1 = openat$vimc0(0xffffffffffffff9c, &(0x7f0000000040)='/dev/video0\x00', 0x2, 0x0)
ioctl$VIDIOC_SUBSCRIBE_EVENT(r1, 0x4020565a, &(0x7f0000000080)={0x3, 0x9})
openat$vicodec0(0xffffffffffffff9c, &(0x7f0000000240)='/dev/video36\x00', 0x2, 0x0)
r2 = syz_open_dev$vivid(&(0x7f0000000080)='/dev/video#\x00', 0x2, 0x2)
ioctl$VIDIOC_G_EXT_CTRLS(0xffffffffffffffff, 0xc0205647, &(0x7f00000001c0)={0x9a0000, 0x9, 0x80000001, 0xffffffffffffffff, 0x0, &(0x7f0000000180)={0x990a62, 0xffff, [], @p_u8=&(0x7f0000000140)=0x1}})
ioctl$VIDIOC_ENUM_FREQ_BANDS(r2, 0xc0405665, &(0x7f0000000000)={0x0, 0x2})
ioctl$VIDIOC_STREAMON(r2, 0x40045612, &(0x7f0000000100)=0xc)
r3 = openat$vimc0(0xffffffffffffff9c, &(0x7f0000000280)='/dev/video0\x00', 0x2, 0x0)
ioctl$VIDIOC_CROPCAP(r3, 0xc02c563a, &(0x7f00000002c0)={0x9, {0x3, 0x6, 0x80000001, 0x6b2c8a41}, {0x1, 0x8001, 0x9, 0xff}, {0x5}})
openat$vicodec0(0xffffffffffffff9c, &(0x7f0000000200)='/dev/video36\x00', 0x2, 0x0)

20:25:54 executing program 0:
ioctl$VIDIOC_S_FREQUENCY(0xffffffffffffffff, 0x402c5639, &(0x7f0000000200)={0x0, 0x1})

20:25:54 executing program 0:
r0 = syz_open_dev$vivid(&(0x7f0000000080)='/dev/video#\x00', 0x2, 0x2)
ioctl$VIDIOC_ENUM_FREQ_BANDS(r0, 0xc0405665, &(0x7f0000000000)={0x0, 0x2})
ioctl$VIDIOC_S_AUDOUT(r0, 0x40345632, &(0x7f0000000140)={0x4, "097569bd6f453b9faa15b308400fa31b7427b73163b33259c6358ec8268c25c3", 0x1, 0x1})
ioctl$VIDIOC_SUBDEV_ENUM_DV_TIMINGS(0xffffffffffffffff, 0xc0945662, &(0x7f0000000080)={0xef, 0x0, [], {0x0, @bt={0x3, 0x0, 0x1, 0x2, 0xc0, 0x7fff, 0xfffffff7, 0x3, 0x5, 0x5, 0x7, 0x2, 0x7, 0x4, 0x8, 0x10, {0x2, 0x7}, 0x1, 0x1}}})
r1 = syz_open_dev$vivid(&(0x7f0000000200)='/dev/video#\x00', 0x2, 0x2)
ioctl$VIDIOC_ENUMINPUT(r1, 0xc050561a, &(0x7f0000000000)={0x9, "2b947401b7f077b41a9ca5a5eb658a220938e1f874e5b80fe78ce175db424d5c"})

20:25:54 executing program 0:
r0 = syz_open_dev$vbi(&(0x7f0000000000)='/dev/vbi#\x00', 0x2, 0x2)
ioctl$VIDIOC_LOG_STATUS(r0, 0x5646, 0x0)

[   69.936217][T10501] vivid-001: =================  START STATUS  =================
[   69.945579][T10501] v4l2-ctrls: vivid-001: Interlaced VBI Format: false
[   69.951015][T10501] vivid-001: ==================  END STATUS  ==================
20:25:54 executing program 0:
r0 = openat$vicodec0(0xffffffffffffff9c, &(0x7f00000001c0)='/dev/video36\x00', 0x2, 0x0)
ioctl$VIDIOC_SUBDEV_ENUM_MBUS_CODE(r0, 0xc0305602, &(0x7f0000000200))
r1 = syz_open_dev$vivid(&(0x7f0000000080)='/dev/video#\x00', 0x2, 0x2)
ioctl$VIDIOC_G_SLICED_VBI_CAP(r1, 0xc0745645, &(0x7f00000000c0)={0x7, [0x1, 0x8, 0x6, 0x6, 0x7f, 0x443, 0x7, 0x5, 0x8e82, 0x1, 0x5, 0xe8, 0x4, 0xffff, 0x40, 0x3ff, 0x875, 0x9, 0x977b, 0x88, 0xf7, 0x4, 0x101, 0x7, 0xbbe, 0x0, 0x1ff, 0x200, 0x0, 0x6, 0x2, 0x200, 0xb8a4, 0x0, 0x8, 0x6, 0x8, 0x4, 0x100, 0x80, 0x25, 0x0, 0x81, 0x7fff, 0x1ff, 0x9, 0x4, 0x5], 0x2})
ioctl$VIDIOC_ENUM_FREQ_BANDS(r1, 0xc0405665, &(0x7f0000000000)={0x0, 0x2})
ioctl$VIDIOC_G_EDID(r1, 0xc0285628, &(0x7f0000000040)={0x0, 0xfffffffa, 0xfd1, [], &(0x7f0000000000)=0xb1})

20:25:54 executing program 0:
r0 = syz_open_dev$vivid(&(0x7f0000000080)='/dev/video#\x00', 0x2, 0x2)
ioctl$VIDIOC_ENUM_FREQ_BANDS(r0, 0xc0405665, &(0x7f0000000000)={0x0, 0x2})
ioctl$VIDIOC_QUERYMENU(r0, 0xc02c5625, &(0x7f0000000080)={0x5, 0x7, @value=0xfffffffffffffffe})
r1 = syz_open_dev$radio(&(0x7f0000000040)='/dev/radio#\x00', 0x1, 0x2)
ioctl$VIDIOC_S_FREQUENCY(r1, 0x402c5639, &(0x7f0000000000)={0x0, 0x1})

20:25:55 executing program 0:
r0 = syz_open_dev$swradio(&(0x7f0000000000)='/dev/swradio#\x00', 0x0, 0x2)
ioctl$VIDIOC_S_PARM(r0, 0xc0cc5616, &(0x7f0000000040)={0xb, @capture={0x0, 0x1, {0x6b7, 0x1}, 0xcea, 0x8f6}})

20:25:55 executing program 0:
r0 = syz_open_dev$radio(&(0x7f0000000040)='/dev/radio#\x00', 0x1, 0x2)
ioctl$VIDIOC_LOG_STATUS(r0, 0x5646, 0x0)

[   70.076255][T10515] vivid-000: =================  START STATUS  =================
[   70.082150][T10515] v4l2-ctrls: vivid-000: RDS Tx I/O Mode: Controls
[   70.086510][T10515] v4l2-ctrls: vivid-000: RDS Program ID: 32904
[   70.093351][T10515] v4l2-ctrls: vivid-000: RDS Program Type: 3
[   70.099304][T10515] v4l2-ctrls: vivid-000: RDS PS Name: VIVID-TX
[   70.102883][T10515] v4l2-ctrls: vivid-000: RDS Radio Text: This is a VIVID default Radio Text template text, change at will
[   70.113313][T10515] v4l2-ctrls: vivid-000: RDS Stereo: true
[   70.117473][T10515] v4l2-ctrls: vivid-000: RDS Artificial Head: false
[   70.123676][T10515] v4l2-ctrls: vivid-000: RDS Compressed: false
[   70.128435][T10515] v4l2-ctrls: vivid-000: RDS Dynamic PTY: false
[   70.131515][T10515] v4l2-ctrls: vivid-000: RDS Traffic Announcement: false
[   70.133898][T10515] v4l2-ctrls: vivid-000: RDS Traffic Program: true
[   70.136050][T10515] v4l2-ctrls: vivid-000: RDS Music: true
[   70.137884][T10515] vivid-000: ==================  END STATUS  ==================
20:25:55 executing program 0:
r0 = syz_open_dev$vbi(&(0x7f0000000200)='/dev/vbi#\x00', 0x0, 0x2)
ioctl$VIDIOC_DQEVENT(r0, 0x80885659, &(0x7f0000000040)={0x0, @motion_det})
syz_open_dev$vbi(0xffffffffffffffff, 0x2, 0x2)
r1 = syz_open_dev$vivid(&(0x7f0000000080)='/dev/video#\x00', 0x2, 0x2)
syz_open_dev$cec(&(0x7f00000002c0)='/dev/cec#\x00', 0x0, 0x2)
ioctl$VIDIOC_S_FREQUENCY(r1, 0x402c5639, &(0x7f0000000280)={0x3, 0x3, 0x9})
ioctl$VIDIOC_ENUM_FREQ_BANDS(r1, 0xc0405665, &(0x7f0000000000)={0x0, 0x2})
ioctl$VIDIOC_G_PARM(r1, 0xc0cc5615, &(0x7f0000000100)={0x1, @output={0x1000, 0x0, {0x5, 0x7}, 0x47b4, 0x58}})

20:25:55 executing program 0:
ioctl$VIDIOC_SUBDEV_ENUM_FRAME_INTERVAL(0xffffffffffffffff, 0xc040564b, &(0x7f00000000c0)={0x8b90, 0x0, 0x201c, 0x1000, 0x2, {0x7, 0x81}})
ioctl$VIDIOC_S_INPUT(0xffffffffffffffff, 0xc0045627, &(0x7f0000000040))
ioctl$VIDIOC_STREAMOFF(0xffffffffffffffff, 0x40045613, &(0x7f0000000080))
ioctl$VIDIOC_S_INPUT(0xffffffffffffffff, 0xc0045627, &(0x7f0000000380)=0x1)

20:25:56 executing program 0:
r0 = openat$vimc1(0xffffffffffffff9c, &(0x7f0000000580)='/dev/video1\x00', 0x2, 0x0)
r1 = syz_open_dev$vivid(&(0x7f0000000080)='/dev/video#\x00', 0x2, 0x2)
ioctl$VIDIOC_ENUM_FREQ_BANDS(r1, 0xc0405665, &(0x7f0000000000)={0x0, 0x2})
ioctl$VIDIOC_G_JPEGCOMP(r1, 0x808c563d, &(0x7f0000000280))
ioctl$VIDIOC_SUBDEV_S_EDID(r0, 0xc0285629, &(0x7f0000000600)={0x0, 0x0, 0x9, [], 0x0})
r2 = openat$vicodec0(0xffffffffffffff9c, &(0x7f0000000000)='/dev/video36\x00', 0x2, 0x0)
ioctl$VIDIOC_TRY_ENCODER_CMD(r0, 0xc028564e, &(0x7f0000000340)={0x3, 0x1, [0x4, 0x1f, 0x1, 0x401, 0x6, 0x4e, 0x10000, 0x4]})
r3 = syz_open_dev$vivid(&(0x7f0000000080)='/dev/video#\x00', 0x2, 0x2)
ioctl$VIDIOC_TRY_DECODER_CMD(0xffffffffffffffff, 0xc0485661, &(0x7f0000000180)={0x1, 0x1, @start={0x2, 0x1}})
ioctl$VIDIOC_ENUM_FREQ_BANDS(r3, 0xc0405665, &(0x7f0000000000)={0x10001, 0x4, 0x40, 0x400, 0x0, 0x8})
r4 = syz_open_dev$vivid(&(0x7f0000000080)='/dev/video#\x00', 0x2, 0x2)
ioctl$VIDIOC_ENUM_FREQ_BANDS(r4, 0xc0405665, &(0x7f0000000000)={0x0, 0x2})
r5 = openat$vimc1(0xffffffffffffff9c, &(0x7f0000000200)='/dev/video1\x00', 0x2, 0x0)
ioctl$VIDIOC_ENUMAUDIO(r5, 0xc0345641, &(0x7f0000000240)={0x5, "d217a533bf322ba82f9d502d896d12987c8f9b3c7b84901715f45e61a7163f39", 0x1, 0x1})
ioctl$VIDIOC_STREAMOFF(r0, 0x40045613, &(0x7f0000000100)=0x1)
r6 = openat$vicodec1(0xffffffffffffff9c, &(0x7f0000000040)='/dev/video37\x00', 0x2, 0x0)
ioctl$VIDIOC_G_SELECTION(r6, 0xc040565e, &(0x7f00000000c0)={0xb, 0x0, 0x3, {0x1000001, 0x2, 0x6, 0x384}})
ioctl$VIDIOC_CROPCAP(r2, 0xc02c563a, &(0x7f0000000080))
openat$vimc2(0xffffffffffffff9c, &(0x7f0000000140)='/dev/video2\x00', 0x2, 0x0)

20:25:56 executing program 0:
r0 = syz_open_dev$vivid(&(0x7f0000000080)='/dev/video#\x00', 0x2, 0x2)
ioctl$VIDIOC_ENUM_FREQ_BANDS(r0, 0xc0405665, &(0x7f0000000000)={0x0, 0x2})
ioctl$VIDIOC_SUBDEV_S_SELECTION(r0, 0xc040563e, &(0x7f00000000c0)={0x1, 0x0, 0x0, 0x7, {0x9ac6, 0x9, 0x10001}})
openat$vicodec0(0xffffffffffffff9c, &(0x7f0000000340)='/dev/video36\x00', 0x2, 0x0)
r1 = openat$vicodec1(0xffffffffffffff9c, &(0x7f0000000100)='/dev/video37\x00', 0x2, 0x0)
ioctl$VIDIOC_SUBDEV_G_SELECTION(r1, 0xc040563d, &(0x7f0000000140)={0x0, 0x0, 0x103, 0x0, {0x8000, 0x4, 0x2, 0x7fffffff}})
r2 = syz_open_dev$vivid(&(0x7f0000000080)='/dev/video#\x00', 0x2, 0x2)
ioctl$VIDIOC_ENUM_FREQ_BANDS(r2, 0xc0405665, &(0x7f0000000000)={0x0, 0x2})
ioctl$VIDIOC_G_JPEGCOMP(r2, 0x808c563d, &(0x7f0000000000))

20:25:56 executing program 0:
ioctl$VIDIOC_S_EXT_CTRLS(0xffffffffffffffff, 0xc0205648, &(0x7f00000000c0)={0x9e0000, 0xfffffffe, 0x0, 0xffffffffffffffff, 0x0, &(0x7f0000000080)={0x99096a, 0xfffffffe, [], @p_u8}})

20:25:56 executing program 0:
r0 = syz_open_dev$vivid(&(0x7f0000000000)='/dev/video#\x00', 0x0, 0x2)
syz_open_dev$swradio(&(0x7f0000000040)='/dev/swradio#\x00', 0x0, 0x2)
ioctl$VIDIOC_G_FBUF(r0, 0x8030560a, 0x0)

20:25:56 executing program 0:
r0 = syz_open_dev$vivid(&(0x7f0000000000)='/dev/video#\x00', 0x0, 0x2)
ioctl$VIDIOC_S_FMT(r0, 0xc0d05605, &(0x7f0000000040)={0x3, @pix_mp={0x0, 0x0, 0x0, 0x0, 0x0, [{}, {0x0, 0x7fff}]}})
r1 = syz_open_dev$swradio(&(0x7f0000000340)='/dev/swradio#\x00', 0x0, 0x2)
ioctl$VIDIOC_S_FMT(r1, 0xc0d05605, &(0x7f0000000240)={0xc, @win={{0x4, 0x100, 0x20, 0x80000000}, 0x3, 0x0, &(0x7f00000001c0)={{0x3, 0x4f, 0x4, 0x401}, &(0x7f0000000180)={{0x9, 0x1, 0x10000, 0x80000000}, &(0x7f0000000140)={{0xf134, 0x7, 0x2, 0xa}}}}, 0x7, &(0x7f0000000200)="81cab00b116ea6c2e24348e3f422acf7accc5bc3bbd62b9200"/39, 0x8}})
r2 = syz_open_dev$radio(&(0x7f0000000380)='/dev/radio#\x00', 0x3, 0x2)
ioctl$VIDIOC_TRY_EXT_CTRLS(0xffffffffffffffff, 0xc0205649, &(0x7f0000000440)={0xf000000, 0x6, 0xfffffff9, r2, 0x0, &(0x7f0000000400)={0x990905, 0x0, [], @string=&(0x7f00000003c0)=0x1f}})

20:25:56 executing program 0:
r0 = syz_open_dev$vbi(&(0x7f0000000300)='/dev/vbi#\x00', 0x0, 0x2)
ioctl$VIDIOC_S_EDID(r0, 0xc0285629, &(0x7f00000000c0)={0x0, 0xffff, 0x4, [], &(0x7f0000000080)=0x7f})
ioctl$VIDIOC_SUBDEV_G_EDID(r0, 0xc0285628, &(0x7f0000000380)={0x0, 0x0, 0x3f, [], &(0x7f0000000340)})
ioctl$VIDIOC_G_SLICED_VBI_CAP(r0, 0xc0745645, &(0x7f0000000000)={0x9, [0xfffc, 0x8, 0xfc01, 0x3ff, 0x1, 0x0, 0x7, 0x9, 0x7, 0x6, 0x40, 0x7208, 0x8, 0x0, 0x800, 0x4, 0x5, 0x1000, 0x9, 0x6, 0x9df, 0x1f, 0x9, 0x5, 0xfffb, 0x9d8, 0x6, 0x0, 0x9, 0xfff, 0x9, 0x400, 0x101, 0x5, 0x1, 0x1, 0x3, 0x5, 0x800, 0xeb, 0x81, 0x5, 0x2, 0x8, 0x1, 0x3, 0x3ff, 0x6], 0x5})

20:25:56 executing program 0:
r0 = syz_open_dev$vivid(&(0x7f0000000080)='/dev/video#\x00', 0x2, 0x2)
ioctl$VIDIOC_ENUM_FREQ_BANDS(r0, 0xc0405665, &(0x7f0000000180)={0x0, 0x2, 0x0, 0x1000, 0x0, 0x0, 0x6})
ioctl$VIDIOC_S_TUNER(r0, 0x4054561e, &(0x7f0000000000)={0x5, "79ee4ceda770aebd2a74040b62db2ae9d16c0ae15a5f86c70baf9a9f05e4d530", 0x3, 0x800, 0x40, 0x63c5, 0x4, 0x2, 0x9, 0x800})
r1 = syz_open_dev$vivid(&(0x7f00000000c0)='/dev/video#\x00', 0x0, 0x2)
ioctl$VIDIOC_LOG_STATUS(r1, 0x5646, 0x0)
ioctl$VIDIOC_REQBUFS(r1, 0xc0145608, &(0x7f0000000080)={0x0, 0x1, 0x2})
r2 = syz_open_dev$vivid(&(0x7f0000000080)='/dev/video#\x00', 0x2, 0x2)
ioctl$VIDIOC_ENUM_FREQ_BANDS(r2, 0xc0405665, &(0x7f0000000000)={0x0, 0x2})
ioctl$VIDIOC_S_MODULATOR(r1, 0x40445637, &(0x7f0000000100)={0x1, "bd8487b1a270f5e0b5405703deb4f884a40000000200005200000000000200", 0x20, 0x80000000, 0x5, 0x2, 0x1})

[   71.281186][T10553] vivid-000: =================  START STATUS  =================
[   71.283998][T10553] v4l2-ctrls: vivid-000: Test Pattern: 75% Colorbar
[   71.286232][T10553] v4l2-ctrls: vivid-000: Fill Percentage of Frame: 100
[   71.288493][T10553] v4l2-ctrls: vivid-000: Horizontal Movement: No Movement
[   71.292564][T10553] v4l2-ctrls: vivid-000: Vertical Movement: No Movement
[   71.295172][T10553] v4l2-ctrls: vivid-000: OSD Text Mode: All
[   71.297109][T10553] v4l2-ctrls: vivid-000: Show Border: false
[   71.299009][T10553] v4l2-ctrls: vivid-000: Show Square: false
[   71.302013][T10553] v4l2-ctrls: vivid-000: Sensor Flipped Horizontally: false
[   71.304516][T10553] v4l2-ctrls: vivid-000: Sensor Flipped Vertically: false
[   71.306756][T10553] v4l2-ctrls: vivid-000: Insert SAV Code in Image: false
[   71.308972][T10553] v4l2-ctrls: vivid-000: Insert EAV Code in Image: false
[   71.312605][T10553] v4l2-ctrls: vivid-000: Reduced Framerate: false
[   71.314776][T10553] v4l2-ctrls: vivid-000: Enable Capture Cropping: true
[   71.316936][T10553] v4l2-ctrls: vivid-000: Enable Capture Composing: true
[   71.319082][T10553] v4l2-ctrls: vivid-000: Enable Capture Scaler: true
[   71.322618][T10553] v4l2-ctrls: vivid-000: Timestamp Source: End of Frame
[   71.324968][T10553] v4l2-ctrls: vivid-000: Colorspace: sRGB
[   71.327000][T10553] v4l2-ctrls: vivid-000: Transfer Function: Default
[   71.329246][T10553] v4l2-ctrls: vivid-000: Y'CbCr Encoding: Default
[   71.332564][T10553] v4l2-ctrls: vivid-000: HSV Encoding: Hue 0-179
[   71.334721][T10553] v4l2-ctrls: vivid-000: Quantization: Default
[   71.336689][T10553] v4l2-ctrls: vivid-000: Apply Alpha To Red Only: false
[   71.338978][T10553] v4l2-ctrls: vivid-000: Standard Aspect Ratio: 4x3
[   71.342166][T10553] v4l2-ctrls: vivid-000: DV Timings Signal Mode: Current DV Timings inactive
[   71.345081][T10553] v4l2-ctrls: vivid-000: DV Timings: 640x480p59 inactive
[   71.347464][T10553] v4l2-ctrls: vivid-000: DV Timings Aspect Ratio: Source Width x Height
[   71.351390][T10553] v4l2-ctrls: vivid-000: Maximum EDID Blocks: 2
[   71.353398][T10553] v4l2-ctrls: vivid-000: Limited RGB Range (16-235): false
[   71.355786][T10553] v4l2-ctrls: vivid-000: Rx RGB Quantization Range: Automatic
[   71.358208][T10553] v4l2-ctrls: vivid-000: Power Present: 0x00000001
[   71.361263][T10553] tpg source WxH: 320x180 (Y'CbCr)
[   71.362969][T10553] tpg field: 1
[   71.364085][T10553] tpg crop: 320x180@0x0
[   71.365484][T10553] tpg compose: 320x180@0x0
[   71.366931][T10553] tpg colorspace: 8
[   71.368236][T10553] tpg transfer function: 0/0
[   71.371474][T10553] tpg Y'CbCr encoding: 0/0
[   71.373162][T10553] tpg quantization: 0/0
[   71.374495][T10553] tpg RGB range: 0/2
[   71.376197][T10553] vivid-000: ==================  END STATUS  ==================
20:25:56 executing program 0:
r0 = syz_open_dev$vivid(&(0x7f0000000100)='/dev/video#\x00', 0x0, 0x2)
ioctl$VIDIOC_CREATE_BUFS(r0, 0xc100565c, &(0x7f0000000340)={0xfffffffe, 0x4, 0x4, {0x1, @win={{0x8, 0x40, 0x9b, 0x8000}, 0x7, 0xfff, &(0x7f0000000080)={{0x2, 0x6, 0x9, 0x2}, &(0x7f0000000040)={{0x9, 0xfff, 0x101, 0x466}, &(0x7f0000000000)={{0x2, 0x2, 0x80000000, 0x4b}}}}, 0x6, &(0x7f0000000140)="d2568b759c52915e437c3b8e726f0dd831249af0b1fb6b385046bd102471000afa8611c9f8d89e02a17c7f90f2a09ad313228f39b7013c515ce7d65ced25903011bb2daa305ab1a3a84120d41c", 0x8}}})

20:25:56 executing program 0:
r0 = syz_open_dev$vivid(&(0x7f0000000140)='/dev/video#\x00', 0x2, 0x2)
ioctl$VIDIOC_G_SLICED_VBI_CAP(r0, 0xc0745645, &(0x7f0000000040)={0x7, [0x3f, 0x2, 0x8, 0x9, 0x100, 0x6, 0x7, 0x0, 0x20, 0x0, 0x0, 0xe07, 0xb7, 0xf6, 0x5, 0x7ff, 0x3, 0x800, 0x3ff, 0x5, 0x7, 0x6, 0xe2, 0x8, 0x1f, 0x7, 0x6, 0x7, 0x6, 0xf801, 0x6, 0xa1, 0x3ff, 0x7f, 0x60, 0x401, 0x0, 0x9, 0x4, 0x8, 0x2, 0x3, 0x6, 0xfffd, 0x6cf, 0x6, 0x7, 0x3], 0x3})
ioctl$VIDIOC_LOG_STATUS(r0, 0x5646, 0x0)
ioctl$VIDIOC_S_FREQUENCY(r0, 0x402c5639, &(0x7f0000000000))

[   71.456577][T10561] vivid-001: =================  START STATUS  =================
[   71.464606][T10561] v4l2-ctrls: vivid-001: Test Pattern: 75% Colorbar
[   71.473202][T10561] v4l2-ctrls: vivid-001: Fill Percentage of Frame: 100
[   71.480079][T10561] v4l2-ctrls: vivid-001: Horizontal Movement: No Movement
[   71.486158][T10561] v4l2-ctrls: vivid-001: Vertical Movement: No Movement
[   71.492662][T10561] v4l2-ctrls: vivid-001: OSD Text Mode: All
[   71.496376][T10561] v4l2-ctrls: vivid-001: Show Border: false
[   71.504809][T10561] v4l2-ctrls: vivid-001: Show Square: false
[   71.508981][T10561] v4l2-ctrls: vivid-001: Sensor Flipped Horizontally: false
[   71.515251][T10561] v4l2-ctrls: vivid-001: Sensor Flipped Vertically: false
[   71.518420][T10561] v4l2-ctrls: vivid-001: Insert SAV Code in Image: false
[   71.521592][T10561] v4l2-ctrls: vivid-001: Insert EAV Code in Image: false
[   71.523925][T10561] v4l2-ctrls: vivid-001: Reduced Framerate: false
[   71.526025][T10561] v4l2-ctrls: vivid-001: Enable Capture Cropping: true
[   71.528275][T10561] v4l2-ctrls: vivid-001: Enable Capture Composing: true
[   71.531889][T10561] v4l2-ctrls: vivid-001: Enable Capture Scaler: true
[   71.534085][T10561] v4l2-ctrls: vivid-001: Timestamp Source: End of Frame
[   71.536345][T10561] v4l2-ctrls: vivid-001: Colorspace: sRGB
[   71.538265][T10561] v4l2-ctrls: vivid-001: Transfer Function: Default
[   71.541750][T10561] v4l2-ctrls: vivid-001: Y'CbCr Encoding: Default
[   71.543885][T10561] v4l2-ctrls: vivid-001: HSV Encoding: Hue 0-179
[   71.545989][T10561] v4l2-ctrls: vivid-001: Quantization: Default
[   71.548134][T10561] v4l2-ctrls: vivid-001: Apply Alpha To Red Only: false
[   71.551947][T10561] v4l2-ctrls: vivid-001: Standard Aspect Ratio: 4x3
[   71.554138][T10561] v4l2-ctrls: vivid-001: DV Timings Signal Mode: Current DV Timings inactive
[   71.556963][T10561] v4l2-ctrls: vivid-001: DV Timings: 640x480p59 inactive
[   71.559273][T10561] v4l2-ctrls: vivid-001: DV Timings Aspect Ratio: Source Width x Height
[   71.563301][T10561] v4l2-ctrls: vivid-001: Maximum EDID Blocks: 2
[   71.565393][T10561] v4l2-ctrls: vivid-001: Limited RGB Range (16-235): false
[   71.567845][T10561] v4l2-ctrls: vivid-001: Rx RGB Quantization Range: Automatic
[   71.571355][T10561] v4l2-ctrls: vivid-001: Power Present: 0x00000001
[   71.573592][T10561] tpg source WxH: 320x180 (R'G'B)
[   71.575303][T10561] tpg field: 1
[   71.576458][T10561] tpg crop: 320x180@0x0
[   71.577844][T10561] tpg compose: 320x180@0x0
[   71.579302][T10561] tpg colorspace: 8
[   71.582160][T10561] tpg transfer function: 0/0
[   71.583833][T10561] tpg quantization: 0/0
[   71.586532][T10561] tpg RGB range: 0/2
[   71.587934][T10561] vivid-001: ==================  END STATUS  ==================
[   71.593801][T10563] vivid-001: =================  START STATUS  =================
[   71.596505][T10563] v4l2-ctrls: vivid-001: Test Pattern: 75% Colorbar
[   71.598990][T10563] v4l2-ctrls: vivid-001: Fill Percentage of Frame: 100
[   71.602740][T10563] v4l2-ctrls: vivid-001: Horizontal Movement: No Movement
[   71.605304][T10563] v4l2-ctrls: vivid-001: Vertical Movement: No Movement
[   71.607769][T10563] v4l2-ctrls: vivid-001: OSD Text Mode: All
[   71.610841][T10563] v4l2-ctrls: vivid-001: Show Border: false
[   71.619999][T10563] v4l2-ctrls: vivid-001: Show Square: false
[   71.625287][T10563] v4l2-ctrls: vivid-001: Sensor Flipped Horizontally: false
[   71.633199][T10563] v4l2-ctrls: vivid-001: Sensor Flipped Vertically: false
[   71.641295][T10563] v4l2-ctrls: vivid-001: Insert SAV Code in Image: false
[   71.649289][T10563] v4l2-ctrls: vivid-001: Insert EAV Code in Image: false
[   71.657741][T10563] v4l2-ctrls: vivid-001: Reduced Framerate: false
[   71.663443][T10563] v4l2-ctrls: vivid-001: Enable Capture Cropping: true
[   71.672371][T10563] v4l2-ctrls: vivid-001: Enable Capture Composing: true
[   71.674756][T10563] v4l2-ctrls: vivid-001: Enable Capture Scaler: true
[   71.677095][T10563] v4l2-ctrls: vivid-001: Timestamp Source: End of Frame
[   71.680398][T10563] v4l2-ctrls: vivid-001: Colorspace: sRGB
[   71.682336][T10563] v4l2-ctrls: vivid-001: Transfer Function: Default
[   71.684488][T10563] v4l2-ctrls: vivid-001: Y'CbCr Encoding: Default
[   71.686603][T10563] v4l2-ctrls: vivid-001: HSV Encoding: Hue 0-179
[   71.688654][T10563] v4l2-ctrls: vivid-001: Quantization: Default
[   71.692866][T10563] v4l2-ctrls: vivid-001: Apply Alpha To Red Only: false
[   71.695229][T10563] v4l2-ctrls: vivid-001: Standard Aspect Ratio: 4x3
[   71.697409][T10563] v4l2-ctrls: vivid-001: DV Timings Signal Mode: Current DV Timings inactive
[   71.701257][T10563] v4l2-ctrls: vivid-001: DV Timings: 640x480p59 inactive
[   71.703874][T10563] v4l2-ctrls: vivid-001: DV Timings Aspect Ratio: Source Width x Height
[   71.706566][T10563] v4l2-ctrls: vivid-001: Maximum EDID Blocks: 2
[   71.708590][T10563] v4l2-ctrls: vivid-001: Limited RGB Range (16-235): false
[   71.712347][ T5956] Bluetooth: hci0: command 0x040f tx timeout
[   71.715097][T10563] v4l2-ctrls: vivid-001: Rx RGB Quantization Range: Automatic
[   71.717505][T10563] v4l2-ctrls: vivid-001: Power Present: 0x00000001
[   71.723743][T10563] tpg source WxH: 320x180 (R'G'B)
[   71.725359][T10563] tpg field: 1
[   71.726524][T10563] tpg crop: 320x180@0x0
[   71.727900][T10563] tpg compose: 320x180@0x0
[   71.729305][T10563] tpg colorspace: 8
[   71.732205][T10563] tpg transfer function: 0/0
[   71.733717][T10563] tpg quantization: 0/0
[   71.735053][T10563] tpg RGB range: 0/2
[   71.736332][T10563] vivid-001: ==================  END STATUS  ==================
20:25:56 executing program 0:
r0 = syz_open_dev$vivid(&(0x7f0000000300)='/dev/video#\x00', 0x3, 0x2)
ioctl$VIDIOC_TRY_FMT(r0, 0xc0d05640, &(0x7f0000000340)={0x3, @sliced={0x0, [0x3ff, 0x0, 0x0, 0x0, 0x0, 0x0, 0x0, 0x0, 0x0, 0x0, 0x0, 0x0, 0x0, 0x400, 0x0, 0x0, 0x0, 0x0, 0x0, 0x0, 0x0, 0x0, 0x0, 0x0, 0x0, 0x0, 0x0, 0x0, 0x0, 0x0, 0x0, 0x0, 0x0, 0x2, 0x0, 0x0, 0x0, 0x0, 0x0, 0x0, 0x0, 0x0, 0x0, 0xfffc]}})
r1 = syz_open_dev$vivid(&(0x7f0000000080)='/dev/video#\x00', 0x2, 0x2)
ioctl$VIDIOC_ENUM_FREQ_BANDS(r1, 0xc0405665, &(0x7f0000000000)={0x0, 0x2})
r2 = openat$vicodec0(0xffffffffffffff9c, &(0x7f0000000040)='/dev/video36\x00', 0x2, 0x0)
ioctl$VIDIOC_QUERYMENU(r2, 0xc02c5625, &(0x7f00000000c0)={0x7, 0x401, @name="54ce9319af70d214e753229f29d3cfc82c832abbf481852949d417242842eb25"})
ioctl$VIDIOC_REQBUFS(r1, 0xc0145608, &(0x7f0000000000)={0x3, 0xb, 0x1})

20:25:56 executing program 0:
r0 = openat$vicodec1(0xffffffffffffff9c, &(0x7f0000000040)='/dev/video37\x00', 0x2, 0x0)
r1 = syz_open_dev$radio(&(0x7f0000000200)='/dev/radio#\x00', 0x3, 0x2)
r2 = syz_open_dev$vivid(&(0x7f0000000080)='/dev/video#\x00', 0x2, 0x2)
ioctl$VIDIOC_ENUM_FREQ_BANDS(r2, 0xc0405665, &(0x7f0000000000)={0x0, 0x2})
ioctl$VIDIOC_S_HW_FREQ_SEEK(r2, 0x40305652, &(0x7f0000000300)={0x0, 0x4, 0xffff8002, 0x80003cb2, 0x8000, 0x5, 0xffff0000})
ioctl$VIDIOC_SUBDEV_G_DV_TIMINGS(r1, 0xc0845658, &(0x7f0000000240)={0x0, @bt={0x6, 0x524db02f, 0x1, 0x2, 0x100000000, 0x9, 0x0, 0x8, 0xe3f5, 0x8, 0x7, 0xf3c, 0x6, 0x100, 0x4, 0x8, {0xf, 0x4}, 0x4, 0x3}})
r3 = syz_open_dev$cec(&(0x7f0000000340)='/dev/cec#\x00', 0x1, 0x2)
ioctl$VIDIOC_G_FMT(r3, 0xc0d05604, &(0x7f0000000380)={0x5, @vbi={0x1, 0xa777, 0x480000, 0x0, [0x7fff, 0x2], [0x0, 0x1], 0x1}})
ioctl$VIDIOC_TRY_DECODER_CMD(r0, 0xc0485661, &(0x7f0000000080)={0x1})
ioctl$VIDIOC_G_AUDOUT(r0, 0x80345631, &(0x7f0000000000))
ioctl$VIDIOC_DBG_G_CHIP_INFO(r0, 0xc0c85666, &(0x7f0000000100)={{0x3, @addr=0x3}, "6372c837bdbd77c650bb490a03c849d09631e2afeaac813b1d476aa402530c7f"})
ioctl$VIDIOC_G_EXT_CTRLS(r2, 0xc0205647, &(0x7f0000000500)={0x4, 0x2, 0x3, r1, 0x0, &(0x7f00000004c0)={0x990af5, 0x7, [], @p_u8=&(0x7f0000000480)=0x1f}})

20:25:56 executing program 0:
r0 = openat$vicodec0(0xffffffffffffff9c, &(0x7f0000000000)='/dev/video36\x00', 0x2, 0x0)
ioctl$VIDIOC_CREATE_BUFS(r0, 0xc100565c, &(0x7f0000000380)={0x40000000, 0x0, 0x0, {0x9, @sliced={0xe220, [0x3, 0x7, 0x5, 0x9, 0x9, 0x8, 0x1000, 0x8, 0x7ff, 0xfffc, 0x1, 0x4, 0x9, 0x3, 0x2, 0x7, 0xff, 0x8, 0x8, 0x4, 0x7ff, 0x8000, 0x19, 0x7, 0x5, 0x4, 0x2, 0x1, 0x7ff, 0x40, 0x3, 0x1, 0x6, 0x81, 0x7ff, 0x2, 0x6, 0x7, 0x2, 0x2, 0x9, 0x2, 0x6, 0x0, 0xd9, 0x9179, 0x1, 0x3], 0x20}}})

20:25:56 executing program 0:
r0 = openat$vicodec1(0xffffffffffffff9c, &(0x7f0000000180)='/dev/video37\x00', 0x2, 0x0)
ioctl$VIDIOC_REQBUFS(r0, 0xc0145608, &(0x7f0000000000)={0x1, 0x5, 0x1})
r1 = syz_open_dev$vbi(&(0x7f0000000040)='/dev/vbi#\x00', 0x0, 0x2)
ioctl$VIDIOC_OVERLAY(r1, 0x4004560e, &(0x7f0000000080)=0x9)
ioctl$VIDIOC_STREAMOFF(r0, 0x40045613, &(0x7f00000000c0)=0x4)

20:25:56 executing program 0:
r0 = syz_open_dev$vivid(&(0x7f0000000040)='/dev/video#\x00', 0x1, 0x2)
ioctl$VIDIOC_G_CROP(r0, 0xc014563b, &(0x7f0000000080)={0x1})

20:25:56 executing program 0:
r0 = openat$vimc2(0xffffffffffffff9c, &(0x7f0000000740)='/dev/video2\x00', 0x2, 0x0)
ioctl$VIDIOC_SUBDEV_G_FMT(r0, 0xc0585604, &(0x7f0000000000)={0x0, 0x0, {0x7, 0x3f, 0x200a, 0x6, 0x5, 0x8, 0x1, 0x4}})

20:25:56 executing program 0:
r0 = openat$vicodec1(0xffffffffffffff9c, &(0x7f0000000100)='/dev/video37\x00', 0x2, 0x0)
ioctl$VIDIOC_ENUM_FMT(r0, 0xc0405602, &(0x7f0000000000)={0x1f, 0x9, 0x1, "b876c764a00639e321a6df8221fa7d64b29b873db367329eeadea9fa7fdce24b", 0x56544943})
r1 = syz_open_dev$swradio(&(0x7f0000000040)='/dev/swradio#\x00', 0x1, 0x2)
ioctl$VIDIOC_G_FREQUENCY(r1, 0xc02c5638, &(0x7f0000000080)={0xfffffe00, 0x4, 0x4})
ioctl$VIDIOC_REQBUFS(r0, 0xc0145608, &(0x7f0000000180)={0x9, 0x1, 0x1})

20:25:57 executing program 0:
r0 = syz_open_dev$vivid(&(0x7f0000000000)='/dev/video#\x00', 0x2, 0x2)
ioctl$VIDIOC_G_PRIORITY(r0, 0x80045643, 0xbf3f6c89c858ecf2)
ioctl$VIDIOC_G_EDID(0xffffffffffffffff, 0xc0285628, &(0x7f0000000140)={0x0, 0x6, 0x1, [], &(0x7f0000000100)})
ioctl$VIDIOC_SUBDEV_ENUM_DV_TIMINGS(r0, 0xc0945662, &(0x7f0000000040)={0x2, 0x0, [], {0x0, @reserved}})

20:25:57 executing program 0:
r0 = syz_open_dev$vivid(&(0x7f0000000100)='/dev/video#\x00', 0x3, 0x2)
ioctl$VIDIOC_ENUMAUDOUT(r0, 0xc0345642, &(0x7f0000000000)={0x1000, "b47af45948d2e38d0b53d0b6d84e558a2e606eae00"})

20:25:57 executing program 0:
r0 = syz_open_dev$vivid(&(0x7f0000000100)='/dev/video#\x00', 0x3, 0x2)
ioctl$VIDIOC_G_AUDIO(r0, 0x80345621, &(0x7f00000000c0))
ioctl$VIDIOC_SUBDEV_ENUM_DV_TIMINGS(r0, 0xc0945662, &(0x7f0000000000)={0x0, 0x0, [], {0x0, @bt={0x0, 0x0, 0x0, 0x0, 0x100000, 0x0, 0xa43, 0x0, 0x0, 0x0, 0x0, 0xffffffff, 0x0, 0x0, 0x0, 0x0, {0x0, 0x267d}}}})

20:25:57 executing program 0:
r0 = syz_open_dev$vivid(&(0x7f0000000000)='/dev/video#\x00', 0x2, 0x2)
ioctl$VIDIOC_REQBUFS(r0, 0xc0145608, &(0x7f0000000040)={0x0, 0xb, 0x4})
ioctl$VIDIOC_S_FMT(r0, 0xc0d05605, &(0x7f00000000c0)={0x9, @sliced})
ioctl$VIDIOC_SUBDEV_G_SELECTION(r0, 0xc040563d, &(0x7f0000000080)={0x0, 0x0, 0x103, 0x3, {0x40, 0x6f1, 0x3ff, 0x66a4}})

20:25:57 executing program 0:
ioctl$VIDIOC_UNSUBSCRIBE_EVENT(0xffffffffffffffff, 0x4020565b, &(0x7f0000000000)={0x2, 0x7fff, 0x3})
ioctl$VIDIOC_G_EXT_CTRLS(0xffffffffffffffff, 0xc0205647, &(0x7f00000000c0)={0x9f0000, 0xfffffff7, 0x10001, 0xffffffffffffffff, 0x0, &(0x7f0000000080)={0x9c0902, 0x6, [], @p_u32=&(0x7f0000000040)=0x400}})
r0 = openat$vicodec0(0xffffffffffffff9c, &(0x7f0000000140)='/dev/video36\x00', 0x2, 0x0)
ioctl$VIDIOC_CREATE_BUFS(r0, 0xc100565c, &(0x7f0000000180)={0x0, 0x9, 0x1, {0x2, @sliced={0x1, [0x2, 0x2, 0x3, 0x400, 0x4, 0x101, 0x3, 0xff, 0x7f, 0x7, 0x7ff, 0x2, 0x373, 0x2, 0x3f, 0x8, 0x3, 0xffff, 0x7, 0x81, 0x200, 0xc8d, 0x20, 0x3, 0xe0, 0x81, 0x5, 0xa20b, 0x7, 0x2, 0x6, 0x0, 0xfff, 0x401, 0x2, 0x2, 0x6, 0x1000, 0x1, 0x9df, 0x5, 0x5, 0xdf69, 0x2, 0x8, 0x7ff, 0x5, 0x5], 0xfffffff7}}})

[   73.789009][ T5956] Bluetooth: hci0: command 0x0419 tx timeout
[   74.121599][ T2006] oom_reaper: reaped process 10605 (syz-executor.0), now anon-rss:0kB, file-rss:34816kB, shmem-rss:0kB
[   74.130264][ T9617] in:imklog invoked oom-killer: gfp_mask=0x100cca(GFP_HIGHUSER_MOVABLE), order=0, oom_score_adj=0
[   74.133748][ T9617] CPU: 0 PID: 9617 Comm: in:imklog Not tainted 5.4.0+ #27
[   74.135975][ T9617] Hardware name: QEMU Standard PC (i440FX + PIIX, 1996), BIOS Ubuntu-1.8.2-1ubuntu1 04/01/2014
[   74.139370][ T9617] Call Trace:
[   74.140570][ T9617]  dump_stack+0xc6/0x11e
[   74.141986][ T9617]  dump_header+0x10b/0xb50
[   74.143494][ T9617]  ? _raw_spin_unlock_irqrestore+0x39/0x60
[   74.145442][ T9617]  ? ___ratelimit+0x4f/0x460
[   74.146916][ T9617]  oom_kill_process+0x177/0x3c0
[   74.148593][ T9617]  out_of_memory+0x309/0x13b0
[   74.150161][ T9617]  ? oom_killer_disable+0x240/0x240
[   74.151916][ T9617]  ? mutex_trylock+0x26f/0x300
[   74.153502][ T9617]  ? __alloc_pages_slowpath+0xadb/0x2480
[   74.155424][ T9617]  __alloc_pages_slowpath+0x205b/0x2480
[   74.157338][ T9617]  ? warn_alloc+0x290/0x290
[   74.158855][ T9617]  ? should_fail+0x197/0x700
[   74.160299][ T9617]  ? xas_descend+0x141/0x3a0
[   74.161775][ T9617]  __alloc_pages_nodemask+0x5e5/0x850
[   74.163572][ T9617]  ? __alloc_pages_slowpath+0x2480/0x2480
[   74.165469][ T9617]  ? __filemap_set_wb_err+0x250/0x250
[   74.167192][ T9617]  ? __page_cache_alloc+0xcf/0x2c0
[   74.168943][ T9617]  ? mark_held_locks+0x100/0x100
[   74.170494][ T9617]  alloc_pages_current+0xac/0x1e0
[   74.172165][ T9617]  __page_cache_alloc+0x1a0/0x2c0
[   74.173832][ T9617]  pagecache_get_page+0x1a2/0x640
[   74.175568][ T9617]  filemap_fault+0xc2a/0x1b10
[   74.177137][ T9617]  ext4_filemap_fault+0x80/0xa7
[   74.178716][ T9617]  __do_fault+0x16d/0x3cb
[   74.180212][ T9617]  ? __handle_mm_fault+0x2140/0x3640
[   74.181952][ T9617]  __handle_mm_fault+0x214c/0x3640
[   74.183708][ T9617]  ? __pmd_alloc+0x370/0x370
[   74.185307][ T9617]  ? __fsnotify_parent+0xcb/0x350
[   74.186959][ T9617]  handle_mm_fault+0x2e5/0x8c0
[   74.188574][ T9617]  __do_page_fault+0x470/0xa60
[   74.190125][ T9617]  ? do_page_fault+0x27/0x4e4
[   74.191669][ T9617]  async_page_fault+0x34/0x40
[   74.193199][ T9617] RIP: 0033:0x7f66dce2822d
[   74.194704][ T9617] Code: Bad RIP value.
[   74.196154][ T9617] RSP: 002b:00007f66da7c4580 EFLAGS: 00010293
[   74.198136][ T9617] RAX: 000000000000007f RBX: 0000000000000000 RCX: 00007f66dce2822d
[   74.200831][ T9617] RDX: 0000000000001fa0 RSI: 00007f66da7c4da0 RDI: 0000000000000004
[   74.203447][ T9617] RBP: 00005614966f19d0 R08: 0000000000000000 R09: 0000000004000001
[   74.206103][ T9617] R10: 0000000000000001 R11: 0000000000000293 R12: 00007f66da7c4da0
[   74.208714][ T9617] R13: 0000000000001fa0 R14: 0000000000001f9f R15: 00007f66da7c4de5
[   74.245009][ T9617] Mem-Info:
[   74.246137][ T9617] active_anon:9911 inactive_anon:4908 isolated_anon:3
[   74.246137][ T9617]  active_file:17 inactive_file:4 isolated_file:0
[   74.246137][ T9617]  unevictable:3 dirty:0 writeback:0 unstable:0
[   74.246137][ T9617]  slab_reclaimable:14455 slab_unreclaimable:29191
[   74.246137][ T9617]  mapped:9129 shmem:5088 pagetables:529 bounce:0
[   74.246137][ T9617]  free:10104 free_pcp:113 free_cma:0
[   74.259794][T10605] syz-executor.0: vmalloc: allocation failure, allocated 36085760 of 134160384 bytes, mode:0xdc0(GFP_KERNEL|__GFP_ZERO), nodemask=(null),cpuset=/,mems_allowed=0-1
[   74.268230][ T9617] Node 0 active_anon:33068kB inactive_anon:19612kB active_file:44kB inactive_file:16kB unevictable:12kB isolated(anon):12kB isolated(file):0kB mapped:1684kB dirty:0kB writeback:0kB shmem:20308kB shmem_thp: 0kB shmem_pmdmapped: 0kB anon_thp: 4096kB writeback_tmp:0kB unstable:0kB all_unreclaimable? yes
[   74.277661][T10605] CPU: 0 PID: 10605 Comm: syz-executor.0 Not tainted 5.4.0+ #27
[   74.280288][T10605] Hardware name: QEMU Standard PC (i440FX + PIIX, 1996), BIOS Ubuntu-1.8.2-1ubuntu1 04/01/2014
[   74.283569][T10605] Call Trace:
[   74.284650][T10605]  dump_stack+0xc6/0x11e
[   74.286034][T10605]  warn_alloc+0x195/0x290
[   74.287512][T10605]  ? zone_watermark_ok_safe+0x330/0x330
[   74.289522][T10605]  ? retint_kernel+0x2b/0x2b
[   74.291081][T10605]  ? __alloc_pages_slowpath+0x2480/0x2480
[   74.292950][T10605]  ? get_task_policy.part.18+0x17/0xa0
[   74.294804][T10605]  __vmalloc_node_range+0x51c/0x700
[   74.296488][T10605]  ? vb2_vmalloc_alloc+0xe8/0x330
[   74.298198][T10605]  vmalloc_user+0x6a/0x80
[   74.299620][T10605]  ? vb2_vmalloc_alloc+0xe8/0x330
[   74.301311][T10605]  vb2_vmalloc_alloc+0xe8/0x330
[   74.302895][T10605]  ? vb2_vmalloc_get_dmabuf+0x180/0x180
[   74.304802][T10605]  __vb2_queue_alloc+0x5d9/0x1270
[   74.306457][T10605]  vb2_core_create_bufs+0x420/0x7b0
[   74.308209][T10605]  ? vicodec_dev_release+0x10/0x10
[   74.309949][T10605]  ? __vb2_queue_alloc+0x1270/0x1270
[   74.314035][T10605]  ? lock_acquire+0x12e/0x3a0
[   74.315586][T10605]  ? create_prof_cpu_mask+0x20/0x20
[   74.318049][T10605]  ? __mutex_lock+0x682/0x1560
[   74.321638][T10605]  vb2_create_bufs+0x403/0x7d0
[   74.325407][T10605]  ? ksys_ioctl+0x3f/0x90
[   74.326887][T10605]  ? __x64_sys_ioctl+0x6f/0xb0
[   74.328524][T10605]  ? vb2_reqbufs+0x1d0/0x1d0
[   74.330021][T10605]  ? video_devdata+0x9/0x100
[   74.331547][T10605]  ? check_fmt+0x148/0x650
[   74.332993][T10605]  v4l_create_bufs+0xa3/0x140
[   74.334578][T10605]  __video_do_ioctl+0x760/0xeb0
[   74.336203][T10605]  ? v4l_s_fmt+0xa60/0xa60
[   74.337693][T10605]  ? __might_fault+0x177/0x1b0
[   74.339303][T10605]  video_usercopy+0x118/0xf80
[   74.340912][T10605]  ? v4l_s_fmt+0xa60/0xa60
[   74.342383][T10605]  ? putname+0xd0/0x120
[   74.343733][T10605]  ? v4l_enumstd+0x60/0x60
[   74.345216][T10605]  ? __kasan_slab_free+0x11d/0x160
[   74.346862][T10605]  ? tomoyo_execute_permission+0x4e0/0x4e0
[   74.348860][T10605]  v4l2_ioctl+0x1c0/0x270
[   74.350268][T10605]  ? v4l2_prio_init+0x20/0x20
[   74.351866][T10605]  do_vfs_ioctl+0x19d/0x10d0
[   74.353370][T10605]  ? ioctl_preallocate+0x1f0/0x1f0
[   74.355097][T10605]  ? __fget+0x344/0x540
[   74.356429][T10605]  ? do_dup2+0x4f0/0x4f0
[   74.357864][T10605]  ? ktime_get_ts64+0x1e0/0x2f0
[   74.359571][T10605]  ksys_ioctl+0x84/0x90
[   74.360996][T10605]  __x64_sys_ioctl+0x6f/0xb0
[   74.362547][T10605]  do_syscall_64+0x9d/0x5a0
[   74.364006][T10605]  entry_SYSCALL_64_after_hwframe+0x49/0xbe
[   74.365971][T10605] RIP: 0033:0x45de59
[   74.367215][T10605] Code: Bad RIP value.
[   74.368603][T10605] RSP: 002b:00007f5424183c78 EFLAGS: 00000246 ORIG_RAX: 0000000000000010
[   74.371481][T10605] RAX: ffffffffffffffda RBX: 000000000001bb00 RCX: 000000000045de59
[   74.374072][T10605] RDX: 0000000020000180 RSI: 00000000c100565c RDI: 0000000000000003
[   74.376786][T10605] RBP: 000000000118bf60 R08: 0000000000000000 R09: 0000000000000000
[   74.379513][T10605] R10: 0000000000000000 R11: 0000000000000246 R12: 000000000118bf2c
[   74.382161][T10605] R13: 00007ffdbd99a85f R14: 00007f54241849c0 R15: 000000000118bf2c
[   74.387874][ T9617] Node 1 active_anon:6576kB inactive_anon:20kB active_file:24kB inactive_file:0kB unevictable:0kB isolated(anon):0kB isolated(file):0kB mapped:34832kB dirty:0kB writeback:0kB shmem:44kB shmem_thp: 0kB shmem_pmdmapped: 0kB anon_thp: 0kB writeback_tmp:0kB unstable:0kB all_unreclaimable? yes
[   74.396986][ T9617] Node 0 DMA free:2152kB min:712kB low:888kB high:1064kB active_anon:4kB inactive_anon:0kB active_file:0kB inactive_file:0kB unevictable:0kB writepending:0kB present:15992kB managed:15908kB mlocked:0kB kernel_stack:0kB pagetables:32kB bounce:0kB free_pcp:0kB local_pcp:0kB free_cma:0kB
[   74.408803][ T9617] lowmem_reserve[]: 0 449 449 449 449
[   74.410646][ T9617] Node 0 DMA32 free:15296kB min:30872kB low:36028kB high:41184kB active_anon:33064kB inactive_anon:19612kB active_file:44kB inactive_file:16kB unevictable:12kB writepending:0kB present:1032192kB managed:465724kB mlocked:12kB kernel_stack:6752kB pagetables:1736kB bounce:0kB free_pcp:144kB local_pcp:144kB free_cma:0kB
[   74.421890][ T9617] lowmem_reserve[]: 0 0 0 0 0
[   74.423459][ T9617] Node 1 DMA32 free:22968kB min:46232kB low:57788kB high:69344kB active_anon:6576kB inactive_anon:20kB active_file:24kB inactive_file:0kB unevictable:0kB writepending:0kB present:1048448kB managed:1031988kB mlocked:0kB kernel_stack:224kB pagetables:348kB bounce:0kB free_pcp:308kB local_pcp:308kB free_cma:0kB
[   74.435957][ T9617] lowmem_reserve[]: 0 0 0 0 0
[   74.437454][ T9617] Node 0 DMA: 0*4kB 1*8kB (U) 0*16kB 1*32kB (U) 1*64kB (U) 0*128kB 0*256kB 2*512kB (UM) 1*1024kB (U) 0*2048kB 0*4096kB = 2152kB
[   74.443366][ T9617] Node 0 DMA32: 732*4kB (UME) 362*8kB (UM) 188*16kB (UME) 80*32kB (UM) 37*64kB (UM) 12*128kB (UM) 0*256kB 0*512kB 0*1024kB 0*2048kB 0*4096kB = 15296kB
[   74.448266][ T9617] Node 1 DMA32: 44*4kB (UM) 29*8kB (ME) 26*16kB (ME) 24*32kB (UME) 16*64kB (UME) 7*128kB (M) 4*256kB (UM) 8*512kB (ME) 6*1024kB (UME) 4*2048kB (UM) 0*4096kB = 22968kB
[   74.453778][ T9617] Node 0 hugepages_total=0 hugepages_free=0 hugepages_surp=0 hugepages_size=2048kB
[   74.456750][ T9617] Node 1 hugepages_total=0 hugepages_free=0 hugepages_surp=0 hugepages_size=2048kB
[   74.461229][ T9617] 5108 total pagecache pages
[   74.462751][ T9617] 0 pages in swap cache
[   74.464086][ T9617] Swap cache stats: add 0, delete 0, find 0/0
[   74.466097][ T9617] Free swap  = 0kB
[   74.467335][ T9617] Total swap = 0kB
[   74.468854][ T9617] 524158 pages RAM
[   74.470042][ T9617] 0 pages HighMem/MovableOnly
[   74.471515][ T9617] 145753 pages reserved
[   74.472986][ T9617] 0 pages cma reserved
[   74.474269][ T9617] Unreclaimable slab info:
[   74.475779][ T9617] Name                      Used          Total
[   74.477769][ T9617] pid_2                     20KB         20KB
[   74.481269][ T9617] rxe-mr                     3KB          3KB
[   74.483240][ T9617] rxe-qp                    29KB         29KB
[   74.485338][ T9617] bio-3                      3KB          3KB
[   74.487361][ T9617] batadv_tt_change_cache          4KB          4KB
[   74.491895][ T9617] batadv_tl_cache            4KB          4KB
[   74.493989][ T9617] TIPC                      15KB         15KB
[   74.496074][ T9617] SCTPv6                    30KB         30KB
[   74.498201][ T9617] DCCPv6                    30KB         30KB
[   74.501851][ T9617] DCCP                      30KB         30KB
[   74.503968][ T9617] RXRPC                     30KB         30KB
[   74.506032][ T9617] rxrpc_call_jar            30KB         30KB
[   74.508122][ T9617] bridge_fdb_cache           3KB          3KB
[   74.512170][T10605] Mem-Info:
[   74.513232][T10605] active_anon:9905 inactive_anon:4908 isolated_anon:0
[   74.513232][T10605]  active_file:8 inactive_file:10 isolated_file:0
[   74.513232][T10605]  unevictable:3 dirty:0 writeback:0 unstable:0
[   74.513232][T10605]  slab_reclaimable:14456 slab_unreclaimable:29186
[   74.513232][T10605]  mapped:9120 shmem:5088 pagetables:528 bounce:0
[   74.513232][T10605]  free:10104 free_pcp:113 free_cma:0
[   74.526948][ T9617] fib6_nodes                28KB         28KB
[   74.530781][ T9617] ip6_dst_cache             25KB         56KB
[   74.532884][ T9617] RAWv6                     30KB         30KB
[   74.534821][ T9617] UDPv6                     45KB         45KB
[   74.536822][ T9617] TCPv6                     30KB         30KB
[   74.540278][T10605] Node 0 active_anon:33068kB inactive_anon:19612kB active_file:20kB inactive_file:28kB unevictable:12kB isolated(anon):0kB isolated(file):0kB mapped:1664kB dirty:0kB writeback:0kB shmem:20308kB shmem_thp: 0kB shmem_pmdmapped: 0kB anon_thp: 2048kB writeback_tmp:0kB unstable:0kB all_unreclaimable? yes
[   74.551394][ T9617] nf_conntrack               7KB          7KB
[   74.553350][ T9617] t10_alua_lu_gp_cache          3KB          3KB
[   74.557340][ T9617] scsi_sense_cache           4KB          4KB
[   74.560657][T10605] Node 1 active_anon:6552kB inactive_anon:20kB active_file:12kB inactive_file:12kB unevictable:0kB isolated(anon):0kB isolated(file):0kB mapped:34816kB dirty:0kB writeback:0kB shmem:44kB shmem_thp: 0kB shmem_pmdmapped: 0kB anon_thp: 0kB writeback_tmp:0kB unstable:0kB all_unreclaimable? yes
[   74.573733][ T9617] sd_ext_cdb                 3KB          3KB
[   74.575824][ T9617] virtio_scsi_cmd           16KB         16KB
[   74.577823][ T9617] sgpool-128                29KB         29KB
[   74.583042][ T9617] sgpool-64                 31KB         31KB
[   74.584967][ T9617] sgpool-32                 31KB         31KB
[   74.590836][T10605] Node 0 DMA free:2152kB min:712kB low:888kB high:1064kB active_anon:4kB inactive_anon:0kB active_file:0kB inactive_file:0kB unevictable:0kB writepending:0kB present:15992kB managed:15908kB mlocked:0kB kernel_stack:0kB pagetables:32kB bounce:0kB free_pcp:0kB local_pcp:0kB free_cma:0kB
[   74.600824][ T9617] sgpool-16                 15KB         15KB
[   74.602782][ T9617] sgpool-8                  37KB         37KB
[   74.604790][ T9617] mqueue_inode_cache         15KB         15KB
[   74.606823][ T9617] f2fs_bio_post_read_ctx         15KB         15KB
[   74.610757][T10605] lowmem_reserve[]: 0 449 449 449 449
[   74.612642][T10605] Node 0 DMA32 free:15296kB min:30872kB low:36028kB high:41184kB active_anon:33064kB inactive_anon:19612kB active_file:20kB inactive_file:28kB unevictable:12kB writepending:0kB present:1032192kB managed:465724kB mlocked:12kB kernel_stack:6752kB pagetables:1736kB bounce:0kB free_pcp:144kB local_pcp:144kB free_cma:0kB
[   74.623847][ T9617] bio-2                     15KB         15KB
[   74.625833][ T9617] jfs_mp                     7KB          7KB
[   74.627818][ T9617] cifs_small_rq             16KB         16KB
[   74.631455][ T9617] cifs_request              67KB         67KB
[   74.633452][ T9617] cifs_mpx_ids               3KB          3KB
[   74.635464][ T9617] nfs_commit_data            7KB          7KB
[   74.637626][ T9617] nfs_write_data            32KB         32KB
[   74.641273][T10605] lowmem_reserve[]: 0 0 0 0 0
[   74.642824][T10605] Node 1 DMA32 free:22968kB min:46232kB low:57788kB high:69344kB active_anon:6552kB inactive_anon:20kB active_file:12kB inactive_file:12kB unevictable:0kB writepending:0kB present:1048448kB managed:1031988kB mlocked:0kB kernel_stack:224kB pagetables:344kB bounce:0kB free_pcp:308kB local_pcp:308kB free_cma:0kB
[   74.656544][ T9617] jbd2_inode                 3KB          3KB
[   74.662244][ T9617] ext4_system_zone           3KB          3KB
[   74.664297][ T9617] ext4_bio_post_read_ctx         15KB         15KB
[   74.666448][ T9617] bio-1                      3KB          3KB
[   74.668464][ T9617] pid_namespace              3KB          3KB
[   74.672200][T10605] lowmem_reserve[]: 0 0 0 0 0
[   74.673973][T10605] Node 0 DMA: 0*4kB 1*8kB (U) 0*16kB 1*32kB (U) 1*64kB (U) 0*128kB 0*256kB 2*512kB (UM) 1*1024kB (U) 0*2048kB 0*4096kB = 2152kB
[   74.678150][T10605] Node 0 DMA32: 732*4kB (UME) 362*8kB (UM) 188*16kB (UME) 80*32kB (UM) 37*64kB (UM) 12*128kB (UM) 0*256kB 0*512kB 0*1024kB 0*2048kB 0*4096kB = 15296kB
[   74.684504][ T9617] posix_timers_cache          3KB          3KB
[   74.686485][ T9617] rpc_buffers               31KB         31KB
