4cec2e6365cb372c4d97fefcf", 0x1})

10:06:28 executing program 0:
r0 = syz_open_dev$vivid(&(0x7f0000000000)='/dev/video#\x00', 0x0, 0x2)
ioctl$VIDIOC_S_CROP(r0, 0x4014563c, &(0x7f00000000c0)={0x1, {0x0, 0x0, 0xfffffffc}})
ioctl$VIDIOC_G_CTRL(r0, 0xc008561b, &(0x7f0000000040)={0x12, 0x4})
r1 = syz_open_dev$radio(&(0x7f0000000000)='/dev/radio#\x00', 0x0, 0x2)
ioctl$VIDIOC_S_EXT_CTRLS(r1, 0xc0205648, &(0x7f00000000c0)={0x0, 0x7, 0x0, 0xffffffffffffffff, 0x0, &(0x7f0000000080)={0x0, 0x0, [], @string=0x0}})

10:06:28 executing program 0:
r0 = syz_open_dev$vivid(&(0x7f0000000080)='/dev/video#\x00', 0x1, 0x2)
ioctl$VIDIOC_TRY_EXT_CTRLS(r0, 0xc0205649, &(0x7f0000000140)={0x0, 0x1, 0x0, 0xffffffffffffffff, 0x0, &(0x7f0000000040)={0x0, 0x0, [], @value64}})
ioctl$VIDIOC_EXPBUF(r0, 0xc0405610, &(0x7f0000000000)={0x7, 0x101, 0x2, 0x400, <r1=>0xffffffffffffffff})
ioctl$VIDIOC_EXPBUF(r0, 0xc0405610, &(0x7f00000000c0)={0x5, 0x8000, 0x3f, 0x84000, r1})

10:06:28 executing program 0:
r0 = syz_open_dev$vivid(&(0x7f0000000040)='/dev/video#\x00', 0x0, 0x2)
ioctl$VIDIOC_DV_TIMINGS_CAP(r0, 0xc0905664, &(0x7f0000000200))

10:06:28 executing program 0:
r0 = syz_open_dev$vivid(&(0x7f0000000000)='/dev/video#\x00', 0x0, 0x2)
ioctl$VIDIOC_S_CROP(r0, 0x4014563c, &(0x7f00000000c0)={0x1})
openat$vicodec0(0xffffffffffffff9c, &(0x7f0000000080)='/dev/video36\x00', 0x2, 0x0)
r1 = syz_open_dev$vivid(&(0x7f0000000140)='/dev/video#\x00', 0x1, 0x2)
ioctl$VIDIOC_G_OUTPUT(r1, 0x8004562e, &(0x7f0000000100))
r2 = openat$vicodec0(0xffffffffffffff9c, &(0x7f00000000c0)='/dev/video36\x00', 0x2, 0x0)
ioctl$VIDIOC_S_CROP(r2, 0x4014563c, &(0x7f0000000040)={0x83f51bfd4f1530f9})

10:06:28 executing program 0:
r0 = syz_open_dev$vivid(&(0x7f0000000000)='/dev/video#\x00', 0x1, 0x2)
ioctl$VIDIOC_REQBUFS(r0, 0xc0145608, &(0x7f0000000040)={0x1ff, 0x2, 0x1})
ioctl$VIDIOC_QUERY_EXT_CTRL(r0, 0xc0e85667, &(0x7f0000000080)={0x40000000, 0x100, "e265ef87dea306d0191096759543d299038f3e0db3a49961d26e51585074e09c", 0x30cf, 0x1, 0x0, 0x6, 0x89, 0x3, 0x7fffffff, 0x40, [0x0, 0x9, 0xffffff80, 0x7]})
ioctl$VIDIOC_REQBUFS(r0, 0xc0145608, &(0x7f0000000240)={0x81, 0x2, 0x1})

10:06:28 executing program 0:
r0 = openat$vicodec1(0xffffffffffffff9c, &(0x7f0000000180)='/dev/video37\x00', 0x2, 0x0)
ioctl$VIDIOC_REQBUFS(r0, 0xc0145608, &(0x7f00000001c0)={0x8000, 0x5, 0x2})

10:06:28 executing program 0:
r0 = syz_open_dev$vivid(&(0x7f0000000040)='/dev/video#\x00', 0x1, 0x2)
ioctl$VIDIOC_TRY_FMT(r0, 0xc0d05640, &(0x7f0000000180)={0xa, @pix_mp={0x0, 0x0, 0x0, 0x0, 0x0, [{}, {}, {}, {0x81, 0xfa}]}})
ioctl$VIDIOC_ENUMAUDOUT(r0, 0xc0345642, &(0x7f0000000000)={0x7, "9ac0bedf99f30f7e4b5e9efe3fbf23f09132a0314b8b76a37a5d8504c2fc84d5", 0x6})

10:06:28 executing program 0:
r0 = openat$vicodec1(0xffffffffffffff9c, &(0x7f0000000080)='/dev/video37\x00', 0x2, 0x0)
ioctl$VIDIOC_UNSUBSCRIBE_EVENT(r0, 0x4020565b, &(0x7f00000000c0)={0x2, 0xd3, 0x1})
ioctl$VIDIOC_TRY_DECODER_CMD(r0, 0xc0485661, &(0x7f0000000000)={0x0, 0x0, @raw_data})

10:06:28 executing program 0:
r0 = openat$vicodec1(0xffffffffffffff9c, &(0x7f0000000000)='/dev/video37\x00', 0x2, 0x0)
ioctl$VIDIOC_TRY_FMT(r0, 0xc0d05640, &(0x7f00000001c0)={0x3, @win={{}, 0x0, 0x0, 0x0, 0x0, 0x0}})

10:06:28 executing program 0:
r0 = syz_open_dev$vivid(&(0x7f0000000080)='/dev/video#\x00', 0x0, 0x2)
ioctl$VIDIOC_S_EXT_CTRLS(r0, 0xc0205648, &(0x7f0000000100)={0x0, 0x1, 0x0, 0xffffffffffffffff, 0x0, &(0x7f00000000c0)={0x980929, 0x0, [], @p_u16=0x0}})
ioctl$VIDIOC_DBG_S_REGISTER(r0, 0x4038564f, &(0x7f0000000000)={{0x3, @addr=0x7}, 0x8, 0x401, 0xfffffffffffffff7})

10:06:28 executing program 0:
r0 = openat$vimc2(0xffffffffffffff9c, &(0x7f00000006c0)='/dev/video2\x00', 0x2, 0x0)
ioctl$VIDIOC_G_PRIORITY(r0, 0x80045643, 0x0)
r1 = syz_open_dev$vivid(&(0x7f0000000000)='/dev/video#\x00', 0x0, 0x2)
ioctl$VIDIOC_S_CROP(r1, 0x4014563c, &(0x7f00000000c0)={0x1})
ioctl$VIDIOC_G_FMT(r0, 0xc0d05604, &(0x7f0000000280)={0x5, @sdr={0x32314742, 0x8}})
ioctl$VIDIOC_S_PRIORITY(r1, 0x40045644, 0x2)
r2 = openat$vimc2(0xffffffffffffff9c, &(0x7f0000000180)='/dev/video2\x00', 0x2, 0x0)
ioctl$VIDIOC_S_DV_TIMINGS(r2, 0xc0845657, &(0x7f00000001c0)={0x0, @reserved})
r3 = openat$vicodec0(0xffffffffffffff9c, &(0x7f00000003c0)='/dev/video36\x00', 0x2, 0x0)
ioctl$VIDIOC_ENUMAUDOUT(r3, 0xc0345642, &(0x7f0000000400)={0x4, "e02d9779517f9d94d61ee7bdc30f774c4b876e2f97fbdb1b362206c9a13c5605", 0x1})
r4 = openat$vimc0(0xffffffffffffff9c, &(0x7f0000000040)='/dev/video0\x00', 0x2, 0x0)
ioctl$VIDIOC_G_AUDOUT(r4, 0x80345631, &(0x7f0000000080))
r5 = openat$vicodec1(0xffffffffffffff9c, &(0x7f0000000100)='/dev/video37\x00', 0x2, 0x0)
ioctl$VIDIOC_SUBDEV_S_CROP(r0, 0xc038563c, &(0x7f0000000440)={0x1, 0x0, {0x7, 0x3, 0x2, 0x6f34}})
ioctl$VIDIOC_DBG_S_REGISTER(r5, 0x4038564f, &(0x7f0000000140)={{0x4, @addr=0x80000001}, 0x8, 0x1f, 0x9})
ioctl$VIDIOC_SUBDEV_G_SELECTION(r1, 0xc040563d, &(0x7f0000000380)={0x1, 0x0, 0x103, 0x5, {0x0, 0x5, 0x0, 0x8}})

10:06:28 executing program 0:
ioctl$VIDIOC_ENUM_FMT(0xffffffffffffffff, 0xc0405602, &(0x7f0000000040)={0x401, 0xc, 0x2, "4b1932d6c6f4b565383e44b13ebe60be2fb94ed579f4ab9121597cf8bd8c2d64", 0x4f565559})
syz_open_dev$vivid(&(0x7f0000000000)='/dev/video#\x00', 0x2, 0x2)

10:06:28 executing program 0:
r0 = syz_open_dev$vivid(&(0x7f0000000e40)='/dev/video#\x00', 0x3, 0x2)
ioctl$VIDIOC_REQBUFS(r0, 0xc0145608, &(0x7f0000000000)={0xa, 0xa, 0x1})
syz_open_dev$cec(&(0x7f00000000c0)='/dev/cec#\x00', 0x1, 0x2)
openat$vicodec0(0xffffffffffffff9c, &(0x7f0000000100)='/dev/video36\x00', 0x2, 0x0)
r1 = syz_open_dev$vbi(&(0x7f0000000080)='/dev/vbi#\x00', 0x0, 0x2)
ioctl$VIDIOC_G_AUDOUT(r1, 0x80345631, &(0x7f0000000180))
ioctl$VIDIOC_G_CROP(r0, 0xc014563b, &(0x7f0000000040)={0x0, {0x9, 0x0, 0x6, 0x4}})

10:06:28 executing program 0:
r0 = syz_open_dev$vivid(&(0x7f0000000040)='/dev/video#\x00', 0x3, 0x2)
ioctl$VIDIOC_SUBDEV_G_SELECTION(r0, 0xc040563d, &(0x7f0000000000)={0x1, 0x0, 0x102, 0x4, {0x1f, 0xfffffff9, 0x1f, 0xffffffff}})
ioctl$VIDIOC_G_CROP(r0, 0xc014563b, &(0x7f0000000080))
ioctl$VIDIOC_QUERYCTRL(r0, 0xc0445624, &(0x7f00000000c0)={0x288, 0x6, "85111dfffd42ea985b25891e08c81cf8d8730e3f88a6f4a67e8227e77fdeee8d", 0x6, 0x1ff, 0x3, 0x400, 0x103})

10:06:28 executing program 0:
syz_open_dev$vivid(0x0, 0x0, 0x2)
r0 = openat$vicodec1(0xffffffffffffff9c, &(0x7f0000000000)='/dev/video37\x00', 0x2, 0x0)
ioctl$VIDIOC_TRY_FMT(r0, 0xc0d05640, &(0x7f0000000040)={0x2, @pix_mp={0x0, 0x2dde, 0x20493859, 0x0, 0x2, [{0x3, 0xc2d}, {0x0, 0x80000001}, {0x0, 0x8}, {0x3ff, 0x1}, {0x80000000, 0x3}, {0x0, 0x3}, {0x8, 0x10000}, {0x8, 0x3}], 0x6, 0x4, 0x2, 0x2, 0x1}})

10:06:28 executing program 0:
openat$vimc0(0xffffffffffffff9c, &(0x7f0000000000)='/dev/video0\x00', 0x2, 0x0)
r0 = syz_open_dev$vivid(&(0x7f0000000000)='/dev/video#\x00', 0x0, 0x2)
ioctl$VIDIOC_S_CROP(r0, 0x4014563c, &(0x7f00000000c0)={0x1})
ioctl$VIDIOC_S_CROP(r0, 0x4014563c, &(0x7f0000000040)={0xb, {0x4, 0xffff0001, 0xff, 0x6}})

10:06:28 executing program 0:
r0 = syz_open_dev$radio(&(0x7f00000000c0)='/dev/radio#\x00', 0x0, 0x2)
r1 = syz_open_dev$vivid(&(0x7f0000000000)='/dev/video#\x00', 0x0, 0x2)
ioctl$VIDIOC_S_CROP(r1, 0x4014563c, &(0x7f00000000c0)={0x1})
ioctl$VIDIOC_S_FREQUENCY(r1, 0x402c5639, &(0x7f0000000000)={0x6, 0x1, 0x8})
ioctl$VIDIOC_S_HW_FREQ_SEEK(r0, 0x40305652, &(0x7f00000001c0)={0x0, 0x3, 0xa48d, 0x39b, 0x0, 0x8, 0x3ef})

10:06:28 executing program 0:
r0 = openat$vimc2(0xffffffffffffff9c, &(0x7f0000000c00)='/dev/video2\x00', 0x2, 0x0)
ioctl$VIDIOC_CREATE_BUFS(r0, 0xc100565c, &(0x7f0000000040)={0x0, 0x65d, 0x1, {0x1, @sliced={0x0, [0x0, 0x0, 0x0, 0x0, 0x0, 0x0, 0x0, 0x0, 0x0, 0x0, 0x7fff, 0x0, 0x0, 0x0, 0x0, 0x0, 0x0, 0x0, 0x0, 0x0, 0x0, 0x0, 0x0, 0x0, 0x0, 0x0, 0x0, 0x0, 0x0, 0x0, 0x0, 0x0, 0x3, 0x0, 0x0, 0x0, 0x0, 0x0, 0x0, 0x0, 0x8001, 0x0, 0x0, 0x0, 0x2, 0x9]}}})

10:06:28 executing program 0:
r0 = syz_open_dev$radio(&(0x7f0000000100)='/dev/radio#\x00', 0x3, 0x2)
ioctl$VIDIOC_LOG_STATUS(r0, 0x5646, 0x0)
ioctl$VIDIOC_CREATE_BUFS(r0, 0xc100565c, &(0x7f0000000000)={0x10000, 0xffffffe0, 0x4, {0x7, @sdr={0x39555659, 0x1}}, 0x1})

[   71.628981][T10476] vivid-001: =================  START STATUS  =================
[   71.638276][T10476] v4l2-ctrls: vivid-001: RDS Tx I/O Mode: Controls
[   71.643790][T10476] v4l2-ctrls: vivid-001: RDS Program ID: 32904
[   71.648985][T10476] v4l2-ctrls: vivid-001: RDS Program Type: 3
[   71.651031][T10476] v4l2-ctrls: vivid-001: RDS PS Name: VIVID-TX
[   71.653139][T10476] v4l2-ctrls: vivid-001: RDS Radio Text: This is a VIVID default Radio Text template text, change at will
[   71.658169][T10476] v4l2-ctrls: vivid-001: RDS Stereo: true
[   71.660039][T10476] v4l2-ctrls: vivid-001: RDS Artificial Head: false
[   71.662200][T10476] v4l2-ctrls: vivid-001: RDS Compressed: false
[   71.664264][T10476] v4l2-ctrls: vivid-001: RDS Dynamic PTY: false
[   71.667482][T10476] v4l2-ctrls: vivid-001: RDS Traffic Announcement: false
[   71.669851][T10476] v4l2-ctrls: vivid-001: RDS Traffic Program: true
[   71.671920][T10476] v4l2-ctrls: vivid-001: RDS Music: true
[   71.673977][T10476] vivid-001: ==================  END STATUS  ==================
10:06:28 executing program 0:
r0 = syz_open_dev$vbi(&(0x7f0000000080)='/dev/vbi#\x00', 0x2, 0x2)
r1 = syz_open_dev$vivid(&(0x7f0000000000)='/dev/video#\x00', 0x0, 0x2)
ioctl$VIDIOC_S_CROP(r1, 0x4014563c, &(0x7f00000000c0)={0x1})
ioctl$VIDIOC_S_HW_FREQ_SEEK(r1, 0x40305652, &(0x7f0000000140)={0x8, 0x4, 0xff, 0x3, 0x2, 0x4})
ioctl$VIDIOC_QUERYCTRL(r0, 0xc0445624, &(0x7f0000000000)={0x18000003, 0x0, "a7a1b73b01f8ffffffffffffd3eec81557dcd3f3ffecffff2cf256bd795b26f8"})
r2 = openat$vicodec0(0xffffffffffffff9c, &(0x7f00000000c0)='/dev/video36\x00', 0x2, 0x0)
ioctl$VIDIOC_S_OUTPUT(r2, 0xc004562f, &(0x7f0000000100)=0x9)

10:06:28 executing program 0:
r0 = openat$vicodec1(0xffffffffffffff9c, &(0x7f0000000080)='/dev/video37\x00', 0x2, 0x0)
r1 = syz_open_dev$vivid(&(0x7f0000000000)='/dev/video#\x00', 0x3, 0x2)
ioctl$VIDIOC_SUBDEV_ENUM_FRAME_SIZE(r1, 0xc040564a, &(0x7f0000000040)={0x2b2a, 0x0, 0x200b, 0x9, 0xb5d, 0x100, 0xbb2, 0x1})
ioctl$VIDIOC_S_FMT(r0, 0xc0d05605, &(0x7f0000000140)={0x8, @pix_mp={0x800, 0x5, 0x32314752, 0x3, 0x1, [{0x3, 0x5}, {0x0, 0x1}, {0xff, 0x81}, {0x5, 0xfffffffc}, {0x1, 0x9}, {0x3ff, 0x7fffffff}, {0x1, 0x9}, {0x40, 0x6}], 0x80, 0x12, 0x4, 0x1, 0x1}})

10:06:29 executing program 0:
r0 = syz_open_dev$vivid(&(0x7f0000000000)='/dev/video#\x00', 0x2, 0x2)
ioctl$VIDIOC_G_EDID(r0, 0xc0285628, &(0x7f00000000c0)={0x0, 0x9, 0x6, [], &(0x7f0000000080)=0x9})
ioctl$VIDIOC_G_DV_TIMINGS(r0, 0xc0845658, &(0x7f0000000380)={0x0, @bt={0x556, 0x2, 0x0, 0x1, 0x5, 0x1, 0x5, 0x0, 0xfffffff9, 0x80000001, 0x8, 0xfffffff9, 0x8, 0x8001, 0x0, 0x8, {0x2, 0x2}, 0x22, 0x4}})
openat$vimc2(0xffffffffffffff9c, &(0x7f0000000100)='/dev/video2\x00', 0x2, 0x0)
r1 = openat$vimc1(0xffffffffffffff9c, &(0x7f00000001c0)='/dev/video1\x00', 0x2, 0x0)
ioctl$VIDIOC_CREATE_BUFS(r1, 0xc100565c, &(0x7f0000000280)={0x0, 0x0, 0x0, {0x5, @pix_mp={0x3, 0xffffffff, 0x47425247, 0x3, 0x0, [{0x43, 0x15}, {0x3f, 0x61c}, {0x0, 0x5}, {0x4}, {0xfff, 0x6}, {0xfffffff9, 0x20000000}, {0x7, 0x2}, {0x81, 0x5}], 0xd5, 0x81, 0x4}}})
ioctl$VIDIOC_STREAMOFF(0xffffffffffffffff, 0x40045613, &(0x7f0000000040))

10:06:29 executing program 0:
r0 = openat$vicodec1(0xffffffffffffff9c, &(0x7f0000000040)='/dev/video37\x00', 0x2, 0x0)
ioctl$VIDIOC_REQBUFS(r0, 0xc0145608, &(0x7f0000000000)={0x4, 0xb, 0x1})

10:06:29 executing program 0:
syz_open_dev$cec(&(0x7f0000000000)='/dev/cec#\x00', 0x0, 0x2)

10:06:29 executing program 0:
r0 = syz_open_dev$vivid(&(0x7f0000000140)='/dev/video#\x00', 0x2, 0x2)
ioctl$VIDIOC_LOG_STATUS(r0, 0x5646, 0x0)
ioctl$VIDIOC_S_FREQUENCY(r0, 0x402c5639, &(0x7f0000000000))
ioctl$VIDIOC_ENCODER_CMD(0xffffffffffffffff, 0xc028564d, &(0x7f0000000040)={0x2, 0x0, [0x4, 0x0, 0x80000001, 0x2a0b, 0x1ff, 0x5, 0x7fff]})
ioctl$VIDIOC_TRY_FMT(r0, 0xc0d05640, &(0x7f0000000180)={0x5, @raw_data="7f976e9ab85a335c7cd3d9527f366f413112d30fabcc143cf497a71d96a65536e85e94a11ce06696311164cbd96e80db44381d90659b6291e14792a01f9b548de700b17e72c40160173597cd53095e1f3dc69f81cb107ca773dfa908d877e107343387680a5930155f13a82b9e90ff852eb6882da0f34b166160e8583be4dff328b2cb7c463dfc10d4c8ef14ab1d718f6b723502a6e61140bd7f474e6cc022950b9bbf84c9cb7f59fe75015a9238e427bd6a57204659260249b6bed735a2e3adf64e69aefc8b4425"})

[   71.868409][T10497] vivid-001: =================  START STATUS  =================
[   71.873089][T10497] v4l2-ctrls: vivid-001: Test Pattern: 75% Colorbar
[   71.878589][T10497] v4l2-ctrls: vivid-001: Fill Percentage of Frame: 100
[   71.883127][T10497] v4l2-ctrls: vivid-001: Horizontal Movement: No Movement
[   71.887621][T10497] v4l2-ctrls: vivid-001: Vertical Movement: No Movement
[   71.893319][T10497] v4l2-ctrls: vivid-001: OSD Text Mode: All
[   71.902139][T10497] v4l2-ctrls: vivid-001: Show Border: false
[   71.905941][T10497] v4l2-ctrls: vivid-001: Show Square: false
[   71.910064][T10497] v4l2-ctrls: vivid-001: Sensor Flipped Horizontally: false
[   71.915088][T10497] v4l2-ctrls: vivid-001: Sensor Flipped Vertically: false
[   71.918717][T10497] v4l2-ctrls: vivid-001: Insert SAV Code in Image: false
[   71.921071][T10497] v4l2-ctrls: vivid-001: Insert EAV Code in Image: false
[   71.923370][T10497] v4l2-ctrls: vivid-001: Reduced Framerate: false
[   71.926470][T10497] v4l2-ctrls: vivid-001: Enable Capture Cropping: true
[   71.928998][T10497] v4l2-ctrls: vivid-001: Enable Capture Composing: true
[   71.931330][T10497] v4l2-ctrls: vivid-001: Enable Capture Scaler: true
[   71.933595][T10497] v4l2-ctrls: vivid-001: Timestamp Source: End of Frame
[   71.937166][T10497] v4l2-ctrls: vivid-001: Colorspace: sRGB
[   71.939158][T10497] v4l2-ctrls: vivid-001: Transfer Function: Default
[   71.941292][T10497] v4l2-ctrls: vivid-001: Y'CbCr Encoding: Default
[   71.943474][T10497] v4l2-ctrls: vivid-001: HSV Encoding: Hue 0-179
[   71.947093][T10497] v4l2-ctrls: vivid-001: Quantization: Default
[   71.949201][T10497] v4l2-ctrls: vivid-001: Apply Alpha To Red Only: false
[   71.951570][T10497] v4l2-ctrls: vivid-001: Standard Aspect Ratio: 4x3
[   71.953837][T10497] v4l2-ctrls: vivid-001: DV Timings Signal Mode: Current DV Timings inactive
[   71.958127][T10497] v4l2-ctrls: vivid-001: DV Timings: 640x480p59 inactive
[   71.960741][T10497] v4l2-ctrls: vivid-001: DV Timings Aspect Ratio: Source Width x Height
[   71.964002][T10497] v4l2-ctrls: vivid-001: Maximum EDID Blocks: 2
[   71.967066][T10497] v4l2-ctrls: vivid-001: Limited RGB Range (16-235): false
[   71.969500][T10497] v4l2-ctrls: vivid-001: Rx RGB Quantization Range: Automatic
[   71.971981][T10497] v4l2-ctrls: vivid-001: Power Present: 0x00000001
[   71.974204][T10497] tpg source WxH: 640x360 (Y'CbCr)
[   71.977397][T10497] tpg field: 1
[   71.978625][T10497] tpg crop: 640x360@0x0
[   71.980106][T10497] tpg compose: 640x360@0x0
[   71.981568][T10497] tpg colorspace: 8
[   71.982967][T10497] tpg transfer function: 0/0
[   71.984482][T10497] tpg Y'CbCr encoding: 0/0
[   71.987468][T10497] tpg quantization: 0/0
[   71.988988][T10497] tpg RGB range: 0/2
[   71.990393][T10497] vivid-001: ==================  END STATUS  ==================
10:06:29 executing program 0:
r0 = syz_open_dev$radio(&(0x7f0000000100)='/dev/radio#\x00', 0x1, 0x2)
syz_open_dev$vivid(&(0x7f0000000000)='/dev/video#\x00', 0x3, 0x2)
ioctl$VIDIOC_LOG_STATUS(0xffffffffffffffff, 0x5646, 0x0)
ioctl$VIDIOC_LOG_STATUS(r0, 0x5646, 0x0)

[   72.022658][T10503] vivid-000: =================  START STATUS  =================
[   72.028288][T10503] v4l2-ctrls: vivid-000: RDS Tx I/O Mode: Controls
[   72.033641][T10503] v4l2-ctrls: vivid-000: RDS Program ID: 32904
[   72.039403][T10503] v4l2-ctrls: vivid-000: RDS Program Type: 3
[   72.052001][T10503] v4l2-ctrls: vivid-000: RDS PS Name: VIVID-TX
[   72.063714][T10503] v4l2-ctrls: vivid-000: RDS Radio Text: This is a VIVID default Radio Text template text, change at will
[   72.080493][T10503] v4l2-ctrls: vivid-000: RDS Stereo: true
[   72.089314][T10503] v4l2-ctrls: vivid-000: RDS Artificial Head: false
[   72.098749][T10503] v4l2-ctrls: vivid-000: RDS Compressed: false
[   72.106564][    T5] Bluetooth: hci0: command 0x040f tx timeout
[   72.110156][T10503] v4l2-ctrls: vivid-000: RDS Dynamic PTY: false
[   72.115165][T10503] v4l2-ctrls: vivid-000: RDS Traffic Announcement: false
[   72.119366][T10503] v4l2-ctrls: vivid-000: RDS Traffic Program: true
[   72.121463][T10503] v4l2-ctrls: vivid-000: RDS Music: true
[   72.123278][T10503] vivid-000: ==================  END STATUS  ==================
10:06:29 executing program 0:
r0 = syz_open_dev$vivid(&(0x7f0000000040)='/dev/video#\x00', 0x3, 0x2)
ioctl$VIDIOC_S_FMT(r0, 0xc0d05605, &(0x7f00000000c0)={0xa, @pix_mp={0x0, 0x0, 0x0, 0x9, 0x0, [{}, {}, {}, {}, {}, {}, {}, {0x0, 0x80}]}})
ioctl$VIDIOC_LOG_STATUS(r0, 0x5646, 0x0)
r1 = openat$vimc1(0xffffffffffffff9c, &(0x7f0000000000)='/dev/video1\x00', 0x2, 0x0)
ioctl$VIDIOC_SUBDEV_S_SELECTION(r1, 0xc040563e, &(0x7f0000000080)={0x0, 0x0, 0x100, 0x3, {0x3, 0x7, 0x8001, 0x3391}})

[   72.171476][T10509] vivid-001: =================  START STATUS  =================
[   72.177122][T10509] v4l2-ctrls: vivid-001: Enable Output Cropping: true
[   72.181670][T10509] v4l2-ctrls: vivid-001: Enable Output Composing: true
[   72.190394][T10509] v4l2-ctrls: vivid-001: Enable Output Scaler: true
[   72.193730][T10509] v4l2-ctrls: vivid-001: Tx RGB Quantization Range: Automatic
[   72.203406][T10509] v4l2-ctrls: vivid-001: Transmit Mode: HDMI
[   72.207762][T10509] v4l2-ctrls: vivid-001: Display Present: true inactive
[   72.213140][T10509] v4l2-ctrls: vivid-001: Hotplug Present: 0x00000001
[   72.219899][T10509] v4l2-ctrls: vivid-001: RxSense Present: 0x00000001
[   72.223628][T10509] v4l2-ctrls: vivid-001: EDID Present: 0x00000001
[   72.226609][T10509] vivid-001: ==================  END STATUS  ==================
[   72.231116][T10512] vivid-001: =================  START STATUS  =================
[   72.234978][T10512] v4l2-ctrls: vivid-001: Enable Output Cropping: true
[   72.239157][T10512] v4l2-ctrls: vivid-001: Enable Output Composing: true
[   72.241506][T10512] v4l2-ctrls: vivid-001: Enable Output Scaler: true
[   72.243680][T10512] v4l2-ctrls: vivid-001: Tx RGB Quantization Range: Automatic
[   72.247114][T10512] v4l2-ctrls: vivid-001: Transmit Mode: HDMI
[   72.249176][T10512] v4l2-ctrls: vivid-001: Display Present: true inactive
[   72.251542][T10512] v4l2-ctrls: vivid-001: Hotplug Present: 0x00000001
[   72.253727][T10512] v4l2-ctrls: vivid-001: RxSense Present: 0x00000001
[   72.257372][T10512] v4l2-ctrls: vivid-001: EDID Present: 0x00000001
[   72.259556][T10512] vivid-001: ==================  END STATUS  ==================
10:06:29 executing program 0:
ioctl$VIDIOC_ENUM_FREQ_BANDS(0xffffffffffffffff, 0xc0405665, &(0x7f0000000100)={0x81, 0x1, 0xfff, 0x1, 0x40})
syz_open_dev$vivid(&(0x7f0000000040)='/dev/video#\x00', 0x0, 0x2)
r0 = syz_open_dev$vivid(&(0x7f0000000000)='/dev/video#\x00', 0x0, 0x2)
ioctl$VIDIOC_S_CROP(r0, 0x4014563c, &(0x7f00000000c0)={0x1})
ioctl$VIDIOC_S_EXT_CTRLS(r0, 0xc0205648, &(0x7f00000000c0)={0x9a0000, 0x1, 0x0, 0xffffffffffffffff, 0x0, &(0x7f0000000080)={0x98090b, 0x0, [], @value=0x2}})

10:06:29 executing program 0:
r0 = syz_open_dev$vivid(&(0x7f0000000040)='/dev/video#\x00', 0x3, 0x2)
ioctl$VIDIOC_S_AUDOUT(r0, 0x40345632, &(0x7f0000000000)={0x0, "244abb143b462f1afbe9d64d1e4d3dbb1d4c81448d77d30f3bda13f164add6bd"})
r1 = syz_open_dev$vivid(&(0x7f0000000000)='/dev/video#\x00', 0x0, 0x2)
ioctl$VIDIOC_S_CROP(r1, 0x4014563c, &(0x7f00000000c0)={0x1})
ioctl$VIDIOC_QUERYSTD(r1, 0x8008563f, &(0x7f0000000080))
r2 = syz_open_dev$vivid(&(0x7f0000000000)='/dev/video#\x00', 0x0, 0x2)
ioctl$VIDIOC_G_EXT_CTRLS(r1, 0xc0205647, &(0x7f0000000180)={0x980000, 0x4, 0xc629, r0, 0x0, &(0x7f0000000140)={0x9a0914, 0x6, [], @value=0x1}})
ioctl$VIDIOC_S_CROP(r2, 0x4014563c, &(0x7f00000000c0)={0x1})
ioctl$VIDIOC_EXPBUF(r2, 0xc0405610, &(0x7f0000000100)={0xc, 0xfffffffd, 0x8, 0x4000})

10:06:29 executing program 0:
r0 = syz_open_dev$vivid(&(0x7f0000000080)='/dev/video#\x00', 0x1, 0x2)
r1 = syz_open_dev$vivid(&(0x7f0000000000)='/dev/video#\x00', 0x0, 0x2)
r2 = openat$vimc2(0xffffffffffffff9c, &(0x7f0000000040)='/dev/video2\x00', 0x2, 0x0)
ioctl$VIDIOC_ENUM_DV_TIMINGS(r2, 0xc0945662, &(0x7f00000002c0)={0x10001, 0x0, [], {0x0, @reserved}})
ioctl$VIDIOC_S_CROP(r1, 0x4014563c, &(0x7f00000000c0)={0x1})
ioctl$VIDIOC_DBG_G_CHIP_INFO(r1, 0xc0c85666, &(0x7f00000001c0)={{0x3, @name="8c10b22a9ad2435692e21fe68135bc5535ec739fe493178ba11aeba0d521b873"}, "81d64828543c5e9b50dfad5fe89d3d4383307ceb677e348cb65f648182ba51e8", 0x1})
ioctl$VIDIOC_S_HW_FREQ_SEEK(r0, 0x40305652, &(0x7f0000000000)={0x1000005, 0x1, 0x2, 0x5, 0x4, 0x4, 0x20})
ioctl$VIDIOC_ENUMAUDOUT(r0, 0xc0345642, &(0x7f0000000180)={0x0, "34d65a0925a17d46297d5374fbd481cd7d8634ecf3e876ff827f8dd80f7197d4"})

10:06:29 executing program 0:
r0 = syz_open_dev$radio(&(0x7f0000000000)='/dev/radio#\x00', 0x1, 0x2)
ioctl$VIDIOC_LOG_STATUS(r0, 0x5646, 0x0)
r1 = syz_open_dev$swradio(&(0x7f0000000180)='/dev/swradio#\x00', 0x0, 0x2)
ioctl$VIDIOC_DBG_S_REGISTER(r1, 0x4038564f, &(0x7f0000000200)={{}, 0x8})
r2 = syz_open_dev$vivid(&(0x7f0000000000)='/dev/video#\x00', 0x0, 0x2)
ioctl$VIDIOC_S_CROP(r1, 0x4014563c, &(0x7f00000001c0)={0x8, {0xffffffff, 0x5}})
ioctl$VIDIOC_ENUM_FREQ_BANDS(r2, 0xc0405665, &(0x7f0000000040)={0x1, 0x5, 0x20, 0x80, 0x2, 0xf9, 0x6})
r3 = syz_open_dev$vivid(&(0x7f0000000000)='/dev/video#\x00', 0x0, 0x2)
ioctl$VIDIOC_S_CROP(r3, 0x4014563c, &(0x7f00000000c0)={0x1, {0x0, 0x0, 0x0, 0xfffffffe}})
ioctl$VIDIOC_SUBDEV_ENUM_DV_TIMINGS(r3, 0xc0945662, &(0x7f00000000c0)={0x1, 0x0, [], {0x0, @reserved}})

[   72.441930][T10526] vivid-000: =================  START STATUS  =================
[   72.450957][T10526] v4l2-ctrls: vivid-000: RDS Tx I/O Mode: Controls
[   72.463101][T10526] v4l2-ctrls: vivid-000: RDS Program ID: 32904
[   72.469531][T10526] v4l2-ctrls: vivid-000: RDS Program Type: 3
[   72.481207][T10526] v4l2-ctrls: vivid-000: RDS PS Name: VIVID-TX
[   72.498860][T10526] v4l2-ctrls: vivid-000: RDS Radio Text: This is a VIVID default Radio Text template text, change at will
[   72.509073][T10526] v4l2-ctrls: vivid-000: RDS Stereo: true
[   72.512085][T10526] v4l2-ctrls: vivid-000: RDS Artificial Head: false
[   72.516339][T10526] v4l2-ctrls: vivid-000: RDS Compressed: false
[   72.519583][T10526] v4l2-ctrls: vivid-000: RDS Dynamic PTY: false
[   72.523020][T10526] v4l2-ctrls: vivid-000: RDS Traffic Announcement: false
[   72.527595][T10526] v4l2-ctrls: vivid-000: RDS Traffic Program: true
[   72.531043][T10526] v4l2-ctrls: vivid-000: RDS Music: true
[   72.533959][T10526] vivid-000: ==================  END STATUS  ==================
[   72.541316][T10526] vivid-000: =================  START STATUS  =================
[   72.546539][T10526] v4l2-ctrls: vivid-000: RDS Tx I/O Mode: Controls
[   72.550115][T10526] v4l2-ctrls: vivid-000: RDS Program ID: 32904
[   72.553269][T10526] v4l2-ctrls: vivid-000: RDS Program Type: 3
[   72.564562][T10526] v4l2-ctrls: vivid-000: RDS PS Name: VIVID-TX
[   72.569828][T10526] v4l2-ctrls: vivid-000: RDS Radio Text: This is a VIVID default Radio Text template text, change at will
[   72.579594][T10526] v4l2-ctrls: vivid-000: RDS Stereo: true
[   72.584712][T10526] v4l2-ctrls: vivid-000: RDS Artificial Head: false
[   72.592527][T10526] v4l2-ctrls: vivid-000: RDS Compressed: false
[   72.598715][T10526] v4l2-ctrls: vivid-000: RDS Dynamic PTY: false
[   72.605267][T10526] v4l2-ctrls: vivid-000: RDS Traffic Announcement: false
[   72.609816][T10526] v4l2-ctrls: vivid-000: RDS Traffic Program: true
[   72.613241][T10526] v4l2-ctrls: vivid-000: RDS Music: true
[   72.616926][T10526] vivid-000: ==================  END STATUS  ==================
10:06:29 executing program 0:
r0 = syz_open_dev$vivid(&(0x7f0000000040)='/dev/video#\x00', 0x3, 0x2)
ioctl$VIDIOC_TRY_FMT(r0, 0xc0d05640, &(0x7f0000000080)={0xa, @pix={0x0, 0x79e1, 0x30313953, 0x5, 0x0, 0x3}})
ioctl$VIDIOC_S_FMT(r0, 0xc0d05605, &(0x7f0000000180)={0x8, @sliced={0x1, [0x5, 0x0, 0x6, 0x4, 0x100, 0x6b, 0x1f, 0xa989, 0x5, 0xfffd, 0xff, 0x2, 0x6, 0x7f, 0x3, 0x571b, 0x1d3f, 0x25, 0x2, 0x6, 0x3, 0x7, 0x0, 0x7fff, 0x100, 0xe3, 0x3, 0x101, 0xfff7, 0x267, 0x112, 0x2, 0x6, 0x1, 0x20, 0x5, 0x0, 0x3, 0x0, 0x7, 0x8, 0x2000, 0x401, 0x2, 0x3, 0x88, 0x6, 0x3], 0x80000000}})
ioctl$VIDIOC_S_STD(r0, 0x40085618, &(0x7f0000000000)=0x220a15)

10:06:29 executing program 0:
r0 = openat$vicodec1(0xffffffffffffff9c, &(0x7f0000000100)='/dev/video37\x00', 0x2, 0x0)
ioctl$VIDIOC_G_CROP(r0, 0xc014563b, &(0x7f0000000580)={0xa, {0x0, 0x1, 0x0, 0xfffffffd}})
ioctl$VIDIOC_STREAMON(0xffffffffffffffff, 0x40045612, &(0x7f0000000040)=0x2)
ioctl$VIDIOC_QUERYCAP(r0, 0x80685600, &(0x7f0000000500))
ioctl$VIDIOC_S_FMT(0xffffffffffffffff, 0xc0d05605, &(0x7f0000000300)={0x1, @win={{0x6, 0x6, 0x0, 0x4}, 0x7, 0x0, &(0x7f0000000200)={{0x2, 0x80000001, 0x2, 0x640e}, &(0x7f00000001c0)={{0xf7d0, 0x1000, 0x1, 0x40}}}, 0x2, &(0x7f0000000240)="139f01e7475db1fe27b824ab57ae192532781981d35c51a9186a9eb2168f0107ec2908fdc878aa2e5e06278cac0d91fe9af44b42666dac4e4ec1bf79ff064a9f36630e5b565da4a825669924b6eda552d6b7018b975fa5b7effcd25eb07392901ae9da63c9ddc522d4ad749c121418da8367b682d81dd5d2ab1e828f84b248feea736e2ca9b0850b524cab61ebe55041", 0x9}})
ioctl$VIDIOC_S_AUDIO(r0, 0x40345622, &(0x7f00000005c0)={0xda17e000, "1f4342ad02e38701129dd178d218b7a7d4feabbbebe0f6ff7ecfb38ce9bc08df", 0x5})
ioctl$VIDIOC_ENUM_FRAMESIZES(0xffffffffffffffff, 0xc02c564a, &(0x7f0000000080)={0x1, 0x44f230d29d7b2b9b, 0x3, @stepwise={0x8, 0x9, 0x80000000, 0x1000, 0x1000, 0x4}})
r1 = syz_open_dev$vivid(&(0x7f0000000140)='/dev/video#\x00', 0x3, 0x2)
ioctl$VIDIOC_S_CROP(r1, 0x4014563c, &(0x7f00000000c0)={0x1})
ioctl$VIDIOC_TRY_DECODER_CMD(r1, 0xc0485661, &(0x7f0000000480)={0x2, 0x1, @start={0xe5000000}})
r2 = openat$vicodec0(0xffffffffffffff9c, &(0x7f0000000000)='/dev/video36\x00', 0x2, 0x0)
ioctl$VIDIOC_ENUMSTD(r2, 0xc0485619, &(0x7f0000000400)={0x7, 0x80000, "8a33b7a189b1677ed058d2498168f823001ebb73737fdc23", {0x8, 0x6}, 0xff})
ioctl$VIDIOC_SUBDEV_G_EDID(r2, 0xc0285628, &(0x7f0000000180)={0x0, 0x0, 0x3, [], &(0x7f00000000c0)=0x40})
openat$vimc0(0xffffffffffffff9c, &(0x7f00000006c0)='/dev/video0\x00', 0x2, 0x0)
ioctl$VIDIOC_SUBDEV_ENUM_DV_TIMINGS(r0, 0xc0945662, &(0x7f0000000600)={0x5, 0x0, [], {0x0, @reserved}})

10:06:29 executing program 0:
r0 = openat$vicodec1(0xffffffffffffff9c, &(0x7f0000000000)='/dev/video37\x00', 0x2, 0x0)
ioctl$VIDIOC_SUBSCRIBE_EVENT(r0, 0x4020565a, &(0x7f0000000040)={0x5})
ioctl$VIDIOC_SUBDEV_S_SELECTION(r0, 0xc040563e, &(0x7f0000000100)={0x1, 0x0, 0x100, 0x4, {0x3, 0x4, 0xff5b, 0x1}})
r1 = openat$vimc2(0xffffffffffffff9c, &(0x7f00000000c0)='/dev/video2\x00', 0x2, 0x0)
ioctl$VIDIOC_UNSUBSCRIBE_EVENT(r1, 0x4020565b, &(0x7f0000000080)={0x0, 0x8, 0x4})

10:06:29 executing program 0:
r0 = syz_open_dev$vivid(&(0x7f0000000080)='/dev/video#\x00', 0x2, 0x2)
ioctl$VIDIOC_S_AUDIO(r0, 0x40345622, &(0x7f0000000040)={0x0, "e78db6c9c3f5626dd88e048685f7dbd2d99b697ffc35861958c69883c06ffbc6", 0x2})
ioctl$VIDIOC_S_FBUF(r0, 0x4030560b, &(0x7f0000000140)={0xe, 0x44, &(0x7f00000000c0)="24b6de96dea71a9869ba1befde65682742536968c73a68bf15067f94219f9f2151b8db2e071fb12e4a2671a81c84885bb4d2e0572f7914771ec1aa08888c5c635c5837b5867ab74a6acdf8e1f2239088a42aa2ac57c899ca11fde58d91a8ccb5872758792a5eba4721c3c4b5c41c950f8dd84ad8ecc85e34630e84", {0x2, 0x3c, 0x44495658, 0x1, 0x1, 0x20, 0x1}})
ioctl$VIDIOC_ENUM_FREQ_BANDS(r0, 0xc0405665, &(0x7f0000000000)={0x0, 0x2})
r1 = syz_open_dev$vbi(&(0x7f0000000180)='/dev/vbi#\x00', 0x0, 0x2)
ioctl$VIDIOC_S_OUTPUT(r1, 0xc004562f, &(0x7f0000000200)=0x30)

10:06:30 executing program 0:
syz_open_dev$radio(0x0, 0x3, 0x2)
r0 = syz_open_dev$vivid(&(0x7f0000000000)='/dev/video#\x00', 0x0, 0x2)
ioctl$VIDIOC_S_CROP(r0, 0x4014563c, &(0x7f00000000c0)={0x1})
ioctl$VIDIOC_QUERY_DV_TIMINGS(r0, 0x80845663, &(0x7f0000000100))
ioctl$VIDIOC_SUBDEV_S_EDID(r0, 0xc0285629, &(0x7f0000000040)={0x0, 0x20, 0x4fc, [], &(0x7f0000000000)=0x80})

10:06:30 executing program 0:
r0 = syz_open_dev$vbi(&(0x7f0000000080)='/dev/vbi#\x00', 0x1, 0x2)
ioctl$VIDIOC_REQBUFS(r0, 0xc0145608, &(0x7f00000000c0)={0x3e04, 0x5, 0x1})
ioctl$VIDIOC_ENUMSTD(r0, 0xc0485619, &(0x7f0000000000)={0xfffff760, 0x1, "1121e329b22b18ea2253af45b26b577b522bdba5d61eb1f4", {0x8}, 0x3})

10:06:30 executing program 0:
r0 = syz_open_dev$swradio(&(0x7f0000001200)='/dev/swradio#\x00', 0x0, 0x2)
r1 = syz_open_dev$vivid(&(0x7f0000000000)='/dev/video#\x00', 0x0, 0x2)
ioctl$VIDIOC_S_CROP(r1, 0x4014563c, &(0x7f00000000c0)={0x1, {0x0, 0xfffffffe}})
ioctl$VIDIOC_DQEVENT(r1, 0x80885659, &(0x7f0000000200)={0x0, @ctrl})
ioctl$VIDIOC_G_AUDOUT(r0, 0x80345631, &(0x7f0000000100))
ioctl$VIDIOC_G_FREQUENCY(r0, 0xc02c5638, &(0x7f0000001240))
ioctl$VIDIOC_S_EXT_CTRLS(r0, 0xc0205648, &(0x7f0000000080)={0xfffffff, 0x6, 0x6, r0, 0x0, &(0x7f0000000040)={0x9b0901, 0x1, [], @p_u16=&(0x7f0000000000)=0x1}})
ioctl$VIDIOC_G_INPUT(r0, 0x80045626, &(0x7f00000000c0))
r2 = openat$vicodec1(0xffffffffffffff9c, &(0x7f0000000140)='/dev/video37\x00', 0x2, 0x0)
ioctl$VIDIOC_G_SLICED_VBI_CAP(r2, 0xc0745645, &(0x7f0000000180)={0xc, [0x6, 0xe337, 0xffff, 0x2, 0x483, 0x8, 0x400, 0xfeff, 0x0, 0x5, 0x8, 0x75f, 0xda40, 0x1f, 0x7, 0x3, 0x2, 0x0, 0x800, 0x0, 0x7f2, 0x40, 0x7fff, 0xba8a, 0x8, 0x6, 0x3, 0x400, 0x1ff, 0x6, 0xfff, 0x2, 0x2, 0x4, 0xdd71, 0x4, 0xec, 0x8, 0x4, 0x4, 0xfff7, 0x5, 0x3c4, 0x8, 0xfffd, 0x3f, 0x3f, 0x2], 0x9})

10:06:30 executing program 0:
openat$vimc1(0xffffffffffffff9c, &(0x7f00000004c0)='/dev/video1\x00', 0x2, 0x0)
syz_open_dev$vivid(&(0x7f0000000000)='/dev/video#\x00', 0x2, 0x2)

10:06:30 executing program 0:
r0 = openat$vimc0(0xffffffffffffff9c, &(0x7f0000000100)='/dev/video0\x00', 0x2, 0x0)
ioctl$VIDIOC_CREATE_BUFS(r0, 0xc100565c, &(0x7f0000000140)={0x0, 0x2d7, 0x1, {0x1, @pix_mp={0x0, 0x0, 0x0, 0x0, 0x0, [{0x400003}]}}})
r1 = openat$vimc0(0xffffffffffffff9c, 0x0, 0x2, 0x0)
ioctl$VIDIOC_S_FMT(0xffffffffffffffff, 0xc0d05605, &(0x7f0000000240)={0x3, @sdr})
ioctl$VIDIOC_TRY_ENCODER_CMD(r1, 0xc028564e, &(0x7f0000000000)={0x3, 0x0, [0x2, 0xfe, 0x4, 0xdf8, 0x3, 0xde2, 0x80000000, 0x101]})

10:06:31 executing program 0:
r0 = syz_open_dev$vivid(&(0x7f0000000680)='/dev/video#\x00', 0x1, 0x2)
ioctl$VIDIOC_EXPBUF(r0, 0xc0405610, &(0x7f0000000240)={0x2, 0x8, 0x3ff, 0x8971e4468bde1e6c})
r1 = openat$vimc2(0xffffffffffffff9c, &(0x7f0000000040)='/dev/video2\x00', 0x2, 0x0)
ioctl$VIDIOC_SUBDEV_G_EDID(r1, 0xc0285628, &(0x7f00000000c0)={0x0, 0x9, 0x1, [], &(0x7f0000000080)=0x7})
ioctl$VIDIOC_SUBDEV_G_DV_TIMINGS(r1, 0xc0845658, &(0x7f0000000100)={0x0, @bt={0x8, 0x8000, 0x0, 0x3, 0x7f, 0x7, 0x800, 0x1, 0x6a, 0x4, 0x974, 0x1ff, 0x51, 0x1, 0x1f, 0x12, {0x0, 0x9}, 0xc0, 0x2}})
r2 = syz_open_dev$vbi(&(0x7f00000001c0)='/dev/vbi#\x00', 0x0, 0x2)
ioctl$VIDIOC_S_PRIORITY(r2, 0x40045644, 0x2)
ioctl$VIDIOC_S_INPUT(r0, 0xc0045627, &(0x7f0000000000)=0xfffffff9)
ioctl$VIDIOC_G_EDID(r0, 0xc0285628, &(0x7f0000000200)={0x0, 0x0, 0x0, [], 0x0})

10:06:31 executing program 0:
r0 = syz_open_dev$vbi(&(0x7f00000001c0)='/dev/vbi#\x00', 0x2, 0x2)
syz_open_dev$vbi(&(0x7f0000000000)='/dev/vbi#\x00', 0x1, 0x2)
ioctl$VIDIOC_REQBUFS(r0, 0xc0145608, &(0x7f0000000080)={0x6, 0x4, 0x1})

10:06:31 executing program 0:
ioctl$VIDIOC_G_SLICED_VBI_CAP(0xffffffffffffffff, 0xc0745645, &(0x7f0000000140)={0x0, [0x9, 0x401, 0x45c, 0x0, 0x200, 0x3, 0xffff, 0x8, 0x81, 0x3f, 0x0, 0x3, 0x2, 0xfff, 0x1ff, 0x6, 0x674c, 0xfffd, 0xf194, 0x54, 0x100, 0x4, 0x4b70, 0x6, 0x401, 0x6, 0x5, 0x1, 0x8, 0x400, 0x1d3, 0x7, 0x9, 0x4, 0x1, 0x5, 0xfffa, 0x8000, 0x520a, 0x0, 0x401, 0x7, 0x417, 0x1, 0x3a6, 0x6, 0x0, 0x4], 0xc})
r0 = syz_open_dev$vivid(&(0x7f0000000100)='/dev/video#\x00', 0x2, 0x2)
ioctl$VIDIOC_S_FMT(r0, 0xc0d05605, &(0x7f0000000000)={0x9, @pix_mp={0x0, 0x0, 0x31324d4e}})

10:06:31 executing program 0:
r0 = syz_open_dev$swradio(&(0x7f0000000040)='/dev/swradio#\x00', 0x1, 0x2)
ioctl$VIDIOC_REQBUFS(r0, 0xc0145608, &(0x7f0000000000)={0x3ff, 0xb, 0x1})
r1 = openat$vimc0(0xffffffffffffff9c, &(0x7f0000000080)='/dev/video0\x00', 0x2, 0x0)
r2 = syz_open_dev$vivid(&(0x7f0000000000)='/dev/video#\x00', 0x0, 0x2)
ioctl$VIDIOC_S_CROP(r2, 0x4014563c, &(0x7f00000000c0)={0x1})
ioctl$VIDIOC_G_EXT_CTRLS(r1, 0xc0205647, &(0x7f0000000100)={0xa30000, 0x5, 0x3, r2, 0x0, &(0x7f00000000c0)={0xa30001, 0x6, [], @value64=0x20}})

[   74.185441][    T5] Bluetooth: hci0: command 0x0419 tx timeout
10:06:31 executing program 0:
r0 = syz_open_dev$radio(&(0x7f00000001c0)='/dev/radio#\x00', 0x2, 0x2)
r1 = syz_open_dev$vivid(&(0x7f0000000000)='/dev/video#\x00', 0x0, 0x2)
ioctl$VIDIOC_S_CROP(r1, 0x4014563c, &(0x7f00000000c0)={0x1})
r2 = syz_open_dev$vivid(&(0x7f0000000000)='/dev/video#\x00', 0x0, 0x2)
ioctl$VIDIOC_S_CROP(r2, 0x4014563c, &(0x7f00000000c0)={0x1})
ioctl$VIDIOC_S_EDID(r2, 0xc0285629, &(0x7f0000000140)={0x0, 0x5, 0x80, [], &(0x7f0000000100)=0x3})
r3 = syz_open_dev$vivid(&(0x7f0000000000)='/dev/video#\x00', 0x2, 0x2)
ioctl$VIDIOC_TRY_EXT_CTRLS(r1, 0xc0205649, &(0x7f00000000c0)={0x3e0000, 0xfffeffff, 0x32d, r3, 0x0, &(0x7f0000000080)={0x980901, 0x9, [], @p_u32=&(0x7f0000000040)=0x2}})
ioctl$VIDIOC_QUERYCAP(r0, 0x80685600, 0xffffffffffffffff)

10:06:31 executing program 0:
r0 = openat$vicodec1(0xffffffffffffff9c, &(0x7f0000000000)='/dev/video37\x00', 0x2, 0x0)
ioctl$VIDIOC_TRY_FMT(r0, 0xc0d05640, &(0x7f0000000040)={0x9, @pix={0x9eb1, 0xfb, 0x50313134, 0x2, 0x5, 0x7, 0x0, 0xde, 0x0, 0x8, 0x1, 0x1}})
ioctl$VIDIOC_ENUM_FMT(r0, 0xc0405602, &(0x7f0000000140)={0x8, 0x1, 0x1, "61fe0a6786fe7f1abc5c0d4bb57368f1f44c65bd343f6b6872e23b4f77cbe14a", 0x43353039})

10:06:31 executing program 0:
ioctl$VIDIOC_SUBDEV_S_CROP(0xffffffffffffffff, 0xc038563c, &(0x7f0000000040)={0x1, 0x0, {0x10001, 0x0, 0x3, 0x6}})
r0 = syz_open_dev$vivid(&(0x7f0000000000)='/dev/video#\x00', 0x0, 0x2)
ioctl$VIDIOC_S_CROP(r0, 0x4014563c, &(0x7f00000000c0)={0x1})
ioctl$VIDIOC_S_HW_FREQ_SEEK(r0, 0x40305652, &(0x7f00000001c0)={0x49fb, 0x2, 0x1, 0x7, 0x9, 0x9, 0x7fff})
ioctl$VIDIOC_TRY_EXT_CTRLS(r0, 0xc0205649, &(0x7f0000000180)={0xa20000, 0x80, 0x7fffffff, 0xffffffffffffffff, 0x0, &(0x7f0000000140)={0x9e0001, 0xee, [], @string=&(0x7f0000000100)=0x1f}})
r1 = syz_open_dev$vivid(&(0x7f0000000000)='/dev/video#\x00', 0x0, 0x2)
r2 = syz_open_dev$vivid(&(0x7f0000000000)='/dev/video#\x00', 0x0, 0x2)
ioctl$VIDIOC_S_CROP(r2, 0x4014563c, &(0x7f00000000c0)={0x1})
r3 = syz_open_dev$vivid(&(0x7f0000000000)='/dev/video#\x00', 0x0, 0x2)
ioctl$VIDIOC_S_CROP(r3, 0x4014563c, &(0x7f00000000c0)={0x1})
ioctl$VIDIOC_CROPCAP(r3, 0xc02c563a, &(0x7f0000000200)={0x2, {0x3f, 0x3, 0x2}, {0x72, 0x0, 0x7f, 0x1}, {0x9, 0xfffffffb}})
ioctl$VIDIOC_G_PRIORITY(r2, 0x80045643, 0x3)
ioctl$VIDIOC_QUERYMENU(r2, 0xc02c5625, &(0x7f0000000080)={0x100, 0xffffffff, @name="b8d8c7b0d4450a024cb0bdf4b86746a8ffceab960b980c611524686b77186234"})
ioctl$VIDIOC_S_AUDIO(r1, 0x40345622, &(0x7f00000000c0)={0x0, "ca7aadd502b572c9ec8886dc49887e1a73612d8cce7ff29d219ed1df3434c3a6"})
syz_open_dev$swradio(&(0x7f0000000240)='/dev/swradio#\x00', 0x0, 0x2)

10:06:31 executing program 0:
ioctl$VIDIOC_STREAMOFF(0xffffffffffffffff, 0x40045613, &(0x7f0000000040)=0x1)
ioctl$VIDIOC_S_HW_FREQ_SEEK(0xffffffffffffffff, 0x40305652, &(0x7f0000000000)={0x3, 0x2, 0xf4a, 0x1, 0xb0, 0x0, 0x5})
r0 = syz_open_dev$radio(&(0x7f00000000c0)='/dev/radio#\x00', 0x2, 0x2)
ioctl$VIDIOC_S_PARM(r0, 0xc0cc5616, &(0x7f0000000100)={0x3, @raw_data="e20a175e09edd0192d604ca0c88c107d3534f22d293c227cf7d4f4a45a49041b04dc320eeda60eb1507702a48319a88167fd215f49c9236a4d7df22486ca9d852cf95dbbf9692f416c0110631fc743d792959355459b0744a1eaae534ff470f18e09bb2ead9f2fccbff9f76fbf37171573252e1647a51f532a28b43789c249177f90cbd2f960407a9af52d3dcec29f48f14dda2f5e45d2e7a2cc618c853df845176c12d1d1905e0dd2cd3b7f30a3e8060e402a650d4b74d9c27fd4fb60c3f61962710ef5ed06437c"})

10:06:31 executing program 0:
r0 = syz_open_dev$radio(&(0x7f0000000040)='/dev/radio#\x00', 0x2, 0x2)
r1 = syz_open_dev$vivid(&(0x7f0000000000)='/dev/video#\x00', 0x0, 0x2)
ioctl$VIDIOC_S_CROP(r1, 0x4014563c, &(0x7f00000000c0)={0x1})
ioctl$VIDIOC_G_EXT_CTRLS(r0, 0xc0205647, &(0x7f0000000100)={0x9e0000, 0xffffffff, 0x7, r1, 0x0, &(0x7f00000000c0)={0x9a0917, 0x1000, [], @p_u32=&(0x7f0000000080)=0x2}})
r2 = openat$vicodec0(0xffffffffffffff9c, &(0x7f0000000000)='/dev/video36\x00', 0x2, 0x0)
ioctl$VIDIOC_CREATE_BUFS(r2, 0xc100565c, &(0x7f0000000300)={0x0, 0x4, 0x1, {0x2, @pix={0x0, 0x0, 0x0, 0x0, 0x0, 0x80000000}}})

10:06:31 executing program 0:
r0 = syz_open_dev$vivid(&(0x7f0000000000)='/dev/video#\x00', 0x3, 0x2)
ioctl$VIDIOC_G_FMT(r0, 0xc0d05604, &(0x7f0000000080)={0xa, @vbi={0x0, 0x0, 0x5}})
ioctl$VIDIOC_TRY_FMT(r0, 0xc0d05640, &(0x7f0000000180)={0x7, @raw_data="4439f448bd85f6ec6cc8c269d1725d2a30c1939592fbc5d62e6e74c9198df425a334edc22720e8fa05a3be6ea4e786e718790427d3ce5ed47fbea9bcc341e38141b96c2ee9e7769cd5584cc97537261284a003eb141039df777226c810b928a5b9214090c075d3605eeadf9e9a9f1548ee1a514397a87ea8f4dc98bc8b41e21d001bd1a9105960c49439fd6f4375f491315d8ee6891fe2bdd5ed6dd26f4c6d8984e4fe6a700ff0badb5ea990a53d7d18d603dac1bea6aa40659f362ebf186a193033b6dacad47bc7"})
ioctl$VIDIOC_TRY_FMT(0xffffffffffffffff, 0xc0d05640, &(0x7f0000000280)={0x3, @vbi={0x0, 0x3, 0xb7, 0x35303553, [0x0, 0x1ff], [0x1, 0x1], 0x13a}})

10:06:31 executing program 0:
r0 = syz_open_dev$vivid(&(0x7f0000000080)='/dev/video#\x00', 0x1, 0x2)
ioctl$VIDIOC_S_FMT(r0, 0xc0d05605, &(0x7f00000002c0)={0x2, @sliced})
r1 = syz_open_dev$vivid(&(0x7f0000000000)='/dev/video#\x00', 0x0, 0x2)
ioctl$VIDIOC_S_CROP(r1, 0x4014563c, &(0x7f00000000c0)={0x1})
r2 = syz_open_dev$radio(&(0x7f0000000000)='/dev/radio#\x00', 0x0, 0x2)
ioctl$VIDIOC_G_EXT_CTRLS(r1, 0xc0205647, &(0x7f00000000c0)={0x9b0000, 0x18c47743, 0x40, r2, 0x0, &(0x7f0000000040)={0x0, 0x7, [], @value64=0x1}})

10:06:31 executing program 0:
r0 = openat$vicodec0(0xffffffffffffff9c, &(0x7f0000000040)='/dev/video36\x00', 0x2, 0x0)
r1 = syz_open_dev$vivid(&(0x7f0000000000)='/dev/video#\x00', 0x0, 0x2)
ioctl$VIDIOC_S_CROP(r1, 0x4014563c, &(0x7f00000000c0)={0x1})
ioctl$VIDIOC_G_PRIORITY(r1, 0x80045643, 0x1)
ioctl$VIDIOC_REQBUFS(r0, 0xc0145608, &(0x7f0000000240)={0x0, 0x1})

10:06:31 executing program 0:
r0 = syz_open_dev$vivid(&(0x7f0000000000)='/dev/video#\x00', 0x0, 0x2)
ioctl$VIDIOC_S_CROP(r0, 0x4014563c, &(0x7f00000000c0)={0x1})
r1 = syz_open_dev$swradio(&(0x7f0000000480)='/dev/swradio#\x00', 0x0, 0x2)
ioctl$VIDIOC_LOG_STATUS(r1, 0x5646, 0x0)
r2 = syz_open_dev$vivid(&(0x7f0000000000)='/dev/video#\x00', 0x0, 0x2)
ioctl$VIDIOC_S_CROP(r2, 0x4014563c, &(0x7f00000000c0)={0x1})
r3 = syz_open_dev$vivid(&(0x7f0000000000)='/dev/video#\x00', 0x0, 0x2)
ioctl$VIDIOC_S_CROP(r3, 0x4014563c, &(0x7f00000000c0)={0x1})
ioctl$VIDIOC_QUERY_DV_TIMINGS(r3, 0x80845663, &(0x7f0000000180)={0x0, @reserved})
r4 = syz_open_dev$vivid(&(0x7f0000000000)='/dev/video#\x00', 0x0, 0x2)
ioctl$VIDIOC_STREAMON(r0, 0x40045612, &(0x7f0000000140)=0x800)
ioctl$VIDIOC_G_CROP(r0, 0xc014563b, &(0x7f0000000100)={0x8, {0x20, 0x3, 0xffffffff, 0x7}})
ioctl$VIDIOC_SUBDEV_QUERY_DV_TIMINGS(r4, 0x80845663, 0x0)

[   74.486538][T10621] vivid-000: =================  START STATUS  =================
[   74.489242][T10621] v4l2-ctrls: vivid-000: FM Deviation: 75000
[   74.491207][T10621] vivid-000: ==================  END STATUS  ==================
[   74.498844][T10621] vivid-000: =================  START STATUS  =================
[   74.501251][T10621] v4l2-ctrls: vivid-000: FM Deviation: 75000
[   74.503139][T10621] vivid-000: ==================  END STATUS  ==================
10:06:31 executing program 0:
syz_open_dev$vivid(&(0x7f00000001c0)='/dev/video#\x00', 0x0, 0x2)

10:06:31 executing program 0:
r0 = syz_open_dev$vivid(&(0x7f0000000680)='/dev/video#\x00', 0x1, 0x2)
ioctl$VIDIOC_S_CROP(r0, 0x4014563c, &(0x7f0000000000)={0x2, {0xffff7704, 0x401, 0x10001}})
r1 = syz_open_dev$vivid(&(0x7f0000000000)='/dev/video#\x00', 0x0, 0x2)
ioctl$VIDIOC_S_CROP(r1, 0x4014563c, &(0x7f00000000c0)={0x1})
ioctl$VIDIOC_ENUMAUDOUT(r1, 0xc0345642, &(0x7f0000000040)={0x9, "d1894b70f25badca2f01f7266952b2b3e79ee00208d8ca5d06019b3306da5a5e", 0x2, 0x1})

10:06:31 executing program 0:
r0 = openat$vicodec1(0xffffffffffffff9c, &(0x7f0000000e80)='/dev/video37\x00', 0x2, 0x0)
ioctl$VIDIOC_TRY_EXT_CTRLS(r0, 0xc0205649, &(0x7f0000000180)={0x990000, 0x0, 0x0, 0xffffffffffffffff, 0x0, 0x0})
ioctl$VIDIOC_DBG_G_CHIP_INFO(r0, 0xc0c85666, &(0x7f0000000000)={{0x2, @addr=0x1}, "ab7c09aec8f0c0ff6605964ec1d0f27746b764a8485e32a254417825e3732819"})

10:06:31 executing program 0:
r0 = openat$vicodec0(0xffffffffffffff9c, &(0x7f0000000200)='/dev/video36\x00', 0x2, 0x0)
ioctl$VIDIOC_ENUMSTD(r0, 0xc0485619, &(0x7f0000000040)={0x1, 0x2000000, "49ebcfcfe8749c553dceffcf19c88e174381b91e08b409e6", {0x3, 0x2}, 0x237})
ioctl$VIDIOC_S_SELECTION(r0, 0xc040565f, &(0x7f0000000000)={0x2})

10:06:31 executing program 0:
r0 = syz_open_dev$vivid(&(0x7f0000000380)='/dev/video#\x00', 0x0, 0x2)
ioctl$VIDIOC_G_FREQUENCY(r0, 0xc02c5638, &(0x7f0000000000))
ioctl$VIDIOC_REQBUFS(r0, 0xc0145608, &(0x7f0000000040)={0x6, 0x9, 0x2})

10:06:31 executing program 0:
ioctl$VIDIOC_SUBSCRIBE_EVENT(0xffffffffffffffff, 0x4020565a, &(0x7f0000000100)={0x6, 0x8, 0x2})
r0 = syz_open_dev$radio(&(0x7f0000000000)='/dev/radio#\x00', 0x1, 0x2)
r1 = openat$vicodec0(0xffffffffffffff9c, &(0x7f0000000040)='/dev/video36\x00', 0x2, 0x0)
ioctl$VIDIOC_ENUM_FREQ_BANDS(r1, 0xc0405665, &(0x7f0000000080)={0xfffffffc, 0x3, 0x5, 0x40, 0x1, 0x76, 0x4})
r2 = openat$vicodec1(0xffffffffffffff9c, &(0x7f00000000c0)='/dev/video37\x00', 0x2, 0x0)
ioctl$VIDIOC_LOG_STATUS(r2, 0x5646, 0x0)
ioctl$VIDIOC_S_FREQUENCY(r0, 0x402c5639, &(0x7f0000000240)={0x0, 0x1})

10:06:31 executing program 0:
r0 = syz_open_dev$vivid(&(0x7f0000000100)='/dev/video#\x00', 0x0, 0x2)
ioctl$VIDIOC_S_STD(r0, 0x40085618, &(0x7f0000000000)=0x200)
r1 = syz_open_dev$vivid(&(0x7f0000000000)='/dev/video#\x00', 0x0, 0x2)
r2 = syz_open_dev$vivid(&(0x7f0000000000)='/dev/video#\x00', 0x0, 0x2)
ioctl$VIDIOC_S_CROP(r2, 0x4014563c, &(0x7f00000000c0)={0x1})
ioctl$VIDIOC_G_SELECTION(r2, 0xc040565e, 0xfffffffffffffffe)
ioctl$VIDIOC_S_CROP(r1, 0x4014563c, &(0x7f00000000c0)={0x1})
ioctl$VIDIOC_S_FMT(r1, 0xc0d05605, &(0x7f0000000200)={0x3, @win={{0x0, 0x2, 0x8}, 0x7, 0x0, 0x0, 0x0, &(0x7f0000000400)}})

10:06:32 executing program 0:
r0 = syz_open_dev$vivid(&(0x7f0000000180)='/dev/video#\x00', 0x3, 0x2)
r1 = syz_open_dev$vivid(&(0x7f0000000000)='/dev/video#\x00', 0x0, 0x2)
ioctl$VIDIOC_S_CROP(r1, 0x4014563c, &(0x7f00000000c0)={0x1})
ioctl$VIDIOC_REQBUFS(r1, 0xc0145608, &(0x7f0000000000)={0x1, 0x6, 0x3})
ioctl$VIDIOC_LOG_STATUS(r0, 0x5646, 0x0)
ioctl$VIDIOC_OVERLAY(r1, 0x4004560e, &(0x7f0000000040)=0x2)

[   74.778939][T10653] vivid-001: =================  START STATUS  =================
[   74.783511][T10653] v4l2-ctrls: vivid-001: Enable Output Cropping: true
[   74.786744][T10653] v4l2-ctrls: vivid-001: Enable Output Composing: true
[   74.789046][T10653] v4l2-ctrls: vivid-001: Enable Output Scaler: true
[   74.791188][T10653] v4l2-ctrls: vivid-001: Tx RGB Quantization Range: Automatic
[   74.793690][T10653] v4l2-ctrls: vivid-001: Transmit Mode: HDMI
[   74.797352][T10653] v4l2-ctrls: vivid-001: Display Present: true inactive
[   74.799663][T10653] v4l2-ctrls: vivid-001: Hotplug Present: 0x00000001
[   74.801856][T10653] v4l2-ctrls: vivid-001: RxSense Present: 0x00000001
[   74.803973][T10653] v4l2-ctrls: vivid-001: EDID Present: 0x00000001
[   74.807320][T10653] vivid-001: ==================  END STATUS  ==================
[   74.811796][T10654] vivid-001: =================  START STATUS  =================
[   74.814320][T10654] v4l2-ctrls: vivid-001: Enable Output Cropping: true
[   74.817653][T10654] v4l2-ctrls: vivid-001: Enable Output Composing: true
[   74.819912][T10654] v4l2-ctrls: vivid-001: Enable Output Scaler: true
[   74.822178][T10654] v4l2-ctrls: vivid-001: Tx RGB Quantization Range: Automatic
[   74.824763][T10654] v4l2-ctrls: vivid-001: Transmit Mode: HDMI
[   74.828015][T10654] v4l2-ctrls: vivid-001: Display Present: true inactive
[   74.830485][T10654] v4l2-ctrls: vivid-001: Hotplug Present: 0x00000001
[   74.832814][T10654] v4l2-ctrls: vivid-001: RxSense Present: 0x00000001
[   74.835160][T10654] v4l2-ctrls: vivid-001: EDID Present: 0x00000001
[   74.838543][T10654] vivid-001: ==================  END STATUS  ==================
10:06:32 executing program 0:
ioctl$VIDIOC_REQBUFS(0xffffffffffffffff, 0xc0145608, &(0x7f0000000000)={0x90, 0x2, 0x2})
ioctl$VIDIOC_TRY_DECODER_CMD(0xffffffffffffffff, 0xc0485661, &(0x7f0000000040)={0x0, 0x1, @stop_pts=0x1f})
r0 = openat$vimc2(0xffffffffffffff9c, &(0x7f00000000c0)='/dev/video2\x00', 0x2, 0x0)
ioctl$VIDIOC_TRY_FMT(r0, 0xc0d05640, &(0x7f0000000100)={0x3, @vbi={0x200, 0x3, 0x8001, 0x30385056, [0x7, 0x200], [0x2], 0x1}})
ioctl$VIDIOC_ENUMSTD(0xffffffffffffffff, 0xc0485619, &(0x7f0000000200)={0x8, 0x0, "7fb18464809ceda9489c350abb6af5f34f9081fe62f7f92f", {0x1b, 0x7ff}, 0x8})
r1 = syz_open_dev$vbi(&(0x7f0000000280)='/dev/vbi#\x00', 0x1, 0x2)
ioctl$VIDIOC_S_DV_TIMINGS(r1, 0xc0845657, &(0x7f00000002c0)={0x0, @bt={0x4, 0x3, 0x1, 0x3, 0x7, 0x7f, 0x8af, 0xffffffff, 0x10001, 0x5183, 0xffff8001, 0x2ce, 0xffffffff, 0x0, 0x1, 0x23, {0x0, 0x6}, 0x0, 0x2a}})
ioctl$VIDIOC_ENUMSTD(r0, 0xc0485619, &(0x7f0000000380)={0x5, 0x400000, "bf47e6a3de32612ee4cff17adb30686069c8937040131d9a", {0x1f, 0x7}, 0x673c})
ioctl$VIDIOC_S_PARM(r0, 0xc0cc5616, &(0x7f0000000400)={0xc, @capture={0x1000, 0x1, {0x5, 0x3}, 0x1, 0x7}})
ioctl$VIDIOC_DBG_G_REGISTER(r1, 0xc0385650, &(0x7f0000000500)={{0x3, @addr=0x3}, 0x8, 0x2, 0x7f})
ioctl$VIDIOC_G_PARM(r0, 0xc0cc5615, &(0x7f0000000540)={0x0, @capture={0x0, 0x0, {0x0, 0x7}, 0x20, 0x5}})
ioctl$VIDIOC_SUBDEV_ENUM_DV_TIMINGS(r1, 0xc0945662, &(0x7f0000000640)={0x3, 0x0, [], {0x0, @bt={0x26, 0xffffffff, 0x0, 0x1, 0x5, 0x4, 0x7, 0x8001, 0xfffffe01, 0x900, 0x200, 0x7, 0x40, 0x5, 0x0, 0x10, {0x7, 0x80}, 0x40, 0x4}}})
ioctl$VIDIOC_S_FREQUENCY(r1, 0x402c5639, &(0x7f0000000700)={0x8000, 0x0, 0x401})
ioctl$VIDIOC_S_STD(r1, 0x40085618, &(0x7f0000000740)=0x700)
ioctl$VIDIOC_G_PARM(r0, 0xc0cc5615, &(0x7f0000000780)={0x2, @output={0x1000, 0x0, {0x3ff, 0x6}, 0x40, 0x7}})
r2 = openat$vicodec1(0xffffffffffffff9c, &(0x7f0000000880)='/dev/video37\x00', 0x2, 0x0)
ioctl$VIDIOC_G_SELECTION(r2, 0xc040565e, &(0x7f00000008c0)={0x8, 0x101, 0x3, {0x5, 0x400, 0x8, 0x4}})
r3 = openat$vicodec0(0xffffffffffffff9c, &(0x7f0000000900)='/dev/video36\x00', 0x2, 0x0)
ioctl$VIDIOC_QUERYCAP(r3, 0x80685600, &(0x7f0000000940))
ioctl$VIDIOC_QUERYSTD(0xffffffffffffffff, 0x8008563f, &(0x7f0000000a00))

10:06:32 executing program 0:
ioctl$VIDIOC_S_STD(0xffffffffffffffff, 0x40085618, &(0x7f0000000000)=0x400)
ioctl$VIDIOC_REQBUFS(0xffffffffffffffff, 0xc0145608, &(0x7f0000000040)={0x3, 0x7, 0x2})
r0 = openat$vicodec0(0xffffffffffffff9c, &(0x7f00000002c0)='/dev/video36\x00', 0x2, 0x0)
r1 = syz_open_dev$vivid(&(0x7f0000000000)='/dev/video#\x00', 0x0, 0x2)
ioctl$VIDIOC_S_CROP(r1, 0x4014563c, &(0x7f00000000c0)={0x1})
ioctl$VIDIOC_G_FBUF(r1, 0x8030560a, &(0x7f0000000080)={0x0, 0x2, &(0x7f0000000240)="a272d2935784205dc14d148c2c5d68e5b387778c567d03cb397ec38b2f88b5f05c9f59df685c3c3a4c40e8ed500ffb0ff1ca4e43d97291a22f3de6eb8c9d6b690be2a3dbee", {0x1, 0x1, 0xb5315241, 0x7, 0x9, 0x4, 0xc, 0x7}})
r2 = syz_open_dev$vivid(&(0x7f0000000000)='/dev/video#\x00', 0x0, 0x2)
ioctl$VIDIOC_S_MODULATOR(r0, 0x40445637, &(0x7f0000000340)={0x7ff, "93b5705498f50bf78dbda21a361ff4696c405a8f828e0c745f82a1615f9a071f", 0x200, 0x4, 0xfffffff7, 0x4, 0x4})
r3 = openat$vimc0(0xffffffffffffff9c, &(0x7f00000000c0)='/dev/video0\x00', 0x2, 0x0)
ioctl$VIDIOC_CREATE_BUFS(r3, 0xc100565c, &(0x7f0000000140)={0x6, 0x8001, 0x1, {0x1, @sliced={0x400, [0x0, 0x0, 0x0, 0x3, 0x0, 0x8000, 0x0, 0x0, 0x0, 0x0, 0x1000, 0x0, 0xff, 0x0, 0x0, 0x0, 0x20, 0x6, 0x40, 0x0, 0x0, 0x0, 0x0, 0x0, 0x0, 0x5, 0x0, 0x80, 0x0, 0x0, 0x0, 0x1f, 0x0, 0x0, 0x100, 0x800, 0x28d4, 0x0, 0x6c30, 0x0, 0x9, 0x3, 0x1f, 0x0, 0x0, 0x8b3]}}, 0xac3})
ioctl$VIDIOC_G_STD(r2, 0x80085617, &(0x7f0000000100))
ioctl$VIDIOC_S_CROP(r2, 0x4014563c, &(0x7f00000003c0)={0x1})
ioctl$VIDIOC_REQBUFS(r2, 0xc0145608, &(0x7f0000000300)={0xea, 0x7, 0x1})

[   76.676113][ T2006] oom_reaper: reaped process 10661 (syz-executor.0), now anon-rss:0kB, file-rss:34816kB, shmem-rss:0kB
[   76.686788][ T9609] in:imklog invoked oom-killer: gfp_mask=0x100cca(GFP_HIGHUSER_MOVABLE), order=0, oom_score_adj=0
[   76.690198][ T9609] CPU: 0 PID: 9609 Comm: in:imklog Not tainted 5.4.0+ #27
[   76.692402][ T9609] Hardware name: QEMU Standard PC (i440FX + PIIX, 1996), BIOS Ubuntu-1.8.2-1ubuntu1 04/01/2014
[   76.695665][ T9609] Call Trace:
[   76.696715][ T9609]  dump_stack+0xc6/0x11e
[   76.698034][ T9609]  dump_header+0x10b/0xb50
[   76.699391][ T9609]  ? _raw_spin_unlock_irqrestore+0x39/0x60
[   76.701172][ T9609]  ? ___ratelimit+0x4f/0x460
[   76.702589][ T9609]  oom_kill_process+0x177/0x3c0
[   76.704078][ T9609]  out_of_memory+0x309/0x13b0
[   76.705584][ T9609]  ? oom_killer_disable+0x240/0x240
[   76.707180][ T9609]  ? mutex_trylock+0x26f/0x300
[   76.708640][ T9609]  ? __alloc_pages_slowpath+0xadb/0x2480
[   76.710397][ T9609]  __alloc_pages_slowpath+0x205b/0x2480
[   76.712158][ T9609]  ? warn_alloc+0x290/0x290
[   76.713550][ T9609]  ? should_fail+0x197/0x700
[   76.714960][ T9609]  ? xas_descend+0x141/0x3a0
[   76.716366][ T9609]  __alloc_pages_nodemask+0x5e5/0x850
[   76.718020][ T9609]  ? __alloc_pages_slowpath+0x2480/0x2480
[   76.719766][ T9609]  ? __filemap_set_wb_err+0x250/0x250
[   76.721422][ T9609]  ? __page_cache_alloc+0xcf/0x2c0
[   76.723058][ T9609]  ? mark_held_locks+0x100/0x100
[   76.724570][ T9609]  alloc_pages_current+0xac/0x1e0
[   76.726113][ T9609]  __page_cache_alloc+0x1a0/0x2c0
[   76.727649][ T9609]  pagecache_get_page+0x1a2/0x640
[   76.729182][ T9609]  filemap_fault+0xc2a/0x1b10
[   76.730612][ T9609]  ext4_filemap_fault+0x80/0xa7
[   76.732082][ T9609]  __do_fault+0x16d/0x3cb
[   76.733410][ T9609]  ? __handle_mm_fault+0x2140/0x3640
[   76.735090][ T9609]  __handle_mm_fault+0x214c/0x3640
[   76.736656][ T9609]  ? __pmd_alloc+0x370/0x370
[   76.738069][ T9609]  ? __fsnotify_parent+0xcb/0x350
[   76.739611][ T9609]  ? __count_memcg_events+0x7d/0x200
[   76.741234][ T9609]  handle_mm_fault+0x2e5/0x8c0
[   76.742720][ T9609]  __do_page_fault+0x470/0xa60
[   76.744182][ T9609]  ? do_page_fault+0x27/0x4e4
[   76.745621][ T9609]  async_page_fault+0x34/0x40
[   76.747166][ T9609] RIP: 0033:0x7f664c5af22d
[   76.748608][ T9609] Code: Bad RIP value.
[   76.749861][ T9609] RSP: 002b:00007f6649f4b580 EFLAGS: 00010293
[   76.751700][ T9609] RAX: 000000000000007f RBX: 0000000000000000 RCX: 00007f664c5af22d
[   76.754133][ T9609] RDX: 0000000000001fa0 RSI: 00007f6649f4bda0 RDI: 0000000000000004
[   76.756571][ T9609] RBP: 00005600db3ff9d0 R08: 0000000000000000 R09: 0000000004000001
[   76.759076][ T9609] R10: 0000000000000001 R11: 0000000000000293 R12: 00007f6649f4bda0
[   76.761647][ T9609] R13: 0000000000001fa0 R14: 0000000000001f9f R15: 00007f6649f4bdf8
[   76.810576][ T9609] Mem-Info:
[   76.811655][ T9609] active_anon:9950 inactive_anon:4912 isolated_anon:0
[   76.811655][ T9609]  active_file:10 inactive_file:11 isolated_file:0
[   76.811655][ T9609]  unevictable:8 dirty:0 writeback:0 unstable:0
[   76.811655][ T9609]  slab_reclaimable:14447 slab_unreclaimable:29006
[   76.811655][ T9609]  mapped:9117 shmem:5088 pagetables:529 bounce:0
[   76.811655][ T9609]  free:10563 free_pcp:276 free_cma:0
[   76.837820][ T9609] Node 0 active_anon:34796kB inactive_anon:19632kB active_file:20kB inactive_file:28kB unevictable:28kB isolated(anon):0kB isolated(file):0kB mapped:1652kB dirty:0kB writeback:0kB shmem:20316kB shmem_thp: 0kB shmem_pmdmapped: 0kB anon_thp: 4096kB writeback_tmp:0kB unstable:0kB all_unreclaimable? yes
[   76.857850][ T9609] Node 1 active_anon:5004kB inactive_anon:16kB active_file:20kB inactive_file:16kB unevictable:4kB isolated(anon):0kB isolated(file):0kB mapped:34816kB dirty:0kB writeback:0kB shmem:36kB shmem_thp: 0kB shmem_pmdmapped: 0kB anon_thp: 0kB writeback_tmp:0kB unstable:0kB all_unreclaimable? yes
[   76.873527][ T9609] Node 0 DMA free:2504kB min:712kB low:888kB high:1064kB active_anon:12kB inactive_anon:0kB active_file:0kB inactive_file:0kB unevictable:0kB writepending:0kB present:15992kB managed:15908kB mlocked:0kB kernel_stack:0kB pagetables:24kB bounce:0kB free_pcp:0kB local_pcp:0kB free_cma:0kB
[   76.897841][ T9609] lowmem_reserve[]: 0 449 449 449 449
[   76.899531][ T9609] Node 0 DMA32 free:25568kB min:34968kB low:40124kB high:45280kB active_anon:34784kB inactive_anon:19632kB active_file:20kB inactive_file:28kB unevictable:28kB writepending:0kB present:1032192kB managed:465724kB mlocked:28kB kernel_stack:6752kB pagetables:1732kB bounce:0kB free_pcp:680kB local_pcp:680kB free_cma:0kB
[   76.925717][ T9609] lowmem_reserve[]: 0 0 0 0 0
[   76.928021][ T9609] Node 1 DMA32 free:76400kB min:46232kB low:57788kB high:69344kB active_anon:5004kB inactive_anon:16kB active_file:20kB inactive_file:124kB unevictable:4kB writepending:0kB present:1048448kB managed:1031988kB mlocked:4kB kernel_stack:224kB pagetables:360kB bounce:0kB free_pcp:1528kB local_pcp:1528kB free_cma:0kB
[   76.975605][ T9609] lowmem_reserve[]: 0 0 0 0 0
[   76.983072][ T9609] Node 0 DMA: 4*4kB (UM) 1*8kB (M) 3*16kB (UM) 0*32kB 2*64kB (UM) 2*128kB (UM) 2*256kB (UM) 1*512kB (M) 1*1024kB (M) 0*2048kB 0*4096kB = 2504kB
[   77.006815][ T9609] Node 0 DMA32: 679*4kB (UME) 412*8kB (UM) 259*16kB (UME) 106*32kB (UM) 42*64kB (UM) 31*128kB (UM) 15*256kB (UM) 1*512kB (U) 1*1024kB (U) 0*2048kB 0*4096kB = 25580kB
[   77.031313][ T9609] Node 1 DMA32: 8*4kB (UE) 136*8kB (U) 114*16kB (U) 31*32kB (UE) 73*64kB (UM) 82*128kB (UM) 64*256kB (U) 60*512kB (UME) 40*1024kB (UME) 7*2048kB (UM) 4*4096kB (UM) = 137888kB
[   77.057551][ T9609] Node 0 hugepages_total=0 hugepages_free=0 hugepages_surp=0 hugepages_size=2048kB
[   77.073182][ T9609] Node 1 hugepages_total=0 hugepages_free=0 hugepages_surp=0 hugepages_size=2048kB
[   77.081763][ T9609] 6826 total pagecache pages
[   77.084394][ T9609] 0 pages in swap cache
[   77.087274][ T9609] Swap cache stats: add 0, delete 0, find 0/0
[   77.091448][ T9609] Free swap  = 0kB
[   77.093810][ T9609] Total swap = 0kB
[   77.097328][ T9609] 524158 pages RAM
[   77.099684][ T9609] 0 pages HighMem/MovableOnly
[   77.103437][ T9609] 145753 pages reserved
[   77.107033][ T9609] 0 pages cma reserved
[   77.126627][ T9609] Unreclaimable slab info:
[   77.129278][ T9609] Name                      Used          Total
[   77.133596][ T9609] pid_2                     20KB         20KB
[   77.139021][ T9609] rxe-mr                     3KB          3KB
[   77.143269][ T9609] rxe-qp                    29KB         29KB
[   77.149231][ T9609] bio-3                      3KB          3KB
[   77.153659][ T9609] batadv_tt_change_cache          4KB          4KB
[   77.159237][ T9609] batadv_tl_cache            4KB          4KB
[   77.163585][ T9609] TIPC                      15KB         15KB
[   77.167902][ T9609] SCTPv6                    30KB         30KB
[   77.172047][ T9609] DCCPv6                    30KB         30KB
[   77.176216][ T9609] DCCP                      30KB         30KB
[   77.180469][ T9609] RXRPC                     30KB         30KB
[   77.184571][ T9609] rxrpc_call_jar            30KB         30KB
[   77.189345][ T9609] bridge_fdb_cache           3KB          3KB
[   77.193572][ T9609] fib6_nodes                28KB         28KB
[   77.197723][ T9609] ip6_dst_cache             23KB         67KB
[   77.201828][ T9609] RAWv6                     30KB         30KB
[   77.206056][ T9609] UDPv6                     45KB         45KB
[   77.210208][ T9609] TCPv6                     30KB         30KB
[   77.214298][ T9609] nf_conntrack               7KB          7KB
[   77.219553][ T9609] t10_alua_lu_gp_cache          3KB          3KB
[   77.223776][ T9609] scsi_sense_cache           4KB          4KB
[   77.227960][ T9609] sd_ext_cdb                 3KB          3KB
[   77.232077][ T9609] virtio_scsi_cmd           16KB         16KB
[   77.236192][ T9609] sgpool-128                29KB         29KB
[   77.240322][ T9609] sgpool-64                 31KB         31KB
[   77.244424][ T9609] sgpool-32                 31KB         31KB
[   77.249131][ T9609] sgpool-16                 15KB         15KB
[   77.253251][ T9609] sgpool-8                  26KB         26KB
[   77.257361][ T9609] mqueue_inode_cache         15KB         15KB
[   77.261523][ T9609] f2fs_bio_post_read_ctx         15KB         15KB
[   77.266004][ T9609] bio-2                     15KB         15KB
[   77.270189][ T9609] jfs_mp                     7KB          7KB
[   77.274335][ T9609] cifs_small_rq             16KB         16KB
[   77.279065][ T9609] cifs_request              67KB         67KB
[   77.283246][ T9609] cifs_mpx_ids               3KB          3KB
[   77.287362][ T9609] nfs_commit_data            7KB          7KB
[   77.291478][ T9609] nfs_write_data            32KB         32KB
[   77.295746][ T9609] jbd2_inode                 3KB          3KB
[   77.299877][ T9609] ext4_system_zone           3KB          3KB
[   77.302895][ T9609] ext4_bio_post_read_ctx         15KB         15KB
[   77.308262][ T9609] bio-1                      3KB          3KB
[   77.312387][ T9609] pid_namespace              3KB          3KB
[   77.316793][ T9609] posix_timers_cache          3KB          3KB
[   77.320970][ T9609] rpc_buffers               31KB         31KB
[   77.323982][ T9609] rpc_tasks                  3KB          3KB
[   77.329279][ T9609] UNIX                     295KB        462KB
[   77.333460][ T9609] tcp_bind_bucket            4KB          4KB
[   77.337738][ T9609] ip_fib_trie                8KB          8KB
[   77.341934][ T9609] ip_fib_alias              19KB         19KB
[   77.345796][ T9609] ip_dst_cache               4KB          4KB
[   77.350004][ T9609] RAW                       15KB         15KB
[   77.354379][ T9609] UDP                      106KB        106KB
[   77.359503][ T9609] request_sock_TCP           3KB          3KB
[   77.363724][ T9609] TCP                       30KB         30KB
[   77.367997][ T9609] hugetlbfs_inode_cache         15KB         15KB
[   77.372279][ T9609] fscache_cookie_jar          3KB          3KB
[   77.376798][ T9609] eventpoll_pwq             27KB         27KB
[   77.381022][ T9609] eventpoll_epi             47KB         47KB
[   77.387832][ T9609] inotify_inode_mark         11KB         11KB
[   77.390963][ T9609] request_queue            212KB        212KB
[   77.395684][ T9609] blkdev_ioc                 7KB          7KB
[   77.399872][ T9609] bio-0                    141KB        157KB
[   77.402965][ T9609] biovec-max               803KB        803KB
[   77.408261][ T9609] biovec-64                 78KB        126KB
[   77.412421][ T9609] biovec-16                 15KB         15KB
[   77.416848][ T9609] bio_integrity_payload          3KB          3KB
[   77.421092][ T9609] khugepaged_mm_slot         11KB         11KB
[   77.425928][ T9609] uid_cache                  4KB          4KB
[   77.430070][ T9609] dmaengine-unmap-2          4KB          4KB
[   77.434252][ T9609] audit_buffer               3KB          3KB
[   77.438942][ T9609] skbuff_ext_cache           4KB          4KB
[   77.442058][ T9609] skbuff_fclone_cache         67KB         97KB
[   77.447478][ T9609] skbuff_head_cache         88KB        120KB
[   77.457945][ T9609] configfs_dir_cache          4KB          4KB
[   77.461065][ T9609] file_lock_cache           46KB         65KB
[   77.465851][ T9609] file_lock_ctx             11KB         11KB
[   77.470066][ T9609] fsnotify_mark_connector          7KB          7KB
[   77.474365][ T9609] net_namespace             27KB         27KB
[   77.479252][ T9609] task_delay_info          142KB        253KB
[   77.483469][ T9609] taskstats                 11KB         11KB
[   77.487715][ T9609] proc_dir_entry           341KB        341KB
[   77.491981][ T9609] pde_opener                11KB         11KB
[   77.497251][ T9609] seq_file                  59KB         59KB
[   77.501392][ T9609] sigqueue                  11KB         11KB
[   77.505938][ T9609] shmem_inode_cache       8253KB       8286KB
[   77.510123][ T9609] kernfs_iattrs_cache         11KB         11KB
[   77.513221][ T9609] kernfs_node_cache      16297KB      16297KB
[   77.518444][ T9609] mnt_cache                 67KB         67KB
[   77.522591][ T9609] filp                     693KB        975KB
[   77.526960][ T9609] names_cache             9796KB       9936KB
[   77.531135][ T9609] iint_cache               143KB        143KB
[   77.535660][ T9609] lsm_file_cache           145KB        217KB
[   77.538772][ T9609] key_jar                    7KB          7KB
[   77.543000][ T9609] uts_namespace              3KB          3KB
[   77.548501][ T9609] nsproxy                    3KB          3KB
[   77.552785][ T9609] vm_area_struct           516KB        727KB
[   77.557049][ T9609] mm_struct                170KB        277KB
[   77.561382][ T9609] fs_cache                  24KB         56KB
[   77.566989][ T9609] files_cache               66KB        165KB
[   77.570132][ T9609] signal_cache             349KB       1059KB
[   77.574374][ T9609] sighand_cache            541KB        541KB
[   77.579297][ T9609] task_struct             2064KB       3456KB
[   77.583527][ T9609] cred_jar                 189KB        368KB
[   77.588802][ T9609] anon_vma_chain           150KB        271KB
[   77.593043][ T9609] anon_vma                 122KB        163KB
[   77.597174][ T9609] pid                       76KB        228KB
[   77.601388][ T9609] Acpi-Operand              72KB        118KB
[   77.605838][ T9609] Acpi-ParseExt             15KB         15KB
[   77.610069][ T9609] Acpi-Parse                51KB         90KB
[   77.614273][ T9609] Acpi-State                15KB         55KB
[   77.619308][ T9609] Acpi-Namespace            24KB         24KB
[   77.623585][ T9609] numa_policy                3KB          3KB
[   77.627893][ T9609] trace_event_file         338KB        338KB
[   77.632138][ T9609] ftrace_event_field        456KB        456KB
[   77.636798][ T9609] pool_workqueue           105KB        112KB
[   77.641097][ T9609] vmap_area                185KB        185KB
[   77.646206][ T9609] debug_objects_cache       1033KB       1033KB
[   77.650586][ T9609] page->ptl                 86KB        158KB
[   77.654925][ T9609] dma-kmalloc-512            8KB          8KB
[   77.660721][ T9609] kmalloc-8k              2448KB       2624KB
[   77.666652][ T9609] kmalloc-4k             15504KB      21280KB
[   77.671032][ T9609] kmalloc-2k              9600KB      10144KB
[   77.675772][ T9609] kmalloc-1k              4130KB       4752KB
[   77.680253][ T9609] kmalloc-512             2552KB       4080KB
[   77.684591][ T9609] kmalloc-256             3618KB       3704KB
[   77.687689][ T9609] kmalloc-192              443KB        848KB
[   77.694059][ T9609] kmalloc-128              561KB        584KB
[   77.709426][ T9609] kmalloc-96              1581KB       1628KB
[   77.716857][ T9609] kmalloc-64              2862KB       3060KB
[   77.728436][ T9609] kmalloc-32               170KB        252KB
[   77.742153][ T9609] kmalloc-16               179KB        188KB
[   77.744121][ T9609] kmalloc-8                354KB        362KB
[   77.749493][ T9609] kmem_cache_node          180KB        181KB
[   77.758702][ T9609] kmem_cache               300KB        300KB
[   77.764707][ T9609] Tasks state (memory values in pages):
10:06:35 executing program 0:
r0 = syz_open_dev$vivid(&(0x7f0000000000)='/dev/video#\x00', 0x2, 0x2)
ioctl$VIDIOC_LOG_STATUS(r0, 0x5646, 0x0)
r1 = syz_open_dev$vivid(&(0x7f0000000000)='/dev/video#\x00', 0x3, 0x2)
ioctl$VIDIOC_S_CROP(r1, 0x4014563c, &(0x7f00000000c0)={0x1})
ioctl$VIDIOC_SUBDEV_S_DV_TIMINGS(r1, 0xc0845657, &(0x7f0000000140)={0x0, @reserved})
r2 = syz_open_dev$swradio(&(0x7f0000000040)='/dev/swradio#\x00', 0x0, 0x2)
r3 = openat$vimc2(0xffffffffffffff9c, &(0x7f0000000080)='/dev/video2\x00', 0x2, 0x0)
ioctl$VIDIOC_S_MODULATOR(r3, 0x40445637, &(0x7f00000000c0)={0x8, "f77e13d4aac47b696a8ec5de4e77d48df874de0b4921747a9751c0fd101503d4", 0x200, 0x0, 0x80000001, 0x8, 0x4})
ioctl$VIDIOC_LOG_STATUS(r2, 0x5646, 0x0)

[   77.778534][ T9609] [  pid  ]   uid  tgid total_vm      rss pgtables_bytes swapents oom_score_adj name
[   77.791060][ T9609] [   5953]     0  5953    11523      902   118784        0             0 systemd-journal
[   77.806000][T10667] vivid-001: =================  START STATUS  =================
[   77.810703][T10667] v4l2-ctrls: vivid-001: Test Pattern: 75% Colorbar
[   77.812917][ T9609] [   5958]     0  5958    11222      833   118784        0         -1000 systemd-udevd
[   77.819959][T10667] v4l2-ctrls: vivid-001: Fill Percentage of Frame: 100
[   77.823157][ T9609] [   6031]     0  6031     5114      279    77824        0             0 dhclient
[   77.828793][T10667] v4l2-ctrls: vivid-001: Horizontal Movement: No Movement
[   77.832054][ T9609] [   6046]   100  6046    31821      123   151552        0             0 systemd-timesyn
[   77.836427][T10667] v4l2-ctrls: vivid-001: Vertical Movement: No Movement
[   77.840354][T10667] v4l2-ctrls: vivid-001: OSD Text Mode: All
[   77.842922][ T9609] [   9605]     0  9605     6998       59   102400        0             0 cron
[   77.847611][T10667] v4l2-ctrls: vivid-001: Show Border: false
[   77.850216][ T9609] [   9607]     0  9607    63582      195   155648        0             0 rsyslogd
[   77.857046][T10667] v4l2-ctrls: vivid-001: Show Square: false
[   77.865631][T10667] v4l2-ctrls: vivid-001: Sensor Flipped Horizontally: false
[   77.868246][ T9609] [   9615]     0  9615     3220       32    73728        0             0 agetty
[   77.871880][T10667] v4l2-ctrls: vivid-001: Sensor Flipped Vertically: false
[   77.875874][ T9609] [   9616]     0  9616     3220       32    69632        0             0 agetty
[   77.883096][T10667] v4l2-ctrls: vivid-001: Insert SAV Code in Image: false
[   77.887650][ T9609] [   9617]     0  9617     3220       33    69632        0             0 agetty
[   77.891508][T10667] v4l2-ctrls: vivid-001: Insert EAV Code in Image: false
[   77.894927][ T9609] [   9618]     0  9618     3220       32    69632        0             0 agetty
[   77.899347][T10667] v4l2-ctrls: vivid-001: Reduced Framerate: false
[   77.902409][T10667] v4l2-ctrls: vivid-001: Enable Capture Cropping: true
[   77.910220][ T9609] [   9619]     0  9619     3220       32    73728        0             0 agetty
[   77.914634][T10667] v4l2-ctrls: vivid-001: Enable Capture Composing: true
[   77.920122][ T9609] [   9621]     0  9621     3164       32    69632        0             0 agetty
[   77.924292][T10667] v4l2-ctrls: vivid-001: Enable Capture Scaler: true
[   77.930511][ T9609] [   9623]     0  9623     3220       32    69632        0             0 agetty
[   77.934804][T10667] v4l2-ctrls: vivid-001: Timestamp Source: End of Frame
[   77.945709][T10667] v4l2-ctrls: vivid-001: Colorspace: sRGB
[   77.948541][ T9609] [   9625]     0  9625    17489      187   176128        0         -1000 sshd
[   77.951847][T10667] v4l2-ctrls: vivid-001: Transfer Function: Default
[   77.954141][ T9609] [   9826]     0  9826     6371       53    90112        0             0 rdma-ndd
[   77.958439][T10667] v4l2-ctrls: vivid-001: Y'CbCr Encoding: Default
[   77.962151][T10672] vivid-000: =================  START STATUS  =================
[   77.964730][T10667] v4l2-ctrls: vivid-001: HSV Encoding: Hue 0-179
[   77.967989][ T9609] [   9902]     0  9902    23215      240   221184        0             0 sshd
[   77.971247][T10672] v4l2-ctrls: vivid-000: FM Deviation: 75000
[   77.973297][T10667] v4l2-ctrls: vivid-001: Quantization: Default
[   77.976100][ T9609] [   9908]     0  9908   220904     8145   425984        0             0 syz-fuzzer
[   77.979312][T10672] vivid-000: ==================  END STATUS  ==================
[   77.981886][T10667] v4l2-ctrls: vivid-001: Apply Alpha To Red Only: false
[   77.984419][ T9609] [   9961]     0  9961    21239       18   118784        0             0 syz-executor.0
[   77.988773][T10667] v4l2-ctrls: vivid-001: Standard Aspect Ratio: 4x3
[   77.991065][T10667] v4l2-ctrls: vivid-001: DV Timings Signal Mode: Current DV Timings inactive
[   77.994060][ T9609] [   9964]     0  9964    23287     8715   126976        0             0 syz-executor.0
[   77.998921][T10667] v4l2-ctrls: vivid-001: DV Timings: 640x480p59 inactive
[   78.001398][ T9609] [  10666]     0 10666    23419     9243   139264        0          1000 syz-executor.0
[   78.004666][T10667] v4l2-ctrls: vivid-001: DV Timings Aspect Ratio: Source Width x Height
[   78.008266][ T9609] oom-kill:constraint=CONSTRAINT_NONE,nodemask=(null),cpuset=/,mems_allowed=0-1,global_oom,task_memcg=/,task=syz-executor.0,pid=9964,uid=0
[   78.012929][T10667] v4l2-ctrls: vivid-001: Maximum EDID Blocks: 2
[   78.015030][T10667] v4l2-ctrls: vivid-001: Limited RGB Range (16-235): false
[   78.018062][ T9609] Out of memory: Killed process 9964 (syz-executor.0) total-vm:93148kB, anon-rss:108kB, file-rss:34752kB, shmem-rss:0kB, UID:0 pgtables:126976kB oom_score_adj:0
[   78.028631][T10667] v4l2-ctrls: vivid-001: Rx RGB Quantization Range: Automatic
[   78.031832][T10667] v4l2-ctrls: vivid-001: Power Present: 0x00000001
[   78.033891][T10667] tpg source WxH: 320x180 (Y'CbCr)
[   78.037495][T10667] tpg field: 1
[   78.039842][T10667] tpg crop: 320x180@0x0
[   78.042565][T10667] tpg compose: 320x180@0x0
[   78.044979][T10667] tpg colorspace: 8
[   78.050302][T10667] tpg transfer function: 0/0
[   78.053810][T10667] tpg Y'CbCr encoding: 0/0
[   78.058021][T10667] tpg quantization: 0/0
[   78.060199][T10667] tpg RGB range: 0/2
[   78.061564][T10667] vivid-001: ==================  END STATUS  ==================
10:06:35 executing program 0:
syz_open_dev$swradio(&(0x7f0000000040)='/dev/swradio#\x00', 0x0, 0x2)
ioctl$VIDIOC_G_SLICED_VBI_CAP(0xffffffffffffffff, 0xc0745645, 0x0)
r0 = syz_open_dev$vbi(&(0x7f00000000c0)='/dev/vbi#\x00', 0x2, 0x2)
ioctl$VIDIOC_SUBDEV_G_FRAME_INTERVAL(r0, 0xc0305615, &(0x7f0000000100)={0x0, {0x2f, 0x4}})
r1 = syz_open_dev$vivid(&(0x7f0000000080)='/dev/video#\x00', 0x1, 0x2)
ioctl$VIDIOC_REQBUFS(r1, 0xc0145608, &(0x7f0000000000)={0xff, 0x8, 0x1})

[   78.676548][ T4042] batman_adv: batadv0: Interface deactivated: batadv_slave_0
[   78.681816][ T4042] batman_adv: batadv0: Removing interface: batadv_slave_0
[   78.684766][ T4042] batman_adv: batadv0: Interface deactivated: batadv_slave_1
[   78.689332][ T4042] batman_adv: batadv0: Removing interface: batadv_slave_1
[   78.692269][ T4042] device bridge_slave_1 left promiscuous mode
[   78.694411][ T4042] bridge0: port 2(bridge_slave_1) entered disabled state
[   78.698553][ T4042] device bridge_slave_0 left promiscuous mode
[   78.700607][ T4042] bridge0: port 1(bridge_slave_0) entered disabled state
[   78.704731][ T4042] device veth1_macvtap left promiscuous mode
[   78.707996][ T4042] device veth0_macvtap left promiscuous mode
[   78.709948][ T4042] device veth1_vlan left promiscuous mode
[   78.711794][ T4042] device veth0_vlan left promiscuous mode
[   78.941171][ T4042] device hsr_slave_0 left promiscuous mode
[   78.943128][ T4042] device hsr_slave_1 left promiscuous mode
[   78.952126][ T4042] team0 (unregistering): Port device team_slave_1 removed
[   78.957817][ T4042] team0 (unregistering): Port device team_slave_0 removed
[   78.961459][ T4042] bond0 (unregistering): (slave bond_slave_1): Releasing backup interface
[   78.967324][ T4042] bond0 (unregistering): (slave bond_slave_0): Releasing backup interface
[   78.980999][ T4042] bond0 (unregistering): Released all slaves
[   80.558481][T10694] IPVS: ftp: loaded support on port[0] = 21
[   80.721495][T10694] chnl_net:caif_netlink_parms(): no params data found
[   80.773705][T10694] bridge0: port 1(bridge_slave_0) entered blocking state
[   80.777594][T10694] bridge0: port 1(bridge_slave_0) entered disabled state
[   80.780357][T10694] device bridge_slave_0 entered promiscuous mode
[   80.783146][T10694] bridge0: port 2(bridge_slave_1) entered blocking state
[   80.786785][T10694] bridge0: port 2(bridge_slave_1) entered disabled state
[   80.789492][T10694] device bridge_slave_1 entered promiscuous mode
[   80.801812][T10694] bond0: (slave bond_slave_0): Enslaving as an active interface with an up link
[   80.806822][T10694] bond0: (slave bond_slave_1): Enslaving as an active interface with an up link
[   80.817720][T10694] team0: Port device team_slave_0 added
[   80.820389][T10694] team0: Port device team_slave_1 added
[   80.830843][T10694] batman_adv: batadv0: Adding interface: batadv_slave_0
[   80.833116][T10694] batman_adv: batadv0: The MTU of interface batadv_slave_0 is too small (1500) to handle the transport of batman-adv packets. Packets going over this interface will be fragmented on layer2 which could impact the performance. Setting the MTU to 1560 would solve the problem.
[   80.842448][T10694] batman_adv: batadv0: Not using interface batadv_slave_0 (retrying later): interface not active
[   80.847287][T10694] batman_adv: batadv0: Adding interface: batadv_slave_1
[   80.849590][T10694] batman_adv: batadv0: The MTU of interface batadv_slave_1 is too small (1500) to handle the transport of batman-adv packets. Packets going over this interface will be fragmented on layer2 which could impact the performance. Setting the MTU to 1560 would solve the problem.
[   80.858750][T10694] batman_adv: batadv0: Not using interface batadv_slave_1 (retrying later): interface not active
[   80.873656][T10694] device hsr_slave_0 entered promiscuous mode
[   80.876189][T10694] device hsr_slave_1 entered promiscuous mode
[   80.926047][T10694] bridge0: port 2(bridge_slave_1) entered blocking state
[   80.928409][T10694] bridge0: port 2(bridge_slave_1) entered forwarding state
[   80.930896][T10694] bridge0: port 1(bridge_slave_0) entered blocking state
[   80.933238][T10694] bridge0: port 1(bridge_slave_0) entered forwarding state
[   80.954524][T10694] 8021q: adding VLAN 0 to HW filter on device bond0
[   80.960172][    T5] IPv6: ADDRCONF(NETDEV_CHANGE): veth0: link becomes ready
[   80.962833][    T5] bridge0: port 1(bridge_slave_0) entered disabled state
[   80.967830][    T5] bridge0: port 2(bridge_slave_1) entered disabled state
[   80.970480][    T5] IPv6: ADDRCONF(NETDEV_CHANGE): bond0: link becomes ready
[   80.976256][T10694] 8021q: adding VLAN 0 to HW filter on device team0
[   80.980839][    T5] IPv6: ADDRCONF(NETDEV_CHANGE): bridge_slave_0: link becomes ready
[   80.984010][    T5] bridge0: port 1(bridge_slave_0) entered blocking state
[   80.986496][    T5] bridge0: port 1(bridge_slave_0) entered forwarding state
[   80.996247][    T7] IPv6: ADDRCONF(NETDEV_CHANGE): bridge_slave_1: link becomes ready
[   80.999358][    T7] bridge0: port 2(bridge_slave_1) entered blocking state
[   81.001780][    T7] bridge0: port 2(bridge_slave_1) entered forwarding state
[   81.011245][T10694] hsr0: Slave A (hsr_slave_0) is not up; please bring it up to get a fully working HSR network
[   81.014821][T10694] hsr0: Slave B (hsr_slave_1) is not up; please bring it up to get a fully working HSR network
[   81.021957][    T5] IPv6: ADDRCONF(NETDEV_CHANGE): team_slave_0: link becomes ready
[   81.026448][    T5] IPv6: ADDRCONF(NETDEV_CHANGE): team_slave_1: link becomes ready
[   81.029402][    T5] IPv6: ADDRCONF(NETDEV_CHANGE): hsr_slave_0: link becomes ready
[   81.032328][    T5] IPv6: ADDRCONF(NETDEV_CHANGE): hsr_slave_1: link becomes ready
[   81.042187][T10694] 8021q: adding VLAN 0 to HW filter on device batadv0
[   81.044973][    T5] IPv6: ADDRCONF(NETDEV_CHANGE): vxcan0: link becomes ready
[   81.052521][    T5] IPv6: ADDRCONF(NETDEV_CHANGE): vxcan1: link becomes ready
[   81.055040][    T5] IPv6: ADDRCONF(NETDEV_CHANGE): hsr0: link becomes ready
[   81.062154][    T5] IPv6: ADDRCONF(NETDEV_CHANGE): team0: link becomes ready
[   81.086392][ T6035] IPv6: ADDRCONF(NETDEV_CHANGE): veth0_virt_wifi: link becomes ready
[   81.091304][    T5] IPv6: ADDRCONF(NETDEV_CHANGE): veth0_vlan: link becomes ready
[   81.093993][    T5] IPv6: ADDRCONF(NETDEV_CHANGE): vlan0: link becomes ready
[   81.098526][    T5] IPv6: ADDRCONF(NETDEV_CHANGE): vlan1: link becomes ready
[   81.101783][T10694] device veth0_vlan entered promiscuous mode
[   81.106886][T10694] device veth1_vlan entered promiscuous mode
[   81.114463][    T5] IPv6: ADDRCONF(NETDEV_CHANGE): macvlan0: link becomes ready
[   81.118444][    T5] IPv6: ADDRCONF(NETDEV_CHANGE): macvlan1: link becomes ready
[   81.121288][    T5] IPv6: ADDRCONF(NETDEV_CHANGE): veth0_macvtap: link becomes ready
[   81.124691][T10694] device veth0_macvtap entered promiscuous mode
[   81.129778][T10694] device veth1_macvtap entered promiscuous mode
[   81.137753][T10694] batman_adv: batadv0: Interface activated: batadv_slave_0
[   81.140087][    T5] IPv6: ADDRCONF(NETDEV_CHANGE): veth0_to_batadv: link becomes ready
[   81.143152][    T5] IPv6: ADDRCONF(NETDEV_CHANGE): macvtap0: link becomes ready
[   81.148393][T10694] batman_adv: batadv0: Interface activated: batadv_slave_1
[   81.154307][    T5] IPv6: ADDRCONF(NETDEV_CHANGE): veth1_to_batadv: link becomes ready
[   81.236052][T10694] ieee80211 phy5: Selected rate control algorithm 'minstrel_ht'
[   81.256411][    T8] wlan0: Created IBSS using preconfigured BSSID 50:50:50:50:50:50
[   81.259025][    T8] wlan0: Creating new IBSS network, BSSID 50:50:50:50:50:50
[   81.261565][    T5] IPv6: ADDRCONF(NETDEV_CHANGE): wlan0: link becomes ready
[   81.273422][T10694] ieee80211 phy6: Selected rate control algorithm 'minstrel_ht'
[   81.289916][ T3935] wlan1: Created IBSS using preconfigured BSSID 50:50:50:50:50:50
[   81.292500][ T3935] wlan1: Creating new IBSS network, BSSID 50:50:50:50:50:50
[   81.294966][    T5] IPv6: ADDRCONF(NETDEV_CHANGE): wlan1: link becomes ready
10:06:38 executing program 0:
r0 = syz_open_dev$vivid(&(0x7f0000000000)='/dev/video#\x00', 0x0, 0x2)
ioctl$VIDIOC_S_CROP(r0, 0x4014563c, &(0x7f00000000c0)={0x1})
r1 = syz_open_dev$vivid(&(0x7f0000000000)='/dev/video#\x00', 0x0, 0x2)
ioctl$VIDIOC_S_CROP(r1, 0x4014563c, &(0x7f00000000c0)={0x1})
ioctl$VIDIOC_TRY_FMT(r1, 0xc0d05640, &(0x7f0000000140)={0xb, @win={{0x8, 0x6, 0x9, 0x80000001}, 0x4, 0x9, &(0x7f0000000100)={{0x2, 0x4, 0x2, 0x7}}, 0x401, &(0x7f0000000280)="a7948b1996d890aa88a1687af27e69633adfad191b4db43008ebe4bb0ac4cc16c1243a9a84cbb70c935a7705e740b15e0aace3d807823cd1d8067e0cf2af926cc57083bdb941b7dc30b914ea80c5bb5d5d2e55c539e3def7230897fdd30e2ae3473c052e32d8f09f1fad9f0fe60da5bfb67456facff04eaaf2485279d0a2bef5a06c95ddcb86729a35f67fe6d4f9e4ffdf226f40094793be5604d9938ef282f4cb79e9969591012771c8e00cf806e936bb839490f298b0cfeb1dc7a524711eec23b899e81e87258faa4cd8b981eaeb57f4ccbb6aefab0e83a141ba5b6a0f0e19ea5a574de3df95a5a7c3e5a0ab4e1d3be94fb8353453933d0e60beca0219a9fdd4a9c26320f29dbdc315b29e36a553ea7dbd13230f379c6c74e7aa7544f7357ee34054de24b394fbee7b46809720240092fe3b2db1e7822e8078bec3c35f086e7a818e7efa7b00128406512fac298189e46f1b638391f7656b1bc63e6e28bfced5200a57168c18ea53ddbedd6203e450d491c6b3c3bb1160768e809b533f13b33dabd712729a04b1e93b954d7a32edb62bd850df7142c7de57fde306596ac50dda982a87dde268b7e2185c48e5b1d791b439c577a122f0a1e1d6bc1d13cf9f531d404e64729211567afffd6b59743491c673a2c7a89f789fd7152f80179aa818d98cfa15a3e795069141f39bb94eb1fdbb2f8d323297a6b59640c022dbbc57a34b72b9214f013cd346821dac30a83a6c9302fde66570f53b80d829ed48191bb92b268814d78080b6621241f45cc17ace56e6727d8a8747ad14dd7aa6fa4eda28b2c8546c7c2280731e53ea8675682bab8b77fd9f63a37bbe7f79829f1b79b0281e6f89b23b143b8006d395b8bdd88cfaad823a25a5cbbd21d63898c8a22f19a5740e2c4a7e7ac7a4baed9468dc059e1d602084df94ae6bddb7684888fd0c9fb226ae960a20291ef8976ce764cb14c8223b2f5d646abbda8cbf791530560f951eceb967f85092c1104e80e6a22bb88f55c8743a1d54c03c049fcc79ce0e1869d4fd5c506e4d1a3aae9556fb037afb99873a48cc035d36a5ec0b6ad4818e3b427d77a5c622c334bf177e774cb929c5f21227df03abb9ffd027f00e27411d4e945d252ceb1c6e8affa0875991abd834710f86e79077bfe60322f81c6eac046ada6529ae34565c202def70fa7d25f5178ac4786afd88c00f5f8ed4dd1eed9f1f66ff554edb1e9200613fd43218b8446f642de5329398e9d880b067b049d9b0f3576f3b01605fd939c6ac9c1db92fe8c62faba4af3cde3201a9481c78b158c7e474189fef9f7f5b95c0f0e30997f4b17e96832242111a9b188e8a135eab568d8be29d43468774f083a52e697d5778333a5f69b0946d2ab461f2389fcf1b3ae23e6ccd01a086acb85972263f3419f400fbce94ad4e3bc1b015f991ab795c546d3f08742065cfa9e6c5ed880567b2b93365cdf7b63d1d6745b4d5a0ee3a945f89c81810537643763dcb564b27ee7981b651e05bd0c8f393bce729d6b5b6daa845804c4a9b81fd335f55ed9563ebb827fab5689695b6e167ed03d5c42f311c59e24cbbd537318c4c8afce2a610f1894e95d98cf9025335408e873ce117fe2060d25f288f546e466b19698ee3c2a9a5a59b2bc1ae56ad7feae621e6db8917c4b37ec3eee273f81cb800b274c79b07ff27c1f29000909d8e0222d654406966a8b26e62a7b5f2abf44d2ed698955da817682f1a86901f7e6c2c40aea47c660145faa74de0d378dcdfeba57c06ac263337f73f805bcdee867f1a5b24362a8e87bd17019faef54343585ceacf0d91fe93de2869366244a47ec93a65c151ad021b9809c9c8849bb11e356df907c52320d4dcc018181ee0848d93973779cff517a1bc88991f25deb7213641aef695bf2db1ba54a4df08869268855a6a0441f8ff386c46633d32df3b5bd9a59bad1b533b7cea451ed45fe3b43bdc454c5a24d3b43833a69d2937b126ed70a4ca8e27c43ba9a9f894436faf77e5e506511d8c86003155a90f7690eb5d8b03dc0b141057d5073cb9cb0888664d7181ddc85f4149a5b9f49e4627f2e64e6bbb210384162873811fec21d3908ce78644de25af860045a782c75b8689c1927fdd4666075a419920312ec0d7f88483b4ba11ec4ec42324d78cfedcb399fbbc8d05dab01c141a33257c6f959722d037545ef374795920efa9ea6bb44cd3a58b2bf2b9bd0aefba2a5a93cc44293234301e48eacfeb3f65f23c0ebefe85e520810b3a4cf1a9a00e2a3195bd8367b4d32cf2e2e757a78841388a062894ad5328eb62126b1f578d4660b2f2a0ac3034e81c58c21e5a704d098ed0db740d37e4b259f7b11911a2a54bc22ebaeaf87d84087a19812c8cf465dd7b1552ef79e18d0b307418445b3fb2ef71b8594f5f770c25a13ff2f1e0e0d83f89f2601e0586ddbf98d9be0bd9aa05523b2f088978d220f53984ac49a840662e2693e2f14c4a62e4fa2ef15d48b49249a9eb4c1df21d34e06e126ac4674de2e3585dd4aff2afb96c7da06dbac36116602a23fe4df16db329994b9028b1045c7e81dbd8ebd13c4d157b2ca18cca0d0eb7c9061119863adcf324f8573367628756bc70543a1924fdab100f0aee66d59865992a344e3e5a52d3a60026957028d42f96e748965c325cf717854ecdb6643886d517b2705ef7f2f7a6b49c772c71049061f9bbbb6830cce50652c6bc2620946dde6a90f48c2c18693fec8fe893e097bdec7eb653091e5c3b29b15b2f2222b3928e356af7ce81671f73b5ce83499c38b127deffbc8c915748817be48d9efb3413bb74377ef3646a91fa741f0a65fd7eba8a6fd6a5b2b08446e2a92976d8d004a1d7d08c7734bcfadac9e034427ad43a927bfe955c948208926b72ee76d877a4b8eb95169fb77a1607defe7d351a05abbc1a1ec24574e3530295546c94adc72dd000a0c8f9be62c9349bc00ac73b510e545e4bcd6ca00ffb6f73013fbe3ac2a42077ed9f151112a9815fcb20f73d2af8bc3d25281002d7550f61acdad6b2844308541256de2e7f02944b7579c3460f85282fbf8267bc329c7e22996e5a821c2c2febf4c5ffe59b65fd044f3c95a7658587aaed298e7a714c99747a39809234efc1ee813b3ababdf1892e0c98b2d6ab63ec1c955effa421aa53818521eedad7e39964197eacecc17a73a143993ffeec04c2e397e845b5d816c389ac8d30ac0b4940e84459ce2337b8ff6063d6b56a3dad7fb72abf0658c1c72a4ee2258f822dc4ac4bd44ef4d4a0a8aad15e64ce57b0b72daa4bb31b26953aaee09c0957e02057e6eb22a73b1794d88d87419e15d413f55464e29115442147c4628c1d527bce9bb83fab69bf8ad5f06981ddc5a60b1da5fd7e4b9c91c4cb7f2621cd86e459548b22e03c721a7eb501ee5af2d58cda0e03c4e42dfd281a7b947ec1ed0244d154c64e2e41d908a19925c1777accd6bd0973e89f3f2fdf24e246760c0f3ea26b3fcb1eb1de3b68e8cc45f3999a10a9a9676385a93718986d17b4080e7dda4e170f313903cf05bdf6971851081efc4e5fdf6845921fd5e7dcb9a781c567ffbf5f9259e32d738c7471cd4156b01894211044c835bf9f9862ec7f73e2b0bc93f9d71ecf3cb521218d88c0e13be01c656f2cbadfec8b4b90db852be82925b6ec02ca8bc373a2e1caa78090263422ffa66f545edae255c1c85aeb9cdbbb37b0b876e5d9b4cd24f05ac6d13efb10a497cf9827b66116b7d407fd4292675cdc70539d1eb0d5909294eb540bdbd25d249e03a0e90410a540a381e6fdd2b89743c786825307df0364ad27bb8be4b0303ecbb53d95dfa82599fcae79189c0898c2b63806986129ead63e5441f1cd63a6412d067ccd63fc0844daef3d403edca79f7471c22eec6fb8970015461770ac007e8841205e9c3761f98636c2ef93153bea76787f6a8c0e533a581eba8242b6abd101fda725e51904d0570106e6bd66b6d0e99927550006b7b7fada5320dd08a1ef496e69a43b0aebd11421c6af321463c1020b40471054430609f77d9c009e8a6dbef5eaeecf4ea60b8a27807f9654b0e1b02f537a9e9fc327af90eb92a49b3b1f0e6623b392596cf7e3f7b388996949f3ca2652c5eb62acea05c8db9eeb3c38ba403faa4ed6de80dc46b012ea4589b3fa2df5e3c041eafcc8e8de997bd65f40d9e2dc5b96495b43e5f6c26bdcd2a813bc5c1e300c3098e8d003bc384e09068a76885d43233e5ea73573d0190d70f38474c71260d05885dd45b6f46df3422c369975004bd131b153e5952930c2acee6dee80cc127524ea66a2d28ed75b14548cb6b74d3688dd74ae936937439dc9b8c3ba0fa468e7f104cbe20cbfe9d32cb00051e093438eb885afefcf93476ad5e6171ec9988679d5740dbbd7d1175dc7831c82be506a1faf55e662dbf1d437438164f26d7e557d48b27c1a97fe984dc1ec04c876d2409743d35e63bf117c6a05864cf7b2073d4183cf0f8e19717f736ad449665939530da4d7eef87be14e07871561eea7430936124a8062a6ed30a3107aacb3a09c4a429b2340be9043ca35579197f09158c2344a16803440bd94a9d8e34daa8cf446e66d464fbcd701ffcab565e2faca257bf4f9cff13c21c7dbf4e0ce17237768fc64e1fec681c69df240acd970fe1ff75453b03415010c51b41572dc2d38a3be62f21e498462514ba77464ad1643efbee597b2c74aede8ab28100070faf1c18b71cce3fa48a5d24a0028afd35075c2a2c12ffe701db00516aab716d6649f5fe9f622b0366e93f199c0ab72036e93fa3dbbf62e028f3e81967416edef5265ef14a43a974d83d31b9ee556b477bced629d27409dfb8b593d12325a73a67595661bab794c6fa023afdf20b288ce964c7199806361e7ddf7eff97d4ea5118320e49131d885b9550a89266cc6f7c15c5de2f417e8e25f4aef4e7bd56ed192b0a556b50c548db70e642bf3452e1221d617d1deba31491a315585b39fea07ee202339757452d279ab37ec33b1217e93c845185a293d4fddc6af605f18c8a0ecb352db7a8e9daff31a0cc3772e87bd85998957d4ca938a061a871e899ab17bee239ea033e223f65afdbebd01b9990385e4c103215cc952c13ffe9a403e4255e66cc5750e73f3e05256b3d935d857a684c5e46c725f1b0d16d94022c9f5d5ffffb925e030c5996bdc96f975c4333dcfb0aa620958fc953f622f8f9305711106b5c99c81a52ce0c64dea5aec857d08408ac53e2eed9580ee592a78f4c73ce836a450549cdcb930b8474ab9e9c430c1cf0903f09f390e7a8a01d3ed0821742db3fb89d22f238b5abc40c20901cae6daf41e8a63ac94f78f249c4528d5aa67af035c88305124eb5e093712ac36d4ba260069ddc76642ac869c52db51241cd6c29c2a4669e1639dc460909b57f22a956f5a37dd45ab9dafd9b430275ac95821066a0b30257e9dba37dadac3f2891d5450165ee8eec41b27dbf2e7961e8699f699671ba95b2a00863dc71842059c8c80ea1cc5e48cbdca622328f65362048e4a4a34d3bd69a2ce647d6591792a8cca3e59821642a8e3c6c87760b6ca7ea59ed534adc9a26bee7b24df8f870802d9932d20e4572a8b3f42d52a51e4fdef70973c94dea5292528240f46b75ced1c12b572afeba4374b9157d3e8334786cc4f5ddb1db0226ff3054374a5c70ed5ef8bee7829a56fe9ec6f57642956479a001c342559816ab3f17f570e43ffc4bff407f65def7d99a8f9c9d2874c46e62f02a6b42260378389c158981b313ff25c657890e3cd83f888", 0x5}})
ioctl$VIDIOC_G_PARM(r0, 0xc0cc5615, &(0x7f0000000000)={0xc, @capture={0x0, 0x0, {0xc97, 0x6}, 0xddf, 0x1}})
openat$vimc0(0xffffffffffffff9c, &(0x7f0000000240)='/dev/video0\x00', 0x2, 0x0)

10:06:38 executing program 0:
r0 = syz_open_dev$vivid(&(0x7f0000000000)='/dev/video#\x00', 0x0, 0x2)
r1 = syz_open_dev$vivid(&(0x7f0000000000)='/dev/video#\x00', 0x0, 0x2)
ioctl$VIDIOC_S_CROP(r1, 0x4014563c, &(0x7f00000000c0)={0x1})
ioctl$VIDIOC_S_FREQUENCY(r1, 0x402c5639, &(0x7f0000000100)={0x2, 0x2, 0x1e8})
r2 = syz_open_dev$radio(&(0x7f0000000040)='/dev/radio#\x00', 0x3, 0x2)
ioctl$VIDIOC_OVERLAY(r2, 0x4004560e, &(0x7f00000000c0)=0x8001)
ioctl$VIDIOC_ENUM_FRAMESIZES(r0, 0xc02c564a, &(0x7f0000000080))

10:06:38 executing program 0:
ioctl$VIDIOC_REQBUFS(0xffffffffffffffff, 0xc0145608, &(0x7f0000000080)={0x2, 0x9, 0x2})
r0 = syz_open_dev$vivid(&(0x7f0000000000)='/dev/video#\x00', 0x0, 0x2)
ioctl$VIDIOC_S_CROP(r0, 0x4014563c, &(0x7f00000000c0)={0x1})
ioctl$VIDIOC_QUERYMENU(r0, 0xc02c5625, &(0x7f0000000000)={0x51, 0x8001, @value=0x5})

10:06:38 executing program 0:
r0 = syz_open_dev$vivid(&(0x7f0000000000)='/dev/video#\x00', 0x3, 0x2)
r1 = syz_open_dev$vivid(&(0x7f0000000000)='/dev/video#\x00', 0x0, 0x2)
r2 = openat$vimc2(0xffffffffffffff9c, &(0x7f0000000040)='/dev/video2\x00', 0x2, 0x0)
ioctl$VIDIOC_REQBUFS(r2, 0xc0145608, &(0x7f0000000080)={0x6, 0xc, 0x2})
r3 = syz_open_dev$vivid(&(0x7f0000000000)='/dev/video#\x00', 0x0, 0x2)
ioctl$VIDIOC_S_CROP(r3, 0x4014563c, &(0x7f00000000c0)={0x1})
ioctl$VIDIOC_SUBDEV_QUERY_DV_TIMINGS(r1, 0x80845663, &(0x7f00000002c0)={0x0, @reserved})
ioctl$VIDIOC_SUBDEV_ENUM_DV_TIMINGS(r3, 0xc0945662, &(0x7f0000000200)={0xf3, 0x0, [], {0x0, @bt={0x6, 0x1f, 0x0, 0x1, 0x2, 0xff, 0x7, 0x9, 0x2, 0x7fffffff, 0x3ff, 0x14, 0x9, 0xffff, 0x1, 0x10, {0x9, 0x80000000}, 0x39, 0x7}}})
ioctl$VIDIOC_S_CROP(r1, 0x4014563c, &(0x7f00000000c0)={0x1})
ioctl$VIDIOC_SUBDEV_S_DV_TIMINGS(r1, 0xc0845657, &(0x7f0000000140)={0x0, @bt={0x9, 0x9, 0x1, 0x2, 0x3, 0x3, 0x2, 0x5, 0x5, 0x1, 0x1, 0x9, 0x3, 0x81, 0xe, 0x39, {0x0, 0x10001}, 0xe0, 0xe3}})
ioctl$VIDIOC_TRY_EXT_CTRLS(r0, 0xc0205649, &(0x7f0000000100)={0x0, 0x1, 0x0, 0xffffffffffffffff, 0x0, &(0x7f00000000c0)={0x980905, 0x0, [], @p_u8=0x0}})

10:06:38 executing program 0:
r0 = syz_open_dev$swradio(&(0x7f0000000040)='/dev/swradio#\x00', 0x0, 0x2)
openat$vimc0(0xffffffffffffff9c, &(0x7f0000000000)='/dev/video0\x00', 0x2, 0x0)
r1 = syz_open_dev$vivid(&(0x7f0000000000)='/dev/video#\x00', 0x0, 0x2)
ioctl$VIDIOC_S_CROP(r1, 0x4014563c, &(0x7f00000000c0)={0x1})
ioctl$VIDIOC_ENUM_DV_TIMINGS(r1, 0xc0945662, &(0x7f00000000c0)={0x805, 0x0, [], {0x0, @bt={0x9, 0x2, 0x1, 0x0, 0xffff, 0x1, 0x6, 0x6, 0x3ff, 0x5, 0x4, 0x10001, 0xffffffff, 0x6, 0x1, 0x11, {0xa1e, 0x1}, 0x82, 0x4f}}})
ioctl$VIDIOC_REQBUFS(r0, 0xc0145608, &(0x7f0000000080)={0x69, 0x3, 0x1})

10:06:38 executing program 0:
r0 = syz_open_dev$vivid(&(0x7f00000001c0)='/dev/video#\x00', 0x3, 0x2)
r1 = syz_open_dev$vivid(&(0x7f0000000040)='/dev/video#\x00', 0x0, 0x2)
ioctl$VIDIOC_S_CROP(r1, 0x4014563c, &(0x7f00000000c0)={0x1})
ioctl$VIDIOC_OVERLAY(r1, 0x4004560e, &(0x7f0000000000)=0x10)
ioctl$VIDIOC_ENUM_FMT(r0, 0xc0405602, &(0x7f00000003c0)={0x0, 0x8, 0x0, "13ce3973ed1aa4045adee16594128198c76e89881d04d8f577691106a4fce229"})

10:06:38 executing program 0:
r0 = syz_open_dev$vivid(&(0x7f00000001c0)='/dev/video#\x00', 0x2, 0x2)
ioctl$VIDIOC_LOG_STATUS(r0, 0x5646, 0x0)
ioctl$VIDIOC_S_SELECTION(0xffffffffffffffff, 0xc040565f, &(0x7f00000000c0)={0x1, 0x103, 0x1, {0x7fffffff, 0x7, 0x4, 0x9}})
ioctl$VIDIOC_SUBDEV_S_DV_TIMINGS(r0, 0xc0845657, &(0x7f0000000000))

[   81.594922][T10968] vivid-001: =================  START STATUS  =================
[   81.603075][T10968] v4l2-ctrls: vivid-001: Test Pattern: 75% Colorbar
[   81.609631][T10968] v4l2-ctrls: vivid-001: Fill Percentage of Frame: 100
[   81.613997][T10968] v4l2-ctrls: vivid-001: Horizontal Movement: No Movement
[   81.619620][T10968] v4l2-ctrls: vivid-001: Vertical Movement: No Movement
[   81.624044][T10968] v4l2-ctrls: vivid-001: OSD Text Mode: All
[   81.633260][T10968] v4l2-ctrls: vivid-001: Show Border: false
[   81.637537][T10968] v4l2-ctrls: vivid-001: Show Square: false
[   81.643007][T10968] v4l2-ctrls: vivid-001: Sensor Flipped Horizontally: false
[   81.647016][T10968] v4l2-ctrls: vivid-001: Sensor Flipped Vertically: false
[   81.649449][T10968] v4l2-ctrls: vivid-001: Insert SAV Code in Image: false
[   81.651901][T10968] v4l2-ctrls: vivid-001: Insert EAV Code in Image: false
[   81.654301][T10968] v4l2-ctrls: vivid-001: Reduced Framerate: false
[   81.658104][T10968] v4l2-ctrls: vivid-001: Enable Capture Cropping: true
[   81.660490][T10968] v4l2-ctrls: vivid-001: Enable Capture Composing: true
[   81.662853][T10968] v4l2-ctrls: vivid-001: Enable Capture Scaler: true
[   81.666161][T10968] v4l2-ctrls: vivid-001: Timestamp Source: End of Frame
[   81.668521][T10968] v4l2-ctrls: vivid-001: Colorspace: sRGB
[   81.670431][T10968] v4l2-ctrls: vivid-001: Transfer Function: Default
[   81.672671][T10968] v4l2-ctrls: vivid-001: Y'CbCr Encoding: Default
[   81.674844][T10968] v4l2-ctrls: vivid-001: HSV Encoding: Hue 0-179
[   81.678292][T10968] v4l2-ctrls: vivid-001: Quantization: Default
[   81.680471][T10968] v4l2-ctrls: vivid-001: Apply Alpha To Red Only: false
[   81.682760][T10968] v4l2-ctrls: vivid-001: Standard Aspect Ratio: 4x3
[   81.685004][T10968] v4l2-ctrls: vivid-001: DV Timings Signal Mode: Current DV Timings inactive
[   81.689090][T10968] v4l2-ctrls: vivid-001: DV Timings: 640x480p59 inactive
[   81.691479][T10968] v4l2-ctrls: vivid-001: DV Timings Aspect Ratio: Source Width x Height
[   81.694306][T10968] v4l2-ctrls: vivid-001: Maximum EDID Blocks: 2
[   81.697285][T10968] v4l2-ctrls: vivid-001: Limited RGB Range (16-235): false
[   81.699770][T10968] v4l2-ctrls: vivid-001: Rx RGB Quantization Range: Automatic
[   81.702312][T10968] v4l2-ctrls: vivid-001: Power Present: 0x00000001
[   81.704494][T10968] tpg source WxH: 320x180 (Y'CbCr)
[   81.708031][T10968] tpg field: 1
[   81.709286][T10968] tpg crop: 320x180@0x0
[   81.710765][T10968] tpg compose: 320x180@0x0
[   81.712247][T10968] tpg colorspace: 8
[   81.713587][T10968] tpg transfer function: 0/0
[   81.716217][T10968] tpg Y'CbCr encoding: 0/0
[   81.717791][T10968] tpg quantization: 0/0
[   81.719209][T10968] tpg RGB range: 0/2
[   81.720624][T10968] vivid-001: ==================  END STATUS  ==================
10:06:38 executing program 0:
r0 = openat$vicodec1(0xffffffffffffff9c, &(0x7f0000000000)='/dev/video37\x00', 0x2, 0x0)
ioctl$VIDIOC_TRY_FMT(r0, 0xc0d05640, &(0x7f0000000040)={0x9, @win={{0x0, 0x2, 0x8000, 0x3}, 0x1, 0x0, 0x0, 0x0, 0x0}})

10:06:39 executing program 0:
r0 = openat$vicodec0(0xffffffffffffff9c, 0x0, 0x2, 0x0)
r1 = openat$vicodec0(0xffffffffffffff9c, &(0x7f0000000400)='/dev/video36\x00', 0x2, 0x0)
r2 = syz_open_dev$cec(&(0x7f00000000c0)='/dev/cec#\x00', 0x1, 0x2)
ioctl$VIDIOC_ENUM_FMT(r2, 0xc0405602, &(0x7f0000000140)={0x8, 0x4, 0x1, "c1eaf11cca3bd32b3e32296b7949050000000000000069bb6f089466720fb396", 0x47314356})
r3 = openat$vicodec1(0xffffffffffffff9c, &(0x7f0000000040)='/dev/video37\x00', 0x2, 0x0)
ioctl$VIDIOC_REQBUFS(r3, 0xc0145608, &(0x7f0000000080)={0xb71b, 0x7, 0x1})
ioctl$VIDIOC_REQBUFS(r1, 0xc0145608, &(0x7f0000000100)={0x7f, 0x2, 0x1})
ioctl$VIDIOC_STREAMOFF(r0, 0x40045613, &(0x7f0000000000))

10:06:39 executing program 0:
r0 = syz_open_dev$vivid(&(0x7f0000000000)='/dev/video#\x00', 0x0, 0x2)
ioctl$VIDIOC_S_CROP(r0, 0x4014563c, &(0x7f00000000c0)={0x1})
ioctl$VIDIOC_S_EXT_CTRLS(r0, 0xc0205648, &(0x7f0000000100)={0x990000, 0x28, 0x1000, 0xffffffffffffffff, 0x0, &(0x7f00000000c0)={0x990964, 0x7ae3a5da, [], @p_u8=&(0x7f0000000140)=0x4}})
r1 = openat$vicodec0(0xffffffffffffff9c, &(0x7f0000000080)='/dev/video36\x00', 0x2, 0x0)
ioctl$VIDIOC_G_CROP(r1, 0xc014563b, &(0x7f0000000040)={0x2})

10:06:39 executing program 0:
r0 = syz_open_dev$vivid(&(0x7f0000000000)='/dev/video#\x00', 0x0, 0x2)
ioctl$VIDIOC_S_CROP(r0, 0x4014563c, &(0x7f00000000c0)={0x1})
ioctl$VIDIOC_G_STD(r0, 0x80085617, &(0x7f0000000140))
r1 = syz_open_dev$vivid(&(0x7f0000000100)='/dev/video#\x00', 0x0, 0x2)
r2 = syz_open_dev$vivid(&(0x7f0000000000)='/dev/video#\x00', 0x0, 0x2)
ioctl$VIDIOC_S_CROP(r2, 0x4014563c, &(0x7f00000000c0)={0x1})
ioctl$VIDIOC_G_FMT(r2, 0xc0d05604, &(0x7f0000000000)={0x9, @pix_mp={0x8, 0x40, 0x5a4f2125, 0x9, 0x3, [{0x1, 0x9}, {0xffffffff, 0xffffffff}, {0x401, 0x7fffffff}, {0x0, 0x37}, {0x0, 0x1}, {0xe7, 0x3f}, {0x5, 0x3}, {0x6, 0xffffffff}], 0x1, 0x7, 0x8, 0x2, 0x6}})
ioctl$VIDIOC_DV_TIMINGS_CAP(r0, 0xc0905664, &(0x7f0000000180)={0x0, 0x0, [], @bt={0x40, 0x100, 0x3, 0x1f, 0x8000, 0x2, 0x10, 0x2}})
ioctl$VIDIOC_S_FMT(r1, 0xc0d05605, &(0x7f0000000400)={0x3, @win={{}, 0x0, 0x0, 0x0, 0x0, 0x0}})

10:06:39 executing program 0:
r0 = syz_open_dev$vivid(&(0x7f0000000000)='/dev/video#\x00', 0x0, 0x2)
ioctl$VIDIOC_S_FMT(r0, 0xc0d05605, &(0x7f0000000140)={0x3, @pix={0x0, 0x0, 0x0, 0x0, 0x0, 0x0, 0xd53873410053b86a, 0x0, 0x1}})
r1 = syz_open_dev$vivid(&(0x7f0000000000)='/dev/video#\x00', 0x0, 0x2)
ioctl$VIDIOC_S_CROP(r1, 0x4014563c, &(0x7f00000000c0)={0x1})
ioctl$VIDIOC_S_OUTPUT(r1, 0xc004562f, &(0x7f0000000100)=0x9b65)
ioctl$VIDIOC_SUBDEV_S_DV_TIMINGS(r1, 0xc0845657, &(0x7f0000000040)={0x0, @reserved})

10:06:39 executing program 0:
r0 = openat$vicodec1(0xffffffffffffff9c, &(0x7f0000000000)='/dev/video37\x00', 0x2, 0x0)
ioctl$VIDIOC_REQBUFS(r0, 0xc0145608, &(0x7f0000000040)={0x3, 0x1, 0x1})

10:06:39 executing program 0:
syz_open_dev$vbi(&(0x7f0000000040)='/dev/vbi#\x00', 0x3, 0x2)

10:06:39 executing program 0:
ioctl$VIDIOC_SUBDEV_G_EDID(0xffffffffffffffff, 0xc0285628, &(0x7f00000000c0)={0x0, 0x4, 0x4, [], &(0x7f0000000000)=0x9})
r0 = syz_open_dev$vivid(&(0x7f0000000040)='/dev/video#\x00', 0x0, 0x2)
r1 = openat$vicodec1(0xffffffffffffff9c, &(0x7f0000000080)='/dev/video37\x00', 0x2, 0x0)
ioctl$VIDIOC_G_EXT_CTRLS(r1, 0xc0205647, &(0x7f0000000140)={0x0, 0x1, 0x0, 0xffffffffffffffff, 0x0, &(0x7f0000000040)={0x990001, 0x0, [], @string=0x0}})
ioctl$VIDIOC_ENUM_FREQ_BANDS(r0, 0xc0405665, &(0x7f0000000080)={0x1000, 0x2, 0x0, 0x0, 0x400, 0xfc})

10:06:39 executing program 0:
ioctl$VIDIOC_G_DV_TIMINGS(0xffffffffffffffff, 0xc0845658, &(0x7f0000000200)={0x0, @reserved})
r0 = openat$vimc0(0xffffffffffffff9c, &(0x7f0000000000)='/dev/video0\x00', 0x2, 0x0)
r1 = openat$vimc0(0xffffffffffffff9c, &(0x7f0000000080)='/dev/video0\x00', 0x2, 0x0)
ioctl$VIDIOC_S_MODULATOR(r1, 0x40445637, &(0x7f00000000c0)={0x5, "57f27868cda303caeea074bacc4ca719ac7a935fca0536334851b64b07433a1a", 0x100, 0x1, 0x2, 0x10, 0x4})
ioctl$VIDIOC_ENUM_FMT(r0, 0xc0405602, &(0x7f0000000040)={0x3, 0x3, 0x2, "5f4493372c3274d149ccbbdc3a79908d1124396b23eb611082c2127e16f6a706", 0x584e4f53})
ioctl$VIDIOC_ENUMSTD(r0, 0xc0485619, &(0x7f0000000180)={0xf65, 0x200000, "5ddbeba7e3181209574b06264f7778326ca8fc074a1425c7", {0x53000000, 0x200}, 0x9})
ioctl$VIDIOC_REQBUFS(r0, 0xc0145608, &(0x7f00000012c0)={0x3, 0x3, 0x1})
r2 = syz_open_dev$vivid(&(0x7f0000000140)='/dev/video#\x00', 0x1, 0x2)
ioctl$VIDIOC_CREATE_BUFS(r2, 0xc100565c, &(0x7f00000011c0)={0x8, 0x1, 0x1, {0x7, @sliced={0x9, [0x3, 0x1000, 0x8, 0x0, 0x100, 0x71, 0x6, 0x80, 0x5b, 0x8001, 0x1, 0x2, 0xe21b, 0x5, 0x1, 0x3, 0x9, 0x7f, 0x8, 0x5, 0x5, 0x7fff, 0x315, 0xfd65, 0x200, 0x1, 0x6, 0x4, 0x9, 0x3, 0x5, 0x7, 0x8000, 0x661, 0xffff, 0x7, 0x3f, 0x5, 0x4, 0xd933, 0x400, 0x400, 0x40, 0x3, 0x7, 0x0, 0x3, 0x2000], 0x5}}, 0x9})

10:06:39 executing program 0:
r0 = syz_open_dev$vivid(&(0x7f0000000000)='/dev/video#\x00', 0x0, 0x2)
ioctl$VIDIOC_ENUM_DV_TIMINGS(r0, 0xc0945662, &(0x7f0000000180)={0x400, 0x0, [], {0x0, @bt={0x800, 0xfffffffa, 0x0, 0x2, 0x9, 0x4, 0x3, 0x8, 0xc38, 0x1, 0x1, 0x6, 0x6, 0x2, 0x2, 0x14, {0xcb4, 0x5}, 0x4, 0x1f}}})
r1 = syz_open_dev$vbi(&(0x7f0000000080)='/dev/vbi#\x00', 0x1, 0x2)
ioctl$VIDIOC_SUBDEV_S_DV_TIMINGS(r1, 0xc0845657, &(0x7f0000000240)={0x0, @bt={0x1, 0x2, 0x0, 0x0, 0xfffffffffffffdd8, 0x1f, 0x100, 0x1, 0x1, 0x1, 0x101, 0x6, 0x1b6, 0x0, 0x4, 0x26, {0x4, 0xffffff00}, 0x7}})
r2 = syz_open_dev$vivid(&(0x7f0000000000)='/dev/video#\x00', 0x0, 0x2)
ioctl$VIDIOC_S_CROP(r2, 0x4014563c, &(0x7f00000000c0)={0x1})
ioctl$VIDIOC_S_SELECTION(r2, 0xc040565f, &(0x7f0000000040)={0xb, 0x103, 0x3, {0x3, 0x1, 0x9, 0xa89}})

10:06:39 executing program 0:
r0 = syz_open_dev$vivid(&(0x7f00000000c0)='/dev/video#\x00', 0x3, 0x2)
ioctl$VIDIOC_TRY_FMT(r0, 0xc0d05640, &(0x7f00000002c0)={0x8, @vbi})
ioctl$VIDIOC_S_JPEGCOMP(r0, 0x408c563e, &(0x7f0000000000)={0x1e7, 0x9, 0x7, "65c2798f8417e8960526adfb72407edfe0522d3633378a09c463e1348d1142fe8a5d8bf3ca5c08a40345dcf3a33da61845ecef175c8e1bd740a1b53f", 0x33, "d1072037d4090a1e2d1e4510095e5251f5aac6412d1495c18c7df13817acf7d1951c0f1afa61f1c8acde210998b45324efc38cdc3781e07cb2ffc9f0", 0x40})

10:06:39 executing program 0:
ioctl$VIDIOC_DV_TIMINGS_CAP(0xffffffffffffffff, 0xc0905664, &(0x7f0000000040)={0x0, 0x0, [], @raw_data=[0x1, 0xc69e, 0xfffffffa, 0x80, 0x2, 0x9, 0x9, 0x46, 0x0, 0x1000, 0x8, 0x3, 0x81, 0x3ff, 0x9, 0xa7, 0x8, 0x8, 0xfffffffe, 0x2, 0x9, 0xffff, 0x5, 0xc2, 0x8, 0x7ff, 0x0, 0x4, 0x3, 0x3, 0x6, 0x14a2e6b4]})
ioctl$VIDIOC_DBG_G_CHIP_INFO(0xffffffffffffffff, 0xc0c85666, &(0x7f0000000300)={{0x3, @addr=0x6}, "76b685936d1e6f3c49b7f9ea36abf37c813002b01bd07cd811446a0486342d1e", 0x1})
r0 = syz_open_dev$vbi(&(0x7f0000000000)='/dev/vbi#\x00', 0x2, 0x2)
