=====
11:41:08 executing program 0:
syz_open_dev$cec(&(0x7f0000000000)='/dev/cec#\x00', 0x1, 0x2)
syz_open_dev$swradio(&(0x7f0000000040)='/dev/swradio#\x00', 0x1, 0x2)
openat$vicodec1(0xffffffffffffff9c, &(0x7f00000005c0)='/dev/video37\x00', 0x2, 0x0)
ioctl$VIDIOC_REQBUFS(0xffffffffffffffff, 0xc0145608, &(0x7f00000000c0)={0x8, 0x1, 0x2})

11:41:08 executing program 0:
ioctl$VIDIOC_S_AUDIO(0xffffffffffffffff, 0x40345622, &(0x7f0000000000)={0x7, "a53f843cb1a62c7543913f41db4d4ecb302aeb345683ac68f83a526c7eecab9e", 0x2, 0xa1efe1bfe6ac0d2f})
r0 = openat$vimc0(0xffffffffffffff9c, &(0x7f0000000100)='/dev/video0\x00', 0x2, 0x0)
ioctl$VIDIOC_S_EXT_CTRLS(r0, 0xc0205648, &(0x7f0000000080)={0x0, 0x3aa4, 0x84c, r0, 0x0, &(0x7f0000000040)={0x990a72, 0x108, [], @value64=0x1}})
ioctl$VIDIOC_CREATE_BUFS(r0, 0xc100565c, &(0x7f0000000140)={0x0, 0x2d7, 0x1, {0x1, @pix_mp={0x0, 0x0, 0x0, 0x0, 0x0, [{0x400003}]}}})

11:41:08 executing program 0:
r0 = syz_open_dev$vivid(&(0x7f0000000040)='/dev/video#\x00', 0x0, 0x2)
ioctl$VIDIOC_S_FBUF(r0, 0x4030560b, &(0x7f00000003c0)={0x0, 0x0, 0x0})
ioctl$VIDIOC_S_CTRL(r0, 0xc008561c, &(0x7f0000000000)={0x1fe00, 0xffff})

11:41:08 executing program 0:
r0 = syz_open_dev$vivid(&(0x7f0000000140)='/dev/video#\x00', 0x2, 0x2)
ioctl$VIDIOC_SUBDEV_ENUM_DV_TIMINGS(0xffffffffffffffff, 0xc0945662, &(0x7f0000000240)={0xfff, 0x0, [], {0x0, @bt={0x498, 0x7fff, 0x1, 0x0, 0x80000000, 0x6, 0x7, 0x1f, 0x9, 0x3, 0x8, 0x5, 0x81, 0xd9fe669, 0x10, 0x6, {0x400, 0xfffffe02}, 0x81, 0x8}}})
r1 = openat$vimc2(0xffffffffffffff9c, &(0x7f0000000180)='/dev/video2\x00', 0x2, 0x0)
ioctl$VIDIOC_ENUMSTD(r1, 0xc0485619, &(0x7f0000000300)={0x476, 0x1000, "5dd8d790e55bd9ff72b034f2949f2c1036a158beaf5d920d", {0x1}, 0x2})
ioctl$VIDIOC_LOG_STATUS(r0, 0x5646, 0x0)
r2 = syz_open_dev$swradio(&(0x7f0000000200)='/dev/swradio#\x00', 0x0, 0x2)
ioctl$VIDIOC_UNSUBSCRIBE_EVENT(r2, 0x4020565b, &(0x7f0000000100)={0x3})
ioctl$VIDIOC_S_FMT(r2, 0xc0d05605, &(0x7f0000000040)={0x1, @pix={0x8, 0x7f, 0x20385655, 0x3, 0xdd6, 0x4, 0x8, 0x2, 0x0, 0x3, 0x0, 0x7}})
ioctl$VIDIOC_S_FREQUENCY(r0, 0x402c5639, &(0x7f0000000000))

[  102.109625][T12235] vivid-001: =================  START STATUS  =================
[  102.122145][T12235] v4l2-ctrls: vivid-001: Test Pattern: 75% Colorbar
[  102.128150][T12235] v4l2-ctrls: vivid-001: Fill Percentage of Frame: 100
[  102.132499][T12235] v4l2-ctrls: vivid-001: Horizontal Movement: No Movement
[  102.138540][T12235] v4l2-ctrls: vivid-001: Vertical Movement: No Movement
[  102.150008][T12235] v4l2-ctrls: vivid-001: OSD Text Mode: All
[  102.152201][T12235] v4l2-ctrls: vivid-001: Show Border: false
[  102.156827][T12235] v4l2-ctrls: vivid-001: Show Square: false
[  102.159673][T12235] v4l2-ctrls: vivid-001: Sensor Flipped Horizontally: false
[  102.162165][T12235] v4l2-ctrls: vivid-001: Sensor Flipped Vertically: false
[  102.165601][T12235] v4l2-ctrls: vivid-001: Insert SAV Code in Image: false
[  102.167915][T12235] v4l2-ctrls: vivid-001: Insert EAV Code in Image: false
[  102.170310][T12235] v4l2-ctrls: vivid-001: Reduced Framerate: false
[  102.172386][T12235] v4l2-ctrls: vivid-001: Enable Capture Cropping: true
[  102.175731][T12235] v4l2-ctrls: vivid-001: Enable Capture Composing: true
[  102.178079][T12235] v4l2-ctrls: vivid-001: Enable Capture Scaler: true
[  102.180312][T12235] v4l2-ctrls: vivid-001: Timestamp Source: End of Frame
[  102.182730][T12235] v4l2-ctrls: vivid-001: Colorspace: sRGB
[  102.185526][T12235] v4l2-ctrls: vivid-001: Transfer Function: Default
[  102.187687][T12235] v4l2-ctrls: vivid-001: Y'CbCr Encoding: Default
[  102.189793][T12235] v4l2-ctrls: vivid-001: HSV Encoding: Hue 0-179
[  102.191959][T12235] v4l2-ctrls: vivid-001: Quantization: Default
[  102.195205][T12235] v4l2-ctrls: vivid-001: Apply Alpha To Red Only: false
[  102.197673][T12235] v4l2-ctrls: vivid-001: Standard Aspect Ratio: 4x3
[  102.199874][T12235] v4l2-ctrls: vivid-001: DV Timings Signal Mode: Current DV Timings inactive
[  102.202768][T12235] v4l2-ctrls: vivid-001: DV Timings: 640x480p59 inactive
[  102.206014][T12235] v4l2-ctrls: vivid-001: DV Timings Aspect Ratio: Source Width x Height
[  102.208826][T12235] v4l2-ctrls: vivid-001: Maximum EDID Blocks: 2
[  102.211122][T12235] v4l2-ctrls: vivid-001: Limited RGB Range (16-235): false
[  102.214566][T12235] v4l2-ctrls: vivid-001: Rx RGB Quantization Range: Automatic
[  102.217049][T12235] v4l2-ctrls: vivid-001: Power Present: 0x00000001
[  102.219233][T12235] tpg source WxH: 320x180 (Y'CbCr)
[  102.220849][T12235] tpg field: 1
[  102.221986][T12235] tpg crop: 320x180@0x0
[  102.224280][T12235] tpg compose: 320x180@0x0
[  102.225729][T12235] tpg colorspace: 8
[  102.226998][T12235] tpg transfer function: 0/0
[  102.228471][T12235] tpg Y'CbCr encoding: 0/0
[  102.230044][T12235] tpg quantization: 0/0
[  102.231450][T12235] tpg RGB range: 0/2
[  102.232782][T12235] vivid-001: ==================  END STATUS  ==================
[  102.239828][T12238] vivid-001: =================  START STATUS  =================
[  102.243363][T12238] v4l2-ctrls: vivid-001: Test Pattern: 75% Colorbar
[  102.245540][T12238] v4l2-ctrls: vivid-001: Fill Percentage of Frame: 100
[  102.247740][T12238] v4l2-ctrls: vivid-001: Horizontal Movement: No Movement
[  102.249955][T12238] v4l2-ctrls: vivid-001: Vertical Movement: No Movement
[  102.252105][T12238] v4l2-ctrls: vivid-001: OSD Text Mode: All
[  102.255556][T12238] v4l2-ctrls: vivid-001: Show Border: false
[  102.257472][T12238] v4l2-ctrls: vivid-001: Show Square: false
[  102.259354][T12238] v4l2-ctrls: vivid-001: Sensor Flipped Horizontally: false
[  102.261679][T12238] v4l2-ctrls: vivid-001: Sensor Flipped Vertically: false
[  102.264794][T12238] v4l2-ctrls: vivid-001: Insert SAV Code in Image: false
[  102.267123][T12238] v4l2-ctrls: vivid-001: Insert EAV Code in Image: false
[  102.269378][T12238] v4l2-ctrls: vivid-001: Reduced Framerate: false
[  102.271406][T12238] v4l2-ctrls: vivid-001: Enable Capture Cropping: true
[  102.274558][T12238] v4l2-ctrls: vivid-001: Enable Capture Composing: true
[  102.276751][T12238] v4l2-ctrls: vivid-001: Enable Capture Scaler: true
[  102.278913][T12238] v4l2-ctrls: vivid-001: Timestamp Source: End of Frame
[  102.281140][T12238] v4l2-ctrls: vivid-001: Colorspace: sRGB
[  102.283828][T12238] v4l2-ctrls: vivid-001: Transfer Function: Default
[  102.286430][T12238] v4l2-ctrls: vivid-001: Y'CbCr Encoding: Default
[  102.288529][T12238] v4l2-ctrls: vivid-001: HSV Encoding: Hue 0-179
[  102.290649][T12238] v4l2-ctrls: vivid-001: Quantization: Default
[  102.292616][T12238] v4l2-ctrls: vivid-001: Apply Alpha To Red Only: false
[  102.296134][T12238] v4l2-ctrls: vivid-001: Standard Aspect Ratio: 4x3
[  102.298331][T12238] v4l2-ctrls: vivid-001: DV Timings Signal Mode: Current DV Timings inactive
[  102.301042][T12238] v4l2-ctrls: vivid-001: DV Timings: 640x480p59 inactive
[  102.304001][T12238] v4l2-ctrls: vivid-001: DV Timings Aspect Ratio: Source Width x Height
[  102.306641][T12238] v4l2-ctrls: vivid-001: Maximum EDID Blocks: 2
[  102.308634][T12238] v4l2-ctrls: vivid-001: Limited RGB Range (16-235): false
[  102.311027][T12238] v4l2-ctrls: vivid-001: Rx RGB Quantization Range: Automatic
[  102.314936][T12238] v4l2-ctrls: vivid-001: Power Present: 0x00000001
[  102.317134][T12238] tpg source WxH: 320x180 (Y'CbCr)
[  102.318820][T12238] tpg field: 1
[  102.319921][T12238] tpg crop: 320x180@0x0
[  102.321341][T12238] tpg compose: 320x180@0x0
[  102.322799][T12238] tpg colorspace: 8
[  102.325283][T12238] tpg transfer function: 0/0
[  102.328514][T12238] tpg Y'CbCr encoding: 0/0
[  102.330456][T12238] tpg quantization: 0/0
[  102.335879][T12238] tpg RGB range: 0/2
[  102.338428][T12238] vivid-001: ==================  END STATUS  ==================
11:41:08 executing program 0:
r0 = openat$vimc0(0xffffffffffffff9c, &(0x7f0000000000)='/dev/video0\x00', 0x2, 0x0)
ioctl$VIDIOC_STREAMON(r0, 0x40045612, &(0x7f0000000040))
r1 = syz_open_dev$vivid(&(0x7f0000000080)='/dev/video#\x00', 0x3, 0x2)
ioctl$VIDIOC_SUBDEV_G_SELECTION(r1, 0xc040563d, &(0x7f00000000c0)={0x0, 0x0, 0x3, 0x2, {0x1000, 0xffff, 0x60, 0x800}})
ioctl$VIDIOC_S_FREQUENCY(0xffffffffffffffff, 0x402c5639, &(0x7f0000000100)={0x7fff, 0x7, 0x80000001})
r2 = openat$vimc2(0xffffffffffffff9c, &(0x7f0000000140)='/dev/video2\x00', 0x2, 0x0)
ioctl$VIDIOC_SUBDEV_S_EDID(r2, 0xc0285629, &(0x7f00000001c0)={0x0, 0x4, 0x20, [], &(0x7f0000000180)=0x1f})
r3 = syz_open_dev$radio(&(0x7f0000000200)='/dev/radio#\x00', 0x0, 0x2)
ioctl$VIDIOC_SUBDEV_ENUM_FRAME_INTERVAL(r3, 0xc040564b, &(0x7f0000000240)={0x6, 0x0, 0x5001, 0x6, 0x6, {0x2, 0x2}, 0x1})
r4 = syz_open_dev$vivid(&(0x7f0000000280)='/dev/video#\x00', 0x0, 0x2)
ioctl$VIDIOC_STREAMON(r4, 0x40045612, &(0x7f00000002c0)=0x2)
r5 = openat$vimc2(0xffffffffffffff9c, &(0x7f0000000300)='/dev/video2\x00', 0x2, 0x0)
ioctl$VIDIOC_QUERYCAP(r5, 0x80685600, &(0x7f0000000340))
ioctl$VIDIOC_G_EDID(r2, 0xc0285628, &(0x7f0000000400)={0x0, 0x1ff, 0x2, [], &(0x7f00000003c0)=0x3})
ioctl$VIDIOC_TRY_DECODER_CMD(r3, 0xc0485661, &(0x7f0000000440)={0x1, 0x1, @raw_data=[0x80000001, 0x401, 0x8, 0x7, 0x6, 0x1, 0x3, 0x72, 0x10000, 0x2, 0x200, 0xff, 0xff, 0x3705a2f6, 0x40, 0x9]})
ioctl$VIDIOC_G_TUNER(r3, 0xc054561d, &(0x7f00000004c0)={0x81, "956f2ab4feff9aff089deb423c28d17a66b68356d968cd036ed6512b5d0f12f5", 0x5, 0x2, 0x1, 0x10001, 0x10, 0x2, 0x0, 0x9})
ioctl$VIDIOC_TRY_ENCODER_CMD(r3, 0xc028564e, &(0x7f0000000540)={0x3, 0x0, [0x8001, 0x7fffffff, 0x10000, 0x86, 0x6, 0x5, 0x400, 0x5]})
r6 = syz_open_dev$radio(&(0x7f0000000580)='/dev/radio#\x00', 0x3, 0x2)
ioctl$VIDIOC_SUBDEV_G_FRAME_INTERVAL(r6, 0xc0305615, &(0x7f00000005c0)={0x0, {0x9, 0x3}})
ioctl$VIDIOC_LOG_STATUS(0xffffffffffffffff, 0x5646, 0x0)

11:41:08 executing program 0:
syz_open_dev$vivid(0x0, 0x1, 0x2)

11:41:08 executing program 0:
r0 = openat$vicodec1(0xffffffffffffff9c, &(0x7f0000000100)='/dev/video37\x00', 0x2, 0x0)
ioctl$VIDIOC_G_CROP(r0, 0xc014563b, &(0x7f0000000040)={0xf})
r1 = syz_open_dev$swradio(&(0x7f0000000200)='/dev/swradio#\x00', 0x0, 0x2)
ioctl$VIDIOC_UNSUBSCRIBE_EVENT(r1, 0x4020565b, &(0x7f0000000100)={0x3})
ioctl$VIDIOC_S_SELECTION(r1, 0xc040565f, &(0x7f0000000000)={0x2, 0x3, 0x1, {0x81, 0x6, 0x20, 0x36}})

11:41:09 executing program 0:
r0 = syz_open_dev$vivid(&(0x7f0000000000)='/dev/video#\x00', 0x0, 0x2)
ioctl$VIDIOC_REQBUFS(r0, 0xc0145608, &(0x7f0000000140)={0x400, 0x1, 0x1})
ioctl$VIDIOC_ENUMAUDIO(r0, 0xc0345641, &(0x7f0000000040)={0x0, "88f44b74dbb73b147e343aecf5fe1a3023eeab31c23ae285d32af96b5f80020d", 0x0, 0x1})

[  103.566386][ T9977] syz-executor.0 invoked oom-killer: gfp_mask=0x100cca(GFP_HIGHUSER_MOVABLE), order=0, oom_score_adj=0
[  103.570005][ T9977] CPU: 0 PID: 9977 Comm: syz-executor.0 Not tainted 5.4.0+ #27
[  103.572501][ T9977] Hardware name: QEMU Standard PC (i440FX + PIIX, 1996), BIOS Ubuntu-1.8.2-1ubuntu1 04/01/2014
[  103.575932][ T9977] Call Trace:
[  103.577038][ T9977]  dump_stack+0xc6/0x11e
[  103.578468][ T9977]  dump_header+0x10b/0xb50
[  103.579936][ T9977]  ? _raw_spin_unlock_irqrestore+0x39/0x60
[  103.581869][ T9977]  ? ___ratelimit+0x4f/0x460
[  103.583396][ T9977]  oom_kill_process+0x177/0x3c0
[  103.584979][ T9977]  out_of_memory+0x309/0x13b0
[  103.586437][ T9977]  ? oom_killer_disable+0x240/0x240
[  103.588053][ T9977]  ? mutex_trylock+0x26f/0x300
[  103.589503][ T9977]  ? __alloc_pages_slowpath+0xadb/0x2480
[  103.591381][ T9977]  __alloc_pages_slowpath+0x205b/0x2480
[  103.593216][ T9977]  ? warn_alloc+0x290/0x290
[  103.594656][ T9977]  ? should_fail+0x197/0x700
[  103.596056][ T9977]  ? xas_descend+0x141/0x3a0
[  103.597469][ T9977]  __alloc_pages_nodemask+0x5e5/0x850
[  103.599105][ T9977]  ? __alloc_pages_slowpath+0x2480/0x2480
[  103.600855][ T9977]  ? __filemap_set_wb_err+0x250/0x250
[  103.602625][ T9977]  ? __page_cache_alloc+0xcf/0x2c0
[  103.604269][ T9977]  ? mark_held_locks+0x100/0x100
[  103.605814][ T9977]  alloc_pages_current+0xac/0x1e0
[  103.607398][ T9977]  __page_cache_alloc+0x1a0/0x2c0
[  103.609049][ T9977]  pagecache_get_page+0x1a2/0x640
[  103.610656][ T9977]  filemap_fault+0xc2a/0x1b10
[  103.612206][ T9977]  ? lock_downgrade+0x6d0/0x6d0
[  103.613897][ T9977]  ext4_filemap_fault+0x80/0xa7
[  103.615506][ T9977]  __do_fault+0x16d/0x3cb
[  103.616917][ T9977]  ? __handle_mm_fault+0x2140/0x3640
[  103.618681][ T9977]  __handle_mm_fault+0x214c/0x3640
[  103.620379][ T9977]  ? __pmd_alloc+0x370/0x370
[  103.621931][ T9977]  ? __count_memcg_events+0x7d/0x200
[  103.623689][ T9977]  handle_mm_fault+0x2e5/0x8c0
[  103.625275][ T9977]  __do_page_fault+0x470/0xa60
[  103.626861][ T9977]  ? do_page_fault+0x27/0x4e4
[  103.628518][ T9977]  async_page_fault+0x34/0x40
[  103.630108][ T9977] RIP: 0033:0x403751
[  103.631420][ T9977] Code: Bad RIP value.
[  103.632804][ T9977] RSP: 002b:00007ffd7f7e3230 EFLAGS: 00010207
[  103.634865][ T9977] RAX: 0000000000000000 RBX: 0000000000019474 RCX: 0000000000460cba
[  103.637539][ T9977] RDX: 0000000000000000 RSI: 00007ffd7f7e3230 RDI: 0000000000000001
[  103.640224][ T9977] RBP: 00000000000005c1 R08: 0000000000000000 R09: 0000000003647940
[  103.642842][ T9977] R10: 0000000000000000 R11: 0000000000000246 R12: 0000000000000003
[  103.645454][ T9977] R13: 00007ffd7f7e3290 R14: 000000000001914a R15: 00007ffd7f7e32a0
[  103.668162][ T9977] Mem-Info:
[  103.669207][ T9977] active_anon:10569 inactive_anon:4902 isolated_anon:2
[  103.669207][ T9977]  active_file:3 inactive_file:4 isolated_file:0
[  103.669207][ T9977]  unevictable:3 dirty:0 writeback:0 unstable:0
[  103.669207][ T9977]  slab_reclaimable:10241 slab_unreclaimable:32501
[  103.669207][ T9977]  mapped:9260 shmem:5088 pagetables:532 bounce:0
[  103.669207][ T9977]  free:17316 free_pcp:30 free_cma:0
[  103.703598][ T9977] Node 0 active_anon:35648kB inactive_anon:19588kB active_file:0kB inactive_file:0kB unevictable:8kB isolated(anon):8kB isolated(file):0kB mapped:2224kB dirty:0kB writeback:0kB shmem:20304kB shmem_thp: 0kB shmem_pmdmapped: 0kB anon_thp: 6144kB writeback_tmp:0kB unstable:0kB all_unreclaimable? yes
[  103.725942][ T9977] Node 1 active_anon:6628kB inactive_anon:20kB active_file:12kB inactive_file:16kB unevictable:4kB isolated(anon):0kB isolated(file):0kB mapped:34816kB dirty:0kB writeback:0kB shmem:48kB shmem_thp: 0kB shmem_pmdmapped: 0kB anon_thp: 0kB writeback_tmp:0kB unstable:0kB all_unreclaimable? yes
[  103.755730][ T9977] Node 0 DMA free:2500kB min:712kB low:888kB high:1064kB active_anon:8kB inactive_anon:0kB active_file:0kB inactive_file:0kB unevictable:0kB writepending:0kB present:15992kB managed:15908kB mlocked:0kB kernel_stack:0kB pagetables:28kB bounce:0kB free_pcp:0kB local_pcp:0kB free_cma:0kB
[  103.764161][ T9977] lowmem_reserve[]: 0 449 449 449 449
[  103.765812][ T9977] Node 0 DMA32 free:20532kB min:20632kB low:25788kB high:30944kB active_anon:35640kB inactive_anon:19588kB active_file:0kB inactive_file:0kB unevictable:8kB writepending:0kB present:1032192kB managed:465724kB mlocked:8kB kernel_stack:6848kB pagetables:1752kB bounce:0kB free_pcp:120kB local_pcp:120kB free_cma:0kB
[  103.794583][ T9977] lowmem_reserve[]: 0 0 0 0 0
[  103.796057][ T9977] Node 1 DMA32 free:46232kB min:46232kB low:57788kB high:69344kB active_anon:6628kB inactive_anon:20kB active_file:12kB inactive_file:16kB unevictable:4kB writepending:0kB present:1048448kB managed:1031988kB mlocked:4kB kernel_stack:192kB pagetables:348kB bounce:0kB free_pcp:0kB local_pcp:0kB free_cma:0kB
[  103.826267][ T9977] lowmem_reserve[]: 0 0 0 0 0
[  103.828749][ T9977] Node 0 DMA: 1*4kB (U) 2*8kB (UM) 1*16kB (M) 1*32kB (M) 2*64kB (UM) 2*128kB (UM) 2*256kB (UM) 1*512kB (M) 1*1024kB (M) 0*2048kB 0*4096kB = 2500kB
[  103.855108][ T9977] Node 0 DMA32: 753*4kB (UME) 376*8kB (UME) 217*16kB (UME) 111*32kB (UME) 55*64kB (ME) 19*128kB (ME) 6*256kB (M) 0*512kB 0*1024kB 0*2048kB 0*4096kB = 20532kB
[  103.874989][ T9977] Node 1 DMA32: 78*4kB (UME) 48*8kB (UME) 34*16kB (UME) 23*32kB (ME) 14*64kB (UME) 7*128kB (ME) 6*256kB (UME) 6*512kB (M) 7*1024kB (ME) 7*2048kB (UM) 4*4096kB (M) = 46264kB
[  103.910130][ T9977] Node 0 hugepages_total=0 hugepages_free=0 hugepages_surp=0 hugepages_size=2048kB
[  103.935299][ T9977] Node 1 hugepages_total=0 hugepages_free=0 hugepages_surp=0 hugepages_size=2048kB
[  103.939925][ T9977] 5106 total pagecache pages
[  103.942187][ T9977] 0 pages in swap cache
[  103.955032][ T9977] Swap cache stats: add 0, delete 0, find 0/0
[  103.958172][ T9977] Free swap  = 0kB
[  103.959995][ T9977] Total swap = 0kB
[  103.961953][ T9977] 524158 pages RAM
[  103.985643][ T9977] 0 pages HighMem/MovableOnly
[  103.988240][ T9977] 145753 pages reserved
[  103.990451][ T9977] 0 pages cma reserved
[  104.001858][ T9977] Unreclaimable slab info:
[  104.021486][ T9977] Name                      Used          Total
[  104.024902][ T9977] pid_2                     20KB         20KB
[  104.028132][ T9977] rxe-mr                     3KB          3KB
[  104.031202][ T9977] rxe-qp                    29KB         29KB
[  104.062806][ T9977] bio-3                      3KB          3KB
[  104.066139][ T9977] batadv_tt_change_cache          4KB          4KB
[  104.069578][ T9977] batadv_tl_cache            4KB          4KB
[  104.079257][ T9977] TIPC                      15KB         15KB
[  104.082371][ T9977] SCTPv6                    30KB         30KB
[  104.091574][ T9977] DCCPv6                    30KB         30KB
[  104.122638][ T9977] DCCP                      30KB         30KB
[  104.125974][ T9977] RXRPC                     30KB         30KB
[  104.128947][ T9977] rxrpc_call_jar            30KB         30KB
[  104.131993][ T9977] bridge_fdb_cache           3KB          3KB
[  104.141325][ T9977] fib6_nodes                28KB         28KB
[  104.144482][ T9977] ip6_dst_cache             56KB         56KB
[  104.147540][ T9977] RAWv6                     30KB         30KB
[  104.150795][ T9977] UDPv6                     45KB         45KB
[  104.156243][ T9977] TCPv6                     30KB         30KB
[  104.159518][ T9977] nf_conntrack               7KB          7KB
[  104.162884][ T9977] t10_alua_lu_gp_cache          3KB          3KB
[  104.166288][ T9977] scsi_sense_cache           4KB          4KB
[  104.169546][ T9977] sd_ext_cdb                 3KB          3KB
[  104.174805][ T9977] virtio_scsi_cmd           16KB         16KB
[  104.178110][ T9977] sgpool-128                89KB         89KB
[  104.181401][ T9977] sgpool-64                 31KB         31KB
[  104.184874][ T9977] sgpool-32                 47KB         47KB
[  104.188148][ T9977] sgpool-16                 22KB         22KB
[  104.191452][ T9977] sgpool-8                  33KB         33KB
[  104.196687][ T9977] mqueue_inode_cache         15KB         15KB
[  104.199932][ T9977] f2fs_bio_post_read_ctx         15KB         15KB
[  104.203346][ T9977] bio-2                     15KB         15KB
[  104.206616][ T9977] jfs_mp                     7KB          7KB
[  104.209870][ T9977] cifs_small_rq             16KB         16KB
[  104.215110][ T9977] cifs_request              67KB         67KB
[  104.218396][ T9977] cifs_mpx_ids               3KB          3KB
[  104.221711][ T9977] nfs_commit_data            7KB          7KB
[  104.225298][ T9977] nfs_write_data            32KB         32KB
[  104.228645][ T9977] jbd2_inode                 3KB          3KB
[  104.231947][ T9977] ext4_system_zone           3KB          3KB
[  104.236808][ T9977] ext4_bio_post_read_ctx         15KB         15KB
[  104.240207][ T9977] bio-1                      3KB          3KB
[  104.243242][ T9977] pid_namespace              3KB          3KB
[  104.246441][ T9977] posix_timers_cache          3KB          3KB
[  104.249537][ T9977] rpc_buffers               31KB         31KB
[  104.252530][ T9977] rpc_tasks                  3KB          3KB
[  104.258786][ T9977] UNIX                     308KB        431KB
[  104.262302][ T9977] tcp_bind_bucket            4KB          4KB
[  104.265681][ T9977] ip_fib_trie                8KB          8KB
[  104.269759][ T9977] ip_fib_alias              19KB         19KB
[  104.274694][ T9977] ip_dst_cache               4KB          4KB
[  104.278395][ T9977] RAW                       15KB         15KB
[  104.284937][ T9977] UDP                      106KB        106KB
[  104.288453][ T9977] request_sock_TCP           3KB          3KB
[  104.291892][ T9977] TCP                       30KB         30KB
[  104.297635][ T9977] hugetlbfs_inode_cache         15KB         15KB
[  104.301221][ T9977] fscache_cookie_jar          3KB          3KB
[  104.304661][ T9977] eventpoll_pwq             23KB         23KB
[  104.308111][ T9977] eventpoll_epi             47KB         47KB
[  104.311367][ T9977] inotify_inode_mark         11KB         11KB
[  104.317027][ T9977] request_queue            212KB        212KB
[  104.320623][ T9977] blkdev_ioc                11KB         11KB
[  104.324109][ T9977] bio-0                    107KB        120KB
[  104.327475][ T9977] biovec-max               833KB        833KB
[  104.330858][ T9977] biovec-64                110KB        126KB
[  104.336482][ T9977] biovec-16                 18KB         18KB
[  104.339845][ T9977] bio_integrity_payload          3KB          3KB
[  104.343261][ T9977] khugepaged_mm_slot          7KB          7KB
[  104.346650][ T9977] uid_cache                  4KB          4KB
[  104.349999][ T9977] dmaengine-unmap-2          4KB          4KB
[  104.356140][ T9977] audit_buffer               3KB          3KB
[  104.359857][ T9977] skbuff_ext_cache           4KB          4KB
[  104.363367][ T9977] skbuff_fclone_cache         97KB         97KB
[  104.366840][ T9977] skbuff_head_cache         91KB        108KB
[  104.370163][ T9977] configfs_dir_cache          4KB          4KB
[  104.375677][ T9977] file_lock_cache           50KB         69KB
[  104.378956][ T9977] file_lock_ctx             11KB         11KB
[  104.382371][ T9977] fsnotify_mark_connector          7KB          7KB
[  104.386226][ T9977] net_namespace             27KB         27KB
[  104.389535][ T9977] task_delay_info          137KB        253KB
[  104.395096][ T9977] taskstats                 11KB         11KB
[  104.398387][ T9977] proc_dir_entry           341KB        341KB
[  104.401686][ T9977] pde_opener                11KB         11KB
[  104.405085][ T9977] seq_file                  55KB         55KB
[  104.408427][ T9977] sigqueue                  11KB         11KB
[  104.411728][ T9977] shmem_inode_cache       8286KB       8302KB
[  104.417413][ T9977] kernfs_iattrs_cache         11KB         11KB
[  104.420921][ T9977] kernfs_node_cache      16297KB      16297KB
[  104.424292][ T9977] mnt_cache                 67KB         67KB
[  104.427686][ T9977] filp                     902KB        975KB
[  104.432408][ T9977] names_cache            16277KB      16779KB
[  104.439145][ T9977] iint_cache                65KB        103KB
[  104.443398][ T9977] lsm_file_cache           173KB        213KB
[  104.446766][ T9977] key_jar                    7KB          7KB
[  104.450076][ T9977] uts_namespace              3KB          3KB
[  104.456321][ T9977] nsproxy                    3KB          3KB
[  104.459642][ T9977] vm_area_struct           691KB        773KB
[  104.465633][ T9977] mm_struct                164KB        277KB
[  104.469030][ T9977] fs_cache                  20KB         48KB
[  104.472319][ T9977] files_cache               69KB        157KB
[  104.478654][ T9977] signal_cache             370KB       1122KB
[  104.485393][ T9977] sighand_cache            571KB        571KB
[  104.488168][ T9977] task_struct             2368KB       3648KB
[  104.490927][ T9977] cred_jar                 222KB        348KB
[  104.496781][ T9977] anon_vma_chain           230KB        271KB
[  104.499814][ T9977] anon_vma                 181KB        211KB
[  104.503576][ T9977] pid                       78KB        220KB
[  104.506596][ T9977] Acpi-Operand              76KB        118KB
[  104.510572][ T9977] Acpi-ParseExt             15KB         15KB
[  104.516932][ T9977] Acpi-Parse                51KB         90KB
[  104.519973][ T9977] Acpi-State                15KB         51KB
[  104.523580][ T9977] Acpi-Namespace            24KB         24KB
[  104.526763][ T9977] numa_policy                3KB          3KB
[  104.530242][ T9977] trace_event_file         338KB        338KB
[  104.537921][ T9977] ftrace_event_field        456KB        456KB
[  104.541018][ T9977] pool_workqueue           102KB        104KB
[  104.546904][ T9977] vmap_area                212KB        212KB
[  104.549984][ T9977] debug_objects_cache        763KB        966KB
[  104.555436][ T9977] page->ptl                154KB        201KB
[  104.558580][ T9977] dma-kmalloc-512            8KB          8KB
[  104.561722][ T9977] kmalloc-8k              2496KB       2624KB
[  104.565900][ T9977] kmalloc-4k             29184KB      29824KB
[  104.568658][ T9977] kmalloc-2k              9656KB      10144KB
[  104.571780][ T9977] kmalloc-1k              4256KB       4608KB
[  104.578157][ T9977] kmalloc-512             2674KB       4056KB
[  104.580320][ T9977] kmalloc-256             3613KB       3704KB
[  104.583292][ T9977] kmalloc-192              446KB        828KB
[  104.585882][ T9977] kmalloc-128              573KB        588KB
[  104.588012][ T9977] kmalloc-96              1609KB       1640KB
[  104.590130][ T9977] kmalloc-64              2976KB       3064KB
[  104.596452][ T9977] kmalloc-32               217KB        256KB
[  104.598599][ T9977] kmalloc-16               182KB        192KB
[  104.600680][ T9977] kmalloc-8                356KB        370KB
[  104.603379][ T9977] kmem_cache_node          180KB        181KB
[  104.605614][ T9977] kmem_cache               300KB        300KB
[  104.607705][ T9977] Tasks state (memory values in pages):
[  104.609618][ T9977] [  pid  ]   uid  tgid total_vm      rss pgtables_bytes swapents oom_score_adj name
[  104.616589][ T9977] [   5949]     0  5949    11523      656   131072        0             0 systemd-journal
[  104.620239][ T9977] [   5956]     0  5956    11221      557   114688        0         -1000 systemd-udevd
[  104.624344][ T9977] [   6032]     0  6032     5114      279    69632        0             0 dhclient
[  104.627557][ T9977] [   6053]   100  6053    31821      122   147456        0             0 systemd-timesyn
[  104.630943][ T9977] [   9614]     0  9614    63582      173   147456        0             0 rsyslogd
[  104.638009][ T9977] [   9616]     0  9616     6998       58   102400        0             0 cron
[  104.641063][ T9977] [   9623]     0  9623    17489      188   176128        0         -1000 sshd
[  104.644947][ T9977] [   9626]     0  9626     3220       31    73728        0             0 agetty
[  104.649247][ T9977] [   9627]     0  9627     3220       33    73728        0             0 agetty
[  104.657202][ T9977] [   9628]     0  9628     3220       32    73728        0             0 agetty
[  104.660529][ T9977] [   9629]     0  9629     3220       32    73728        0             0 agetty
[  104.664370][ T9977] [   9630]     0  9630     3220       33    65536        0             0 agetty
[  104.667937][ T9977] [   9631]     0  9631     3164       32    73728        0             0 agetty
[  104.671183][ T9977] [   9632]     0  9632     3220       32    69632        0             0 agetty
[  104.677317][ T9977] [   9738]     0  9738     6371       53    94208        0             0 rdma-ndd
[  104.680662][ T9977] [   9915]     0  9915    23217      232   221184        0             0 sshd
[  104.684654][ T9977] [   9921]     0  9921   220904     7067   421888        0             0 syz-fuzzer
[  104.687968][ T9977] [   9974]     0  9974    21239       18   118784        0             0 syz-executor.0
[  104.691386][ T9977] [   9977]     0  9977    23287     8492   126976        0             0 syz-executor.0
[  104.697873][ T9977] [  12251]     0 12250    23419     9261   143360        0          1000 syz-executor.0
[  104.701346][ T9977] oom-kill:constraint=CONSTRAINT_NONE,nodemask=(null),cpuset=/,mems_allowed=0-1,global_oom,task_memcg=/,task=syz-executor.0,pid=12250,uid=0
[  104.707432][ T9977] Out of memory: Killed process 12251 (syz-executor.0) total-vm:93676kB, anon-rss:2228kB, file-rss:34816kB, shmem-rss:0kB, UID:0 pgtables:143360kB oom_score_adj:1000
[  104.725718][ T2006] oom_reaper: reaped process 12251 (syz-executor.0), now anon-rss:0kB, file-rss:34816kB, shmem-rss:0kB
[  104.730299][ T9977] syz-executor.0 invoked oom-killer: gfp_mask=0x100cca(GFP_HIGHUSER_MOVABLE), order=0, oom_score_adj=0
[  104.744519][ T9977] CPU: 0 PID: 9977 Comm: syz-executor.0 Not tainted 5.4.0+ #27
[  104.747819][ T9977] Hardware name: QEMU Standard PC (i440FX + PIIX, 1996), BIOS Ubuntu-1.8.2-1ubuntu1 04/01/2014
[  104.752734][ T9977] Call Trace:
[  104.753911][ T9977]  dump_stack+0xc6/0x11e
[  104.755704][ T9977]  dump_header+0x10b/0xb50
[  104.757301][ T9977]  ? _raw_spin_unlock_irqrestore+0x39/0x60
[  104.759382][ T9977]  ? ___ratelimit+0x4f/0x460
[  104.761102][ T9977]  oom_kill_process+0x177/0x3c0
[  104.762858][ T9977]  out_of_memory+0x309/0x13b0
[  104.764610][ T9977]  ? oom_killer_disable+0x240/0x240
[  104.766473][ T9977]  ? mutex_trylock+0x26f/0x300
[  104.768109][ T9977]  ? __alloc_pages_slowpath+0xadb/0x2480
[  104.770223][ T9977]  __alloc_pages_slowpath+0x205b/0x2480
[  104.772180][ T9977]  ? warn_alloc+0x290/0x290
[  104.773717][ T9977]  ? should_fail+0x197/0x700
[  104.775580][ T9977]  ? xas_descend+0x141/0x3a0
[  104.777220][ T9977]  __alloc_pages_nodemask+0x5e5/0x850
[  104.779118][ T9977]  ? __alloc_pages_slowpath+0x2480/0x2480
[  104.781175][ T9977]  ? __filemap_set_wb_err+0x250/0x250
[  104.783117][ T9977]  ? __page_cache_alloc+0xcf/0x2c0
[  104.785293][ T9977]  ? mark_held_locks+0x100/0x100
[  104.787051][ T9977]  alloc_pages_current+0xac/0x1e0
[  104.788750][ T9977]  __page_cache_alloc+0x1a0/0x2c0
[  104.790556][ T9977]  pagecache_get_page+0x1a2/0x640
[  104.792489][ T9977]  filemap_fault+0xc2a/0x1b10
[  104.794523][ T9977]  ? lock_downgrade+0x6d0/0x6d0
[  104.796188][ T9977]  ext4_filemap_fault+0x80/0xa7
[  104.798035][ T9977]  __do_fault+0x16d/0x3cb
[  104.799533][ T9977]  ? __handle_mm_fault+0x2140/0x3640
[  104.801476][ T9977]  __handle_mm_fault+0x214c/0x3640
[  104.803238][ T9977]  ? __pmd_alloc+0x370/0x370
[  104.804966][ T9977]  ? __count_memcg_events+0x7d/0x200
[  104.806909][ T9977]  handle_mm_fault+0x2e5/0x8c0
[  104.808537][ T9977]  __do_page_fault+0x470/0xa60
[  104.810262][ T9977]  ? do_page_fault+0x27/0x4e4
[  104.811855][ T9977]  async_page_fault+0x34/0x40
[  104.813649][ T9977] RIP: 0033:0x403751
[  104.815698][ T9977] Code: Bad RIP value.
[  104.817118][ T9977] RSP: 002b:00007ffd7f7e3230 EFLAGS: 00010207
[  104.819301][ T9977] RAX: 0000000000000000 RBX: 0000000000019474 RCX: 0000000000460cba
[  104.822134][ T9977] RDX: 0000000000000000 RSI: 00007ffd7f7e3230 RDI: 0000000000000001
[  104.824972][ T9977] RBP: 00000000000005c1 R08: 0000000000000000 R09: 0000000003647940
[  104.827834][ T9977] R10: 0000000000000000 R11: 0000000000000246 R12: 0000000000000003
[  104.830683][ T9977] R13: 00007ffd7f7e3290 R14: 000000000001914a R15: 00007ffd7f7e32a0
[  104.850389][ T9977] Mem-Info:
[  104.851561][ T9977] active_anon:10034 inactive_anon:4903 isolated_anon:0
[  104.851561][ T9977]  active_file:5 inactive_file:9 isolated_file:0
[  104.851561][ T9977]  unevictable:3 dirty:0 writeback:0 unstable:0
[  104.851561][ T9977]  slab_reclaimable:10241 slab_unreclaimable:32506
[  104.851561][ T9977]  mapped:9260 shmem:5088 pagetables:533 bounce:0
[  104.851561][ T9977]  free:10310 free_pcp:115 free_cma:0
[  104.867824][T12251] warn_alloc: 8 callbacks suppressed
[  104.867834][T12251] syz-executor.0: vmalloc: allocation failure, allocated 49967104 of 70782976 bytes, mode:0xdc0(GFP_KERNEL|__GFP_ZERO), nodemask=(null),cpuset=/,mems_allowed=0-1
[  104.877423][ T9977] Node 0 active_anon:33508kB inactive_anon:19592kB active_file:8kB inactive_file:20kB unevictable:8kB isolated(anon):0kB isolated(file):0kB mapped:2224kB dirty:0kB writeback:0kB shmem:20304kB shmem_thp: 0kB shmem_pmdmapped: 0kB anon_thp: 4096kB writeback_tmp:0kB unstable:0kB all_unreclaimable? yes
[  104.894604][T12251] CPU: 0 PID: 12251 Comm: syz-executor.0 Not tainted 5.4.0+ #27
[  104.897220][T12251] Hardware name: QEMU Standard PC (i440FX + PIIX, 1996), BIOS Ubuntu-1.8.2-1ubuntu1 04/01/2014
[  104.900903][T12251] Call Trace:
[  104.902251][T12251]  dump_stack+0xc6/0x11e
[  104.903855][T12251]  warn_alloc+0x195/0x290
[  104.905443][T12251]  ? zone_watermark_ok_safe+0x330/0x330
[  104.907470][T12251]  ? __alloc_pages_slowpath+0x2480/0x2480
[  104.909657][T12251]  __vmalloc_node_range+0x51c/0x700
[  104.911700][T12251]  ? vb2_vmalloc_alloc+0xe8/0x330
[  104.913965][T12251]  vmalloc_user+0x6a/0x80
[  104.915906][T12251]  ? vb2_vmalloc_alloc+0xe8/0x330
[  104.918145][T12251]  vb2_vmalloc_alloc+0xe8/0x330
[  104.919947][T12251]  ? vb2_vmalloc_get_dmabuf+0x180/0x180
[  104.921995][T12251]  __vb2_queue_alloc+0x5d9/0x1270
[  104.923827][T12251]  vb2_core_reqbufs+0x70c/0xc10
[  104.925824][T12251]  ? __vb2_queue_cancel+0xce0/0xce0
[  104.927820][T12251]  ? __mutex_lock+0x682/0x1560
[  104.929496][T12251]  ? __video_do_ioctl+0x42f/0xeb0
[  104.931430][T12251]  ? mutex_lock_io_nested+0x1470/0x1470
[  104.933361][T12251]  ? save_stack+0x69/0x80
[  104.934860][T12251]  ? save_stack+0x19/0x80
[  104.936319][T12251]  ? __kasan_slab_free+0x11d/0x160
[  104.938108][T12251]  ? __x64_sys_ioctl+0x6f/0xb0
[  104.939618][T12251]  ? do_syscall_64+0x9d/0x5a0
[  104.941173][T12251]  ? entry_SYSCALL_64_after_hwframe+0x49/0xbe
[  104.943104][T12251]  ? tomoyo_supervisor+0x1de/0x11a0
[  104.945067][T12251]  vb2_ioctl_reqbufs+0x27f/0x410
[  104.946703][T12251]  v4l_reqbufs+0x9a/0xc0
[  104.948005][T12251]  __video_do_ioctl+0x760/0xeb0
[  104.949600][T12251]  ? v4l_s_fmt+0xa60/0xa60
[  104.951042][T12251]  ? __might_fault+0x177/0x1b0
[  104.952501][T12251]  video_usercopy+0x118/0xf80
[  104.954076][T12251]  ? v4l_s_fmt+0xa60/0xa60
[  104.955519][T12251]  ? v4l_enumstd+0x60/0x60
[  104.956936][T12251]  ? __kasan_slab_free+0x11d/0x160
[  104.958590][T12251]  ? tomoyo_execute_permission+0x4e0/0x4e0
[  104.960517][T12251]  v4l2_ioctl+0x1c0/0x270
[  104.961953][T12251]  ? v4l2_prio_init+0x20/0x20
[  104.963380][T12251]  do_vfs_ioctl+0x19d/0x10d0
[  104.964845][T12251]  ? ioctl_preallocate+0x1f0/0x1f0
[  104.966499][T12251]  ? __fget+0x344/0x540
[  104.967759][T12251]  ? do_dup2+0x4f0/0x4f0
[  104.969074][T12251]  ? ktime_get_ts64+0x1e0/0x2f0
[  104.970634][T12251]  ksys_ioctl+0x84/0x90
[  104.971893][T12251]  __x64_sys_ioctl+0x6f/0xb0
[  104.973300][T12251]  do_syscall_64+0x9d/0x5a0
[  104.974671][T12251]  entry_SYSCALL_64_after_hwframe+0x49/0xbe
[  104.976490][T12251] RIP: 0033:0x45de59
[  104.977717][T12251] Code: Bad RIP value.
[  104.978982][T12251] RSP: 002b:00007fc25a43ac78 EFLAGS: 00000246 ORIG_RAX: 0000000000000010
[  104.981685][T12251] RAX: ffffffffffffffda RBX: 000000000001c840 RCX: 000000000045de59
[  104.984278][T12251] RDX: 0000000020000140 RSI: 00000000c0145608 RDI: 0000000000000003
[  104.986733][T12251] RBP: 000000000118bf60 R08: 0000000000000000 R09: 0000000000000000
[  104.989277][T12251] R10: 0000000000000000 R11: 0000000000000246 R12: 000000000118bf2c
[  104.991743][T12251] R13: 00007ffd7f7e302f R14: 00007fc25a43b9c0 R15: 000000000118bf2c
[  104.997147][ T9977] Node 1 active_anon:6628kB inactive_anon:20kB active_file:12kB inactive_file:16kB unevictable:4kB isolated(anon):0kB isolated(file):0kB mapped:34816kB dirty:0kB writeback:0kB shmem:48kB shmem_thp: 0kB shmem_pmdmapped: 0kB anon_thp: 0kB writeback_tmp:0kB unstable:0kB all_unreclaimable? yes
[  105.005948][ T9977] Node 0 DMA free:2152kB min:712kB low:888kB high:1064kB active_anon:8kB inactive_anon:0kB active_file:0kB inactive_file:0kB unevictable:0kB writepending:0kB present:15992kB managed:15908kB mlocked:0kB kernel_stack:0kB pagetables:28kB bounce:0kB free_pcp:0kB local_pcp:0kB free_cma:0kB
[  105.016915][ T9977] lowmem_reserve[]: 0 449 449 449 449
[  105.018722][ T9977] Node 0 DMA32 free:16008kB min:32920kB low:38076kB high:43232kB active_anon:33500kB inactive_anon:19592kB active_file:8kB inactive_file:20kB unevictable:8kB writepending:0kB present:1032192kB managed:465724kB mlocked:8kB kernel_stack:6848kB pagetables:1756kB bounce:0kB free_pcp:208kB local_pcp:208kB free_cma:0kB
[  105.028058][ T9977] lowmem_reserve[]: 0 0 0 0 0
[  105.029648][ T9977] Node 1 DMA32 free:23080kB min:46232kB low:57788kB high:69344kB active_anon:6628kB inactive_anon:20kB active_file:12kB inactive_file:16kB unevictable:4kB writepending:0kB present:1048448kB managed:1031988kB mlocked:4kB kernel_stack:192kB pagetables:348kB bounce:0kB free_pcp:252kB local_pcp:252kB free_cma:0kB
[  105.040834][ T9977] lowmem_reserve[]: 0 0 0 0 0
[  105.042610][ T9977] Node 0 DMA: 0*4kB 1*8kB (M) 2*16kB (UM) 2*32kB (UM) 2*64kB (UM) 1*128kB (M) 1*256kB (M) 1*512kB (M) 1*1024kB (M) 0*2048kB 0*4096kB = 2152kB
[  105.047423][ T9977] Node 0 DMA32: 698*4kB (UME) 346*8kB (UME) 195*16kB (UME) 93*32kB (UME) 44*64kB (UME) 12*128kB (UME) 0*256kB 0*512kB 0*1024kB 0*2048kB 0*4096kB = 16008kB
[  105.057592][ T9977] Node 1 DMA32: 78*4kB (UME) 48*8kB (UME) 33*16kB (ME) 23*32kB (ME) 14*64kB (UME) 8*128kB (UME) 5*256kB (ME) 7*512kB (UM) 8*1024kB (UME) 3*2048kB (M) 0*4096kB = 23080kB
[  105.064018][ T9977] Node 0 hugepages_total=0 hugepages_free=0 hugepages_surp=0 hugepages_size=2048kB
[  105.067555][ T9977] Node 1 hugepages_total=0 hugepages_free=0 hugepages_surp=0 hugepages_size=2048kB
[  105.071451][ T9977] 5102 total pagecache pages
[  105.077389][ T9977] 0 pages in swap cache
[  105.078776][ T9977] Swap cache stats: add 0, delete 0, find 0/0
[  105.080769][ T9977] Free swap  = 0kB
[  105.082011][ T9977] Total swap = 0kB
[  105.083316][ T9977] 524158 pages RAM
[  105.084542][ T9977] 0 pages HighMem/MovableOnly
[  105.086090][ T9977] 145753 pages reserved
[  105.087451][ T9977] 0 pages cma reserved
[  105.088783][ T9977] Unreclaimable slab info:
[  105.090246][ T9977] Name                      Used          Total
[  105.092289][ T9977] pid_2                     20KB         20KB
[  105.096798][ T9977] rxe-mr                     3KB          3KB
[  105.098817][ T9977] rxe-qp                    29KB         29KB
[  105.100815][ T9977] bio-3                      3KB          3KB
[  105.102944][ T9977] batadv_tt_change_cache          4KB          4KB
[  105.105085][ T9977] batadv_tl_cache            4KB          4KB
[  105.107090][ T9977] TIPC                      15KB         15KB
[  105.109076][ T9977] SCTPv6                    30KB         30KB
[  105.111110][ T9977] DCCPv6                    30KB         30KB
[  105.115683][T12251] Mem-Info:
[  105.116735][T12251] active_anon:10034 inactive_anon:4903 isolated_anon:0
[  105.116735][T12251]  active_file:5 inactive_file:9 isolated_file:0
[  105.116735][T12251]  unevictable:3 dirty:0 writeback:0 unstable:0
[  105.116735][T12251]  slab_reclaimable:10241 slab_unreclaimable:32506
[  105.116735][T12251]  mapped:9260 shmem:5088 pagetables:533 bounce:0
[  105.116735][T12251]  free:10310 free_pcp:114 free_cma:0
[  105.128969][ T9977] DCCP                      30KB         30KB
[  105.131009][ T9977] RXRPC                     30KB         30KB
[  105.135475][T12251] Node 0 active_anon:33508kB inactive_anon:19592kB active_file:8kB inactive_file:20kB unevictable:8kB isolated(anon):0kB isolated(file):0kB mapped:2224kB dirty:0kB writeback:0kB shmem:20304kB shmem_thp: 0kB shmem_pmdmapped: 0kB anon_thp: 4096kB writeback_tmp:0kB unstable:0kB all_unreclaimable? yes
[  105.144927][ T9977] rxrpc_call_jar            30KB         30KB
[  105.146950][ T9977] bridge_fdb_cache           3KB          3KB
[  105.148940][ T9977] fib6_nodes                28KB         28KB
[  105.150952][ T9977] ip6_dst_cache             56KB         56KB
[  105.156273][ T9977] RAWv6                     30KB         30KB
[  105.158919][ T9977] UDPv6                     45KB         45KB
[  105.161615][ T9977] TCPv6                     30KB         30KB
[  105.163670][T12251] Node 1 active_anon:6628kB inactive_anon:20kB active_file:12kB inactive_file:16kB unevictable:4kB isolated(anon):0kB isolated(file):0kB mapped:34816kB dirty:0kB writeback:0kB shmem:48kB shmem_thp: 0kB shmem_pmdmapped: 0kB anon_thp: 0kB writeback_tmp:0kB unstable:0kB all_unreclaimable? yes
[  105.174985][ T9977] nf_conntrack               7KB          7KB
[  105.176858][ T9977] t10_alua_lu_gp_cache          3KB          3KB
[  105.179024][T12251] Node 0 DMA free:2152kB min:712kB low:888kB high:1064kB active_anon:8kB inactive_anon:0kB active_file:0kB inactive_file:0kB unevictable:0kB writepending:0kB present:15992kB managed:15908kB mlocked:0kB kernel_stack:0kB pagetables:28kB bounce:0kB free_pcp:0kB local_pcp:0kB free_cma:0kB
[  105.187911][ T9977] scsi_sense_cache           4KB          4KB
[  105.189851][ T9977] sd_ext_cdb                 3KB          3KB
[  105.191775][ T9977] virtio_scsi_cmd           16KB         16KB
[  105.196112][ T9977] sgpool-128                89KB         89KB
[  105.198078][ T9977] sgpool-64                 31KB         31KB
[  105.200062][ T9977] sgpool-32                 47KB         47KB
[  105.202082][ T9977] sgpool-16                 22KB         22KB
[  105.204235][T12251] lowmem_reserve[]: 0 449 449 449 449
[  105.206064][T12251] Node 0 DMA32 free:16008kB min:32920kB low:38076kB high:43232kB active_anon:33484kB inactive_anon:19592kB active_file:8kB inactive_file:20kB unevictable:8kB writepending:0kB present:1032192kB managed:465724kB mlocked:8kB kernel_stack:6848kB pagetables:1752kB bounce:0kB free_pcp:204kB local_pcp:204kB free_cma:0kB
[  105.218082][ T9977] sgpool-8                  33KB         33KB
[  105.220024][ T9977] mqueue_inode_cache         15KB         15KB
[  105.221986][ T9977] f2fs_bio_post_read_ctx         15KB         15KB
[  105.224099][T12251] lowmem_reserve[]: 0 0 0 0 0
[  105.225603][T12251] Node 1 DMA32 free:23080kB min:46232kB low:57788kB high:69344kB active_anon:6628kB inactive_anon:20kB active_file:16kB inactive_file:12kB unevictable:4kB writepending:0kB present:1048448kB managed:1031988kB mlocked:4kB kernel_stack:192kB pagetables:348kB bounce:0kB free_pcp:256kB local_pcp:256kB free_cma:0kB
[  105.237703][ T9977] bio-2                     15KB         15KB
[  105.239658][ T9977] jfs_mp                     7KB          7KB
[  105.241682][ T9977] cifs_small_rq             16KB         16KB
[  105.243682][ T9977] cifs_request              67KB         67KB
[  105.245724][ T9977] cifs_mpx_ids               3KB          3KB
[  105.247656][ T9977] nfs_commit_data            7KB          7KB
[  105.249712][ T9977] nfs_write_data            32KB         32KB
[  105.251784][ T9977] jbd2_inode                 3KB          3KB
[  105.256334][T12251] lowmem_reserve[]: 0 0 0 0 0
[  105.257964][T12251] Node 0 DMA: 0*4kB 1*8kB (M) 2*16kB (UM) 2*32kB (UM) 2*64kB (UM) 1*128kB (M) 1*256kB (M) 1*512kB (M) 1*1024kB (M) 0*2048kB 0*4096kB = 2152kB
[  105.263248][ T9977] ext4_system_zone           3KB          3KB
[  105.265327][ T9977] ext4_bio_post_read_ctx         15KB         15KB
[  105.267552][ T9977] bio-1                      3KB          3KB
[  105.269618][ T9977] pid_namespace              3KB          3KB
[  105.271795][ T9977] posix_timers_cache          3KB          3KB
[  105.276349][T12251] Node 0 DMA32: 698*4kB (UME) 346*8kB (UME) 195*16kB (UME) 93*32kB (UME) 44*64kB (UME) 12*128kB (UME) 0*256kB 0*512kB 0*1024kB 0*2048kB 0*4096kB = 16008kB
[  105.281955][T12251] Node 1 DMA32: 78*4kB (UME) 48*8kB (UME) 33*16kB (ME) 23*32kB (ME) 14*64kB (UME) 8*128kB (UME) 5*256kB (ME) 7*512kB (UM) 8*1024kB (UME) 3*2048kB (M) 0*4096kB = 23080kB
[  105.287757][ T9977] rpc_buffers               31KB         31KB
[  105.289837][ T9977] rpc_tasks                  3KB          3KB
[  105.291905][ T9977] UNIX                     308KB        431KB
[  105.296458][T12251] Node 0 hugepages_total=0 hugepages_free=0 hugepages_surp=0 hugepages_size=2048kB
[  105.300247][T12251] Node 1 hugepages_total=0 hugepages_free=0 hugepages_surp=0 hugepages_size=2048kB
[  105.303572][ T9977] tcp_bind_bucket            4KB          4KB
[  105.305650][ T9977] ip_fib_trie                8KB          8KB
[  105.307713][ T9977] ip_fib_alias              19KB         19KB
[  105.309793][ T9977] ip_dst_cache               4KB          4KB
[  105.311852][ T9977] RAW                       15KB         15KB
[  105.316399][T12251] 5102 total pagecache pages
[  105.317982][T12251] 0 pages in swap cache
[  105.319405][T12251] Swap cache stats: add 0, delete 0, find 0/0
[  105.321339][T12251] Free swap  = 0kB
[  105.322667][T12251] Total swap = 0kB
[  105.323932][T12251] 524158 pages RAM
[  105.325204][T12251] 0 pages HighMem/MovableOnly
[  105.326791][T12251] 145753 pages reserved
[  105.328198][T12251] 0 pages cma reserved
[  105.334842][ T9977] UDP                      106KB        106KB
[  105.336926][ T9977] request_sock_TCP           3KB          3KB
[  105.338996][ T9977] TCP                       30KB         30KB
[  105.341049][ T9977] hugetlbfs_inode_cache         15KB         15KB
[  105.382860][ T9977] fscache_cookie_jar          3KB          3KB
[  105.385178][ T9977] eventpoll_pwq             23KB         23KB
[  105.387178][ T9977] eventpoll_epi             47KB         47KB
[  105.389185][ T9977] inotify_inode_mark         11KB         11KB
[  105.391278][ T9977] request_queue            212KB        212KB
[  105.422415][ T9977] blkdev_ioc                11KB         11KB
[  105.424301][ T9977] bio-0                    122KB        135KB
[  105.426281][ T9977] biovec-max               833KB        833KB
[  105.428198][ T9977] biovec-64                141KB        141KB
[  105.430235][ T9977] biovec-16                 22KB         22KB
[  105.432175][ T9977] bio_integrity_payload          3KB          3KB
[  105.462809][ T9977] khugepaged_mm_slot          7KB          7KB
[  105.464845][ T9977] uid_cache                  4KB          4KB
[  105.466716][ T9977] dmaengine-unmap-2          4KB          4KB
[  105.468569][ T9977] audit_buffer               3KB          3KB
[  105.470495][ T9977] skbuff_ext_cache           4KB          4KB
[  105.492598][ T9977] skbuff_fclone_cache         97KB         97KB
[  105.494611][ T9977] skbuff_head_cache        106KB        123KB
[  105.496520][ T9977] configfs_dir_cache          4KB          4KB
[  105.498396][ T9977] file_lock_cache           50KB         69KB
[  105.500280][ T9977] file_lock_ctx             11KB         11KB
[  105.502220][ T9977] fsnotify_mark_connector          7KB          7KB
[  105.532880][ T9977] net_namespace             27KB         27KB
[  105.534939][ T9977] task_delay_info          137KB        253KB
[  105.536912][ T9977] taskstats                 11KB         11KB
[  105.538938][ T9977] proc_dir_entry           341KB        341KB
[  105.540905][ T9977] pde_opener                11KB         11KB
[  105.562803][ T9977] seq_file                  55KB         55KB
[  105.564867][ T9977] sigqueue                  11KB         11KB
[  105.566902][ T9977] shmem_inode_cache       8286KB       8302KB
[  105.568885][ T9977] kernfs_iattrs_cache         11KB         11KB
[  105.570958][ T9977] kernfs_node_cache      16297KB      16297KB
[  105.588100][ T9977] mnt_cache                 67KB         67KB
[  105.590048][ T9977] filp                    1200KB       1237KB
[  105.591892][ T9977] names_cache            21832KB      22253KB
[  105.613062][ T9977] iint_cache                65KB        103KB
[  105.615425][ T9977] lsm_file_cache           204KB        213KB
[  105.617302][ T9977] key_jar                    7KB          7KB
[  105.619224][ T9977] uts_namespace              3KB          3KB
[  105.621055][ T9977] nsproxy                    3KB          3KB
[  105.639800][ T9977] vm_area_struct           594KB        769KB
[  105.641837][ T9977] mm_struct                164KB        277KB
[  105.652589][ T9977] fs_cache                  20KB         48KB
[  105.654566][ T9977] files_cache               69KB        157KB
[  105.656382][ T9977] signal_cache             370KB       1122KB
[  105.658205][ T9977] sighand_cache            571KB        571KB
[  105.660022][ T9977] task_struct             2192KB       3648KB
[  105.662159][ T9977] cred_jar                 416KB        416KB
[  105.672570][ T9977] anon_vma_chain           170KB        267KB
[  105.674495][ T9977] anon_vma                 181KB        211KB
[  105.676428][ T9977] pid                       78KB        220KB
[  105.678401][ T9977] Acpi-Operand              76KB        118KB
[  105.680307][ T9977] Acpi-ParseExt             15KB         15KB
[  105.682203][ T9977] Acpi-Parse                51KB         90KB
[  105.702403][ T9977] Acpi-State                15KB         51KB
[  105.704490][ T9977] Acpi-Namespace            24KB         24KB
[  105.706491][ T9977] numa_policy                3KB          3KB
[  105.708480][ T9977] trace_event_file         338KB        338KB
[  105.710497][ T9977] ftrace_event_field        456KB        456KB
[  105.722366][ T9977] pool_workqueue           102KB        104KB
[  105.724272][ T9977] vmap_area                212KB        212KB
[  105.726217][ T9977] debug_objects_cache        763KB        966KB
[  105.728271][ T9977] page->ptl                154KB        201KB
[  105.730141][ T9977] dma-kmalloc-512            8KB          8KB
[  105.732007][ T9977] kmalloc-8k              2496KB       2624KB
[  105.752648][ T9977] kmalloc-4k             21880KB      25184KB
[  105.754677][ T9977] kmalloc-2k              9600KB      10144KB
[  105.756541][ T9977] kmalloc-1k              4228KB       4608KB
[  105.758544][ T9977] kmalloc-512             2643KB       4056KB
[  105.760509][ T9977] kmalloc-256             3599KB       3704KB
[  105.772602][ T9977] kmalloc-192              446KB        828KB
[  105.774547][ T9977] kmalloc-128              573KB        588KB
[  105.776395][ T9977] kmalloc-96              1609KB       1640KB
[  105.778330][ T9977] kmalloc-64              2910KB       3064KB
[  105.780229][ T9977] kmalloc-32               217KB        256KB
[  105.782249][ T9977] kmalloc-16               182KB        192KB
[  105.792588][ T9977] kmalloc-8                368KB        382KB
[  105.794945][ T9977] kmem_cache_node          180KB        181KB
[  105.796972][ T9977] kmem_cache               300KB        300KB
[  105.799036][ T9977] Tasks state (memory values in pages):
[  105.800988][ T9977] [  pid  ]   uid  tgid total_vm      rss pgtables_bytes swapents oom_score_adj name
[  105.822376][ T9977] [   5949]     0  5949    11523     1189   135168        0             0 systemd-journal
[  105.825754][ T9977] [   5956]     0  5956    11221      557   114688        0         -1000 systemd-udevd
[  105.828922][ T9977] [   6032]     0  6032     5114      279    69632        0             0 dhclient
[  105.832019][ T9977] [   6053]   100  6053    31821      122   147456        0             0 systemd-timesyn
[  105.842360][ T9977] [   9614]     0  9614    63582      384   147456        0             0 rsyslogd
[  105.845447][ T9977] [   9616]     0  9616     6998       58   102400        0             0 cron
[  105.848355][ T9977] [   9623]     0  9623    17489      188   176128        0         -1000 sshd
[  105.851227][ T9977] [   9626]     0  9626     3220       31    73728        0             0 agetty
[  105.872549][ T9977] [   9627]     0  9627     3220       33    73728        0             0 agetty
[  105.875555][ T9977] [   9628]     0  9628     3220       32    73728        0             0 agetty
[  105.878508][ T9977] [   9629]     0  9629     3220       32    73728        0             0 agetty
[  105.881455][ T9977] [   9630]     0  9630     3220       33    65536        0             0 agetty
[  105.892540][ T9977] [   9631]     0  9631     3164       32    73728        0             0 agetty
[  105.902841][ T9977] [   9632]     0  9632     3220       32    69632        0             0 agetty
[  105.905794][ T9977] [   9738]     0  9738     6371       53    94208        0             0 rdma-ndd
[  105.908749][ T9977] [   9915]     0  9915    23217      232   221184        0             0 sshd
[  105.911635][ T9977] [   9921]     0  9921   220904     7067   421888        0             0 syz-fuzzer
[  105.932489][ T9977] [   9974]     0  9974    21239       18   118784        0             0 syz-executor.0
[  105.935604][ T9977] [   9977]     0  9977    23287     8492   126976        0             0 syz-executor.0
[  105.938684][ T9977] [  12251]     0 12250    23419     8704   143360        0          1000 syz-executor.0
[  105.943173][ T9977] oom-kill:constraint=CONSTRAINT_NONE,nodemask=(null),cpuset=/,mems_allowed=0-1,global_oom,task_memcg=/,task=syz-executor.0,pid=9977,uid=0
[  105.947827][ T9977] Out of memory: Killed process 9977 (syz-executor.0) total-vm:93148kB, anon-rss:112kB, file-rss:33856kB, shmem-rss:0kB, UID:0 pgtables:126976kB oom_score_adj:0
[  105.972665][ T2006] oom_reaper: reaped process 9977 (syz-executor.0), now anon-rss:0kB, file-rss:33856kB, shmem-rss:0kB
11:41:12 executing program 0:
r0 = syz_open_dev$vivid(&(0x7f0000000000)='/dev/video#\x00', 0x1, 0x2)
ioctl$VIDIOC_LOG_STATUS(r0, 0x5646, 0x0)
ioctl$VIDIOC_S_AUDOUT(r0, 0x40345632, &(0x7f0000000040)={0x8, "e05129a49c1f8e38a7fbaab7e289d7db63c85cc8cca158377604eef7d890f94c", 0x0, 0x1})

[  106.677120][ T3743] batman_adv: batadv0: Interface deactivated: batadv_slave_0
[  106.679430][ T3743] batman_adv: batadv0: Removing interface: batadv_slave_0
[  106.682070][ T3743] batman_adv: batadv0: Interface deactivated: batadv_slave_1
[  106.685522][ T3743] batman_adv: batadv0: Removing interface: batadv_slave_1
[  106.688220][ T3743] device bridge_slave_1 left promiscuous mode
[  106.690174][ T3743] bridge0: port 2(bridge_slave_1) entered disabled state
[  106.694289][ T3743] device bridge_slave_0 left promiscuous mode
[  106.696348][ T3743] bridge0: port 1(bridge_slave_0) entered disabled state
[  106.701444][ T3743] device veth1_macvtap left promiscuous mode
[  106.705818][ T3743] device veth0_macvtap left promiscuous mode
[  106.708388][ T3743] device veth1_vlan left promiscuous mode
[  106.710869][ T3743] device veth0_vlan left promiscuous mode
[  106.932764][ T3743] device hsr_slave_0 left promiscuous mode
[  106.934772][ T3743] device hsr_slave_1 left promiscuous mode
[  106.941541][ T3743] team0 (unregistering): Port device team_slave_1 removed
[  106.947759][ T3743] team0 (unregistering): Port device team_slave_0 removed
[  106.951393][ T3743] bond0 (unregistering): (slave bond_slave_1): Releasing backup interface
[  106.958014][ T3743] bond0 (unregistering): (slave bond_slave_0): Releasing backup interface
[  106.971389][ T3743] bond0 (unregistering): Released all slaves
[  108.577518][T12278] IPVS: ftp: loaded support on port[0] = 21
[  108.728281][T12278] chnl_net:caif_netlink_parms(): no params data found
[  108.767475][T12278] bridge0: port 1(bridge_slave_0) entered blocking state
[  108.771687][T12278] bridge0: port 1(bridge_slave_0) entered disabled state
[  108.775863][T12278] device bridge_slave_0 entered promiscuous mode
[  108.778672][T12278] bridge0: port 2(bridge_slave_1) entered blocking state
[  108.780942][T12278] bridge0: port 2(bridge_slave_1) entered disabled state
[  108.784760][T12278] device bridge_slave_1 entered promiscuous mode
[  108.795285][T12278] bond0: (slave bond_slave_0): Enslaving as an active interface with an up link
[  108.799085][T12278] bond0: (slave bond_slave_1): Enslaving as an active interface with an up link
[  108.809977][T12278] team0: Port device team_slave_0 added
[  108.813695][T12278] team0: Port device team_slave_1 added
[  108.822898][T12278] batman_adv: batadv0: Adding interface: batadv_slave_0
[  108.825282][T12278] batman_adv: batadv0: The MTU of interface batadv_slave_0 is too small (1500) to handle the transport of batman-adv packets. Packets going over this interface will be fragmented on layer2 which could impact the performance. Setting the MTU to 1560 would solve the problem.
[  108.835395][T12278] batman_adv: batadv0: Not using interface batadv_slave_0 (retrying later): interface not active
[  108.839362][T12278] batman_adv: batadv0: Adding interface: batadv_slave_1
[  108.841687][T12278] batman_adv: batadv0: The MTU of interface batadv_slave_1 is too small (1500) to handle the transport of batman-adv packets. Packets going over this interface will be fragmented on layer2 which could impact the performance. Setting the MTU to 1560 would solve the problem.
[  108.851027][T12278] batman_adv: batadv0: Not using interface batadv_slave_1 (retrying later): interface not active
[  108.864263][T12278] device hsr_slave_0 entered promiscuous mode
[  108.866802][T12278] device hsr_slave_1 entered promiscuous mode
[  108.910131][T12278] bridge0: port 2(bridge_slave_1) entered blocking state
[  108.912492][T12278] bridge0: port 2(bridge_slave_1) entered forwarding state
[  108.914921][T12278] bridge0: port 1(bridge_slave_0) entered blocking state
[  108.917138][T12278] bridge0: port 1(bridge_slave_0) entered forwarding state
[  108.937271][T12278] 8021q: adding VLAN 0 to HW filter on device bond0
[  108.943867][    T5] IPv6: ADDRCONF(NETDEV_CHANGE): veth0: link becomes ready
[  108.946669][    T5] bridge0: port 1(bridge_slave_0) entered disabled state
[  108.949427][    T5] bridge0: port 2(bridge_slave_1) entered disabled state
[  108.953691][    T5] IPv6: ADDRCONF(NETDEV_CHANGE): bond0: link becomes ready
[  108.959489][T12278] 8021q: adding VLAN 0 to HW filter on device team0
[  108.964710][    T5] IPv6: ADDRCONF(NETDEV_CHANGE): bridge_slave_0: link becomes ready
[  108.967576][    T5] bridge0: port 1(bridge_slave_0) entered blocking state
[  108.969932][    T5] bridge0: port 1(bridge_slave_0) entered forwarding state
[  108.983435][    T7] IPv6: ADDRCONF(NETDEV_CHANGE): bridge_slave_1: link becomes ready
[  108.986469][    T7] bridge0: port 2(bridge_slave_1) entered blocking state
[  108.988773][    T7] bridge0: port 2(bridge_slave_1) entered forwarding state
[  108.991511][    T7] IPv6: ADDRCONF(NETDEV_CHANGE): team_slave_0: link becomes ready
[  108.996183][    T7] IPv6: ADDRCONF(NETDEV_CHANGE): team_slave_1: link becomes ready
[  108.999089][    T7] IPv6: ADDRCONF(NETDEV_CHANGE): hsr_slave_0: link becomes ready
[  109.002827][    T7] IPv6: ADDRCONF(NETDEV_CHANGE): hsr_slave_1: link becomes ready
[  109.006302][T12278] IPv6: ADDRCONF(NETDEV_CHANGE): hsr0: link becomes ready
[  109.013832][    T7] IPv6: ADDRCONF(NETDEV_CHANGE): team0: link becomes ready
[  109.018192][    T7] IPv6: ADDRCONF(NETDEV_CHANGE): vxcan1: link becomes ready
[  109.020520][    T7] IPv6: ADDRCONF(NETDEV_CHANGE): vxcan0: link becomes ready
[  109.025034][T12278] 8021q: adding VLAN 0 to HW filter on device batadv0
[  109.052318][    T7] IPv6: ADDRCONF(NETDEV_CHANGE): veth0_virt_wifi: link becomes ready
[  109.060388][    T7] IPv6: ADDRCONF(NETDEV_CHANGE): veth0_vlan: link becomes ready
[  109.064088][    T7] IPv6: ADDRCONF(NETDEV_CHANGE): vlan0: link becomes ready
[  109.066791][    T7] IPv6: ADDRCONF(NETDEV_CHANGE): vlan1: link becomes ready
[  109.069919][T12278] device veth0_vlan entered promiscuous mode
[  109.075151][T12278] device veth1_vlan entered promiscuous mode
[  109.083807][    T7] IPv6: ADDRCONF(NETDEV_CHANGE): macvlan0: link becomes ready
[  109.086448][    T7] IPv6: ADDRCONF(NETDEV_CHANGE): macvlan1: link becomes ready
[  109.089342][    T7] IPv6: ADDRCONF(NETDEV_CHANGE): veth0_macvtap: link becomes ready
[  109.094346][T12278] device veth0_macvtap entered promiscuous mode
[  109.097510][T12278] device veth1_macvtap entered promiscuous mode
[  109.105215][T12278] batman_adv: batadv0: Interface activated: batadv_slave_0
[  109.107559][    T7] IPv6: ADDRCONF(NETDEV_CHANGE): veth0_to_batadv: link becomes ready
[  109.110864][    T7] IPv6: ADDRCONF(NETDEV_CHANGE): macvtap0: link becomes ready
[  109.116431][T12278] batman_adv: batadv0: Interface activated: batadv_slave_1
[  109.122658][    T7] IPv6: ADDRCONF(NETDEV_CHANGE): veth1_to_batadv: link becomes ready
[  109.197729][T12278] ieee80211 phy5: Selected rate control algorithm 'minstrel_ht'
[  109.215019][    T8] wlan0: Created IBSS using preconfigured BSSID 50:50:50:50:50:50
[  109.220038][    T8] wlan0: Creating new IBSS network, BSSID 50:50:50:50:50:50
[  109.228990][T12278] ieee80211 phy6: Selected rate control algorithm 'minstrel_ht'
[  109.239415][ T9754] IPv6: ADDRCONF(NETDEV_CHANGE): wlan0: link becomes ready
[  109.250751][    T8] wlan1: Created IBSS using preconfigured BSSID 50:50:50:50:50:50
[  109.254293][    T8] wlan1: Creating new IBSS network, BSSID 50:50:50:50:50:50
[  109.256783][    T7] IPv6: ADDRCONF(NETDEV_CHANGE): wlan1: link becomes ready
[  109.287168][T12523] vivid-000: =================  START STATUS  =================
[  109.292561][T12523] v4l2-ctrls: vivid-000: Enable Output Cropping: true
[  109.296924][T12523] v4l2-ctrls: vivid-000: Enable Output Composing: true
[  109.301382][T12523] v4l2-ctrls: vivid-000: Enable Output Scaler: true
[  109.306667][T12523] v4l2-ctrls: vivid-000: Tx RGB Quantization Range: Automatic
[  109.313000][T12523] v4l2-ctrls: vivid-000: Transmit Mode: HDMI
[  109.316048][T12523] v4l2-ctrls: vivid-000: Display Present: true inactive
[  109.325495][T12523] v4l2-ctrls: vivid-000: Hotplug Present: 0x00000001
[  109.329984][T12523] v4l2-ctrls: vivid-000: RxSense Present: 0x00000001
[  109.335656][T12523] v4l2-ctrls: vivid-000: EDID Present: 0x00000001
[  109.337810][T12523] vivid-000: ==================  END STATUS  ==================
11:41:15 executing program 0:
openat$vicodec0(0xffffffffffffff9c, &(0x7f0000000000)='/dev/video36\x00', 0x2, 0x0)
syz_open_dev$radio(&(0x7f0000000100)='/dev/radio#\x00', 0x2, 0x2)

11:41:15 executing program 0:
r0 = syz_open_dev$swradio(&(0x7f0000000480)='/dev/swradio#\x00', 0x1, 0x2)
ioctl$VIDIOC_SUBSCRIBE_EVENT(r0, 0x4020565a, &(0x7f00000004c0)={0x3, 0x28000000})
ioctl$VIDIOC_UNSUBSCRIBE_EVENT(r0, 0x4020565b, &(0x7f0000000540))
ioctl$VIDIOC_SUBDEV_G_SELECTION(r0, 0xc040563d, &(0x7f0000000000)={0x0, 0x0, 0x103, 0x2, {0x4, 0x3, 0x36f, 0x5}})

11:41:15 executing program 0:
syz_open_dev$vivid(&(0x7f00000000c0)='/dev/video#\x00', 0x1, 0x2)

11:41:16 executing program 0:
r0 = syz_open_dev$swradio(&(0x7f0000000200)='/dev/swradio#\x00', 0x0, 0x2)
ioctl$VIDIOC_UNSUBSCRIBE_EVENT(r0, 0x4020565b, &(0x7f0000000100)={0x3})
r1 = syz_open_dev$swradio(&(0x7f0000000200)='/dev/swradio#\x00', 0x0, 0x2)
ioctl$VIDIOC_UNSUBSCRIBE_EVENT(r1, 0x4020565b, &(0x7f0000000100)={0x3})
ioctl$VIDIOC_S_FREQUENCY(r1, 0x402c5639, &(0x7f0000000240)={0x1000, 0x3, 0x2})
ioctl$VIDIOC_S_FMT(r0, 0xc0d05605, &(0x7f0000000040)={0x6, @pix={0xce, 0xfff, 0x44495658, 0x0, 0x8, 0x1, 0x0, 0x907, 0x1, 0x4, 0x0, 0x5}})
ioctl$VIDIOC_G_SLICED_VBI_CAP(r0, 0xc0745645, &(0x7f0000000180)={0x3, [0x4, 0x4, 0x4, 0x2, 0xfff7, 0x0, 0x3, 0x0, 0x200, 0xff, 0x2, 0xbe5, 0x401, 0x6, 0x3, 0x9, 0x5ada, 0x0, 0x82, 0x20, 0x5, 0xc76d, 0x39, 0x6, 0x8, 0x29, 0xffff, 0xfffd, 0x3ff, 0x534f, 0x41f9, 0x3, 0xcfa2, 0x1ff, 0x5, 0x3ff, 0x1, 0xffc, 0x4, 0x5, 0x8, 0x401, 0x3, 0x5, 0x3, 0x3, 0x6, 0x9], 0x2})
r2 = syz_open_dev$radio(&(0x7f0000000000)='/dev/radio#\x00', 0x1, 0x2)
ioctl$VIDIOC_UNSUBSCRIBE_EVENT(r2, 0x4020565b, &(0x7f0000000080)={0x5})
r3 = openat$vimc1(0xffffffffffffff9c, &(0x7f0000000000)='/dev/video1\x00', 0x2, 0x0)
ioctl$VIDIOC_REQBUFS(r3, 0xc0145608, &(0x7f0000000140)={0xfff, 0x1, 0x1})

11:41:16 executing program 0:
ioctl$VIDIOC_SUBDEV_ENUM_FRAME_SIZE(0xffffffffffffffff, 0xc040564a, &(0x7f0000000000)={0x1f, 0x0, 0x47cbe1c942582e0a, 0x7, 0x8, 0x0, 0x5})
syz_open_dev$vivid(&(0x7f00000000c0)='/dev/video#\x00', 0x2, 0x2)

11:41:16 executing program 0:
openat$vicodec1(0xffffffffffffff9c, &(0x7f0000000000)='/dev/video37\x00', 0x2, 0x0)
r0 = openat$vimc2(0xffffffffffffff9c, &(0x7f0000000040)='/dev/video2\x00', 0x2, 0x0)
ioctl$VIDIOC_G_FBUF(r0, 0x8030560a, &(0x7f0000000100)={0x4, 0x36, &(0x7f0000000080)="55cc946adb3057594effaa0add8aa5c4d2ecefa2336c6be19b6724b5612f8f49ed821285762364a44c9cb05cf6ec0f83a97e5be17517b4fefa1f6c5a866be3d81f1f96595d63725db3665e75578f11b593627df0be704ea90c66b1fc6b", {0x101, 0x5, 0xb5315258, 0x1, 0x6, 0x8001, 0x8, 0xb69}})
syz_open_dev$cec(&(0x7f0000000140)='/dev/cec#\x00', 0x0, 0x2)
r1 = syz_open_dev$swradio(&(0x7f0000000200)='/dev/swradio#\x00', 0x0, 0x2)
ioctl$VIDIOC_UNSUBSCRIBE_EVENT(r1, 0x4020565b, &(0x7f0000000100)={0x3})
ioctl$VIDIOC_ENUM_DV_TIMINGS(r1, 0xc0945662, &(0x7f0000000240)={0x7, 0x0, [], {0x0, @reserved}})
r2 = syz_open_dev$swradio(&(0x7f0000000300)='/dev/swradio#\x00', 0x0, 0x2)
ioctl$VIDIOC_UNSUBSCRIBE_EVENT(r2, 0x4020565b, &(0x7f0000000100)={0x3})
ioctl$VIDIOC_DQEVENT(r2, 0x80885659, &(0x7f0000000180)={0x0, @data})

11:41:16 executing program 0:
r0 = syz_open_dev$radio(&(0x7f0000000040)='/dev/radio#\x00', 0x2, 0x2)
ioctl$VIDIOC_G_FREQUENCY(r0, 0xc02c5638, &(0x7f0000000140))
r1 = syz_open_dev$vbi(&(0x7f0000000000)='/dev/vbi#\x00', 0x1, 0x2)
ioctl$VIDIOC_SUBDEV_ENUM_FRAME_SIZE(r1, 0xc040564a, &(0x7f0000000080)={0x1ff, 0x0, 0x1008, 0x3, 0x1ff, 0xb9, 0x5, 0x1})

11:41:17 executing program 0:
r0 = syz_open_dev$vbi(&(0x7f0000000000)='/dev/vbi#\x00', 0x2, 0x2)
ioctl$VIDIOC_S_FMT(r0, 0xc0d05605, &(0x7f0000000080)={0x1, @pix_mp={0x0, 0x0, 0x4f565559, 0x0, 0xc, [{0x80000000, 0x94}, {0x5b, 0x4}, {0x3, 0x80}, {0x8e82, 0x5}, {0x4, 0xfff}, {}, {0x0, 0xfffffffd}], 0x1, 0xe5, 0x1, 0x6463370fc8777bad, 0x4}})
r1 = openat$vicodec1(0xffffffffffffff9c, &(0x7f0000000040)='/dev/video37\x00', 0x2, 0x0)
ioctl$VIDIOC_ENUM_FREQ_BANDS(r1, 0xc0405665, &(0x7f0000000180)={0x9, 0x1, 0x3, 0x1000, 0x7, 0xe6d, 0xc})
r2 = syz_open_dev$swradio(&(0x7f0000000200)='/dev/swradio#\x00', 0x0, 0x2)
ioctl$VIDIOC_UNSUBSCRIBE_EVENT(r2, 0x4020565b, &(0x7f0000000100)={0x3})
ioctl$VIDIOC_G_INPUT(r2, 0x80045626, &(0x7f00000001c0))

11:41:17 executing program 0:
r0 = syz_open_dev$vivid(&(0x7f0000000000)='/dev/video#\x00', 0x2, 0x2)
ioctl$VIDIOC_S_CROP(r0, 0x4014563c, &(0x7f00000000c0)={0x1})

11:41:17 executing program 0:
ioctl$VIDIOC_S_CROP(0xffffffffffffffff, 0x4014563c, &(0x7f00000000c0)={0xa, {0x9, 0x0, 0x8, 0xffffffff}})
r0 = openat$vicodec1(0xffffffffffffff9c, &(0x7f0000000000)='/dev/video37\x00', 0x2, 0x0)
ioctl$VIDIOC_STREAMON(r0, 0x40045612, &(0x7f0000000040)=0x8)
ioctl$VIDIOC_G_SELECTION(r0, 0xc040565e, &(0x7f0000000080)={0x1, 0x100})

11:41:17 executing program 0:
r0 = syz_open_dev$swradio(&(0x7f0000000200)='/dev/swradio#\x00', 0x0, 0x2)
ioctl$VIDIOC_UNSUBSCRIBE_EVENT(r0, 0x4020565b, &(0x7f0000000100)={0x3})
r1 = syz_open_dev$swradio(&(0x7f0000000200)='/dev/swradio#\x00', 0x0, 0x2)
ioctl$VIDIOC_UNSUBSCRIBE_EVENT(r1, 0x4020565b, &(0x7f0000000100)={0x3})
r2 = openat$vimc1(0xffffffffffffff9c, &(0x7f0000000000)='/dev/video1\x00', 0x2, 0x0)
ioctl$VIDIOC_G_ENC_INDEX(r2, 0x8818564c, &(0x7f0000001180))
r3 = syz_open_dev$vivid(&(0x7f00000000c0)='/dev/video#\x00', 0x2, 0x2)
ioctl$VIDIOC_S_INPUT(r3, 0xc0045627, &(0x7f0000000040))

11:41:17 executing program 0:
r0 = syz_open_dev$vivid(&(0x7f0000000000)='/dev/video#\x00', 0x1, 0x2)
ioctl$VIDIOC_S_AUDIO(r0, 0x40345622, &(0x7f0000000040)={0x1, "06a2bc9516e8ecdc4ce0af4f936135bfa8758b816a55c175ebdbd82806bd07a2", 0x2, 0x1})
ioctl$VIDIOC_DV_TIMINGS_CAP(r0, 0xc0905664, &(0x7f00000001c0)={0x0, 0x0, [], @raw_data=[0x0, 0x0, 0x0, 0x0, 0x0, 0x0, 0x0, 0x0, 0x0, 0x0, 0x0, 0x0, 0x0, 0x0, 0x0, 0x0, 0x0, 0x0, 0x0, 0x0, 0x0, 0x0, 0x0, 0x0, 0x0, 0x0, 0x4]})
r1 = syz_open_dev$swradio(&(0x7f0000000200)='/dev/swradio#\x00', 0x0, 0x2)
ioctl$VIDIOC_UNSUBSCRIBE_EVENT(r1, 0x4020565b, &(0x7f0000000100)={0x3})
ioctl$VIDIOC_REQBUFS(r1, 0xc0145608, &(0x7f00000002c0)={0xa2, 0x4, 0x3})
r2 = syz_open_dev$radio(&(0x7f00000000c0)='/dev/radio#\x00', 0x1, 0x2)
r3 = syz_open_dev$swradio(&(0x7f0000000200)='/dev/swradio#\x00', 0x0, 0x2)
ioctl$VIDIOC_UNSUBSCRIBE_EVENT(r3, 0x4020565b, &(0x7f0000000100)={0x3})
ioctl$VIDIOC_TRY_DECODER_CMD(r3, 0xc0485661, &(0x7f0000000300)={0x3, 0x2, @raw_data=[0x925d, 0xfffffffe, 0x81, 0x3f, 0x10200, 0xdc, 0xfff, 0x0, 0x0, 0x4, 0x80000000, 0x6, 0x77ec, 0x4, 0x9]})
ioctl$VIDIOC_STREAMON(r2, 0x40045612, &(0x7f0000000100)=0x8)
syz_open_dev$vbi(&(0x7f0000000180)='/dev/vbi#\x00', 0x0, 0x2)
ioctl$VIDIOC_G_SELECTION(r0, 0xc040565e, &(0x7f0000000080)={0xc, 0x2, 0x2, {0x2, 0x7fff, 0x4, 0x4}})
ioctl$VIDIOC_CROPCAP(r0, 0xc02c563a, &(0x7f0000000140)={0xc, {0xffff96c4, 0x6, 0x4, 0x1}, {0x7, 0x7fff, 0x2, 0xffffff01}, {0x8, 0x8001}})
ioctl$VIDIOC_ENUM_FMT(r2, 0xc0405602, &(0x7f0000000280)={0x7f, 0x8, 0x1, "fdc355abcc7c41c76d6be2f095a840dd065682387f8f846da1c7660d058fcc54", 0x20303159})

[  110.622306][    T7] Bluetooth: hci0: command 0x0409 tx timeout
11:41:17 executing program 0:
r0 = syz_open_dev$vivid(&(0x7f0000000100)='/dev/video#\x00', 0x0, 0x2)
ioctl$VIDIOC_TRY_FMT(r0, 0xc0d05640, &(0x7f0000000140)={0x3, @vbi={0x0, 0x0, 0x0, 0x0, [], [0x0, 0x7], 0x2}})
r1 = syz_open_dev$swradio(&(0x7f0000000200)='/dev/swradio#\x00', 0x0, 0x2)
r2 = syz_open_dev$swradio(&(0x7f0000000200)='/dev/swradio#\x00', 0x0, 0x2)
ioctl$VIDIOC_UNSUBSCRIBE_EVENT(r2, 0x4020565b, &(0x7f0000000100)={0x3})
ioctl$VIDIOC_S_FMT(r2, 0xc0d05605, &(0x7f0000000240)={0x8, @pix={0x0, 0x1, 0x31303553, 0x2, 0x2, 0x6, 0x0, 0xacf, 0x0, 0x8}})
ioctl$VIDIOC_UNSUBSCRIBE_EVENT(r1, 0x4020565b, &(0x7f0000000100)={0x3})
ioctl$VIDIOC_SUBDEV_ENUM_MBUS_CODE(r1, 0xc0305602, &(0x7f0000000000)={0x0, 0xcc, 0x2019, 0x1})
r3 = openat$vimc0(0xffffffffffffff9c, &(0x7f0000000040)='/dev/video0\x00', 0x2, 0x0)
ioctl$VIDIOC_SUBDEV_S_CROP(r3, 0xc038563c, &(0x7f0000000080)={0x1, 0x0, {0xcd1, 0x3, 0x5, 0x8000}})

11:41:17 executing program 0:
ioctl$VIDIOC_G_CTRL(0xffffffffffffffff, 0xc008561b, &(0x7f0000000180)={0x3, 0x8})
ioctl$VIDIOC_G_JPEGCOMP(0xffffffffffffffff, 0x808c563d, 0x0)
r0 = openat$vimc1(0xffffffffffffff9c, &(0x7f00000001c0)='/dev/video1\x00', 0x2, 0x0)
ioctl$VIDIOC_REQBUFS(r0, 0xc0145608, &(0x7f0000000140)={0x8001, 0x1, 0x1})
r1 = syz_open_dev$swradio(&(0x7f0000000200)='/dev/swradio#\x00', 0x0, 0x2)
ioctl$VIDIOC_UNSUBSCRIBE_EVENT(r1, 0x4020565b, &(0x7f0000000100)={0x3})
ioctl$VIDIOC_G_EDID(r1, 0xc0285628, &(0x7f00000000c0)={0x0, 0x8, 0x0, [], &(0x7f0000000080)=0x7f})
r2 = openat$vimc2(0xffffffffffffff9c, &(0x7f0000000000)='/dev/video2\x00', 0x2, 0x0)
ioctl$VIDIOC_REQBUFS(r2, 0xc0145608, &(0x7f0000000040)={0x7fff, 0x4, 0x1})

11:41:17 executing program 0:
r0 = openat$vicodec0(0xffffffffffffff9c, &(0x7f0000000000)='/dev/video36\x00', 0x2, 0x0)
ioctl$VIDIOC_REQBUFS(r0, 0xc0145608, &(0x7f0000000180)={0xfffffff9, 0x1, 0x1})
ioctl$VIDIOC_S_FMT(r0, 0xc0d05605, &(0x7f0000000080)={0x2, @vbi})
r1 = syz_open_dev$radio(&(0x7f00000002c0)='/dev/radio#\x00', 0x1, 0x2)
ioctl$VIDIOC_REQBUFS(r1, 0xc0145608, &(0x7f0000000300)={0x3ff, 0x5, 0x4})
r2 = syz_open_dev$swradio(&(0x7f0000000040)='/dev/swradio#\x00', 0x0, 0x2)
ioctl$VIDIOC_S_FMT(r2, 0xc0d05605, &(0x7f00000001c0)={0x4, @sdr={0x34324948, 0x6}})

11:41:17 executing program 0:
ioctl$VIDIOC_G_JPEGCOMP(0xffffffffffffffff, 0x808c563d, 0x0)
ioctl$VIDIOC_ENCODER_CMD(0xffffffffffffffff, 0xc028564d, &(0x7f0000000080)={0x3, 0x1, [0x7ff, 0x4, 0x1e, 0x7, 0x776, 0x3, 0x9, 0x8]})
r0 = openat$vicodec1(0xffffffffffffff9c, &(0x7f0000000000)='/dev/video37\x00', 0x2, 0x0)
ioctl$VIDIOC_QUERYMENU(r0, 0xc02c5625, &(0x7f0000000040)={0x7fffffff, 0xc71d, @value=0x6})
r1 = syz_open_dev$swradio(&(0x7f0000000200)='/dev/swradio#\x00', 0x0, 0x2)
ioctl$VIDIOC_G_STD(r0, 0x80085617, &(0x7f00000003c0))
ioctl$VIDIOC_UNSUBSCRIBE_EVENT(r1, 0x4020565b, &(0x7f0000000100)={0x3})
ioctl$VIDIOC_G_CTRL(r1, 0xc008561b, &(0x7f00000000c0)={0x5, 0x8})
r2 = openat$vimc1(0xffffffffffffff9c, &(0x7f00000001c0)='/dev/video1\x00', 0x2, 0x0)
ioctl$VIDIOC_REQBUFS(r2, 0xc0145608, &(0x7f0000000140)={0x8001, 0x1, 0x1})
ioctl$VIDIOC_S_DV_TIMINGS(r0, 0xc0845657, &(0x7f0000000300)={0x0, @reserved})
r3 = syz_open_dev$swradio(&(0x7f0000000180)='/dev/swradio#\x00', 0x1, 0x2)
ioctl$VIDIOC_DQEVENT(r3, 0x80885659, &(0x7f0000000240)={0x0, @ctrl={0x0, 0x0, @value64}})

11:41:18 executing program 0:
r0 = syz_open_dev$vivid(&(0x7f0000000080)='/dev/video#\x00', 0x0, 0x2)
ioctl$VIDIOC_G_FMT(0xffffffffffffffff, 0xc0d05604, &(0x7f00000000c0)={0x6, @vbi={0x8, 0x7, 0x3ff, 0x30364d54, [0x3f, 0x2], [0x409, 0x8000], 0x1}})
ioctl$VIDIOC_S_PARM(r0, 0xc0cc5616, &(0x7f00000001c0)={0x1, @output={0x0, 0x0, {0x0, 0x9}, 0xa3}})

11:41:18 executing program 0:
r0 = syz_open_dev$vbi(&(0x7f0000000000)='/dev/vbi#\x00', 0x3, 0x2)
ioctl$VIDIOC_ENUMOUTPUT(r0, 0xc0485630, &(0x7f0000000040)={0x7, "236da08b0c0dc205eddde9be6583e3652dabffd3bd50a1a4debec79fa4217e06", 0x3, 0xffff, 0x4, 0xc000c, 0x2})
ioctl$VIDIOC_G_CROP(0xffffffffffffffff, 0xc014563b, &(0x7f0000000180)={0x2, {0x10000, 0x8, 0x0, 0x9}})
r1 = syz_open_dev$swradio(&(0x7f00000000c0)='/dev/swradio#\x00', 0x1, 0x2)
ioctl$VIDIOC_S_TUNER(r1, 0x4054561e, &(0x7f0000000100)={0x0, "a917aa94e6bb4917217386597fdde5268787e989d17b862fcc56077e88f18da0", 0x1, 0x40, 0x80000001, 0x8, 0x1, 0x3, 0x5, 0x5})

11:41:18 executing program 0:
r0 = syz_open_dev$radio(&(0x7f00000002c0)='/dev/radio#\x00', 0x3, 0x2)
ioctl$VIDIOC_S_FREQUENCY(r0, 0x402c5639, &(0x7f0000000080)={0x0, 0x1})
syz_open_dev$cec(&(0x7f0000000000)='/dev/cec#\x00', 0x0, 0x2)

11:41:18 executing program 0:
r0 = syz_open_dev$vivid(&(0x7f0000000100)='/dev/video#\x00', 0x2, 0x2)
ioctl$VIDIOC_LOG_STATUS(r0, 0x5646, 0x0)
r1 = syz_open_dev$swradio(&(0x7f0000000200)='/dev/swradio#\x00', 0x0, 0x2)
ioctl$VIDIOC_UNSUBSCRIBE_EVENT(r1, 0x4020565b, &(0x7f0000000100)={0x3})
ioctl$VIDIOC_ENUMSTD(r1, 0xc0485619, &(0x7f0000000000)={0x53bc, 0xffffff, "ba36575a302b17e4885c2a6e25d1676da0f891f343b8877c", {0x3, 0x7f}, 0x4})

[  111.997650][T12605] vivid-001: =================  START STATUS  =================
[  112.020095][T12605] v4l2-ctrls: vivid-001: Test Pattern: 75% Colorbar
[  112.025240][T12605] v4l2-ctrls: vivid-001: Fill Percentage of Frame: 100
[  112.029729][T12605] v4l2-ctrls: vivid-001: Horizontal Movement: No Movement
[  112.038271][T12605] v4l2-ctrls: vivid-001: Vertical Movement: No Movement
[  112.044353][T12605] v4l2-ctrls: vivid-001: OSD Text Mode: All
[  112.049319][T12605] v4l2-ctrls: vivid-001: Show Border: false
[  112.054986][T12605] v4l2-ctrls: vivid-001: Show Square: false
[  112.064142][T12605] v4l2-ctrls: vivid-001: Sensor Flipped Horizontally: false
[  112.067982][T12605] v4l2-ctrls: vivid-001: Sensor Flipped Vertically: false
[  112.072529][T12605] v4l2-ctrls: vivid-001: Insert SAV Code in Image: false
[  112.074901][T12605] v4l2-ctrls: vivid-001: Insert EAV Code in Image: false
[  112.077239][T12605] v4l2-ctrls: vivid-001: Reduced Framerate: false
[  112.079715][T12605] v4l2-ctrls: vivid-001: Enable Capture Cropping: true
[  112.083200][T12605] v4l2-ctrls: vivid-001: Enable Capture Composing: true
[  112.085392][T12605] v4l2-ctrls: vivid-001: Enable Capture Scaler: true
[  112.087467][T12605] v4l2-ctrls: vivid-001: Timestamp Source: End of Frame
[  112.089623][T12605] v4l2-ctrls: vivid-001: Colorspace: sRGB
[  112.092446][T12605] v4l2-ctrls: vivid-001: Transfer Function: Default
[  112.094584][T12605] v4l2-ctrls: vivid-001: Y'CbCr Encoding: Default
[  112.096579][T12605] v4l2-ctrls: vivid-001: HSV Encoding: Hue 0-179
[  112.098657][T12605] v4l2-ctrls: vivid-001: Quantization: Default
[  112.100636][T12605] v4l2-ctrls: vivid-001: Apply Alpha To Red Only: false
[  112.104057][T12605] v4l2-ctrls: vivid-001: Standard Aspect Ratio: 4x3
[  112.106183][T12605] v4l2-ctrls: vivid-001: DV Timings Signal Mode: Current DV Timings inactive
[  112.108932][T12605] v4l2-ctrls: vivid-001: DV Timings: 640x480p59 inactive
[  112.111163][T12605] v4l2-ctrls: vivid-001: DV Timings Aspect Ratio: Source Width x Height
[  112.114693][T12605] v4l2-ctrls: vivid-001: Maximum EDID Blocks: 2
[  112.116671][T12605] v4l2-ctrls: vivid-001: Limited RGB Range (16-235): false
[  112.119008][T12605] v4l2-ctrls: vivid-001: Rx RGB Quantization Range: Automatic
[  112.122288][T12605] v4l2-ctrls: vivid-001: Power Present: 0x00000001
[  112.124388][T12605] tpg source WxH: 320x180 (Y'CbCr)
[  112.126075][T12605] tpg field: 1
[  112.127214][T12605] tpg crop: 320x180@0x0
[  112.128563][T12605] tpg compose: 320x180@0x0
[  112.130009][T12605] tpg colorspace: 8
[  112.132641][T12605] tpg transfer function: 0/0
[  112.134238][T12605] tpg Y'CbCr encoding: 0/0
[  112.135752][T12605] tpg quantization: 0/0
[  112.137136][T12605] tpg RGB range: 0/2
[  112.138481][T12605] vivid-001: ==================  END STATUS  ==================
[  112.145214][T12605] vivid-001: =================  START STATUS  =================
[  112.148449][T12605] v4l2-ctrls: vivid-001: Test Pattern: 75% Colorbar
[  112.150671][T12605] v4l2-ctrls: vivid-001: Fill Percentage of Frame: 100
[  112.153845][T12605] v4l2-ctrls: vivid-001: Horizontal Movement: No Movement
[  112.156315][T12605] v4l2-ctrls: vivid-001: Vertical Movement: No Movement
[  112.158716][T12605] v4l2-ctrls: vivid-001: OSD Text Mode: All
[  112.160814][T12605] v4l2-ctrls: vivid-001: Show Border: false
[  112.164030][T12605] v4l2-ctrls: vivid-001: Show Square: false
[  112.166106][T12605] v4l2-ctrls: vivid-001: Sensor Flipped Horizontally: false
[  112.168559][T12605] v4l2-ctrls: vivid-001: Sensor Flipped Vertically: false
[  112.170972][T12605] v4l2-ctrls: vivid-001: Insert SAV Code in Image: false
[  112.174369][T12605] v4l2-ctrls: vivid-001: Insert EAV Code in Image: false
[  112.176835][T12605] v4l2-ctrls: vivid-001: Reduced Framerate: false
[  112.179066][T12605] v4l2-ctrls: vivid-001: Enable Capture Cropping: true
[  112.182689][T12605] v4l2-ctrls: vivid-001: Enable Capture Composing: true
[  112.185093][T12605] v4l2-ctrls: vivid-001: Enable Capture Scaler: true
[  112.187397][T12605] v4l2-ctrls: vivid-001: Timestamp Source: End of Frame
[  112.189764][T12605] v4l2-ctrls: vivid-001: Colorspace: sRGB
[  112.192700][T12605] v4l2-ctrls: vivid-001: Transfer Function: Default
[  112.195020][T12605] v4l2-ctrls: vivid-001: Y'CbCr Encoding: Default
[  112.197297][T12605] v4l2-ctrls: vivid-001: HSV Encoding: Hue 0-179
[  112.199478][T12605] v4l2-ctrls: vivid-001: Quantization: Default
[  112.202632][T12605] v4l2-ctrls: vivid-001: Apply Alpha To Red Only: false
[  112.205024][T12605] v4l2-ctrls: vivid-001: Standard Aspect Ratio: 4x3
[  112.207319][T12605] v4l2-ctrls: vivid-001: DV Timings Signal Mode: Current DV Timings inactive
[  112.210314][T12605] v4l2-ctrls: vivid-001: DV Timings: 640x480p59 inactive
[  112.213736][T12605] v4l2-ctrls: vivid-001: DV Timings Aspect Ratio: Source Width x Height
[  112.216606][T12605] v4l2-ctrls: vivid-001: Maximum EDID Blocks: 2
[  112.218744][T12605] v4l2-ctrls: vivid-001: Limited RGB Range (16-235): false
[  112.222077][T12605] v4l2-ctrls: vivid-001: Rx RGB Quantization Range: Automatic
[  112.224639][T12605] v4l2-ctrls: vivid-001: Power Present: 0x00000001
[  112.226835][T12605] tpg source WxH: 320x180 (Y'CbCr)
[  112.228568][T12605] tpg field: 1
[  112.229741][T12605] tpg crop: 320x180@0x0
[  112.231165][T12605] tpg compose: 320x180@0x0
[  112.233812][T12605] tpg colorspace: 8
[  112.235143][T12605] tpg transfer function: 0/0
[  112.236704][T12605] tpg Y'CbCr encoding: 0/0
[  112.238219][T12605] tpg quantization: 0/0
[  112.239686][T12605] tpg RGB range: 0/2
[  112.241075][T12605] vivid-001: ==================  END STATUS  ==================
11:41:18 executing program 0:
r0 = syz_open_dev$vivid(&(0x7f0000000040)='/dev/video#\x00', 0x0, 0x2)
ioctl$VIDIOC_CREATE_BUFS(r0, 0xc100565c, &(0x7f00000000c0)={0xc6, 0x4, 0x3, {0x4, @vbi={0x65d, 0x401, 0xbe7f, 0x20385655, [0x7, 0x5], [0x7ce, 0x1], 0x13a}}, 0x1000})
ioctl$VIDIOC_STREAMON(0xffffffffffffffff, 0x40045612, &(0x7f0000000000)=0x101)

11:41:18 executing program 0:
r0 = syz_open_dev$vivid(&(0x7f0000000400)='/dev/video#\x00', 0x0, 0x2)
ioctl$VIDIOC_S_PRIORITY(r0, 0x40045644, 0x2)
ioctl$VIDIOC_S_SELECTION(r0, 0xc040565f, &(0x7f0000000000)={0x1, 0x0, 0x0, {0x80000000, 0x20000, 0x1000000, 0x44a}})

11:41:18 executing program 0:
r0 = openat$vimc0(0xffffffffffffff9c, &(0x7f0000000040)='/dev/video0\x00', 0x2, 0x0)
openat$vicodec0(0xffffffffffffff9c, &(0x7f0000000000)='/dev/video36\x00', 0x2, 0x0)
ioctl$VIDIOC_QUERYCAP(r0, 0x80685600, &(0x7f0000000100))

11:41:18 executing program 0:
r0 = syz_open_dev$radio(&(0x7f0000000000)='/dev/radio#\x00', 0x1, 0x2)
ioctl$VIDIOC_LOG_STATUS(r0, 0x5646, 0x0)
ioctl$VIDIOC_ENUMINPUT(r0, 0xc050561a, &(0x7f0000000040)={0x7, "fbc1d515d9bb3aafa63321775995ef2bdd4dc2c6e521b15576ff1a8b344222cb", 0x1, 0x4, 0x5, 0xf900, 0x10800, 0x4})

[  112.375976][T12623] vivid-000: =================  START STATUS  =================
[  112.378510][T12623] v4l2-ctrls: vivid-000: RDS Tx I/O Mode: Controls
[  112.383466][T12623] v4l2-ctrls: vivid-000: RDS Program ID: 32904
[  112.387727][T12623] v4l2-ctrls: vivid-000: RDS Program Type: 3
[  112.391972][T12623] v4l2-ctrls: vivid-000: RDS PS Name: VIVID-TX
[  112.396196][T12623] v4l2-ctrls: vivid-000: RDS Radio Text: This is a VIVID default Radio Text template text, change at will
[  112.403172][T12623] v4l2-ctrls: vivid-000: RDS Stereo: true
[  112.408626][T12623] v4l2-ctrls: vivid-000: RDS Artificial Head: false
[  112.414151][T12623] v4l2-ctrls: vivid-000: RDS Compressed: false
[  112.418380][T12623] v4l2-ctrls: vivid-000: RDS Dynamic PTY: false
[  112.423511][T12623] v4l2-ctrls: vivid-000: RDS Traffic Announcement: false
[  112.426681][T12623] v4l2-ctrls: vivid-000: RDS Traffic Program: true
[  112.428909][T12623] v4l2-ctrls: vivid-000: RDS Music: true
[  112.430735][T12623] vivid-000: ==================  END STATUS  ==================
11:41:19 executing program 0:
ioctl$VIDIOC_G_ENC_INDEX(0xffffffffffffffff, 0x8818564c, &(0x7f0000000100))
r0 = syz_open_dev$vivid(&(0x7f0000000000)='/dev/video#\x00', 0x2, 0x2)
ioctl$VIDIOC_LOG_STATUS(r0, 0x5646, 0x0)
r1 = syz_open_dev$swradio(&(0x7f0000000200)='/dev/swradio#\x00', 0x0, 0x2)
ioctl$VIDIOC_UNSUBSCRIBE_EVENT(r1, 0x4020565b, &(0x7f0000000100)={0x3})
ioctl$VIDIOC_SUBDEV_G_EDID(r1, 0xc0285628, &(0x7f0000000080)={0x0, 0x1, 0x6, [], &(0x7f0000000040)=0x8})
ioctl$VIDIOC_SUBDEV_S_CROP(r0, 0xc038563c, &(0x7f00000000c0))

[  112.460990][T12628] vivid-001: =================  START STATUS  =================
[  112.465737][T12628] v4l2-ctrls: vivid-001: Test Pattern: 75% Colorbar
[  112.470776][T12628] v4l2-ctrls: vivid-001: Fill Percentage of Frame: 100
[  112.477242][T12628] v4l2-ctrls: vivid-001: Horizontal Movement: No Movement
[  112.480730][T12628] v4l2-ctrls: vivid-001: Vertical Movement: No Movement
[  112.489462][T12628] v4l2-ctrls: vivid-001: OSD Text Mode: All
[  112.493732][T12628] v4l2-ctrls: vivid-001: Show Border: false
[  112.497893][T12628] v4l2-ctrls: vivid-001: Show Square: false
[  112.503405][T12628] v4l2-ctrls: vivid-001: Sensor Flipped Horizontally: false
[  112.505957][T12628] v4l2-ctrls: vivid-001: Sensor Flipped Vertically: false
[  112.508401][T12628] v4l2-ctrls: vivid-001: Insert SAV Code in Image: false
[  112.512660][T12628] v4l2-ctrls: vivid-001: Insert EAV Code in Image: false
[  112.515012][T12628] v4l2-ctrls: vivid-001: Reduced Framerate: false
[  112.517278][T12628] v4l2-ctrls: vivid-001: Enable Capture Cropping: true
[  112.519481][T12628] v4l2-ctrls: vivid-001: Enable Capture Composing: true
[  112.522886][T12628] v4l2-ctrls: vivid-001: Enable Capture Scaler: true
[  112.525097][T12628] v4l2-ctrls: vivid-001: Timestamp Source: End of Frame
[  112.527389][T12628] v4l2-ctrls: vivid-001: Colorspace: sRGB
[  112.529295][T12628] v4l2-ctrls: vivid-001: Transfer Function: Default
[  112.532955][T12628] v4l2-ctrls: vivid-001: Y'CbCr Encoding: Default
[  112.535335][T12628] v4l2-ctrls: vivid-001: HSV Encoding: Hue 0-179
[  112.537341][T12628] v4l2-ctrls: vivid-001: Quantization: Default
[  112.539260][T12628] v4l2-ctrls: vivid-001: Apply Alpha To Red Only: false
[  112.542741][T12628] v4l2-ctrls: vivid-001: Standard Aspect Ratio: 4x3
[  112.545041][T12628] v4l2-ctrls: vivid-001: DV Timings Signal Mode: Current DV Timings inactive
[  112.548021][T12628] v4l2-ctrls: vivid-001: DV Timings: 640x480p59 inactive
[  112.550597][T12628] v4l2-ctrls: vivid-001: DV Timings Aspect Ratio: Source Width x Height
[  112.555068][T12628] v4l2-ctrls: vivid-001: Maximum EDID Blocks: 2
[  112.557207][T12628] v4l2-ctrls: vivid-001: Limited RGB Range (16-235): false
[  112.559646][T12628] v4l2-ctrls: vivid-001: Rx RGB Quantization Range: Automatic
[  112.562989][T12628] v4l2-ctrls: vivid-001: Power Present: 0x00000001
[  112.565336][T12628] tpg source WxH: 320x180 (Y'CbCr)
[  112.567070][T12628] tpg field: 1
[  112.568223][T12628] tpg crop: 320x180@0x0
[  112.569664][T12628] tpg compose: 320x180@0x0
[  112.572575][T12628] tpg colorspace: 8
[  112.573935][T12628] tpg transfer function: 0/0
[  112.575506][T12628] tpg Y'CbCr encoding: 0/0
[  112.577054][T12628] tpg quantization: 0/0
[  112.578829][T12628] tpg RGB range: 0/2
[  112.580343][T12628] vivid-001: ==================  END STATUS  ==================
11:41:19 executing program 0:
r0 = openat$vicodec0(0xffffffffffffff9c, &(0x7f0000000000)='/dev/video36\x00', 0x2, 0x0)
r1 = syz_open_dev$swradio(&(0x7f0000000200)='/dev/swradio#\x00', 0x0, 0x2)
ioctl$VIDIOC_UNSUBSCRIBE_EVENT(r1, 0x4020565b, &(0x7f0000000100)={0x3})
ioctl$VIDIOC_ENUMSTD(r1, 0xc0485619, &(0x7f0000000140)={0x96e, 0x0, "e7eb83ee087e82fedc1c4029303c61c4d9088e569aee8c5a", {0x5, 0x1}, 0x1})
ioctl$VIDIOC_SUBDEV_S_CROP(r0, 0xc038563c, &(0x7f00000000c0)={0x0, 0x0, {0x8, 0x9, 0x80000000, 0x2}})
r2 = syz_open_dev$swradio(&(0x7f0000000200)='/dev/swradio#\x00', 0x0, 0x2)
ioctl$VIDIOC_UNSUBSCRIBE_EVENT(r2, 0x4020565b, &(0x7f0000000100)={0x3})
r3 = syz_open_dev$swradio(&(0x7f0000000200)='/dev/swradio#\x00', 0x0, 0x2)
ioctl$VIDIOC_UNSUBSCRIBE_EVENT(0xffffffffffffffff, 0x4020565b, &(0x7f0000000100)={0x3})
ioctl$VIDIOC_SUBSCRIBE_EVENT(0xffffffffffffffff, 0x4020565a, &(0x7f0000000540)={0x3, 0x1, 0x3})
ioctl$VIDIOC_UNSUBSCRIBE_EVENT(r3, 0x4020565b, &(0x7f0000000100)={0x3})
ioctl$VIDIOC_SUBDEV_G_FRAME_INTERVAL(r3, 0xc0305615, &(0x7f00000001c0)={0x0, {0x2, 0x3}})
r4 = syz_open_dev$swradio(&(0x7f0000000200)='/dev/swradio#\x00', 0x0, 0x2)
ioctl$VIDIOC_SUBDEV_G_FMT(0xffffffffffffffff, 0xc0585604, &(0x7f0000000040)={0x1, 0x0, {0x6, 0x400002, 0x1007, 0x4, 0xc, 0x0, 0x0, 0x6}})
ioctl$VIDIOC_UNSUBSCRIBE_EVENT(r4, 0x4020565b, &(0x7f0000000100)={0x3})
ioctl$VIDIOC_CREATE_BUFS(r4, 0xc100565c, &(0x7f0000000240)={0x0, 0x1001, 0x1, {0x0, @raw_data="30f70ebd6f4343dbe8b792dad9e466b07280229d72c399a8866957f59ea756df4f8ead8511d841dffd47edd2da054c7ff797a15b706bc62e782cd5910b82a515152d4aeef503aa7f6b8e0e90ece4a2b144a09ef1278c620794b1acfee698533dd0db9b2a2674e07cd16c10de2b64fb36d897c6360f2c83f2f7e2853bede9d9ac8694a7449897a6b3ffcfb8af10b93af8aab6a0c375156baf97eff92d00b2895da14206dac9dbbbdd1d9abcb1227c566f36d63a4fa52937a62a165f1eb625c0b68315f456eda41692"}})
r5 = syz_open_dev$vbi(&(0x7f0000000340)='/dev/vbi#\x00', 0x3, 0x2)
ioctl$VIDIOC_S_TUNER(r5, 0x4054561e, &(0x7f0000000380)={0x1d46, "6162756a80f72849c079bc9fa361ccd35cb6509f67b54617e09903513504c9a9", 0x4, 0x8, 0x400, 0x1, 0x7f90602c3b324435, 0x0, 0x4, 0x9})
ioctl$VIDIOC_SUBDEV_ENUM_DV_TIMINGS(r4, 0xc0945662, &(0x7f0000000400)={0x0, 0x0, [], {0x0, @bt={0x3d, 0x80000001, 0x1, 0x1, 0x6, 0x3ff, 0xffffff82, 0x7ff, 0x8, 0xf6cb, 0x80000, 0x1, 0x40, 0x3, 0x8, 0x1c, {0x7fff, 0x3}, 0x0, 0x1}}})
ioctl$VIDIOC_G_TUNER(r3, 0xc054561d, &(0x7f00000004c0)={0xb91, "0cf9ec5c5210c7ac87e587c4aee4c6ec53d6a65c51b8040684ac5e75bfa13a2a", 0x1, 0x800, 0x5, 0x1f, 0x4, 0x0, 0x10001, 0x1})

11:41:19 executing program 0:
r0 = syz_open_dev$swradio(&(0x7f0000000200)='/dev/swradio#\x00', 0x0, 0x2)
ioctl$VIDIOC_UNSUBSCRIBE_EVENT(r0, 0x4020565b, &(0x7f0000000100)={0x3})
ioctl$VIDIOC_S_INPUT(0xffffffffffffffff, 0xc0045627, &(0x7f0000000180)=0x8005)
r1 = openat$vicodec0(0xffffffffffffff9c, &(0x7f0000000100)='/dev/video36\x00', 0x2, 0x0)
ioctl$VIDIOC_ENUM_FRAMESIZES(r1, 0xc02c564a, &(0x7f00000001c0)={0x0, 0x33424752})
syz_open_dev$swradio(&(0x7f0000000200)='/dev/swradio#\x00', 0x0, 0x2)
r2 = syz_open_dev$vbi(&(0x7f0000000140)='/dev/vbi#\x00', 0x0, 0x2)
ioctl$VIDIOC_OVERLAY(r0, 0x4004560e, &(0x7f0000000000)=0x100)
ioctl$VIDIOC_UNSUBSCRIBE_EVENT(r2, 0x4020565b, &(0x7f0000000100)={0x3})
ioctl$VIDIOC_SUBDEV_S_EDID(r1, 0xc0285629, &(0x7f00000000c0)={0x0, 0x2, 0x4, [], &(0x7f0000000080)=0x41})
r3 = syz_open_dev$swradio(&(0x7f0000000200)='/dev/swradio#\x00', 0x0, 0x2)
ioctl$VIDIOC_UNSUBSCRIBE_EVENT(r3, 0x4020565b, &(0x7f0000000100)={0x3})
ioctl$VIDIOC_S_AUDIO(r3, 0x40345622, &(0x7f0000000040)={0x2009, "1ed00ab1f8bf76ce3f787213cf949212a76a7297fda2c3f14166f26b5d3c65d8", 0x1, 0x1})

11:41:19 executing program 0:
r0 = syz_open_dev$vivid(&(0x7f0000000000)='/dev/video#\x00', 0x2, 0x2)
ioctl$VIDIOC_S_SELECTION(r0, 0xc040565f, &(0x7f00000000c0)={0x1, 0x100, 0x2, {0x0, 0x0, 0x7, 0x6}})
r1 = syz_open_dev$swradio(&(0x7f0000000200)='/dev/swradio#\x00', 0x0, 0x2)
r2 = syz_open_dev$swradio(&(0x7f0000000200)='/dev/swradio#\x00', 0x0, 0x2)
ioctl$VIDIOC_UNSUBSCRIBE_EVENT(r2, 0x4020565b, &(0x7f0000000100)={0x3})
ioctl$VIDIOC_SUBDEV_S_FMT(r2, 0xc0585605, &(0x7f0000000140)={0x0, 0x0, {0x9, 0x3, 0x201c, 0x1, 0x4, 0x4, 0x2, 0x7}})
ioctl$VIDIOC_UNSUBSCRIBE_EVENT(r1, 0x4020565b, &(0x7f0000000100)={0x3})
ioctl$VIDIOC_ENUM_FRAMESIZES(r1, 0xc02c564a, &(0x7f0000000040)={0x40, 0x51424752, 0x0, @discrete={0x9, 0x80000001}})

[  112.711170][    T7] Bluetooth: hci0: command 0x041b tx timeout
11:41:19 executing program 0:
syz_open_dev$vbi(&(0x7f0000000080)='/dev/vbi#\x00', 0x2, 0x2)

11:41:19 executing program 0:
openat$vicodec0(0xffffffffffffff9c, &(0x7f0000000140)='/dev/video36\x00', 0x2, 0x0)
r0 = openat$vimc1(0xffffffffffffff9c, &(0x7f0000000000)='/dev/video1\x00', 0x2, 0x0)
ioctl$VIDIOC_G_ENC_INDEX(r0, 0x8818564c, &(0x7f0000000180))

11:41:19 executing program 0:
syz_open_dev$radio(&(0x7f0000000440)='/dev/radio#\x00', 0x2, 0x2)

11:41:19 executing program 0:
r0 = syz_open_dev$radio(&(0x7f0000000040)='/dev/radio#\x00', 0x1, 0x2)
ioctl$VIDIOC_TRY_EXT_CTRLS(0xffffffffffffffff, 0xc0205649, &(0x7f00000000c0)={0x4, 0xfffffffa, 0x49c, 0xffffffffffffffff, 0x0, &(0x7f0000000000)={0xa30902, 0x80, [], @value64=0x4}})
r1 = syz_open_dev$swradio(&(0x7f0000000200)='/dev/swradio#\x00', 0x0, 0x2)
ioctl$VIDIOC_UNSUBSCRIBE_EVENT(r1, 0x4020565b, &(0x7f0000000100)={0x3})
r2 = syz_open_dev$swradio(&(0x7f0000000200)='/dev/swradio#\x00', 0x0, 0x2)
ioctl$VIDIOC_UNSUBSCRIBE_EVENT(r2, 0x4020565b, &(0x7f0000000100)={0x3})
ioctl$VIDIOC_S_FREQUENCY(r0, 0x402c5639, &(0x7f0000000080)={0x7, 0x1})

11:41:19 executing program 0:
r0 = syz_open_dev$vivid(&(0x7f0000000000)='/dev/video#\x00', 0x3, 0x2)
ioctl$VIDIOC_S_SELECTION(r0, 0xc040565f, &(0x7f0000000040)={0x2, 0x0, 0x1})
ioctl$VIDIOC_S_STD(r0, 0x40085618, &(0x7f0000000080)=0x800)

11:41:19 executing program 0:
r0 = syz_open_dev$vivid(&(0x7f0000000080)='/dev/video#\x00', 0x1, 0x2)
ioctl$VIDIOC_TRY_FMT(r0, 0xc0d05640, &(0x7f0000000100)={0x5, @pix={0x0, 0x5, 0x4745504d, 0x4, 0x1, 0xd6, 0xb, 0x1000, 0x1, 0x1, 0x1, 0x2}})

11:41:19 executing program 0:
ioctl$VIDIOC_UNSUBSCRIBE_EVENT(0xffffffffffffffff, 0x4020565b, &(0x7f0000000040)={0x6, 0x1, 0x1})
r0 = syz_open_dev$vivid(&(0x7f0000000000)='/dev/video#\x00', 0x0, 0x2)
ioctl$VIDIOC_SUBDEV_S_EDID(r0, 0xc0285629, &(0x7f00000000c0)={0x0, 0x0, 0x100, [], &(0x7f0000000080)})

11:41:19 executing program 0:
ioctl$VIDIOC_G_OUTPUT(0xffffffffffffffff, 0x8004562e, &(0x7f0000000040))
r0 = syz_open_dev$vbi(&(0x7f0000000180)='/dev/vbi#\x00', 0x0, 0x2)
ioctl$VIDIOC_S_DV_TIMINGS(r0, 0xc0845657, &(0x7f0000000340)={0x0, @bt={0xc5, 0x800, 0x0, 0x0, 0x124f41d3}})
ioctl$VIDIOC_S_DV_TIMINGS(r0, 0xc0845657, &(0x7f0000000080)={0x0, @reserved})

11:41:19 executing program 0:
r0 = syz_open_dev$swradio(&(0x7f0000000000)='/dev/swradio#\x00', 0x1, 0x2)
r1 = syz_open_dev$radio(&(0x7f0000000080)='/dev/radio#\x00', 0x0, 0x2)
ioctl$VIDIOC_CREATE_BUFS(r1, 0xc100565c, &(0x7f00000000c0)={0x3, 0x80000000, 0x1, {0x5, @raw_data="2cae140d31e6e0660c9a8a60e77bb073d2c4fe1c7bb0d40783efdeb07bf85a85630ed4f016e1c7c47b051bcc740d7f2c880d6ddd0c3330a8e4f9ef126deb2634e073ea34427aa1e778b38ada50259b4b6d366677fe5d81cf536d4a282fa26477f334498bee43707f5e8e5bc619a8a17ddf09bc7936ef28123fd0d6e0422653aa7e6d052d305a76d0136320619e6d57a6a7bc8354ce682165e784729ef95949216aab58be29d9fae32dc604df5a3f17e93ca91e9ac39a92673eb601af82434b3dcb5de43cbd819156"}, 0x4})
ioctl$VIDIOC_REQBUFS(r0, 0xc0145608, &(0x7f0000000040)={0x3, 0x9})

11:41:19 executing program 0:
r0 = syz_open_dev$vivid(&(0x7f0000000180)='/dev/video#\x00', 0x0, 0x2)
ioctl$VIDIOC_TRY_FMT(r0, 0xc0d05640, &(0x7f00000001c0)={0x3, @win={{0x0, 0x0, 0x0, 0x8}, 0x0, 0x0, 0x0, 0x36, 0x0}})

11:41:19 executing program 0:
r0 = syz_open_dev$swradio(&(0x7f0000000200)='/dev/swradio#\x00', 0x0, 0x2)
ioctl$VIDIOC_UNSUBSCRIBE_EVENT(r0, 0x4020565b, &(0x7f0000000000)={0x5})
ioctl$VIDIOC_G_PRIORITY(r0, 0x80045643, 0x3)

11:41:19 executing program 0:
ioctl$VIDIOC_G_EDID(0xffffffffffffffff, 0xc0285628, &(0x7f0000000400)={0x0, 0x0, 0x100, [], &(0x7f00000003c0)})

11:41:19 executing program 0:
r0 = syz_open_dev$swradio(&(0x7f0000000040)='/dev/swradio#\x00', 0x0, 0x2)
r1 = syz_open_dev$radio(&(0x7f0000000000)='/dev/radio#\x00', 0x1, 0x2)
ioctl$VIDIOC_G_FREQUENCY(r1, 0xc02c5638, &(0x7f0000000140)={0x3ff, 0x0, 0x40})
ioctl$VIDIOC_G_SELECTION(r0, 0xc040565e, &(0x7f0000000080)={0x4, 0x103, 0x9bc63e6ff297d04, {0x6, 0x4, 0x4, 0xfffffffd}})

11:41:19 executing program 0:
r0 = syz_open_dev$cec(&(0x7f00000000c0)='/dev/cec#\x00', 0x2, 0x2)
ioctl$VIDIOC_G_FBUF(r0, 0x8030560a, 0x0)
ioctl$VIDIOC_S_MODULATOR(0xffffffffffffffff, 0x40445637, &(0x7f0000000000)={0xffff, "deb56fa4e896ace379dc787686a6c0d60a0cb0f899dafa402bc802ceb81c1105", 0x20, 0x800, 0x8, 0x1, 0x4})

11:41:19 executing program 0:
r0 = syz_open_dev$vivid(&(0x7f0000000040)='/dev/video#\x00', 0x3, 0x2)
ioctl$VIDIOC_SUBDEV_G_EDID(r0, 0xc0285628, &(0x7f0000000440)={0x0, 0x0, 0x43, [], &(0x7f0000000400)})

11:41:19 executing program 0:
r0 = syz_open_dev$vbi(&(0x7f0000000000)='/dev/vbi#\x00', 0x0, 0x2)
ioctl$VIDIOC_DQEVENT(r0, 0x80885659, 0x0)
r1 = syz_open_dev$swradio(&(0x7f0000000000)='/dev/swradio#\x00', 0x1, 0x2)
ioctl$VIDIOC_REQBUFS(r1, 0xc0145608, &(0x7f0000000040)={0x0, 0xb})

11:41:20 executing program 0:
r0 = openat$vicodec1(0xffffffffffffff9c, &(0x7f0000000000)='/dev/video37\x00', 0x2, 0x0)
syz_open_dev$radio(&(0x7f0000000040)='/dev/radio#\x00', 0x2, 0x2)
ioctl$VIDIOC_QUERYMENU(r0, 0xc02c5625, &(0x7f0000000080)={0x3ff, 0x4, @name="75dd172ba71c14af2a90c793de717cc3bb3364de0fc2bc7718c66e8da9c563d9"})
ioctl$VIDIOC_QUERY_EXT_CTRL(r0, 0xc0e85667, 0x0)

11:41:20 executing program 0:
ioctl$VIDIOC_TRY_FMT(0xffffffffffffffff, 0xc0d05640, &(0x7f0000000000)={0xb, @raw_data="32eb0ca57e40f562e91a5fb794437a8626ff8c16ef957a086714af8238d33ba661af963582c8cccd870638db7bcd0a472f350d006a8ad80c93a3c798acc8aaf65f5bc052c3dbac7ee41e65dab7adacf467c8ce03e5919e1eb0fa12481623b1da5dd76c44f2cf77ae131285b5c418d8dcdf97373dc7ed0687eccb2b530a860655f2d2149c60a283cf573a91778bd2ad54abb6d2480d62521158df3a6b8637fcae4900fadbf58f9e3ac4ca429ef05c2f09a3eaa7a0ccc4ffbdcee4279357ca7a2ae995acaeddd87fea"})
r0 = syz_open_dev$vivid(&(0x7f0000000180)='/dev/video#\x00', 0x1, 0x2)
ioctl$VIDIOC_TRY_FMT(r0, 0xc0d05640, &(0x7f0000000240)={0x0, @pix={0x0, 0x3ff, 0x30385056}})
r1 = syz_open_dev$swradio(&(0x7f0000000200)='/dev/swradio#\x00', 0x0, 0x2)
syz_open_dev$cec(&(0x7f0000000100)='/dev/cec#\x00', 0x3, 0x2)
ioctl$VIDIOC_UNSUBSCRIBE_EVENT(r1, 0x4020565b, &(0x7f0000000140)={0x1, 0x698, 0x2})
ioctl$VIDIOC_S_FMT(r1, 0xc0d05605, &(0x7f0000000340)={0x2, @pix={0x0, 0xf8ce, 0x32314d4e, 0x1, 0x0, 0x4, 0x6, 0x800, 0x0, 0x8, 0x2, 0x1}})
r2 = openat$vimc1(0xffffffffffffff9c, &(0x7f0000000480)='/dev/video1\x00', 0x2, 0x0)
ioctl$VIDIOC_SUBDEV_S_FMT(r2, 0xc0585605, &(0x7f00000004c0)={0x0, 0x0, {0x1, 0x5, 0x2003, 0x1, 0xb, 0x7}})
r3 = syz_open_dev$vivid(&(0x7f00000001c0)='/dev/video#\x00', 0x0, 0x2)
ioctl$VIDIOC_UNSUBSCRIBE_EVENT(r3, 0x4020565b, &(0x7f0000000440)={0x5, 0x8001, 0x2})
ioctl$VIDIOC_S_EDID(r2, 0xc0285629, &(0x7f00000005c0)={0x0, 0x8001, 0x0, [], &(0x7f0000000580)=0x1})
openat$vicodec0(0xffffffffffffff9c, &(0x7f0000000540)='/dev/video36\x00', 0x2, 0x0)

11:41:20 executing program 0:
r0 = openat$vicodec1(0xffffffffffffff9c, &(0x7f0000000000)='/dev/video37\x00', 0x2, 0x0)
ioctl$VIDIOC_UNSUBSCRIBE_EVENT(0xffffffffffffffff, 0x4020565b, &(0x7f0000000100)={0x3})
ioctl$VIDIOC_DQEVENT(0xffffffffffffffff, 0x80885659, &(0x7f0000000040)={0x0, @data})
ioctl$VIDIOC_TRY_FMT(r0, 0xc0d05640, &(0x7f00000002c0)={0x9, @win={{}, 0x0, 0x0, 0x0, 0x0, 0x0}})
ioctl$VIDIOC_SUBDEV_S_FMT(r0, 0xc0585605, &(0x7f0000000140)={0x1, 0x0, {0x0, 0x1, 0x1016, 0x2, 0xb, 0x2, 0x0, 0x7}})

11:41:20 executing program 0:
r0 = syz_open_dev$vbi(&(0x7f0000000280)='/dev/vbi#\x00', 0x1, 0x2)
ioctl$VIDIOC_S_STD(r0, 0x40085618, &(0x7f00000002c0)=0x10003)
r1 = syz_open_dev$swradio(&(0x7f0000000200)='/dev/swradio#\x00', 0x0, 0x2)
ioctl$VIDIOC_UNSUBSCRIBE_EVENT(r1, 0x4020565b, &(0x7f0000000100)={0x3})
ioctl$VIDIOC_DECODER_CMD(r1, 0xc0485660, &(0x7f0000000000)={0x2, 0x1, @raw_data=[0xd8c20000, 0xfffffbff, 0x0, 0x80000000, 0x1f, 0x5, 0xffffffff, 0x7, 0x7fff, 0x3, 0x6, 0x5, 0x8000, 0x7, 0x7, 0x401]})

11:41:20 executing program 0:
ioctl$VIDIOC_G_INPUT(0xffffffffffffffff, 0x80045626, &(0x7f0000000000))
r0 = syz_open_dev$vivid(&(0x7f0000000100)='/dev/video#\x00', 0x2, 0x2)
ioctl$VIDIOC_SUBDEV_ENUM_DV_TIMINGS(r0, 0xc0945662, &(0x7f0000000200))

11:41:20 executing program 0:
r0 = openat$vimc2(0xffffffffffffff9c, &(0x7f0000000000)='/dev/video2\x00', 0x2, 0x0)
openat$vimc1(0xffffffffffffff9c, &(0x7f0000000040)='/dev/video1\x00', 0x2, 0x0)
ioctl$VIDIOC_S_EDID(r0, 0xc0285629, &(0x7f0000000080)={0x0, 0x0, 0x0, [], 0x0})

11:41:20 executing program 0:
r0 = openat$vimc1(0xffffffffffffff9c, &(0x7f00000001c0)='/dev/video1\x00', 0x2, 0x0)
ioctl$VIDIOC_S_FMT(r0, 0xc0d05605, &(0x7f0000000240)={0x1, @pix_mp={0x0, 0x0, 0x0, 0x2, 0x0, [{0x0, 0x4}]}})
ioctl$VIDIOC_S_FREQUENCY(r0, 0x402c5639, &(0x7f0000000000)={0x7f, 0x5, 0x40})
ioctl$VIDIOC_REQBUFS(r0, 0xc0145608, &(0x7f0000000080)={0x200, 0x5, 0x2})
r1 = openat$vimc2(0xffffffffffffff9c, &(0x7f00000000c0)='/dev/video2\x00', 0x2, 0x0)
ioctl$VIDIOC_G_STD(r1, 0x80085617, &(0x7f0000000100))
ioctl$VIDIOC_SUBDEV_G_CROP(r0, 0xc038563b, &(0x7f0000000040)={0x1, 0x0, {0x9, 0x1800, 0x3, 0x6}})

11:41:20 executing program 0:
r0 = syz_open_dev$vivid(&(0x7f0000000680)='/dev/video#\x00', 0x1, 0x2)
r1 = syz_open_dev$swradio(&(0x7f0000000200)='/dev/swradio#\x00', 0x0, 0x2)
ioctl$VIDIOC_UNSUBSCRIBE_EVENT(r1, 0x4020565b, &(0x7f0000000100)={0x3})
ioctl$VIDIOC_DQEVENT(r1, 0x80885659, &(0x7f0000000000)={0x0, @src_change})
ioctl$VIDIOC_S_SELECTION(r0, 0xc040565f, &(0x7f0000000400)={0xa, 0x0, 0x1, {0x0, 0x0, 0xfff}})

[  114.781861][    T7] Bluetooth: hci0: command 0x040f tx timeout
11:41:21 executing program 0:
openat$vimc0(0xffffffffffffff9c, &(0x7f0000000140)='/dev/video0\x00', 0x2, 0x0)
r0 = syz_open_dev$swradio(&(0x7f0000000240)='/dev/swradio#\x00', 0x0, 0x2)
ioctl$VIDIOC_UNSUBSCRIBE_EVENT(r0, 0x4020565b, &(0x7f0000000100)={0x3})
ioctl$VIDIOC_SUBDEV_G_FMT(r0, 0xc0585604, &(0x7f0000000180)={0x1, 0x0, {0x6, 0x5, 0x3013, 0x2, 0x3, 0x0, 0x2, 0x5}})
ioctl$VIDIOC_SUBDEV_QUERY_DV_TIMINGS(r0, 0x80845663, &(0x7f0000000280))
ioctl$VIDIOC_G_CTRL(0xffffffffffffffff, 0xc008561b, &(0x7f00000000c0)={0x100, 0x7})

11:41:21 executing program 0:
r0 = openat$vicodec1(0xffffffffffffff9c, &(0x7f0000000180)='/dev/video37\x00', 0x2, 0x0)
ioctl$VIDIOC_S_FMT(r0, 0xc0d05605, &(0x7f0000000000)={0x1, @pix={0x0, 0x0, 0x56595559, 0x0, 0x0, 0x0, 0x0, 0x0, 0x0, 0x0, 0x9e1814d29f728b9a}})

11:41:21 executing program 0:
r0 = openat$vicodec0(0xffffffffffffff9c, &(0x7f0000000000)='/dev/video36\x00', 0x2, 0x0)
ioctl$VIDIOC_REQBUFS(r0, 0xc0145608, &(0x7f0000000180)={0xfffffff9, 0x1, 0x1})
ioctl$VIDIOC_G_EDID(r0, 0xc0285628, &(0x7f0000000080)={0x0, 0x80000001, 0x3, [], &(0x7f0000000040)=0x7})
