s: vivid-001: Insert SAV Code in Image: false
[  195.427441][T17414] v4l2-ctrls: vivid-001: Insert EAV Code in Image: false
[  195.429777][T17414] v4l2-ctrls: vivid-001: Reduced Framerate: false
[  195.431899][T17414] v4l2-ctrls: vivid-001: Enable Capture Cropping: true
[  195.435427][T17414] v4l2-ctrls: vivid-001: Enable Capture Composing: true
[  195.437732][T17414] v4l2-ctrls: vivid-001: Enable Capture Scaler: true
[  195.439920][T17414] v4l2-ctrls: vivid-001: Timestamp Source: End of Frame
[  195.442144][T17414] v4l2-ctrls: vivid-001: Colorspace: sRGB
[  195.445396][T17414] v4l2-ctrls: vivid-001: Transfer Function: Default
[  195.447653][T17414] v4l2-ctrls: vivid-001: Y'CbCr Encoding: Default
[  195.449815][T17414] v4l2-ctrls: vivid-001: HSV Encoding: Hue 0-179
[  195.451889][T17414] v4l2-ctrls: vivid-001: Quantization: Default
[  195.454945][T17414] v4l2-ctrls: vivid-001: Apply Alpha To Red Only: false
[  195.457255][T17414] v4l2-ctrls: vivid-001: Standard Aspect Ratio: 4x3
[  195.459434][T17414] v4l2-ctrls: vivid-001: DV Timings Signal Mode: Current DV Timings inactive
[  195.462287][T17414] v4l2-ctrls: vivid-001: DV Timings: 640x480p59 inactive
[  195.465818][T17414] v4l2-ctrls: vivid-001: DV Timings Aspect Ratio: Source Width x Height
[  195.468570][T17414] v4l2-ctrls: vivid-001: Maximum EDID Blocks: 2
[  195.470728][T17414] v4l2-ctrls: vivid-001: Limited RGB Range (16-235): true
[  195.473106][T17414] v4l2-ctrls: vivid-001: Rx RGB Quantization Range: Automatic
[  195.476756][T17414] v4l2-ctrls: vivid-001: Power Present: 0x00000001
[  195.478991][T17414] tpg source WxH: 640x360 (Y'CbCr)
[  195.480718][T17414] tpg field: 1
[  195.481891][T17414] tpg crop: 640x360@0x0
[  195.484750][T17414] tpg compose: 640x360@0x0
[  195.486289][T17414] tpg colorspace: 8
[  195.487595][T17414] tpg transfer function: 0/0
[  195.489212][T17414] tpg Y'CbCr encoding: 0/0
[  195.490733][T17414] tpg quantization: 0/0
[  195.492149][T17414] tpg RGB range: 0/1
[  195.495137][T17414] vivid-001: ==================  END STATUS  ==================
13:39:22 executing program 0:
r0 = syz_open_dev$vivid(&(0x7f0000000040)='/dev/video#\x00', 0x2, 0x2)
ioctl$VIDIOC_S_FBUF(r0, 0x4030560b, &(0x7f0000000000)={0x0, 0x0, &(0x7f00000000c0)})
ioctl$VIDIOC_SUBDEV_DV_TIMINGS_CAP(r0, 0xc0905664, &(0x7f0000000000)={0x0, 0x0, [], @bt={0x40, 0x5, 0x5, 0xfff, 0x800, 0x6, 0x2, 0xa}})
openat$vimc1(0xffffffffffffff9c, &(0x7f0000000140)='/dev/video1\x00', 0x2, 0x0)

13:39:22 executing program 0:
ioctl$VIDIOC_EXPBUF(0xffffffffffffffff, 0xc0405610, &(0x7f0000000040)={0x4, 0x6, 0xf2, 0x80000})
r0 = syz_open_dev$vivid(&(0x7f0000000000)='/dev/video#\x00', 0x2, 0x2)
ioctl$VIDIOC_S_SELECTION(r0, 0xc040565f, &(0x7f0000000080)={0x9, 0x100, 0x0, {0x0, 0x0, 0x0, 0xfffffffc}})

13:39:22 executing program 0:
r0 = openat$vicodec1(0xffffffffffffff9c, &(0x7f0000000100)='/dev/video37\x00', 0x2, 0x0)
r1 = syz_open_dev$radio(&(0x7f0000000000)='/dev/radio#\x00', 0x2, 0x2)
ioctl$VIDIOC_SUBDEV_ENUM_FRAME_INTERVAL(r1, 0xc040564b, &(0x7f0000000040)={0x5, 0x0, 0x3016, 0x7, 0x3f, {0x80, 0x5}, 0x1})
ioctl$VIDIOC_G_CROP(r0, 0xc014563b, &(0x7f0000000140)={0x2, {0x52}})

13:39:22 executing program 0:
r0 = openat$vimc0(0xffffffffffffff9c, &(0x7f0000000100)='/dev/video0\x00', 0x2, 0x0)
r1 = openat$vimc2(0xffffffffffffff9c, &(0x7f0000000080)='/dev/video2\x00', 0x2, 0x0)
ioctl$VIDIOC_SUBDEV_G_FRAME_INTERVAL(r0, 0xc0305615, &(0x7f00000000c0)={0x0, {0x7, 0x5}})
ioctl$VIDIOC_S_TUNER(r1, 0x4054561e, &(0x7f0000000280)={0x0, "88f3dff06fd3a1896cf31ff51f957a54a383388dddb92a9366f70719633705e6", 0x4, 0x800, 0x0, 0x7f, 0x10, 0x2, 0x10000, 0x8001})
ioctl$VIDIOC_G_SELECTION(r0, 0xc040565e, &(0x7f0000000140)={0xb, 0x0, 0x7, {0x160, 0x2, 0x6, 0x6c3ff922}})
ioctl$VIDIOC_S_CROP(r0, 0x4014563c, &(0x7f0000000040)={0x9, {0x8619, 0x4e, 0x3, 0xcc}})
ioctl$VIDIOC_CREATE_BUFS(r0, 0xc100565c, &(0x7f0000000180)={0x0, 0x2, 0x1, {0x1, @raw_data="f8a9f4decb9d0b4681179948646d1b3fba374dbf4de556f6996b7f6587209b7fea3a61a23fbd2b2a74c80c21dfd47a5b8cf68f6702a9918c4a1a0a06e57bfcc5f07bb12a3c4fe18cb7d0dbac5e952ca990ac52f754a2f5b209522136e951aba1905b63d7060ae405fb7a5d6c974b3a2171e80af3ab224fd9aa08599a798fd6cf46b5e1f75f7fa5e18d8cc03367a02cf4d84b1c8925eddb87a8c5df8bd40c623cb8662bce7a94fb26afb87fe2c5ed57ec816d73fb821946b2109b6f0e2c6658acc2a8c424a5883f19"}})
ioctl$VIDIOC_G_STD(r0, 0x80085617, &(0x7f0000000000))

13:39:22 executing program 0:
r0 = syz_open_dev$swradio(&(0x7f00000002c0)='/dev/swradio#\x00', 0x1, 0x2)
ioctl$VIDIOC_QUERYMENU(r0, 0xc02c5625, &(0x7f0000000300)={0x28000000, 0x0, @value})
r1 = syz_open_dev$vivid(&(0x7f0000000080)='/dev/video#\x00', 0x2, 0x2)
r2 = syz_open_dev$vivid(&(0x7f0000000040)='/dev/video#\x00', 0x0, 0x2)
ioctl$VIDIOC_S_FBUF(r2, 0x4030560b, &(0x7f0000000000)={0x0, 0x0, &(0x7f00000000c0)})
ioctl$VIDIOC_TRY_FMT(r2, 0xc0d05640, &(0x7f00000000c0)={0x3, @sliced={0x1000, [0x39, 0xb337, 0x0, 0x3, 0x81, 0x6, 0x5, 0x8001, 0xfffd, 0x8000, 0x3, 0x29e, 0x7, 0x0, 0x6, 0x4, 0x9, 0x6, 0x4, 0x0, 0x7f, 0x6, 0x1000, 0x2, 0x100, 0x87, 0x2, 0x8, 0x81, 0x200, 0x200, 0x6, 0xff, 0x80, 0x2, 0x6, 0xffff, 0x3, 0x6, 0xcc6, 0x0, 0x278, 0x3, 0x6a5f, 0x5, 0x7f, 0x6, 0xfae], 0x1}})
ioctl$VIDIOC_G_FREQUENCY(r1, 0xc02c5638, &(0x7f0000000000)={0x3, 0x0, 0xffffffff})

13:39:22 executing program 0:
ioctl$VIDIOC_S_STD(0xffffffffffffffff, 0x40085618, &(0x7f0000000040)=0x20000)
syz_open_dev$cec(&(0x7f0000000000)='/dev/cec#\x00', 0x1, 0x2)

13:39:23 executing program 0:
syz_open_dev$swradio(&(0x7f0000000040)='/dev/swradio#\x00', 0x1, 0x2)
r0 = syz_open_dev$radio(&(0x7f0000000000)='/dev/radio#\x00', 0x3, 0x2)
ioctl$VIDIOC_G_PRIORITY(r0, 0x80045643, 0x0)

13:39:23 executing program 0:
r0 = syz_open_dev$vivid(&(0x7f0000000040)='/dev/video#\x00', 0x1, 0x2)
ioctl$VIDIOC_TRY_FMT(r0, 0xc0d05640, &(0x7f0000000180)={0xa, @pix_mp})
r1 = syz_open_dev$vivid(&(0x7f0000000040)='/dev/video#\x00', 0x0, 0x2)
ioctl$VIDIOC_S_FBUF(r1, 0x4030560b, &(0x7f0000000000)={0x0, 0x0, &(0x7f00000000c0)})
ioctl$VIDIOC_S_JPEGCOMP(r1, 0x408c563e, &(0x7f0000000080)={0x1, 0x7, 0x10, "c1c8c0a9752f60314fa57fdd1a7bdb44da42ef27df1183d363436d05e2e511b63517d292660cd24f6d52e2b96b4c92ee33243c209569eb91c2e901d4", 0x39, "9be7d94d2839c15ce71fcae832ea60614642ea610991ff4aabf3e61a8fdf3c1de1d649d2438271746d6f6ece862fe371aec0d48885ab27cfcf3ec75c", 0x80})

13:39:23 executing program 0:
r0 = syz_open_dev$vivid(&(0x7f0000000040)='/dev/video#\x00', 0x0, 0x2)
ioctl$VIDIOC_S_FBUF(r0, 0x4030560b, &(0x7f0000000000)={0x0, 0x0, &(0x7f00000000c0)})
ioctl$VIDIOC_SUBDEV_QUERY_DV_TIMINGS(r0, 0x80845663, &(0x7f0000000200)={0x0, @reserved})
r1 = syz_open_dev$vivid(&(0x7f0000000040)='/dev/video#\x00', 0x0, 0x2)
ioctl$VIDIOC_S_FBUF(r1, 0x4030560b, &(0x7f0000000000)={0x0, 0x0, &(0x7f00000000c0)})
ioctl$VIDIOC_G_CROP(r0, 0xc014563b, &(0x7f0000000080)={0x5, {0x9, 0xb48c, 0x80000001, 0xfff}})
ioctl$VIDIOC_G_EXT_CTRLS(0xffffffffffffffff, 0xc0205647, &(0x7f00000001c0)={0x4, 0x2, 0x93, 0xffffffffffffffff, 0x0, &(0x7f0000000180)={0x9b090b, 0xdf3e, [], @p_u32=&(0x7f0000000140)}})
ioctl$VIDIOC_G_CROP(r1, 0xc014563b, &(0x7f0000000040)={0x1})
ioctl$VIDIOC_SUBDEV_S_EDID(0xffffffffffffffff, 0xc0285629, &(0x7f0000000100)={0x0, 0x9, 0x3, [], &(0x7f00000000c0)=0x7b})

13:39:23 executing program 0:
r0 = syz_open_dev$vivid(&(0x7f0000000080)='/dev/video#\x00', 0x0, 0x2)
ioctl$VIDIOC_S_CROP(r0, 0x4014563c, &(0x7f0000000000)={0x1})
r1 = syz_open_dev$swradio(&(0x7f0000000040)='/dev/swradio#\x00', 0x1, 0x2)
ioctl$VIDIOC_G_CROP(r1, 0xc014563b, &(0x7f00000000c0)={0x7, {0xffffff8a, 0x2, 0x1000}})

13:39:23 executing program 0:
r0 = openat$vicodec0(0xffffffffffffff9c, &(0x7f0000000080)='/dev/video36\x00', 0x2, 0x0)
ioctl$VIDIOC_SUBSCRIBE_EVENT(r0, 0x4020565a, &(0x7f0000000000)={0x8000000, 0xfffffffc})

13:39:23 executing program 0:
r0 = syz_open_dev$vbi(&(0x7f0000000000)='/dev/vbi#\x00', 0x3, 0x2)
ioctl$VIDIOC_QUERYCTRL(r0, 0xc0445624, &(0x7f0000000040)={0x7ab1, 0x100, "097d549bd98a86d12fbe7b470b416d1ced2bab42ed2100196bb162ba0a3c00", 0x3, 0x9, 0x5, 0x2d54, 0x1b1})
ioctl$VIDIOC_TRY_FMT(r0, 0xc0d05640, &(0x7f0000000200)={0x5, @win={{0x4, 0x1, 0x59f, 0x7f}, 0x4, 0x5, &(0x7f0000000140)={{0x5, 0xff, 0x5, 0x4}, &(0x7f0000000100)={{0x5, 0x23036fb6, 0x9, 0x10000}, &(0x7f00000000c0)={{0x3, 0x4, 0x4, 0x10001}}}}, 0x1, &(0x7f0000000180)="5b2fefa709e20553cebf6173aa758e2c862963d8c981a48f5125a5f7c947d2a6f6a7153f1d07022ddd49ee6cb579f900d890186a5570f2343a1349c66daa7509d3d148b2d9ee174387d8", 0x2}})
openat$vimc1(0xffffffffffffff9c, &(0x7f00000004c0)='/dev/video1\x00', 0x2, 0x0)

13:39:23 executing program 0:
r0 = syz_open_dev$vbi(&(0x7f0000000140)='/dev/vbi#\x00', 0x3, 0x2)
ioctl$VIDIOC_S_SELECTION(r0, 0xc040565f, &(0x7f0000000280)={0x8, 0x100, 0x0, {0x0, 0x7ff, 0x0, 0x6}})

13:39:23 executing program 0:
r0 = openat$vimc0(0xffffffffffffff9c, &(0x7f00000000c0)='/dev/video0\x00', 0x2, 0x0)
r1 = syz_open_dev$vivid(&(0x7f0000000040)='/dev/video#\x00', 0x0, 0x2)
ioctl$VIDIOC_S_FBUF(r1, 0x4030560b, &(0x7f0000000000)={0x0, 0x0, &(0x7f00000000c0)})
ioctl$VIDIOC_ENUMOUTPUT(r1, 0xc0485630, &(0x7f0000000040)={0x4, "5382df99a3e84833438f15c54f9a23c0099d693166b98d124bade4a551a71fe2", 0x1, 0xfffffff8, 0x5, 0xc000c, 0x8})
ioctl$VIDIOC_EXPBUF(r0, 0xc0405610, &(0x7f0000000340))
ioctl$VIDIOC_G_FREQUENCY(r0, 0xc02c5638, &(0x7f00000001c0)={0x600e0779, 0x3, 0x333})
r2 = syz_open_dev$radio(&(0x7f0000000000)='/dev/radio#\x00', 0x0, 0x2)
ioctl$VIDIOC_S_JPEGCOMP(r2, 0x408c563e, &(0x7f0000000100)={0x3, 0xf, 0x32, "1139d3d2a980af6e22dcb8f3254106034d8fe97cc1224d24b2bc4665d81ae61a5b4c455f0ff36e53089ea48202a4089ac1a8f3e6304349d27f4a6c44", 0x1a, "8d7ef42e1e83722f9ed4f0ff70f0f40a52bb812c539738e70fba3a8fafb7e64f3ca7e456ce75ba50cfe0ae1847c0f90487bb9e822eb4208b351cce71"})

13:39:23 executing program 0:
r0 = syz_open_dev$swradio(&(0x7f0000000040)='/dev/swradio#\x00', 0x0, 0x2)
syz_open_dev$radio(&(0x7f0000000080)='/dev/radio#\x00', 0x3, 0x2)
ioctl$VIDIOC_G_SLICED_VBI_CAP(0xffffffffffffffff, 0xc0745645, 0x0)
ioctl$VIDIOC_REQBUFS(r0, 0xc0145608, &(0x7f0000000000)={0xff, 0xb, 0x1})
r1 = syz_open_dev$vivid(&(0x7f0000000040)='/dev/video#\x00', 0x0, 0x2)
ioctl$VIDIOC_S_FBUF(r1, 0x4030560b, &(0x7f0000000000)={0x0, 0x0, &(0x7f00000000c0)})
ioctl$VIDIOC_S_PARM(r1, 0xc0cc5616, &(0x7f00000000c0)={0x2, @output={0x1000, 0x1, {0xb45e, 0x101}, 0x7ff, 0x7}})

13:39:23 executing program 0:
r0 = syz_open_dev$vivid(&(0x7f0000000040)='/dev/video#\x00', 0x1, 0x2)
r1 = syz_open_dev$vivid(&(0x7f0000000040)='/dev/video#\x00', 0x0, 0x2)
ioctl$VIDIOC_S_FBUF(r1, 0x4030560b, &(0x7f0000000000)={0x0, 0x0, &(0x7f00000000c0)})
ioctl$VIDIOC_ENUMINPUT(r1, 0xc050561a, &(0x7f0000000080)={0xffffffff, "e6e035b254791964483ad0746086c13c9c719c9f4296a41624e19addcdd7ed3a", 0x2, 0x240000, 0x3, 0xb700, 0x4, 0x4})
ioctl$VIDIOC_LOG_STATUS(r0, 0x5646, 0x0)

[  196.110953][T17476] vivid-000: =================  START STATUS  =================
[  196.116741][T17476] v4l2-ctrls: vivid-000: Enable Output Cropping: true
[  196.122278][T17476] v4l2-ctrls: vivid-000: Enable Output Composing: true
[  196.127482][T17476] v4l2-ctrls: vivid-000: Enable Output Scaler: true
[  196.135967][T17476] v4l2-ctrls: vivid-000: Tx RGB Quantization Range: Automatic
[  196.141459][T17476] v4l2-ctrls: vivid-000: Transmit Mode: HDMI
[  196.146098][T17476] v4l2-ctrls: vivid-000: Display Present: true inactive
[  196.148335][T17476] v4l2-ctrls: vivid-000: Hotplug Present: 0x00000001
[  196.150506][T17476] v4l2-ctrls: vivid-000: RxSense Present: 0x00000001
[  196.152577][T17476] v4l2-ctrls: vivid-000: EDID Present: 0x00000001
[  196.156118][T17476] vivid-000: ==================  END STATUS  ==================
[  196.160702][T17478] vivid-000: =================  START STATUS  =================
[  196.163136][T17478] v4l2-ctrls: vivid-000: Enable Output Cropping: true
[  196.166255][T17478] v4l2-ctrls: vivid-000: Enable Output Composing: true
[  196.168427][T17478] v4l2-ctrls: vivid-000: Enable Output Scaler: true
[  196.170522][T17478] v4l2-ctrls: vivid-000: Tx RGB Quantization Range: Automatic
[  196.173002][T17478] v4l2-ctrls: vivid-000: Transmit Mode: HDMI
[  196.176137][T17478] v4l2-ctrls: vivid-000: Display Present: true inactive
[  196.178343][T17478] v4l2-ctrls: vivid-000: Hotplug Present: 0x00000001
[  196.180418][T17478] v4l2-ctrls: vivid-000: RxSense Present: 0x00000001
[  196.182548][T17478] v4l2-ctrls: vivid-000: EDID Present: 0x00000001
[  196.185734][T17478] vivid-000: ==================  END STATUS  ==================
13:39:23 executing program 0:
r0 = openat$vicodec1(0xffffffffffffff9c, &(0x7f0000000040)='/dev/video37\x00', 0x2, 0x0)
r1 = syz_open_dev$vivid(&(0x7f0000000040)='/dev/video#\x00', 0x0, 0x2)
ioctl$VIDIOC_S_FBUF(r1, 0x4030560b, &(0x7f0000000000)={0x0, 0x0, &(0x7f0000000100)="087277cd4b", {0x0, 0x0, 0x0, 0x0, 0x0, 0x0, 0x0, 0x3}})
ioctl$VIDIOC_S_OUTPUT(r1, 0xc004562f, &(0x7f00000000c0)=0x3)
ioctl$VIDIOC_S_CROP(r0, 0x4014563c, &(0x7f0000000080)={0x1, {0x8000, 0xffff3412, 0x8, 0x5}})
r2 = syz_open_dev$vivid(&(0x7f0000000040)='/dev/video#\x00', 0x0, 0x2)
ioctl$VIDIOC_S_FBUF(r2, 0x4030560b, &(0x7f0000000000)={0x0, 0x0, &(0x7f00000000c0)})
ioctl$VIDIOC_SUBDEV_S_SELECTION(r2, 0xc040563e, &(0x7f0000000480)={0x0, 0x0, 0x100, 0x7, {0x81, 0x5, 0x5, 0x7ff}})
r3 = openat$vicodec0(0xffffffffffffff9c, &(0x7f0000000000)='/dev/video36\x00', 0x2, 0x0)
ioctl$VIDIOC_STREAMON(r3, 0x40045612, &(0x7f0000000200)=0x3)
r4 = syz_open_dev$vivid(&(0x7f0000000040)='/dev/video#\x00', 0x0, 0x2)
r5 = syz_open_dev$radio(&(0x7f00000003c0)='/dev/radio#\x00', 0x1, 0x2)
ioctl$VIDIOC_QUERYCTRL(r5, 0xc0445624, &(0x7f0000000400)={0xb916, 0x1, "3f1679f5c182598c3679c223843359b4a0ccac647cb8213ef9e79d7b02bbb0b5", 0xa65, 0x1, 0x2, 0xffffc95b, 0x108})
ioctl$VIDIOC_SUBDEV_G_DV_TIMINGS(r3, 0xc0845658, &(0x7f0000000300)={0x0, @bt={0x3, 0x2, 0x0, 0x0, 0x0, 0xfffffffd, 0x1, 0x401, 0x7, 0x7fff, 0x3, 0x200, 0x4, 0x3, 0x1e, 0x6, {0x5, 0x9}, 0x5}})
ioctl$VIDIOC_S_FBUF(r4, 0x4030560b, &(0x7f0000000000)={0x0, 0x0, &(0x7f00000004c0)="70e58346a330174da72d26a893e01d18e33117832241e6a04ebe5f16536d9af17cec5e90f6c4139ee8be87e4d4cf815c618a04a68731f36b4301afbc004ab2a8a383871b922eb6629ab2fbda3b0c8b56d623567b0da971e81eb37ea70492e8d2281369a105a1db91f44bbb9f6fa3fcf34837548b73f92cf34cac6cbf012eab3d9a4b", {0x3, 0x0, 0x0, 0x0, 0x0, 0xfffffffd}})
ioctl$VIDIOC_SUBDEV_ENUM_DV_TIMINGS(r4, 0xc0945662, &(0x7f0000000240)={0xfffffffa, 0x0, [], {0x0, @bt={0x8, 0x10008, 0x0, 0x0, 0xd, 0x4, 0x1, 0x9, 0x7fff, 0x7ff, 0xff, 0x0, 0x62d, 0x1, 0x1, 0x12, {0x7fff, 0xcb3}, 0x5, 0xfc}}})
r6 = openat$vicodec1(0xffffffffffffff9c, &(0x7f0000000140)='/dev/video37\x00', 0x2, 0x0)
ioctl$VIDIOC_G_MODULATOR(r6, 0xc0445636, &(0x7f0000000180)={0x8, "3248b7d4349055be1b7c8fe0ed8ab16bb9726226a17e85906907895bac70e98c", 0x80, 0x1, 0x1, 0x8, 0x3})

13:39:23 executing program 0:
r0 = syz_open_dev$vivid(&(0x7f0000000040)='/dev/video#\x00', 0x0, 0x2)
ioctl$VIDIOC_S_FBUF(r0, 0x4030560b, &(0x7f0000000000)={0x0, 0x0, &(0x7f00000000c0)})
ioctl$VIDIOC_TRY_ENCODER_CMD(r0, 0xc028564e, &(0x7f0000000040)={0x2, 0x1, [0xffff04c4, 0x7, 0x8001, 0xca, 0x7, 0x0, 0xa90, 0xfffffffb]})
ioctl$VIDIOC_S_STD(0xffffffffffffffff, 0x40085618, &(0x7f0000000000)=0x40)
syz_open_dev$vivid(0x0, 0x1, 0x2)

13:39:23 executing program 0:
r0 = syz_open_dev$vivid(&(0x7f0000000000)='/dev/video#\x00', 0x2, 0x2)
ioctl$VIDIOC_S_FMT(r0, 0xc0d05605, &(0x7f0000000600)={0x9, @pix={0x0, 0x0, 0x31424752, 0x0, 0x0, 0x10000000}})
syz_open_dev$radio(&(0x7f0000000040)='/dev/radio#\x00', 0x2, 0x2)
r1 = syz_open_dev$vivid(&(0x7f0000000040)='/dev/video#\x00', 0x0, 0x2)
ioctl$VIDIOC_S_FBUF(r1, 0x4030560b, &(0x7f0000000000)={0x0, 0x0, &(0x7f00000000c0)})
ioctl$VIDIOC_S_OUTPUT(r1, 0xc004562f, &(0x7f0000000100)=0xfffff7f2)
r2 = openat$vimc0(0xffffffffffffff9c, &(0x7f00000000c0)='/dev/video0\x00', 0x2, 0x0)
ioctl$VIDIOC_G_CROP(r2, 0xc014563b, &(0x7f0000000080)={0xb, {0x8000, 0x3, 0x200, 0x1}})

13:39:23 executing program 0:
r0 = syz_open_dev$vbi(&(0x7f0000000000)='/dev/vbi#\x00', 0x0, 0x2)
ioctl$VIDIOC_SUBDEV_ENUM_DV_TIMINGS(r0, 0xc0945662, &(0x7f0000000040))
r1 = openat$vimc0(0xffffffffffffff9c, &(0x7f0000000100)='/dev/video0\x00', 0x2, 0x0)
ioctl$VIDIOC_REQBUFS(r1, 0xc0145608, &(0x7f0000000140)={0x1, 0x4, 0x7d619d78ca5cf2ff})

13:39:23 executing program 0:
r0 = syz_open_dev$vivid(&(0x7f0000000000)='/dev/video#\x00', 0x3, 0x2)
ioctl$VIDIOC_REQBUFS(r0, 0xc0145608, &(0x7f0000000040)={0xfffc, 0xa, 0x1})
r1 = syz_open_dev$vivid(&(0x7f0000000040)='/dev/video#\x00', 0x0, 0x2)
ioctl$VIDIOC_S_FBUF(r1, 0x4030560b, &(0x7f0000000000)={0x0, 0x0, &(0x7f00000000c0)})
ioctl$VIDIOC_QUERYCTRL(r1, 0xc0445624, &(0x7f0000000080)={0x17, 0x9, "36c82e3c7f9dc28f69bf8a9cec08534a62b3926f487980a36c5cd413160b1e82", 0x8001, 0x27f1, 0x8, 0x7f, 0x200})

[  197.262357][T17496] syz-executor.0 invoked oom-killer: gfp_mask=0x100cca(GFP_HIGHUSER_MOVABLE), order=0, oom_score_adj=1000
[  197.266217][T17496] CPU: 0 PID: 17496 Comm: syz-executor.0 Not tainted 5.4.0+ #27
[  197.268539][T17496] Hardware name: QEMU Standard PC (i440FX + PIIX, 1996), BIOS Ubuntu-1.8.2-1ubuntu1 04/01/2014
[  197.271751][T17496] Call Trace:
[  197.273276][T17496]  dump_stack+0xc6/0x11e
[  197.274785][T17496]  dump_header+0x10b/0xb50
[  197.276190][T17496]  ? _raw_spin_unlock_irqrestore+0x39/0x60
[  197.278172][T17496]  ? ___ratelimit+0x4f/0x460
[  197.279630][T17496]  oom_kill_process+0x177/0x3c0
[  197.281183][T17496]  out_of_memory+0x309/0x13b0
[  197.282717][T17496]  ? oom_killer_disable+0x240/0x240
[  197.284432][T17496]  ? mutex_trylock+0x26f/0x300
[  197.286109][T17496]  ? __alloc_pages_slowpath+0xadb/0x2480
[  197.288676][T17496]  __alloc_pages_slowpath+0x205b/0x2480
[  197.290442][T17496]  ? warn_alloc+0x290/0x290
[  197.291891][T17496]  ? should_fail+0x197/0x700
[  197.293350][T17496]  ? xas_descend+0x141/0x3a0
[  197.294868][T17496]  __alloc_pages_nodemask+0x5e5/0x850
[  197.296573][T17496]  ? __alloc_pages_slowpath+0x2480/0x2480
[  197.298377][T17496]  ? __filemap_set_wb_err+0x250/0x250
[  197.300046][T17496]  ? __page_cache_alloc+0xcf/0x2c0
[  197.301675][T17496]  alloc_pages_current+0xac/0x1e0
[  197.303824][T17496]  __page_cache_alloc+0x1a0/0x2c0
[  197.305558][T17496]  pagecache_get_page+0x1a2/0x640
[  197.307150][T17496]  filemap_fault+0xc2a/0x1b10
[  197.308622][T17496]  ? lock_downgrade+0x6d0/0x6d0
[  197.310164][T17496]  ext4_filemap_fault+0x80/0xa7
[  197.311704][T17496]  __do_fault+0x16d/0x3cb
[  197.313077][T17496]  ? __handle_mm_fault+0x2140/0x3640
[  197.314760][T17496]  __handle_mm_fault+0x214c/0x3640
[  197.316385][T17496]  ? __pmd_alloc+0x370/0x370
[  197.318340][T17496]  ? __count_memcg_events+0x7d/0x200
[  197.320240][T17496]  handle_mm_fault+0x2e5/0x8c0
[  197.321780][T17496]  __do_page_fault+0x470/0xa60
[  197.323297][T17496]  ? do_page_fault+0x27/0x4e4
[  197.324777][T17496]  async_page_fault+0x34/0x40
[  197.326366][T17496] RIP: 0033:0x43c860
[  197.327608][T17496] Code: Bad RIP value.
[  197.328892][T17496] RSP: 002b:00007ffc680cbc88 EFLAGS: 00010287
[  197.330814][T17496] RAX: 000000000000002f RBX: 0000000001190158 RCX: 000000000000001b
[  197.333327][T17496] RDX: 0000000000000007 RSI: 00000000004c371b RDI: 00000000004cb2ef
[  197.336664][T17496] RBP: 0000000001190160 R08: 0000000000000000 R09: 0000000000000000
[  197.339160][T17496] R10: 00007ffc680cbd60 R11: 0000000000000007 R12: 0000000000000721
[  197.341673][T17496] R13: 00000000004cb2ef R14: 00000000000003e8 R15: 000000000118bfd4
[  197.349683][T17496] Mem-Info:
[  197.350723][T17496] active_anon:11815 inactive_anon:6954 isolated_anon:2
[  197.350723][T17496]  active_file:12 inactive_file:13 isolated_file:0
[  197.350723][T17496]  unevictable:8 dirty:7 writeback:0 unstable:0
[  197.350723][T17496]  slab_reclaimable:9833 slab_unreclaimable:33504
[  197.350723][T17496]  mapped:9945 shmem:7136 pagetables:547 bounce:0
[  197.350723][T17496]  free:17407 free_pcp:96 free_cma:0
[  197.374207][T17496] Node 0 active_anon:42228kB inactive_anon:27812kB active_file:44kB inactive_file:24kB unevictable:32kB isolated(anon):8kB isolated(file):0kB mapped:39764kB dirty:0kB writeback:0kB shmem:28532kB shmem_thp: 0kB shmem_pmdmapped: 0kB anon_thp: 8192kB writeback_tmp:0kB unstable:0kB all_unreclaimable? yes
[  197.388986][T17496] Node 1 active_anon:5032kB inactive_anon:4kB active_file:4kB inactive_file:28kB unevictable:0kB isolated(anon):0kB isolated(file):0kB mapped:16kB dirty:28kB writeback:0kB shmem:12kB shmem_thp: 0kB shmem_pmdmapped: 0kB anon_thp: 0kB writeback_tmp:0kB unstable:0kB all_unreclaimable? yes
[  197.397786][T17496] Node 0 DMA free:2508kB min:712kB low:888kB high:1064kB active_anon:1604kB inactive_anon:0kB active_file:0kB inactive_file:0kB unevictable:0kB writepending:0kB present:15992kB managed:15908kB mlocked:0kB kernel_stack:0kB pagetables:32kB bounce:0kB free_pcp:0kB local_pcp:0kB free_cma:0kB
[  197.410108][T17496] lowmem_reserve[]: 0 449 449 449 449
[  197.411913][T17496] Node 0 DMA32 free:21132kB min:22680kB low:27836kB high:32992kB active_anon:40628kB inactive_anon:27812kB active_file:44kB inactive_file:24kB unevictable:32kB writepending:0kB present:1032192kB managed:465724kB mlocked:32kB kernel_stack:6912kB pagetables:1972kB bounce:0kB free_pcp:0kB local_pcp:0kB free_cma:0kB
[  197.421548][T17496] lowmem_reserve[]: 0 0 0 0 0
[  197.423064][T17496] Node 1 DMA32 free:46104kB min:46232kB low:57788kB high:69344kB active_anon:5032kB inactive_anon:4kB active_file:4kB inactive_file:28kB unevictable:0kB writepending:32kB present:1048448kB managed:1031988kB mlocked:0kB kernel_stack:128kB pagetables:184kB bounce:0kB free_pcp:252kB local_pcp:252kB free_cma:0kB
[  197.436140][T17496] lowmem_reserve[]: 0 0 0 0 0
[  197.437754][T17496] Node 0 DMA: 1*4kB (U) 1*8kB (U) 0*16kB 0*32kB 1*64kB (M) 1*128kB (M) 1*256kB (M) 0*512kB 0*1024kB 1*2048kB (M) 0*4096kB = 2508kB
[  197.442152][T17496] Node 0 DMA32: 319*4kB (UME) 122*8kB (UME) 127*16kB (UME) 93*32kB (UME) 39*64kB (UME) 25*128kB (ME) 14*256kB (M) 5*512kB (M) 2*1024kB (UM) 0*2048kB 0*4096kB = 21148kB
[  197.447778][T17496] Node 1 DMA32: 324*4kB (ME) 289*8kB (ME) 158*16kB (UME) 131*32kB (ME) 81*64kB (UME) 21*128kB (ME) 7*256kB (UM) 3*512kB (M) 4*1024kB (UM) 0*2048kB 5*4096kB (U) = 46104kB
[  197.453191][T17496] Node 0 hugepages_total=0 hugepages_free=0 hugepages_surp=0 hugepages_size=2048kB
[  197.459539][T17496] Node 1 hugepages_total=0 hugepages_free=0 hugepages_surp=0 hugepages_size=2048kB
[  197.462497][T17496] 7167 total pagecache pages
[  197.464312][T17496] 0 pages in swap cache
[  197.465635][T17496] Swap cache stats: add 0, delete 0, find 0/0
[  197.467807][T17496] Free swap  = 0kB
[  197.468998][T17496] Total swap = 0kB
[  197.470192][T17496] 524158 pages RAM
[  197.471365][T17496] 0 pages HighMem/MovableOnly
[  197.472840][T17496] 145753 pages reserved
[  197.477558][T17496] 0 pages cma reserved
[  197.478855][T17496] Unreclaimable slab info:
[  197.480251][T17496] Name                      Used          Total
[  197.482322][T17496] pid_2                     24KB         24KB
[  197.484604][T17496] rxe-mr                     3KB          3KB
[  197.486568][T17496] rxe-qp                    29KB         29KB
[  197.488616][T17496] bio-3                      3KB          3KB
[  197.490575][T17496] batadv_tt_change_cache          4KB          4KB
[  197.492651][T17496] batadv_tl_cache            4KB          4KB
[  197.498805][T17496] TIPC                      15KB         15KB
[  197.500801][T17496] SCTPv6                    30KB         30KB
[  197.502807][T17496] DCCPv6                    30KB         30KB
[  197.505725][T17496] DCCP                      30KB         30KB
[  197.508522][T17496] RXRPC                     30KB         30KB
[  197.511448][T17496] rxrpc_call_jar            46KB         46KB
[  197.519886][T17496] bridge_fdb_cache           3KB          3KB
[  197.522938][T17496] fib6_nodes                36KB         36KB
[  197.526180][T17496] ip6_dst_cache             33KB         86KB
[  197.529278][T17496] RAWv6                     30KB         30KB
[  197.532177][T17496] UDPv6                     45KB         45KB
[  197.540469][T17496] TCPv6                     30KB         30KB
[  197.543748][T17496] nf_conntrack               7KB          7KB
[  197.546736][T17496] t10_alua_lu_gp_cache          3KB          3KB
[  197.549660][T17496] scsi_sense_cache           4KB          4KB
[  197.552489][T17496] sd_ext_cdb                 3KB          3KB
[  197.560980][T17496] virtio_scsi_cmd           16KB         16KB
[  197.564417][T17496] sgpool-128                29KB         29KB
[  197.567447][T17496] sgpool-64                 31KB         31KB
[  197.570820][T17496] sgpool-32                 94KB        173KB
[  197.572994][T17496] sgpool-16                 75KB         75KB
[  197.578437][T17496] sgpool-8                  52KB         52KB
[  197.580433][T17496] mqueue_inode_cache         15KB         15KB
[  197.582401][T17496] f2fs_bio_post_read_ctx         15KB         15KB
[  197.584810][T17496] bio-2                     15KB         15KB
[  197.587579][T17496] jfs_mp                     7KB          7KB
[  197.589557][T17496] cifs_small_rq             16KB         16KB
[  197.591563][T17496] cifs_request              67KB         67KB
[  197.597071][T17496] cifs_mpx_ids               3KB          3KB
[  197.599177][T17496] nfs_commit_data            7KB          7KB
[  197.601166][T17496] nfs_write_data            32KB         32KB
[  197.603148][T17496] jbd2_inode                 3KB          3KB
[  197.605342][T17496] ext4_system_zone           3KB          3KB
[  197.607273][T17496] ext4_bio_post_read_ctx         15KB         15KB
[  197.609370][T17496] bio-1                      3KB          3KB
[  197.611340][T17496] pid_namespace              3KB          3KB
[  197.617871][T17496] posix_timers_cache          3KB          3KB
[  197.620515][T17496] rpc_buffers               31KB         31KB
[  197.622579][T17496] rpc_tasks                  3KB          3KB
[  197.624747][T17496] UNIX                     253KB        431KB
[  197.626752][T17496] tcp_bind_bucket            4KB          4KB
[  197.628688][T17496] ip_fib_trie               12KB         12KB
[  197.630732][T17496] ip_fib_alias              39KB         39KB
[  197.632679][T17496] ip_dst_cache               4KB          4KB
[  197.638055][T17496] RAW                       15KB         15KB
[  197.639986][T17496] UDP                      106KB        106KB
[  197.641994][T17496] request_sock_TCP           3KB          3KB
[  197.644156][T17496] TCP                       30KB         30KB
[  197.646354][T17496] hugetlbfs_inode_cache         15KB         15KB
[  197.648614][T17496] fscache_cookie_jar          3KB          3KB
[  197.651527][T17496] eventpoll_pwq             27KB         27KB
[  197.659850][T17496] eventpoll_epi             51KB         51KB
[  197.662619][T17496] inotify_inode_mark         11KB         11KB
[  197.665696][T17496] request_queue            212KB        212KB
[  197.668530][T17496] blkdev_ioc                15KB         15KB
[  197.672097][T17496] bio-0                     84KB         93KB
[  197.681069][T17496] biovec-max               803KB        803KB
[  197.684615][T17496] biovec-64                 78KB        236KB
[  197.687744][T17496] biovec-16                 48KB         48KB
[  197.690860][T17496] bio_integrity_payload          3KB          3KB
[  197.700064][T17496] khugepaged_mm_slot         11KB         11KB
[  197.703673][T17496] uid_cache                  4KB          4KB
[  197.706810][T17496] dmaengine-unmap-2          4KB          4KB
[  197.709897][T17496] audit_buffer               3KB          3KB
[  197.712999][T17496] skbuff_ext_cache           8KB          8KB
[  197.720633][T17496] skbuff_fclone_cache         67KB         97KB
[  197.722770][T17496] skbuff_head_cache         82KB         97KB
[  197.725052][T17496] configfs_dir_cache          4KB          4KB
[  197.727199][T17496] file_lock_cache           50KB         73KB
[  197.729213][T17496] file_lock_ctx             11KB         11KB
[  197.731388][T17496] fsnotify_mark_connector          7KB          7KB
[  197.737981][T17496] net_namespace             27KB         27KB
[  197.740031][T17496] task_delay_info          141KB        253KB
[  197.742068][T17496] taskstats                 11KB         11KB
[  197.744345][T17496] proc_dir_entry           354KB        393KB
[  197.746379][T17496] pde_opener                11KB         11KB
[  197.748401][T17496] seq_file                  55KB         55KB
[  197.750435][T17496] sigqueue                  11KB         11KB
[  197.752502][T17496] shmem_inode_cache       8302KB       8365KB
[  197.758187][T17496] kernfs_iattrs_cache         11KB         11KB
[  197.760301][T17496] kernfs_node_cache      16294KB      16305KB
[  197.762358][T17496] mnt_cache                 82KB         82KB
[  197.764653][T17496] filp                     777KB        975KB
[  197.766713][T17496] names_cache            14505KB      14994KB
[  197.768753][T17496] iint_cache                49KB         79KB
[  197.770793][T17496] lsm_file_cache           143KB        221KB
[  197.772867][T17496] key_jar                    7KB          7KB
[  197.778715][T17496] uts_namespace              3KB          3KB
[  197.780782][T17496] nsproxy                    3KB          3KB
[  197.782843][T17496] vm_area_struct           698KB        777KB
[  197.785122][T17496] mm_struct                167KB        216KB
[  197.787053][T17496] fs_cache                  20KB         48KB
[  197.789045][T17496] files_cache               70KB        150KB
[  197.791091][T17496] signal_cache             362KB       1075KB
[  197.793144][T17496] sighand_cache            608KB        751KB
[  197.801830][T17496] task_struct             2432KB       3680KB
[  197.805340][T17496] cred_jar                 176KB        352KB
[  197.808464][T17496] anon_vma_chain           228KB        248KB
[  197.811622][T17496] anon_vma                 183KB        219KB
[  197.820279][T17496] pid                       73KB        216KB
[  197.823164][T17496] Acpi-Operand              72KB        110KB
[  197.826324][T17496] Acpi-ParseExt             15KB         15KB
[  197.829730][T17496] Acpi-Parse                51KB         90KB
[  197.832818][T17496] Acpi-State                15KB         55KB
[  197.841421][T17496] Acpi-Namespace            24KB         24KB
[  197.844918][T17496] numa_policy                3KB          3KB
[  197.847767][T17496] trace_event_file         338KB        338KB
[  197.850516][T17496] ftrace_event_field        456KB        456KB
[  197.859129][T17496] pool_workqueue           105KB        112KB
[  197.862039][T17496] vmap_area                192KB        204KB
[  197.865509][T17496] debug_objects_cache        794KB        906KB
[  197.868191][T17496] page->ptl                141KB        158KB
[  197.871015][T17496] dma-kmalloc-512            8KB          8KB
[  197.879376][T17496] kmalloc-8k              2448KB       2880KB
[  197.881907][T17496] kmalloc-4k             32424KB      33056KB
[  197.885233][T17496] kmalloc-2k              9656KB      10752KB
[  197.887735][T17496] kmalloc-1k              4184KB       5072KB
[  197.890309][T17496] kmalloc-512             2673KB       4328KB
[  197.892807][T17496] kmalloc-256             3618KB       4144KB
[  197.900819][T17496] kmalloc-192              453KB        856KB
[  197.903819][T17496] kmalloc-128              582KB        668KB
[  197.906301][T17496] kmalloc-96              1609KB       1712KB
[  197.908717][T17496] kmalloc-64              2996KB       3056KB
[  197.910552][T17496] kmalloc-32               217KB        256KB
[  197.912389][T17496] kmalloc-16               185KB        192KB
[  197.918659][T17496] kmalloc-8                379KB        446KB
[  197.920992][T17496] kmem_cache_node          180KB        181KB
[  197.923152][T17496] kmem_cache               300KB        300KB
[  197.925280][T17496] Tasks state (memory values in pages):
[  197.926971][T17496] [  pid  ]   uid  tgid total_vm      rss pgtables_bytes swapents oom_score_adj name
[  197.929946][T17496] [   5941]     0  5941    15621     1319   143360        0             0 systemd-journal
[  197.932932][T17496] [   5958]     0  5958    11222      555   118784        0         -1000 systemd-udevd
[  197.939302][T17496] [   6029]   100  6029    31821      123   147456        0             0 systemd-timesyn
[  197.942318][T17496] [   6033]     0  6033     5114      278    73728        0             0 dhclient
[  197.945483][T17496] [   9571]     0  9571    63582      740   151552        0             0 rsyslogd
[  197.948283][T17496] [   9576]     0  9576     6998       58   102400        0             0 cron
[  197.950971][T17496] [   9581]     0  9581     3220       33    69632        0             0 agetty
[  197.956989][T17496] [   9582]     0  9582     3220       32    69632        0             0 agetty
[  197.959757][T17496] [   9584]     0  9584     3220       32    73728        0             0 agetty
[  197.962511][T17496] [   9585]     0  9585     3220       33    73728        0             0 agetty
[  197.965525][T17496] [   9586]     0  9586     3220       31    69632        0             0 agetty
[  197.968294][T17496] [   9588]     0  9588     3220       33    77824        0             0 agetty
[  197.971049][T17496] [   9590]     0  9590     3164       31    69632        0             0 agetty
[  197.977329][T17496] [   9592]     0  9592    17489      187   176128        0         -1000 sshd
[  197.980382][T17496] [   9792]     0  9792     6371       52    94208        0             0 rdma-ndd
[  197.983558][T17496] [   9868]     0  9868    23215      247   221184        0             0 sshd
[  197.986304][T17496] [   9874]     0  9874   220984     7419   454656        0             0 syz-fuzzer
[  197.989172][T17496] [  16817]     0 16817    21239      417   118784        0             0 syz-executor.0
[  197.992139][T17496] [  16818]     0 16818    23287     9035   126976        0             0 syz-executor.0
[  197.998506][T17496] [  17496]     0 17496    23353     9297   139264        0          1000 syz-executor.0
[  198.001523][T17496] oom-kill:constraint=CONSTRAINT_NONE,nodemask=(null),cpuset=/,mems_allowed=0-1,global_oom,task_memcg=/,task=syz-executor.0,pid=17496,uid=0
[  198.006219][T17496] Out of memory: Killed process 17496 (syz-executor.0) total-vm:93412kB, anon-rss:3796kB, file-rss:33392kB, shmem-rss:0kB, UID:0 pgtables:139264kB oom_score_adj:1000
[  198.012539][ T2006] oom_reaper: reaped process 17496 (syz-executor.0), now anon-rss:0kB, file-rss:33728kB, shmem-rss:0kB
[  198.083718][ T9924] syz-fuzzer invoked oom-killer: gfp_mask=0x100cca(GFP_HIGHUSER_MOVABLE), order=0, oom_score_adj=0
[  198.087215][ T9924] CPU: 0 PID: 9924 Comm: syz-fuzzer Not tainted 5.4.0+ #27
[  198.089370][ T9924] Hardware name: QEMU Standard PC (i440FX + PIIX, 1996), BIOS Ubuntu-1.8.2-1ubuntu1 04/01/2014
[  198.092874][ T9924] Call Trace:
[  198.094014][ T9924]  dump_stack+0xc6/0x11e
[  198.095451][ T9924]  dump_header+0x10b/0xb50
[  198.096943][ T9924]  ? _raw_spin_unlock_irqrestore+0x39/0x60
[  198.098939][ T9924]  ? ___ratelimit+0x4f/0x460
[  198.100500][ T9924]  oom_kill_process+0x177/0x3c0
[  198.102180][ T9924]  out_of_memory+0x309/0x13b0
[  198.103771][ T9924]  ? oom_killer_disable+0x240/0x240
[  198.105538][ T9924]  ? mutex_trylock+0x26f/0x300
[  198.107147][ T9924]  ? __alloc_pages_slowpath+0xadb/0x2480
[  198.109044][ T9924]  __alloc_pages_slowpath+0x205b/0x2480
[  198.110952][ T9924]  ? warn_alloc+0x290/0x290
[  198.112486][ T9924]  ? should_fail+0x197/0x700
[  198.114041][ T9924]  ? xas_descend+0x141/0x3a0
[  198.115601][ T9924]  __alloc_pages_nodemask+0x5e5/0x850
[  198.117431][ T9924]  ? __alloc_pages_slowpath+0x2480/0x2480
[  198.119385][ T9924]  ? __filemap_set_wb_err+0x250/0x250
[  198.121195][ T9924]  ? __page_cache_alloc+0xcf/0x2c0
[  198.122946][ T9924]  ? mark_held_locks+0x100/0x100
[  198.124537][ T9924]  alloc_pages_current+0xac/0x1e0
[  198.126136][ T9924]  __page_cache_alloc+0x1a0/0x2c0
[  198.127794][ T9924]  pagecache_get_page+0x1a2/0x640
[  198.129426][ T9924]  filemap_fault+0xc2a/0x1b10
[  198.130900][ T9924]  ? lock_downgrade+0x6d0/0x6d0
[  198.132429][ T9924]  ext4_filemap_fault+0x80/0xa7
[  198.134002][ T9924]  __do_fault+0x16d/0x3cb
[  198.135368][ T9924]  ? __handle_mm_fault+0x2140/0x3640
[  198.137027][ T9924]  __handle_mm_fault+0x214c/0x3640
[  198.138638][ T9924]  ? __pmd_alloc+0x370/0x370
[  198.140074][ T9924]  ? __count_memcg_events+0x7d/0x200
[  198.141744][ T9924]  handle_mm_fault+0x2e5/0x8c0
[  198.143240][ T9924]  __do_page_fault+0x470/0xa60
[  198.144731][ T9924]  ? do_page_fault+0x27/0x4e4
[  198.146207][ T9924]  async_page_fault+0x34/0x40
[  198.147673][ T9924] RIP: 0033:0x43bc8b
[  198.148904][ T9924] Code: Bad RIP value.
[  198.150197][ T9924] RSP: 002b:000000c0004dde50 EFLAGS: 00010206
[  198.152109][ T9924] RAX: 0000000000000000 RBX: 00000000000003e7 RCX: 0000000000000000
[  198.154606][ T9924] RDX: 000000003b9763ae RSI: 000000c0004dd840 RDI: 0000000000000003
[  198.157859][ T9924] RBP: 000000c0004ddf28 R08: 0000000000000000 R09: 0000000000000001
[  198.160378][ T9924] R10: 00000000000003e7 R11: 0000000000000246 R12: 0000000000000003
[  198.162905][ T9924] R13: 000000c0000da180 R14: 000000c00098f320 R15: 0000000000000000
[  198.196653][ T9924] Mem-Info:
[  198.197675][ T9924] active_anon:11289 inactive_anon:6954 isolated_anon:0
[  198.197675][ T9924]  active_file:12 inactive_file:8 isolated_file:0
[  198.197675][ T9924]  unevictable:8 dirty:0 writeback:0 unstable:0
[  198.197675][ T9924]  slab_reclaimable:9833 slab_unreclaimable:33514
[  198.197675][ T9924]  mapped:9935 shmem:7136 pagetables:547 bounce:0
[  198.197675][ T9924]  free:9836 free_pcp:155 free_cma:0
[  198.211318][ T9924] Node 0 active_anon:40124kB inactive_anon:27812kB active_file:44kB inactive_file:24kB unevictable:32kB isolated(anon):0kB isolated(file):0kB mapped:39740kB dirty:0kB writeback:0kB shmem:28532kB shmem_thp: 0kB shmem_pmdmapped: 0kB anon_thp: 8192kB writeback_tmp:0kB unstable:0kB all_unreclaimable? yes
[  198.221244][T17497] warn_alloc: 9 callbacks suppressed
[  198.221253][T17497] syz-executor.0: vmalloc: allocation failure, allocated 247926784 of 283119616 bytes, mode:0xdc0(GFP_KERNEL|__GFP_ZERO), nodemask=(null),cpuset=/,mems_allowed=0-1
[  198.230959][ T9924] Node 1 active_anon:5032kB inactive_anon:4kB active_file:4kB inactive_file:8kB unevictable:0kB isolated(anon):0kB isolated(file):0kB mapped:0kB dirty:0kB writeback:0kB shmem:12kB shmem_thp: 0kB shmem_pmdmapped: 0kB anon_thp: 0kB writeback_tmp:0kB unstable:0kB all_unreclaimable? yes
[  198.240104][T17497] CPU: 0 PID: 17497 Comm: syz-executor.0 Not tainted 5.4.0+ #27
[  198.242419][T17497] Hardware name: QEMU Standard PC (i440FX + PIIX, 1996), BIOS Ubuntu-1.8.2-1ubuntu1 04/01/2014
[  198.245864][T17497] Call Trace:
[  198.246872][T17497]  dump_stack+0xc6/0x11e
[  198.248281][T17497]  warn_alloc+0x195/0x290
[  198.249605][T17497]  ? zone_watermark_ok_safe+0x330/0x330
[  198.251437][T17497]  ? __alloc_pages_slowpath+0x2480/0x2480
[  198.253340][T17497]  __vmalloc_node_range+0x51c/0x700
[  198.255074][T17497]  ? vb2_vmalloc_alloc+0xe8/0x330
[  198.256749][T17497]  vmalloc_user+0x6a/0x80
[  198.258073][T17497]  ? vb2_vmalloc_alloc+0xe8/0x330
[  198.259743][T17497]  vb2_vmalloc_alloc+0xe8/0x330
[  198.261216][T17497]  ? vb2_vmalloc_get_dmabuf+0x180/0x180
[  198.262906][T17497]  __vb2_queue_alloc+0x5d9/0x1270
[  198.264574][T17497]  vb2_core_reqbufs+0x70c/0xc10
[  198.266202][T17497]  ? __vb2_queue_cancel+0xce0/0xce0
[  198.267929][T17497]  ? __mutex_lock+0x682/0x1560
[  198.269523][T17497]  ? __video_do_ioctl+0x42f/0xeb0
[  198.271216][T17497]  ? mutex_lock_io_nested+0x1470/0x1470
[  198.273058][T17497]  ? save_stack+0x69/0x80
[  198.274505][T17497]  ? save_stack+0x19/0x80
[  198.276273][T17497]  ? __kasan_slab_free+0x11d/0x160
[  198.278778][T17497]  ? __x64_sys_ioctl+0x6f/0xb0
[  198.280803][T17497]  ? do_syscall_64+0x9d/0x5a0
[  198.283100][T17497]  ? entry_SYSCALL_64_after_hwframe+0x49/0xbe
[  198.286132][T17497]  ? tomoyo_supervisor+0x1de/0x11a0
[  198.289295][T17497]  vb2_ioctl_reqbufs+0x27f/0x410
[  198.291906][T17497]  v4l_reqbufs+0x9a/0xc0
[  198.293908][T17497]  __video_do_ioctl+0x760/0xeb0
[  198.295648][T17497]  ? v4l_s_fmt+0xa60/0xa60
[  198.297225][T17497]  ? __might_fault+0x177/0x1b0
[  198.299211][T17497]  video_usercopy+0x118/0xf80
[  198.301616][T17497]  ? v4l_s_fmt+0xa60/0xa60
[  198.303792][T17497]  ? v4l_enumstd+0x60/0x60
[  198.305945][T17497]  ? __kasan_slab_free+0x11d/0x160
[  198.308455][T17497]  ? tomoyo_execute_permission+0x4e0/0x4e0
[  198.310703][T17497]  v4l2_ioctl+0x1c0/0x270
[  198.312891][T17497]  ? v4l2_prio_init+0x20/0x20
[  198.315271][T17497]  do_vfs_ioctl+0x19d/0x10d0
[  198.317575][T17497]  ? ioctl_preallocate+0x1f0/0x1f0
[  198.320071][T17497]  ? __fget+0x344/0x540
[  198.322170][T17497]  ? do_dup2+0x4f0/0x4f0
[  198.324287][T17497]  ? ktime_get_ts64+0x1e0/0x2f0
[  198.326731][T17497]  ksys_ioctl+0x84/0x90
[  198.329042][T17497]  __x64_sys_ioctl+0x6f/0xb0
[  198.331551][T17497]  do_syscall_64+0x9d/0x5a0
[  198.333806][T17497]  entry_SYSCALL_64_after_hwframe+0x49/0xbe
[  198.336679][T17497] RIP: 0033:0x45de59
[  198.338672][T17497] Code: Bad RIP value.
[  198.340805][T17497] RSP: 002b:00007fe324152c78 EFLAGS: 00000246 ORIG_RAX: 0000000000000010
[  198.344050][T17497] RAX: ffffffffffffffda RBX: 000000000001c840 RCX: 000000000045de59
[  198.348017][T17497] RDX: 0000000020000040 RSI: 00000000c0145608 RDI: 0000000000000003
[  198.351928][T17497] RBP: 000000000118bf60 R08: 0000000000000000 R09: 0000000000000000
[  198.355967][T17497] R10: 0000000000000000 R11: 0000000000000246 R12: 000000000118bf2c
[  198.359939][T17497] R13: 00007ffc680cbc0f R14: 00007fe3241539c0 R15: 000000000118bf2c
[  198.368707][ T9924] Node 0 DMA free:2148kB min:712kB low:888kB high:1064kB active_anon:1600kB inactive_anon:0kB active_file:0kB inactive_file:0kB unevictable:0kB writepending:0kB present:15992kB managed:15908kB mlocked:0kB kernel_stack:0kB pagetables:32kB bounce:0kB free_pcp:0kB local_pcp:0kB free_cma:0kB
[  198.381459][ T9924] lowmem_reserve[]: 0 449 449 449 449
[  198.387123][ T9924] Node 0 DMA32 free:13300kB min:26776kB low:31932kB high:37088kB active_anon:38524kB inactive_anon:27812kB active_file:44kB inactive_file:24kB unevictable:32kB writepending:0kB present:1032192kB managed:465724kB mlocked:32kB kernel_stack:6848kB pagetables:1972kB bounce:0kB free_pcp:116kB local_pcp:116kB free_cma:0kB
[  198.402511][ T9924] lowmem_reserve[]: 0 0 0 0 0
[  198.409144][ T9924] Node 1 DMA32 free:23928kB min:48280kB low:59836kB high:71392kB active_anon:5032kB inactive_anon:4kB active_file:4kB inactive_file:8kB unevictable:0kB writepending:0kB present:1048448kB managed:1031988kB mlocked:0kB kernel_stack:128kB pagetables:184kB bounce:0kB free_pcp:500kB local_pcp:500kB free_cma:0kB
[  198.427859][ T9924] lowmem_reserve[]: 0 0 0 0 0
[  198.429753][ T9924] Node 0 DMA: 1*4kB (U) 0*8kB 0*16kB 1*32kB (U) 1*64kB (M) 2*128kB (UM) 1*256kB (M) 1*512kB (U) 1*1024kB (U) 0*2048kB 0*4096kB = 2148kB
[  198.434870][ T9924] Node 0 DMA32: 275*4kB (ME) 93*8kB (ME) 100*16kB (UME) 74*32kB (UME) 25*64kB (ME) 16*128kB (UME) 9*256kB (UM) 3*512kB (UM) 0*1024kB 0*2048kB 0*4096kB = 13300kB
[  198.440153][ T9924] Node 1 DMA32: 324*4kB (ME) 289*8kB (ME) 158*16kB (UME) 132*32kB (UME) 80*64kB (ME) 22*128kB (UME) 6*256kB (M) 4*512kB (UM) 2*1024kB (M) 0*2048kB 0*4096kB = 23928kB
[  198.448223][ T9924] Node 0 hugepages_total=0 hugepages_free=0 hugepages_surp=0 hugepages_size=2048kB
[  198.451322][ T9924] Node 1 hugepages_total=0 hugepages_free=0 hugepages_surp=0 hugepages_size=2048kB
[  198.454448][ T9924] 7161 total pagecache pages
[  198.455953][ T9924] 0 pages in swap cache
[  198.457258][ T9924] Swap cache stats: add 0, delete 0, find 0/0
[  198.459172][ T9924] Free swap  = 0kB
[  198.460333][ T9924] Total swap = 0kB
[  198.461513][ T9924] 524158 pages RAM
[  198.462682][ T9924] 0 pages HighMem/MovableOnly
[  198.466533][ T9924] 145753 pages reserved
[  198.467848][ T9924] 0 pages cma reserved
[  198.469131][ T9924] Unreclaimable slab info:
[  198.470531][ T9924] Name                      Used          Total
[  198.472504][ T9924] pid_2                     24KB         24KB
[  198.474500][ T9924] rxe-mr                     3KB          3KB
[  198.476405][ T9924] rxe-qp                    29KB         29KB
[  198.478323][ T9924] bio-3                      3KB          3KB
[  198.480237][ T9924] batadv_tt_change_cache          4KB          4KB
[  198.482358][ T9924] batadv_tl_cache            4KB          4KB
[  198.487031][ T9924] TIPC                      15KB         15KB
[  198.489190][ T9924] SCTPv6                    30KB         30KB
[  198.491562][ T9924] DCCPv6                    30KB         30KB
[  198.493759][ T9924] DCCP                      30KB         30KB
[  198.495833][ T9924] RXRPC                     30KB         30KB
[  198.497903][ T9924] rxrpc_call_jar            46KB         46KB
[  198.499970][ T9924] bridge_fdb_cache           3KB          3KB
[  198.502046][ T9924] fib6_nodes                36KB         36KB
[  198.506694][ T9924] ip6_dst_cache             33KB         86KB
[  198.508771][ T9924] RAWv6                     30KB         30KB
[  198.510836][ T9924] UDPv6                     45KB         45KB
[  198.512894][ T9924] TCPv6                     30KB         30KB
[  198.515044][T17497] Mem-Info:
[  198.516117][T17497] active_anon:11289 inactive_anon:6954 isolated_anon:0
[  198.516117][T17497]  active_file:12 inactive_file:8 isolated_file:0
[  198.516117][T17497]  unevictable:8 dirty:0 writeback:0 unstable:0
[  198.516117][T17497]  slab_reclaimable:9833 slab_unreclaimable:33514
[  198.516117][T17497]  mapped:9935 shmem:7136 pagetables:547 bounce:0
[  198.516117][T17497]  free:9844 free_pcp:153 free_cma:0
[  198.531275][ T9924] nf_conntrack               7KB          7KB
[  198.533540][ T9924] t10_alua_lu_gp_cache          3KB          3KB
[  198.535736][ T9924] scsi_sense_cache           4KB          4KB
[  198.537795][ T9924] sd_ext_cdb                 3KB          3KB
[  198.539844][ T9924] virtio_scsi_cmd           16KB         16KB
[  198.541895][ T9924] sgpool-128                29KB         29KB
[  198.546528][T17497] Node 0 active_anon:40100kB inactive_anon:27812kB active_file:28kB inactive_file:28kB unevictable:32kB isolated(anon):0kB isolated(file):0kB mapped:39740kB dirty:0kB writeback:0kB shmem:28532kB shmem_thp: 0kB shmem_pmdmapped: 0kB anon_thp: 6144kB writeback_tmp:0kB unstable:0kB all_unreclaimable? yes
[  198.556203][ T9924] sgpool-64                 31KB         31KB
[  198.558951][ T9924] sgpool-32                 94KB        173KB
[  198.561043][ T9924] sgpool-16                 75KB         75KB
[  198.563103][ T9924] sgpool-8                  52KB         52KB
[  198.567740][T17497] Node 1 active_anon:5032kB inactive_anon:4kB active_file:8kB inactive_file:4kB unevictable:0kB isolated(anon):0kB isolated(file):0kB mapped:0kB dirty:0kB writeback:0kB shmem:12kB shmem_thp: 0kB shmem_pmdmapped: 0kB anon_thp: 0kB writeback_tmp:0kB unstable:0kB all_unreclaimable? yes
[  198.577897][ T9924] mqueue_inode_cache         15KB         15KB
[  198.580007][ T9924] f2fs_bio_post_read_ctx         15KB         15KB
[  198.582083][ T9924] bio-2                     15KB         15KB
[  198.586670][ T9924] jfs_mp                     7KB          7KB
[  198.588664][ T9924] cifs_small_rq             16KB         16KB
[  198.590632][ T9924] cifs_request              67KB         67KB
[  198.592593][ T9924] cifs_mpx_ids               3KB          3KB
[  198.594839][T17497] Node 0 DMA free:2148kB min:712kB low:888kB high:1064kB active_anon:1600kB inactive_anon:0kB active_file:0kB inactive_file:0kB unevictable:0kB writepending:0kB present:15992kB managed:15908kB mlocked:0kB kernel_stack:0kB pagetables:32kB bounce:0kB free_pcp:0kB local_pcp:0kB free_cma:0kB
[  198.611719][ T9924] nfs_commit_data            7KB          7KB
[  198.613879][ T9924] nfs_write_data            32KB         32KB
[  198.615816][ T9924] jbd2_inode                 3KB          3KB
[  198.617855][ T9924] ext4_system_zone           3KB          3KB
[  198.619843][ T9924] ext4_bio_post_read_ctx         15KB         15KB
[  198.621946][ T9924] bio-1                      3KB          3KB
[  198.626313][T17497] lowmem_reserve[]: 0 449 449 449 449
[  198.628086][T17497] Node 0 DMA32 free:13300kB min:26776kB low:31932kB high:37088kB active_anon:38500kB inactive_anon:27812kB active_file:28kB inactive_file:28kB unevictable:32kB writepending:0kB present:1032192kB managed:465724kB mlocked:32kB kernel_stack:6848kB pagetables:1968kB bounce:0kB free_pcp:112kB local_pcp:112kB free_cma:0kB
[  198.637615][ T9924] pid_namespace              3KB          3KB
[  198.639535][ T9924] posix_timers_cache          3KB          3KB
[  198.641473][ T9924] rpc_buffers               31KB         31KB
[  198.645835][T17497] lowmem_reserve[]: 0 0 0 0 0
[  198.647371][T17497] Node 1 DMA32 free:23928kB min:48280kB low:59836kB high:71392kB active_anon:5032kB inactive_anon:4kB active_file:8kB inactive_file:4kB unevictable:0kB writepending:0kB present:1048448kB managed:1031988kB mlocked:0kB kernel_stack:128kB pagetables:184kB bounce:0kB free_pcp:500kB local_pcp:500kB free_cma:0kB
[  198.656677][ T9924] rpc_tasks                  3KB          3KB
[  198.658594][ T9924] UNIX                     253KB        431KB
[  198.660508][ T9924] tcp_bind_bucket            4KB          4KB
[  198.662422][ T9924] ip_fib_trie               12KB         12KB
[  198.666697][ T9924] ip_fib_alias              39KB         39KB
[  198.668624][ T9924] ip_dst_cache               4KB          4KB
[  198.670556][ T9924] RAW                       15KB         15KB
[  198.672547][ T9924] UDP                      106KB        106KB
[  198.674520][T17497] lowmem_reserve[]: 0 0 0 0 0
[  198.676008][T17497] Node 0 DMA: 1*4kB (U) 0*8kB 0*16kB 1*32kB (U) 1*64kB (M) 2*128kB (UM) 1*256kB (M) 1*512kB (U) 1*1024kB (U) 0*2048kB 0*4096kB = 2148kB
[  198.680457][T17497] Node 0 DMA32: 275*4kB (ME) 93*8kB (ME) 100*16kB (UME) 74*32kB (UME) 25*64kB (ME) 16*128kB (UME) 9*256kB (UM) 3*512kB (UM) 0*1024kB 0*2048kB 0*4096kB = 13300kB
[  198.688268][ T9924] request_sock_TCP           3KB          3KB
[  198.690215][ T9924] TCP                       30KB         30KB
[  198.692234][ T9924] hugetlbfs_inode_cache         15KB         15KB
[  198.694345][ T9924] fscache_cookie_jar          3KB          3KB
[  198.696695][T17497] Node 1 DMA32: 324*4kB (ME) 289*8kB (ME) 158*16kB (UME) 132*32kB (UME) 80*64kB (ME) 22*128kB (UME) 6*256kB (M) 4*512kB (UM) 2*1024kB (M) 0*2048kB 0*4096kB = 23928kB
[  198.701960][T17497] Node 0 hugepages_total=0 hugepages_free=0 hugepages_surp=0 hugepages_size=2048kB
[  198.707301][ T9924] eventpoll_pwq             27KB         27KB
[  198.709235][ T9924] eventpoll_epi             51KB         51KB
[  198.711167][ T9924] inotify_inode_mark         11KB         11KB
[  198.713126][ T9924] request_queue            212KB        212KB
[  198.715115][T17497] Node 1 hugepages_total=0 hugepages_free=0 hugepages_surp=0 hugepages_size=2048kB
[  198.718057][T17497] 7157 total pagecache pages
[  198.719549][T17497] 0 pages in swap cache
[  198.720943][T17497] Swap cache stats: add 0, delete 0, find 0/0
[  198.722857][T17497] Free swap  = 0kB
[  198.726515][ T9924] blkdev_ioc                15KB         15KB
[  198.728510][ T9924] bio-0                     84KB         93KB
[  198.730425][ T9924] biovec-max               803KB        803KB
[  198.732339][ T9924] biovec-64                 78KB        236KB
[  198.734344][T17497] Total swap = 0kB
[  198.735551][T17497] 524158 pages RAM
[  198.736726][T17497] 0 pages HighMem/MovableOnly
[  198.738214][T17497] 145753 pages reserved
[  198.739525][T17497] 0 pages cma reserved
[  198.746333][ T9924] biovec-16                 48KB         48KB
[  198.748780][ T9924] bio_integrity_payload          3KB          3KB
[  198.751379][ T9924] khugepaged_mm_slot         11KB         11KB
[  198.753460][ T9924] uid_cache                  4KB          4KB
[  198.755386][ T9924] dmaengine-unmap-2          4KB          4KB
[  198.757292][ T9924] audit_buffer               3KB          3KB
[  198.759211][ T9924] skbuff_ext_cache           8KB          8KB
[  198.761120][ T9924] skbuff_fclone_cache         67KB         97KB
[  198.763096][ T9924] skbuff_head_cache        101KB        116KB
[  198.786000][ T9924] configfs_dir_cache          4KB          4KB
[  198.788143][ T9924] file_lock_cache           50KB         73KB
[  198.790266][ T9924] file_lock_ctx             11KB         11KB
[  198.792320][ T9924] fsnotify_mark_connector          7KB          7KB
[  198.805851][ T9924] net_namespace             27KB         27KB
[  198.807913][ T9924] task_delay_info          141KB        253KB
[  198.809937][ T9924] taskstats                 11KB         11KB
[  198.811920][ T9924] proc_dir_entry           354KB        393KB
[  198.856751][ T9924] pde_opener                11KB         11KB
[  198.858882][ T9924] seq_file                  55KB         55KB
[  198.863109][ T9924] sigqueue                  11KB         11KB
[  198.883136][ T9924] shmem_inode_cache       8302KB       8365KB
[  198.894563][ T9924] kernfs_iattrs_cache         11KB         11KB
[  198.903334][ T9924] kernfs_node_cache      16294KB      16305KB
[  198.911666][ T9924] mnt_cache                 82KB         82KB
[  198.919231][ T9924] filp                     776KB        975KB
[  198.925679][ T9924] names_cache            14904KB      15083KB
[  198.930963][ T9924] iint_cache                49KB         79KB
[  198.937278][ T9924] lsm_file_cache           143KB        221KB
[  198.943555][ T9924] key_jar                    7KB          7KB
[  198.949912][ T9924] uts_namespace              3KB          3KB
[  198.956265][ T9924] nsproxy                    3KB          3KB
[  198.962600][ T9924] vm_area_struct           682KB        777KB
[  198.969060][ T9924] mm_struct                167KB        216KB
[  198.974385][ T9924] fs_cache                  20KB         48KB
[  198.980794][ T9924] files_cache               70KB        150KB
[  198.988278][ T9924] signal_cache             360KB       1075KB
[  198.994962][ T9924] sighand_cache            608KB        751KB
[  199.001425][ T9924] task_struct             2368KB       3680KB
[  199.009641][ T9924] cred_jar                 239KB        352KB
[  199.016141][ T9924] anon_vma_chain           228KB        248KB
[  199.022617][ T9924] anon_vma                 183KB        219KB
[  199.029123][ T9924] pid                       73KB        216KB
[  199.036636][ T9924] Acpi-Operand              72KB        110KB
[  199.040810][ T9924] Acpi-ParseExt             15KB         15KB
[  199.048398][ T9924] Acpi-Parse                51KB         90KB
[  199.055128][ T9924] Acpi-State                15KB         55KB
[  199.060324][ T9924] Acpi-Namespace            24KB         24KB
[  199.066771][ T9924] numa_policy                3KB          3KB
[  199.073053][ T9924] trace_event_file         338KB        338KB
[  199.078431][ T9924] ftrace_event_field        456KB        456KB
[  199.085842][ T9924] pool_workqueue           105KB        112KB
[  199.091029][ T9924] vmap_area                192KB        204KB
[  199.098445][ T9924] debug_objects_cache        794KB        906KB
[  199.103528][ T9924] page->ptl                141KB        158KB
[  199.109912][ T9924] dma-kmalloc-512            8KB          8KB
[  199.116213][ T9924] kmalloc-8k              2448KB       2880KB
[  199.122658][ T9924] kmalloc-4k             25680KB      28832KB
[  199.129236][ T9924] kmalloc-2k              9648KB      10752KB
[  199.135895][ T9924] kmalloc-1k              4192KB       5072KB
[  199.142303][ T9924] kmalloc-512             2647KB       4328KB
[  199.150692][ T9924] kmalloc-256             3618KB       4144KB
[  199.157183][ T9924] kmalloc-192              453KB        856KB
[  199.163955][ T9924] kmalloc-128              582KB        668KB
[  199.170343][ T9924] kmalloc-96              1615KB       1712KB
[  199.176982][ T9924] kmalloc-64              2923KB       3052KB
[  199.182214][ T9924] kmalloc-32               217KB        256KB
[  199.189729][ T9924] kmalloc-16               185KB        192KB
[  199.192750][ T9924] kmalloc-8                379KB        446KB
[  199.198049][ T9924] kmem_cache_node          180KB        181KB
[  199.202290][ T9924] kmem_cache               300KB        300KB
[  199.208675][ T9924] Tasks state (memory values in pages):
[  199.215124][ T9924] [  pid  ]   uid  tgid total_vm      rss pgtables_bytes swapents oom_score_adj name
[  199.221439][ T9924] [   5941]     0  5941    15621     1815   143360        0             0 systemd-journal
[  199.227986][ T9924] [   5958]     0  5958    11222      555   118784        0         -1000 systemd-udevd
[  199.236113][ T9924] [   6029]   100  6029    31821      123   147456        0             0 systemd-timesyn
[  199.242644][ T9924] [   6033]     0  6033     5114      278    73728        0             0 dhclient
[  199.249331][ T9924] [   9571]     0  9571    63582      740   151552        0             0 rsyslogd
[  199.256552][ T9924] [   9576]     0  9576     6998       58   102400        0             0 cron
[  199.261629][ T9924] [   9581]     0  9581     3220       33    69632        0             0 agetty
[  199.268926][ T9924] [   9582]     0  9582     3220       32    69632        0             0 agetty
[  199.275117][ T9924] [   9584]     0  9584     3220       32    73728        0             0 agetty
[  199.283769][ T9924] [   9585]     0  9585     3220       33    73728        0             0 agetty
[  199.290126][ T9924] [   9586]     0  9586     3220       31    69632        0             0 agetty
[  199.296442][ T9924] [   9588]     0  9588     3220       33    77824        0             0 agetty
[  199.302585][ T9924] [   9590]     0  9590     3164       31    69632        0             0 agetty
[  199.309330][ T9924] [   9592]     0  9592    17489      187   176128        0         -1000 sshd
[  199.316061][ T9924] [   9792]     0  9792     6371       52    94208        0             0 rdma-ndd
[  199.322368][ T9924] [   9868]     0  9868    23215      247   221184        0             0 sshd
[  199.329185][ T9924] [   9874]     0  9874   220984     7419   454656        0             0 syz-fuzzer
[  199.337249][ T9924] [  16817]     0 16817    21239      417   118784        0             0 syz-executor.0
[  199.344789][ T9924] [  16818]     0 16818    23287     8989   126976        0             0 syz-executor.0
[  199.351277][ T9924] [  17497]     0 17496    23353     8704   135168        0          1000 syz-executor.0
[  199.358963][ T9924] oom-kill:constraint=CONSTRAINT_NONE,nodemask=(null),cpuset=/,mems_allowed=0-1,global_oom,task_memcg=/,task=syz-executor.0,pid=16818,uid=0
[  199.367977][ T9924] Out of memory: Killed process 16818 (syz-executor.0) total-vm:93148kB, anon-rss:1696kB, file-rss:34260kB, shmem-rss:0kB, UID:0 pgtables:126976kB oom_score_adj:0
[  199.374277][ T2006] oom_reaper: reaped process 16818 (syz-executor.0), now anon-rss:0kB, file-rss:34880kB, shmem-rss:0kB
13:39:26 executing program 0:
syz_open_dev$radio(&(0x7f0000000100)='/dev/radio#\x00', 0x3, 0x2)
r0 = openat$vicodec0(0xffffffffffffff9c, &(0x7f0000000000)='/dev/video36\x00', 0x2, 0x0)
ioctl$VIDIOC_S_FREQUENCY(r0, 0x402c5639, &(0x7f0000000040)={0x40, 0x0, 0xed})

[  200.159953][ T4042] batman_adv: batadv0: Interface deactivated: batadv_slave_0
[  200.163067][ T4042] batman_adv: batadv0: Removing interface: batadv_slave_0
[  200.167596][ T4042] batman_adv: batadv0: Interface deactivated: batadv_slave_1
[  200.169878][ T4042] batman_adv: batadv0: Removing interface: batadv_slave_1
[  200.172531][ T4042] device bridge_slave_1 left promiscuous mode
[  200.175604][ T4042] bridge0: port 2(bridge_slave_1) entered disabled state
[  200.178859][ T4042] device bridge_slave_0 left promiscuous mode
[  200.181688][ T4042] bridge0: port 1(bridge_slave_0) entered disabled state
[  200.188677][ T4042] device veth1_macvtap left promiscuous mode
[  200.190943][ T4042] device veth0_macvtap left promiscuous mode
[  200.194675][ T4042] device veth1_vlan left promiscuous mode
[  200.196990][ T4042] device veth0_vlan left promiscuous mode
[  200.457438][ T4042] device hsr_slave_0 left promiscuous mode
[  200.459235][ T4042] device hsr_slave_1 left promiscuous mode
[  200.468294][ T4042] team0 (unregistering): Port device team_slave_1 removed
[  200.471981][ T4042] team0 (unregistering): Port device team_slave_0 removed
[  200.477945][ T4042] bond0 (unregistering): (slave bond_slave_1): Releasing backup interface
[  200.484943][ T4042] bond0 (unregistering): (slave bond_slave_0): Releasing backup interface
[  200.504620][ T4042] bond0 (unregistering): Released all slaves
[  202.086837][T17521] IPVS: ftp: loaded support on port[0] = 21
[  202.242998][T17521] chnl_net:caif_netlink_parms(): no params data found
[  202.282932][T17521] bridge0: port 1(bridge_slave_0) entered blocking state
[  202.287088][T17521] bridge0: port 1(bridge_slave_0) entered disabled state
[  202.289842][T17521] device bridge_slave_0 entered promiscuous mode
[  202.292610][T17521] bridge0: port 2(bridge_slave_1) entered blocking state
[  202.296098][T17521] bridge0: port 2(bridge_slave_1) entered disabled state
[  202.298729][T17521] device bridge_slave_1 entered promiscuous mode
[  202.309757][T17521] bond0: (slave bond_slave_0): Enslaving as an active interface with an up link
[  202.314277][T17521] bond0: (slave bond_slave_1): Enslaving as an active interface with an up link
[  202.324784][T17521] team0: Port device team_slave_0 added
[  202.327459][T17521] team0: Port device team_slave_1 added
[  202.337182][T17521] batman_adv: batadv0: Adding interface: batadv_slave_0
[  202.339319][T17521] batman_adv: batadv0: The MTU of interface batadv_slave_0 is too small (1500) to handle the transport of batman-adv packets. Packets going over this interface will be fragmented on layer2 which could impact the performance. Setting the MTU to 1560 would solve the problem.
[  202.348316][T17521] batman_adv: batadv0: Not using interface batadv_slave_0 (retrying later): interface not active
[  202.352049][T17521] batman_adv: batadv0: Adding interface: batadv_slave_1
[  202.355310][T17521] batman_adv: batadv0: The MTU of interface batadv_slave_1 is too small (1500) to handle the transport of batman-adv packets. Packets going over this interface will be fragmented on layer2 which could impact the performance. Setting the MTU to 1560 would solve the problem.
[  202.363987][T17521] batman_adv: batadv0: Not using interface batadv_slave_1 (retrying later): interface not active
[  202.377416][T17521] device hsr_slave_0 entered promiscuous mode
[  202.379677][T17521] device hsr_slave_1 entered promiscuous mode
[  202.424988][T17521] bridge0: port 2(bridge_slave_1) entered blocking state
[  202.427355][T17521] bridge0: port 2(bridge_slave_1) entered forwarding state
[  202.429575][T17521] bridge0: port 1(bridge_slave_0) entered blocking state
[  202.431688][T17521] bridge0: port 1(bridge_slave_0) entered forwarding state
[  202.451477][T17521] 8021q: adding VLAN 0 to HW filter on device bond0
[  202.456851][    T5] IPv6: ADDRCONF(NETDEV_CHANGE): veth0: link becomes ready
[  202.459481][    T5] bridge0: port 1(bridge_slave_0) entered disabled state
[  202.462168][    T5] bridge0: port 2(bridge_slave_1) entered disabled state
[  202.466796][    T5] IPv6: ADDRCONF(NETDEV_CHANGE): bond0: link becomes ready
[  202.471063][T17521] 8021q: adding VLAN 0 to HW filter on device team0
[  202.476149][ T4054] IPv6: ADDRCONF(NETDEV_CHANGE): bridge_slave_0: link becomes ready
[  202.478961][ T4054] bridge0: port 1(bridge_slave_0) entered blocking state
[  202.481188][ T4054] bridge0: port 1(bridge_slave_0) entered forwarding state
[  202.494936][T10171] IPv6: ADDRCONF(NETDEV_CHANGE): bridge_slave_1: link becomes ready
[  202.512126][T10171] bridge0: port 2(bridge_slave_1) entered blocking state
[  202.514578][T10171] bridge0: port 2(bridge_slave_1) entered forwarding state
[  202.521324][T10171] IPv6: ADDRCONF(NETDEV_CHANGE): team_slave_0: link becomes ready
[  202.526558][T10171] IPv6: ADDRCONF(NETDEV_CHANGE): team_slave_1: link becomes ready
[  202.529431][T10171] IPv6: ADDRCONF(NETDEV_CHANGE): hsr_slave_0: link becomes ready
[  202.532026][T10171] IPv6: ADDRCONF(NETDEV_CHANGE): hsr_slave_1: link becomes ready
[  202.537571][T17521] IPv6: ADDRCONF(NETDEV_CHANGE): hsr0: link becomes ready
[  202.544053][T10171] IPv6: ADDRCONF(NETDEV_CHANGE): team0: link becomes ready
[  202.548544][T10171] IPv6: ADDRCONF(NETDEV_CHANGE): vxcan0: link becomes ready
[  202.550977][T10171] IPv6: ADDRCONF(NETDEV_CHANGE): vxcan1: link becomes ready
[  202.556746][T17521] 8021q: adding VLAN 0 to HW filter on device batadv0
[  202.589501][T10171] IPv6: ADDRCONF(NETDEV_CHANGE): veth0_virt_wifi: link becomes ready
[  202.597846][T10171] IPv6: ADDRCONF(NETDEV_CHANGE): veth0_vlan: link becomes ready
[  202.600517][T10171] IPv6: ADDRCONF(NETDEV_CHANGE): vlan0: link becomes ready
[  202.604790][T10171] IPv6: ADDRCONF(NETDEV_CHANGE): vlan1: link becomes ready
[  202.608011][T17521] device veth0_vlan entered promiscuous mode
[  202.612197][T17521] device veth1_vlan entered promiscuous mode
[  202.615703][T10171] IPv6: ADDRCONF(NETDEV_CHANGE): macvlan0: link becomes ready
[  202.625100][T10171] IPv6: ADDRCONF(NETDEV_CHANGE): macvlan1: link becomes ready
[  202.627981][T10171] IPv6: ADDRCONF(NETDEV_CHANGE): veth0_macvtap: link becomes ready
[  202.631515][T17521] device veth0_macvtap entered promiscuous mode
[  202.636735][T17521] device veth1_macvtap entered promiscuous mode
[  202.645059][T17521] batman_adv: batadv0: Interface activated: batadv_slave_0
[  202.647497][T10171] IPv6: ADDRCONF(NETDEV_CHANGE): veth0_to_batadv: link becomes ready
[  202.650491][T10171] IPv6: ADDRCONF(NETDEV_CHANGE): macvtap0: link becomes ready
[  202.655828][T17521] batman_adv: batadv0: Interface activated: batadv_slave_1
[  202.661665][T10171] IPv6: ADDRCONF(NETDEV_CHANGE): veth1_to_batadv: link becomes ready
[  202.740096][T17521] ieee80211 phy11: Selected rate control algorithm 'minstrel_ht'
[  202.760803][ T3935] wlan0: Created IBSS using preconfigured BSSID 50:50:50:50:50:50
[  202.763857][ T3935] wlan0: Creating new IBSS network, BSSID 50:50:50:50:50:50
[  202.766797][T10171] IPv6: ADDRCONF(NETDEV_CHANGE): wlan0: link becomes ready
[  202.778682][T17521] ieee80211 phy12: Selected rate control algorithm 'minstrel_ht'
[  202.796711][ T4042] wlan1: Created IBSS using preconfigured BSSID 50:50:50:50:50:50
[  202.799397][ T4042] wlan1: Creating new IBSS network, BSSID 50:50:50:50:50:50
[  202.801714][T10171] IPv6: ADDRCONF(NETDEV_CHANGE): wlan1: link becomes ready
13:39:30 executing program 0:
r0 = openat$vimc2(0xffffffffffffff9c, 0x0, 0x2, 0x0)
ioctl$VIDIOC_G_FREQUENCY(r0, 0xc02c5638, &(0x7f0000000000)={0x400, 0x3, 0x5})

13:39:30 executing program 0:
r0 = openat$vimc2(0xffffffffffffff9c, &(0x7f0000000140)='/dev/video2\x00', 0x2, 0x0)
ioctl$VIDIOC_SUBDEV_S_SELECTION(r0, 0xc040563e, &(0x7f00000001c0)={0x1, 0x0, 0x0, 0x6, {0x3, 0x3, 0x5, 0x9}})
syz_open_dev$swradio(&(0x7f0000000200)='/dev/swradio#\x00', 0x1, 0x2)
r1 = syz_open_dev$swradio(&(0x7f0000000000)='/dev/swradio#\x00', 0x0, 0x2)
ioctl$VIDIOC_TRY_FMT(r1, 0xc0d05640, &(0x7f0000000040)={0xa, @win={{0x6, 0x3, 0x0, 0x8}, 0x8, 0x97, &(0x7f00000003c0)={{0x800, 0x1, 0x5, 0xffffffff}, &(0x7f0000000380)={{0x1, 0xd071, 0x1, 0x7}, &(0x7f0000000340)={{0x6431, 0x3, 0x6b54, 0x10000}}}}, 0x6, &(0x7f0000000400)="30a838", 0x3}})
r2 = syz_open_dev$vivid(&(0x7f0000000040)='/dev/video#\x00', 0x0, 0x2)
ioctl$VIDIOC_S_FBUF(r2, 0x4030560b, &(0x7f0000000000)={0x0, 0x0, &(0x7f00000000c0)})
r3 = syz_open_dev$radio(&(0x7f0000000480)='/dev/radio#\x00', 0x3, 0x2)
ioctl$VIDIOC_G_AUDOUT(r3, 0x80345631, &(0x7f00000004c0))
ioctl$VIDIOC_CREATE_BUFS(r2, 0xc100565c, &(0x7f0000000240)={0x1ff, 0x9, 0x4, {0x2, @raw_data="5ae5b80eb4c244d137bfd9cc015a57931d4aecf3d3ed20f15a84264a4ace323a1c8ac384eee0cf4c55067fd9f9e1fb565aa6edf60e0ccb335ba4a47f719579cda64f7bccbe2aafcad7c0fa91a6b3ac28aac08db1d368778c1ecbec74a619051743420c913ba839b62ac6f51c5ae978a7c91a56a0fa66f0d4bb7c55b60299e6588de43a5f12c92b4bb97a361470e222c9f32b60308ff58d3d2feebcb03820ef7bfa41f277332d106d0f4df81d21c8f92ac56918a02bdadfdbf0746c6e7b3ccfaa7420b329451e5492"}, 0x7})
ioctl$VIDIOC_S_INPUT(0xffffffffffffffff, 0xc0045627, &(0x7f0000000180))
ioctl$VIDIOC_G_OUTPUT(r1, 0x8004562e, &(0x7f0000000440))

13:39:30 executing program 0:
r0 = syz_open_dev$radio(&(0x7f0000000040)='/dev/radio#\x00', 0x2, 0x2)
ioctl$VIDIOC_S_TUNER(r0, 0x4054561e, &(0x7f0000000080)={0xfff, "6e120e5a3a562a15eff70f347865d3d2b6a2d9f078c296709cdd8c3f8a53e8a5"})
ioctl$VIDIOC_QUERYMENU(r0, 0xc02c5625, &(0x7f0000000000)={0x3, 0x7fff, @value})

13:39:30 executing program 0:
r0 = syz_open_dev$vivid(&(0x7f0000000000)='/dev/video#\x00', 0x2, 0x2)
ioctl$VIDIOC_ENUM_FREQ_BANDS(r0, 0xc0405665, &(0x7f0000000040))
ioctl$VIDIOC_ENUM_FMT(r0, 0xc0405602, &(0x7f0000000080)={0x1, 0x7, 0x2, "3c0b30e3b97f76a7f105e9c846840610e6d316b07473cd394e8364b803d5df4c", 0x41416770})

13:39:30 executing program 0:
r0 = syz_open_dev$radio(&(0x7f0000000000)='/dev/radio#\x00', 0x3, 0x2)
ioctl$VIDIOC_QUERY_DV_TIMINGS(r0, 0x80845663, &(0x7f0000000040))
ioctl$VIDIOC_LOG_STATUS(0xffffffffffffffff, 0x5646, 0x0)

13:39:30 executing program 0:
r0 = openat$vicodec0(0xffffffffffffff9c, &(0x7f0000000080)='/dev/video36\x00', 0x2, 0x0)
ioctl$VIDIOC_G_SELECTION(r0, 0xc040565e, &(0x7f0000000180)={0x2})
ioctl$VIDIOC_QUERYCTRL(r0, 0xc0445624, &(0x7f0000000240)={0x6, 0x100, "794e1bcebe1a4741c16f36cb3e6f87434889a3e2955b960318f1a734063ec1db", 0x0, 0xfffffff9, 0x8001, 0x7fff, 0x10})
ioctl$VIDIOC_DV_TIMINGS_CAP(r0, 0xc0905664, &(0x7f00000000c0)={0x0, 0x0, [], @bt={0x1, 0x3, 0x7f, 0xce, 0x4, 0x4, 0x1c, 0x8}})
r1 = openat$vimc1(0xffffffffffffff9c, &(0x7f0000000000)='/dev/video1\x00', 0x2, 0x0)
ioctl$VIDIOC_S_TUNER(r1, 0x4054561e, &(0x7f00000001c0)={0xffffffff, "483fae90cad64941e0548475e7a91f198b1b892da22f2e83d3970040781200", 0x0, 0x400, 0x9, 0x5, 0x4, 0x1, 0xfffffc02, 0xfff7})

13:39:30 executing program 0:
r0 = openat$vicodec0(0xffffffffffffff9c, &(0x7f0000000100)='/dev/video36\x00', 0x2, 0x0)
ioctl$VIDIOC_ENUM_FRAMESIZES(r0, 0xc02c564a, &(0x7f00000001c0)={0x0, 0x33424752, 0x0, @discrete={0x8, 0x7ff}})
r1 = syz_open_dev$cec(&(0x7f0000000000)='/dev/cec#\x00', 0x3, 0x2)
ioctl$VIDIOC_S_CTRL(r1, 0xc008561c, &(0x7f0000000080)={0xcb3, 0x3000000})

13:39:30 executing program 0:
r0 = syz_open_dev$vbi(&(0x7f0000000200)='/dev/vbi#\x00', 0x3, 0x2)
ioctl$VIDIOC_SUBDEV_S_DV_TIMINGS(r0, 0xc0845657, &(0x7f0000000040)={0x0, @reserved})
ioctl$VIDIOC_S_CROP(r0, 0x4014563c, &(0x7f0000000000)={0xc, {0x349, 0x6, 0x4, 0x2}})
r1 = syz_open_dev$vivid(&(0x7f0000000040)='/dev/video#\x00', 0x0, 0x2)
ioctl$VIDIOC_S_FBUF(r1, 0x4030560b, &(0x7f0000000000)={0x0, 0x0, &(0x7f00000000c0)})
ioctl$VIDIOC_G_TUNER(r1, 0xc054561d, &(0x7f0000000100)={0x101, "2196875ffdfcac489e0c70b33af8f3940ae18992b661f27e31b3362a116c5f35", 0x2, 0x400, 0x4000000, 0x968, 0x8, 0x1, 0x54b, 0x9})

13:39:30 executing program 0:
r0 = syz_open_dev$vivid(&(0x7f0000000040)='/dev/video#\x00', 0x1, 0x2)
r1 = openat$vimc2(0xffffffffffffff9c, &(0x7f0000000100)='/dev/video2\x00', 0x2, 0x0)
ioctl$VIDIOC_S_CROP(r1, 0x4014563c, &(0x7f0000000140)={0xa, {0xed0, 0x7ff, 0x127, 0x3e3eec70}})
r2 = openat$vicodec1(0xffffffffffffff9c, 0x0, 0x2, 0x0)
ioctl$VIDIOC_ENUMSTD(0xffffffffffffffff, 0xc0485619, 0x0)
ioctl$VIDIOC_STREAMON(r2, 0x40045612, 0x0)
ioctl$VIDIOC_REQBUFS(r0, 0xc0145608, &(0x7f0000000000)={0x7, 0x2, 0x1})
ioctl$VIDIOC_S_MODULATOR(r2, 0x40445637, &(0x7f0000000080)={0xffff5c9b, "a7115abca438f2f0a1a4a4a969ffeb9ffb7be080b4e3772d9063460b3036d3ca", 0x1, 0x0, 0x0, 0x0, 0x4})

13:39:30 executing program 0:
r0 = syz_open_dev$vivid(&(0x7f0000000040)='/dev/video#\x00', 0x0, 0x2)
ioctl$VIDIOC_S_FBUF(r0, 0x4030560b, &(0x7f0000000000)={0x0, 0x0, &(0x7f00000000c0)})
ioctl$VIDIOC_G_AUDOUT(r0, 0x80345631, &(0x7f0000000040))
r1 = syz_open_dev$vivid(&(0x7f0000000040)='/dev/video#\x00', 0x0, 0x2)
ioctl$VIDIOC_S_FBUF(r1, 0x4030560b, &(0x7f0000000000)={0x0, 0x0, &(0x7f00000000c0)})
r2 = syz_open_dev$vbi(&(0x7f0000000100)='/dev/vbi#\x00', 0x3, 0x2)
ioctl$VIDIOC_TRY_EXT_CTRLS(r1, 0xc0205649, &(0x7f00000001c0)={0x0, 0x75f6, 0x6, r2, 0x0, &(0x7f0000000180)={0x990a7e, 0x7fff, [], @string=&(0x7f0000000140)=0x8}})
r3 = openat$vimc2(0xffffffffffffff9c, &(0x7f0000000000)='/dev/video2\x00', 0x2, 0x0)
ioctl$VIDIOC_QUERYCAP(r3, 0x80685600, &(0x7f0000000080))

13:39:30 executing program 0:
r0 = syz_open_dev$swradio(&(0x7f0000000000)='/dev/swradio#\x00', 0x1, 0x2)
ioctl$VIDIOC_OVERLAY(r0, 0x4004560e, &(0x7f0000000040)=0x4)

13:39:30 executing program 0:
ioctl$VIDIOC_S_INPUT(0xffffffffffffffff, 0xc0045627, &(0x7f0000000000)=0x3e2)
ioctl$VIDIOC_SUBDEV_G_FMT(0xffffffffffffffff, 0xc0585604, &(0x7f00000000c0)={0x1, 0x0, {0x9, 0x99, 0x2020, 0x6, 0x1, 0x8, 0x0, 0x5}})
r0 = syz_open_dev$vivid(&(0x7f0000000080)='/dev/video#\x00', 0x0, 0x2)
ioctl$VIDIOC_CREATE_BUFS(r0, 0xc100565c, &(0x7f0000000240)={0x0, 0x2, 0x1, {0x1, @raw_data="5f6758d54a744736cf491a858bf23606c3dcf82f93000f993de74113bfd6bcedafa1cd3e4f03310cb96e36aa6ce656bc8fc4dadb77afc2d9a866a1ec0a95bb82edca73bdb256d4b371716928a7603e7799f6adae0486f29d4b91870bf4132c7685459bda94aa28fde29b6e00d8b468a8a4ba8488863e2a2208ed842207d4f09f71b08239d9efc1a477fa90c8a4d93073f5001cd9fb046a85d1accc8cfbd6c929626af016931fcb59dbc01375468158b347d444b6a896d1f87a650f7baf3164a48cbce549e34cba01"}})
r1 = openat$vimc0(0xffffffffffffff9c, &(0x7f0000000040)='/dev/video0\x00', 0x2, 0x0)
ioctl$VIDIOC_G_OUTPUT(r1, 0x8004562e, &(0x7f0000000200))
ioctl$VIDIOC_S_JPEGCOMP(0xffffffffffffffff, 0x408c563e, &(0x7f0000000140)={0x7fffffff, 0xf, 0x4, "ef1308f2409d173ea6757fafb3f0491b98bd82c64a65eab6821054c4ffa824bd26eac1975cd792e484b60f0ee1aff99f5d48f81a6f861dbf935bb56c", 0x13, "0b08a7316b27735840cf78c279bf5704def4e118128183e8c13e519ef1d5b2d94d69418e83e5819e4a951fb0f7ca746392ab0483dbf9a14a0b4f3ad4", 0x8})

13:39:30 executing program 0:
ioctl$VIDIOC_S_TUNER(0xffffffffffffffff, 0x4054561e, &(0x7f0000000040)={0x9, "a9996faa604f121464952fdfd3e148b74c36b7245517521c1d9e9786dba0876a", 0x5, 0x8, 0x48c, 0x4, 0x4, 0x2, 0x81, 0x3})
ioctl$VIDIOC_ENUMOUTPUT(0xffffffffffffffff, 0xc0485630, &(0x7f0000000140)={0x6, "52c53d157c190e921b6695e08419b8380315ee138ee96b04987db016be038707", 0x0, 0x10000, 0x1, 0x10003, 0x4})
r0 = syz_open_dev$vbi(&(0x7f0000000100)='/dev/vbi#\x00', 0x1, 0x2)
ioctl$VIDIOC_S_EXT_CTRLS(r0, 0xc0205648, &(0x7f0000000200)={0x0, 0x8, 0x0, 0xffffffffffffffff, 0x0, &(0x7f00000001c0)={0x0, 0x0, [], @p_u16=0x0}})

13:39:30 executing program 0:
r0 = syz_open_dev$vbi(&(0x7f0000000180)='/dev/vbi#\x00', 0x0, 0x2)
ioctl$VIDIOC_REQBUFS(r0, 0xc0145608, &(0x7f0000000100)={0x90, 0x4, 0x4})
ioctl$VIDIOC_EXPBUF(0xffffffffffffffff, 0xc0405610, &(0x7f0000000000)={0xc, 0x6000, 0xfffffe01, 0x40800, <r1=>0xffffffffffffffff})
ioctl$VIDIOC_EXPBUF(r0, 0xc0405610, &(0x7f0000000040)={0x3fa3187163f53ca3, 0x1e69f125, 0x0, 0x4000, r1})
ioctl$VIDIOC_SUBDEV_S_SELECTION(r0, 0xc040563e, &(0x7f0000000080)={0x0, 0x0, 0x103, 0x4, {0x1, 0x0, 0x8, 0xf8e}})

13:39:30 executing program 0:
r0 = openat$vicodec1(0xffffffffffffff9c, &(0x7f0000000000)='/dev/video37\x00', 0x2, 0x0)
ioctl$VIDIOC_SUBSCRIBE_EVENT(r0, 0x4020565a, &(0x7f0000000040)={0x5})
r1 = syz_open_dev$radio(&(0x7f00000000c0)='/dev/radio#\x00', 0x0, 0x2)
ioctl$VIDIOC_SUBSCRIBE_EVENT(r1, 0x4020565a, &(0x7f0000000100)={0xd63ca2c394bad9f5, 0x8, 0x2})
ioctl$VIDIOC_OVERLAY(r0, 0x4004560e, &(0x7f0000000140)=0xffffffd2)
syz_open_dev$radio(&(0x7f0000000080)='/dev/radio#\x00', 0x0, 0x2)

13:39:30 executing program 0:
r0 = openat$vicodec1(0xffffffffffffff9c, &(0x7f0000000040)='/dev/video37\x00', 0x2, 0x0)
ioctl$VIDIOC_REQBUFS(r0, 0xc0145608, &(0x7f00000001c0))

13:39:30 executing program 0:
r0 = syz_open_dev$vivid(&(0x7f0000000040)='/dev/video#\x00', 0x0, 0x2)
ioctl$VIDIOC_S_PARM(r0, 0xc0cc5616, &(0x7f0000000100)={0x8, @raw_data="fff70ad10a9bd585af5f09379d5d6dd028368eab2f7fa1efb34874320fd466993a7b1efd5f93e96ade466c506072717e059c9787c4d4cb37e855cde3805e6a5fad42da54e5a53dfc61f05d6b1171f68332fc74858416f07f2f64562c9dd1f48c2053765d7b820893e078a821d5897cead035b4ae8c5a950f12e5ca365ebc1e7787530cdf885f3adc1b6cef704f3a95419e1be8e6ca1d370e814c499ffe937be45e8e7dd4fe91877761fb1961e24440c1d454ab90fae6bd71ffa8ad1f4113e5b9d42c24a670f193fb"})
r1 = syz_open_dev$vivid(&(0x7f0000000040)='/dev/video#\x00', 0x0, 0x2)
ioctl$VIDIOC_S_FBUF(r1, 0x4030560b, &(0x7f0000000000)={0x0, 0x0, &(0x7f00000000c0)})
ioctl$VIDIOC_SUBDEV_DV_TIMINGS_CAP(r1, 0xc0905664, &(0x7f0000000300)={0x0, 0x0, [], @bt={0xb4, 0xfffffffd, 0x1, 0x9, 0x6, 0xfff, 0x12, 0x10}})
ioctl$VIDIOC_S_FBUF(r0, 0x4030560b, &(0x7f0000000000)={0x0, 0x0, &(0x7f00000000c0)})
ioctl$VIDIOC_CROPCAP(r0, 0xc02c563a, &(0x7f0000000000)={0x9, {0x9, 0x5, 0x3, 0x7}, {0x0, 0x10001, 0x8, 0x1}, {0x4, 0x101}})
syz_open_dev$vivid(&(0x7f00000000c0)='/dev/video#\x00', 0x1, 0x2)
openat$vicodec0(0xffffffffffffff9c, &(0x7f0000000200)='/dev/video36\x00', 0x2, 0x0)
ioctl$VIDIOC_REQBUFS(0xffffffffffffffff, 0xc0145608, &(0x7f0000000080)={0x1ff, 0x2, 0x3})
r2 = syz_open_dev$vivid(&(0x7f0000000040)='/dev/video#\x00', 0x0, 0x2)
ioctl$VIDIOC_S_FBUF(r2, 0x4030560b, &(0x7f0000000000)={0x0, 0x0, &(0x7f00000000c0)})
ioctl$VIDIOC_S_EXT_CTRLS(r2, 0xc0205648, &(0x7f00000002c0)={0x4, 0x4, 0x1, 0xffffffffffffffff, 0x0, &(0x7f0000000280)={0x3f00a1, 0x80000000, [], @p_u8=&(0x7f0000000240)=0x6}})

13:39:30 executing program 0:
ioctl$VIDIOC_SUBDEV_ENUM_MBUS_CODE(0xffffffffffffffff, 0xc0305602, &(0x7f0000000000)={0x0, 0x400, 0x200f, 0x1})
syz_open_dev$radio(&(0x7f0000000100)='/dev/radio#\x00', 0x3, 0x2)
ioctl$VIDIOC_UNSUBSCRIBE_EVENT(0xffffffffffffffff, 0x4020565b, &(0x7f0000000040)={0x8000005, 0x8021, 0x4})
r0 = syz_open_dev$vivid(&(0x7f0000000040)='/dev/video#\x00', 0x0, 0x2)
r1 = openat$vimc2(0xffffffffffffff9c, &(0x7f00000000c0)='/dev/video2\x00', 0x2, 0x0)
ioctl$VIDIOC_SUBDEV_ENUM_DV_TIMINGS(r1, 0xc0945662, &(0x7f0000000140)={0x56, 0x0, [], {0x0, @bt={0xffffff3c, 0x80000001, 0x1, 0x2, 0x5, 0x2, 0x8000, 0x4, 0x7, 0x80, 0x0, 0x5, 0x20, 0x3, 0x11, 0x16, {0xb6, 0xffff}, 0x20, 0x68}}})
ioctl$VIDIOC_S_FBUF(r0, 0x4030560b, &(0x7f0000000000)={0x0, 0x0, &(0x7f00000000c0), {0x200, 0x0, 0x0, 0x6, 0x0, 0x0, 0x8}})
ioctl$VIDIOC_ENUM_FREQ_BANDS(r0, 0xc0405665, &(0x7f0000000080)={0x1, 0x3, 0x3, 0x100, 0x3, 0x0, 0x8})

13:39:30 executing program 0:
r0 = openat$vicodec1(0xffffffffffffff9c, &(0x7f00000001c0)='/dev/video37\x00', 0x2, 0x0)
r1 = syz_open_dev$vivid(&(0x7f0000000040)='/dev/video#\x00', 0x0, 0x2)
ioctl$VIDIOC_S_FBUF(r1, 0x4030560b, &(0x7f0000000000)={0x0, 0x0, &(0x7f00000000c0)})
r2 = syz_open_dev$vivid(&(0x7f0000000040)='/dev/video#\x00', 0x0, 0x2)
ioctl$VIDIOC_S_FBUF(r2, 0x4030560b, &(0x7f0000000000)={0x0, 0x0, &(0x7f00000000c0)})
ioctl$VIDIOC_G_SELECTION(r2, 0xc040565e, &(0x7f0000000080)={0xc, 0x2, 0x2, {0x5db, 0x9, 0x1, 0x6}})
ioctl$VIDIOC_SUBDEV_S_CROP(r1, 0xc038563c, &(0x7f0000000000)={0x1, 0x0, {0x9, 0x2, 0x3, 0x8}})
ioctl$VIDIOC_REQBUFS(r0, 0xc0145608, &(0x7f0000000040)={0x21, 0x2, 0x1})

13:39:31 executing program 0:
r0 = syz_open_dev$vbi(&(0x7f0000000000)='/dev/vbi#\x00', 0x0, 0x2)
ioctl$VIDIOC_S_FMT(r0, 0xc0d05605, &(0x7f0000000040)={0x6, @win={{0xc3e2, 0x9a, 0x3, 0xab9e}, 0x3, 0x5, &(0x7f00000002c0)={{0xfffffff9, 0x7f, 0x5, 0x61f71de9}, &(0x7f0000000280)={{0x5, 0x8, 0x0, 0x5}}}, 0x7fff, &(0x7f0000000300)="e1c64d19a871f62a7030fc35", 0x9}})
r1 = syz_open_dev$swradio(&(0x7f0000000140)='/dev/swradio#\x00', 0x1, 0x2)
ioctl$VIDIOC_G_PARM(r1, 0xc0cc5615, &(0x7f0000000180)={0x3, @capture={0x0, 0x0, {0xffffffff, 0x4}, 0x3f, 0x19}})

13:39:31 executing program 0:
r0 = syz_open_dev$vbi(&(0x7f00000001c0)='/dev/vbi#\x00', 0x1, 0x2)
ioctl$VIDIOC_G_FMT(r0, 0xc0d05604, &(0x7f0000000080)={0x0, @sliced={0x0, [0x0, 0x0, 0x0, 0x0, 0x0, 0x0, 0x0, 0x0, 0xfffe, 0x0, 0x0, 0x0, 0x0, 0x0, 0x0, 0x0, 0x0, 0x0, 0x0, 0x0, 0x0, 0x0, 0x0, 0x0, 0x0, 0x0, 0x0, 0x0, 0x0, 0x0, 0x0, 0x0, 0x0, 0x0, 0x0, 0x0, 0x0, 0x0, 0x0, 0x0, 0x0, 0x1, 0x0, 0x0, 0x0, 0x0, 0x4]}})

13:39:31 executing program 0:
r0 = openat$vicodec1(0xffffffffffffff9c, &(0x7f0000000080)='/dev/video37\x00', 0x2, 0x0)
ioctl$VIDIOC_SUBSCRIBE_EVENT(r0, 0x4020565a, &(0x7f0000000040)={0x4, 0x1})
ioctl$VIDIOC_TRY_DECODER_CMD(r0, 0xc0485661, &(0x7f00000000c0)={0x1, 0x1, @start={0x80000000}})

13:39:31 executing program 0:
r0 = syz_open_dev$radio(&(0x7f0000000040)='/dev/radio#\x00', 0x3, 0x2)
ioctl$VIDIOC_S_FREQUENCY(r0, 0x402c5639, &(0x7f0000000000)={0x3, 0x2, 0x1})
ioctl$VIDIOC_S_FREQUENCY(r0, 0x402c5639, &(0x7f00000000c0)={0x4, 0x1})
ioctl$VIDIOC_G_JPEGCOMP(r0, 0x808c563d, &(0x7f0000000100))

13:39:31 executing program 0:
openat$vimc1(0xffffffffffffff9c, &(0x7f0000000000)='/dev/video1\x00', 0x2, 0x0)
r0 = syz_open_dev$vivid(&(0x7f00000000c0)='/dev/video#\x00', 0x1, 0x2)
ioctl$VIDIOC_REQBUFS(r0, 0xc0145608, &(0x7f0000000040)={0x81, 0x2, 0x1})
r1 = syz_open_dev$vivid(&(0x7f0000000040)='/dev/video#\x00', 0x0, 0x2)
ioctl$VIDIOC_S_FBUF(r1, 0x4030560b, &(0x7f0000000000)={0x0, 0x0, &(0x7f00000000c0)})
ioctl$VIDIOC_S_FMT(r1, 0xc0d05605, &(0x7f0000000100)={0x5, @sdr={0x41415270, 0xfffffff7}})

[  204.133449][T10171] Bluetooth: hci0: command 0x0409 tx timeout
13:39:31 executing program 0:
r0 = syz_open_dev$radio(&(0x7f0000000000)='/dev/radio#\x00', 0x2, 0x2)
ioctl$VIDIOC_S_HW_FREQ_SEEK(r0, 0x40305652, &(0x7f0000000040)={0x0, 0x1})
r1 = openat$vicodec1(0xffffffffffffff9c, &(0x7f00000000c0)='/dev/video37\x00', 0x2, 0x0)
ioctl$VIDIOC_G_TUNER(r1, 0xc054561d, &(0x7f0000000100)={0xffffffc1, "5ed034f5171075bea94b417b8b0358e2c036ad9c4257c928f33638afe586f3ef", 0x5, 0x200, 0x81, 0x101, 0x10, 0x2, 0x3f, 0x7f})
ioctl$VIDIOC_ENUM_FREQ_BANDS(r0, 0xc0405665, &(0x7f0000000080)={0x8, 0x3, 0x7ff, 0x400, 0x0, 0xfffffff7, 0x8})
r2 = syz_open_dev$vbi(&(0x7f0000000180)='/dev/vbi#\x00', 0x2, 0x2)
ioctl$VIDIOC_S_MODULATOR(r2, 0x40445637, &(0x7f00000001c0)={0x100, "caef07449dbbe7b8f7a28741d87b7dc2101057031f995d0afeabddded7c3a512", 0x8, 0x9, 0x7, 0x2, 0x3})

13:39:31 executing program 0:
r0 = syz_open_dev$vivid(&(0x7f0000000100)='/dev/video#\x00', 0x2, 0x2)
ioctl$VIDIOC_QUERYSTD(r0, 0x8008563f, &(0x7f0000000140))
ioctl$VIDIOC_DBG_S_REGISTER(0xffffffffffffffff, 0x4038564f, &(0x7f0000000000)={{0x2, @name="cca5a180c498f3af521891fe3ccba23506633d7f378de8729d8d7354daeee579"}, 0x8, 0x3f, 0x7f})

13:39:31 executing program 0:
openat$vicodec1(0xffffffffffffff9c, &(0x7f0000000000)='/dev/video37\x00', 0x2, 0x0)
r0 = syz_open_dev$vivid(&(0x7f0000000080)='/dev/video#\x00', 0x0, 0x2)
ioctl$VIDIOC_S_FBUF(r0, 0x4030560b, &(0x7f0000000000)={0x0, 0x0, &(0x7f00000000c0)})
ioctl$VIDIOC_SUBDEV_ENUM_FRAME_SIZE(r0, 0xc040564a, &(0x7f0000000040)={0x7, 0x0, 0x3006, 0x620, 0xffffff81, 0x4, 0x7, 0x1})
r1 = syz_open_dev$vivid(&(0x7f0000000040)='/dev/video#\x00', 0x0, 0x2)
ioctl$VIDIOC_S_FBUF(r1, 0x4030560b, &(0x7f0000000000)={0x0, 0x0, &(0x7f00000000c0)})
ioctl$VIDIOC_G_FREQUENCY(r1, 0xc02c5638, &(0x7f00000000c0)={0x1, 0x1, 0x3})

13:39:31 executing program 0:
r0 = openat$vicodec0(0xffffffffffffff9c, &(0x7f0000000100)='/dev/video36\x00', 0x2, 0x0)
ioctl$VIDIOC_ENUM_FRAMESIZES(r0, 0xc02c564a, &(0x7f00000001c0)={0x0, 0x33424752, 0x0, @stepwise={0x9ac2, 0x2, 0x7, 0x2, 0x8dd, 0xbe}})

13:39:31 executing program 0:
openat$vimc0(0xffffffffffffff9c, &(0x7f00000000c0)='/dev/video0\x00', 0x2, 0x0)
r0 = syz_open_dev$vivid(&(0x7f0000000040)='/dev/video#\x00', 0x0, 0x2)
ioctl$VIDIOC_S_FBUF(r0, 0x4030560b, &(0x7f0000000000)={0x0, 0x0, &(0x7f00000000c0), {0x0, 0x0, 0x0, 0x5}})
ioctl$VIDIOC_G_PRIORITY(r0, 0x80045643, 0x0)

13:39:31 executing program 0:
r0 = openat$vicodec0(0xffffffffffffff9c, &(0x7f00000000c0)='/dev/video36\x00', 0x2, 0x0)
ioctl$VIDIOC_CREATE_BUFS(r0, 0xc100565c, &(0x7f0000000300)={0x0, 0x4, 0x0, {0x1, @pix={0x0, 0x0, 0x0, 0x0, 0x0, 0x7ff}}})
r1 = openat$vimc1(0xffffffffffffff9c, &(0x7f0000000000)='/dev/video1\x00', 0x2, 0x0)
ioctl$VIDIOC_TRY_FMT(r1, 0xc0d05640, &(0x7f0000000100)={0x3, @sliced={0x400, [0x2, 0xfffc, 0x8, 0x7, 0x0, 0x9, 0x3a12, 0x9, 0xfefa, 0xb58, 0x400, 0x1, 0x7f, 0x0, 0x1, 0xf302, 0x1000, 0xf95, 0x1, 0x6, 0x9, 0x1ff, 0x101, 0x7, 0x2, 0x8, 0x5, 0xf3b4, 0x8, 0xfff7, 0x2, 0x7fff, 0x1, 0x0, 0x3, 0x2a4c, 0xffe1, 0x2, 0xb964, 0x0, 0x4, 0x2, 0xffff, 0x0, 0x0, 0x3, 0x1, 0x1], 0x1}})

13:39:31 executing program 0:
r0 = syz_open_dev$vbi(&(0x7f00000002c0)='/dev/vbi#\x00', 0x3, 0x2)
ioctl$VIDIOC_S_FMT(r0, 0xc0d05605, &(0x7f0000000300)={0x7, @pix={0x0, 0x0, 0x0, 0x0, 0x0, 0x0, 0x0, 0x0, 0x0, 0x0, 0x1}})

13:39:31 executing program 0:
r0 = openat$vicodec1(0xffffffffffffff9c, &(0x7f0000000040)='/dev/video37\x00', 0x2, 0x0)
ioctl$VIDIOC_REQBUFS(r0, 0xc0145608, &(0x7f0000000000)={0x6, 0x1, 0x1})
ioctl$VIDIOC_ENUM_FMT(r0, 0xc0405602, &(0x7f0000000080)={0x0, 0xb, 0x3, "9a9c61d7b6aebe1bee7fd84ec082a4dd79d1940f425a4bfa4e04375ba1d5fb0f", 0x32314d56})

13:39:31 executing program 0:
r0 = syz_open_dev$swradio(&(0x7f0000000040)='/dev/swradio#\x00', 0x0, 0x2)
ioctl$VIDIOC_G_MODULATOR(r0, 0xc0445636, &(0x7f0000000080)={0x3, "3ef1e40695dc88aadcfa9652db353df83e1991efdfba9246f5d7107e56bfc83a", 0x1000, 0x0, 0xffffffff, 0x2})
r1 = openat$vimc0(0xffffffffffffff9c, &(0x7f0000000000)='/dev/video0\x00', 0x2, 0x0)
ioctl$VIDIOC_S_AUDOUT(r1, 0x40345632, &(0x7f0000000100)={0x0, "c11d08a25a3eb75b0bd30dc600", 0x3, 0x1})
syz_open_dev$radio(0x0, 0x3, 0x2)

13:39:31 executing program 0:
r0 = syz_open_dev$vivid(&(0x7f0000000040)='/dev/video#\x00', 0x0, 0x2)
ioctl$VIDIOC_S_FBUF(r0, 0x4030560b, &(0x7f0000000000)={0x0, 0x0, &(0x7f00000000c0)})
ioctl$VIDIOC_TRY_FMT(r0, 0xc0d05640, &(0x7f0000000180)={0x9, @win={{0x5, 0x1, 0x1, 0x3}, 0x0, 0x3, &(0x7f0000000100)={{0x9, 0x6, 0xa9, 0x1ff}, &(0x7f00000000c0)={{0x9, 0x8, 0xd74, 0xd5}, &(0x7f0000000080)={{0x3, 0x2, 0x3, 0xfffffff7}}}}, 0x1, &(0x7f0000000140)="ddb619e6491ef92564fc35c615003f0def", 0x4}})
r1 = syz_open_dev$vivid(&(0x7f0000000040)='/dev/video#\x00', 0x0, 0x2)
ioctl$VIDIOC_S_FBUF(r1, 0x4030560b, &(0x7f0000000000)={0x0, 0x0, 0x0})

13:39:31 executing program 0:
r0 = syz_open_dev$vivid(&(0x7f0000000000)='/dev/video#\x00', 0x0, 0x2)
ioctl$VIDIOC_G_FMT(r0, 0xc0d05604, &(0x7f00000001c0)={0x8, @raw_data="71e6535e72f4fd179569683988d98e62aa81705a2360af18fbf694f80bea95c60649b164c87acc2f58b432566a1449a3919672557c61d355a0eefb5a2dad2a691a3a0f647185462826e6ad96cdd07631434aaccf8d6c94f443de42eb8631087c252f1b2ff66d6be16eee2ea189c7593654000461758147c82bd2a49cacd4654edf273f87686afae49b5ceec3d1a135efedc5e7a9ed0ce8629d11a944f94aa0b3fc92155ac5148f06d7a4cbd9230b7d3e55431ba4f34230ee1be084c9aea3796216016c330ce8ac6e"})
ioctl$VIDIOC_S_FMT(r0, 0xc0d05605, &(0x7f00000000c0)={0x1, @pix={0x0, 0x0, 0x32315559}})

13:39:31 executing program 0:
r0 = syz_open_dev$vivid(0x0, 0x1, 0x2)
ioctl$VIDIOC_REQBUFS(r0, 0xc0145608, &(0x7f0000000000)={0x400, 0x5, 0x2})

13:39:31 executing program 0:
r0 = syz_open_dev$radio(&(0x7f0000000000)='/dev/radio#\x00', 0x0, 0x2)
ioctl$VIDIOC_S_HW_FREQ_SEEK(r0, 0x40305652, &(0x7f0000000040)={0x0, 0x1, 0x0, 0x0, 0x0, 0x1, 0x7f})
r1 = syz_open_dev$vivid(&(0x7f0000000040)='/dev/video#\x00', 0x0, 0x2)
ioctl$VIDIOC_ENUM_FREQ_BANDS(r0, 0xc0405665, &(0x7f0000000100)={0x1, 0x4, 0x8, 0x10, 0x1, 0x4, 0x6})
ioctl$VIDIOC_S_FBUF(r1, 0x4030560b, &(0x7f0000000000)={0x0, 0x0, &(0x7f00000000c0)})
ioctl$VIDIOC_SUBDEV_S_FMT(r1, 0xc0585605, &(0x7f0000000080)={0x1, 0x0, {0x433, 0xfff, 0x3006, 0x3, 0x2, 0x1, 0x1, 0x6}})

13:39:31 executing program 0:
r0 = syz_open_dev$vivid(&(0x7f0000000040)='/dev/video#\x00', 0x0, 0x2)
ioctl$VIDIOC_S_FBUF(r0, 0x4030560b, &(0x7f0000000000)={0x0, 0x0, &(0x7f00000000c0)})
ioctl$VIDIOC_SUBDEV_G_CROP(r0, 0xc038563b, &(0x7f0000000000)={0x0, 0x0, {0xffff, 0xffff0001, 0xfffffff7}})
r1 = syz_open_dev$vbi(&(0x7f0000000200)='/dev/vbi#\x00', 0x2, 0x2)
r2 = openat$vimc1(0xffffffffffffff9c, &(0x7f0000000080)='/dev/video1\x00', 0x2, 0x0)
ioctl$VIDIOC_G_AUDIO(r2, 0x80345621, &(0x7f00000000c0))
ioctl$VIDIOC_S_FMT(r1, 0xc0d05605, &(0x7f00000003c0)={0x6, @sliced={0x0, [0x0, 0x0, 0x0, 0x0, 0x0, 0x0, 0x0, 0x0, 0x0, 0x0, 0x0, 0x0, 0x0, 0x0, 0x0, 0x7]}})

13:39:31 executing program 0:
openat$vicodec1(0xffffffffffffff9c, &(0x7f0000000000)='/dev/video37\x00', 0x2, 0x0)

13:39:32 executing program 0:
r0 = syz_open_dev$vbi(&(0x7f0000000000)='/dev/vbi#\x00', 0x0, 0x2)
r1 = syz_open_dev$vivid(&(0x7f0000000040)='/dev/video#\x00', 0x0, 0x2)
ioctl$VIDIOC_S_FBUF(r1, 0x4030560b, &(0x7f0000000000)={0x0, 0x0, &(0x7f00000000c0)})
ioctl$VIDIOC_QUERY_DV_TIMINGS(r1, 0x80845663, &(0x7f0000000040))
ioctl$VIDIOC_LOG_STATUS(r0, 0x5646, 0x0)

[  204.799757][T17920] vivid-000: =================  START STATUS  =================
[  204.805753][T17920] v4l2-ctrls: vivid-000: Interlaced VBI Format: false
[  204.814337][T17920] vivid-000: ==================  END STATUS  ==================
[  204.822847][T17921] vivid-000: =================  START STATUS  =================
[  204.828696][T17921] v4l2-ctrls: vivid-000: Interlaced VBI Format: false
[  204.837762][T17921] vivid-000: ==================  END STATUS  ==================
13:39:32 executing program 0:
ioctl$VIDIOC_S_AUDIO(0xffffffffffffffff, 0x40345622, &(0x7f0000000000)={0xa, "2296e959402ca11fa9d3e927f38773f4e708674444c04a0c55a93056e8ce6125"})
r0 = syz_open_dev$vivid(&(0x7f0000000040)='/dev/video#\x00', 0x0, 0x2)
ioctl$VIDIOC_S_FBUF(r0, 0x4030560b, &(0x7f0000000000)={0x0, 0x0, &(0x7f00000000c0)})
ioctl$VIDIOC_G_STD(r0, 0x80085617, &(0x7f0000000040))
syz_open_dev$radio(&(0x7f0000000080)='/dev/radio#\x00', 0x0, 0x2)
openat$vicodec0(0xffffffffffffff9c, &(0x7f0000001180)='/dev/video36\x00', 0x2, 0x0)

13:39:32 executing program 0:
r0 = openat$vimc1(0xffffffffffffff9c, &(0x7f00000004c0)='/dev/video1\x00', 0x2, 0x0)
ioctl$VIDIOC_ENUM_FREQ_BANDS(r0, 0xc0405665, &(0x7f0000000000)={0x1000, 0x4, 0xffffffff, 0x40, 0x4, 0x1, 0x4})
ioctl$VIDIOC_SUBDEV_DV_TIMINGS_CAP(r0, 0xc0905664, &(0x7f0000000040)={0x0, 0x0, [], @bt={0x4, 0x453, 0x10000, 0x0, 0xfff, 0x7, 0x8}})

13:39:32 executing program 0:
openat$vicodec1(0xffffffffffffff9c, 0x0, 0x2, 0x0)
r0 = openat$vicodec1(0xffffffffffffff9c, &(0x7f0000000140)='/dev/video37\x00', 0x2, 0x0)
ioctl$VIDIOC_REQBUFS(r0, 0xc0145608, &(0x7f00000000c0)={0x1000, 0x2, 0x1})
ioctl$VIDIOC_TRY_FMT(0xffffffffffffffff, 0xc0d05640, &(0x7f0000000180)={0xa, @pix_mp={0x0, 0x7, 0x31435641, 0x0, 0x5, [{0x4, 0x6}, {0x4, 0x1}, {0x91, 0x8001}, {0x4, 0x800}, {0x80000001, 0x4}, {0x20fb12a9, 0xffff}, {0x4a48, 0x8000}, {0x7, 0x9}], 0xfc, 0x0, 0x6, 0x2, 0x4}})

13:39:32 executing program 0:
r0 = openat$vicodec1(0xffffffffffffff9c, &(0x7f0000000080)='/dev/video37\x00', 0x2, 0x0)
r1 = syz_open_dev$vivid(&(0x7f0000000100)='/dev/video#\x00', 0x3, 0x2)
ioctl$VIDIOC_S_FBUF(r1, 0x4030560b, &(0x7f0000000000)={0x0, 0x0, &(0x7f00000000c0)})
r2 = openat$vimc1(0xffffffffffffff9c, &(0x7f00000001c0)='/dev/video1\x00', 0x2, 0x0)
ioctl$VIDIOC_G_EDID(r2, 0xc0285628, &(0x7f00000000c0)={0x0, 0x5, 0x4, [], &(0x7f0000000000)=0x7})
r3 = syz_open_dev$vivid(&(0x7f0000000040)='/dev/video#\x00', 0x0, 0x2)
r4 = syz_open_dev$vivid(&(0x7f0000000040)='/dev/video#\x00', 0x0, 0x2)
ioctl$VIDIOC_S_FBUF(r4, 0x4030560b, &(0x7f0000000000)={0x0, 0x0, &(0x7f00000000c0)})
ioctl$VIDIOC_QUERYMENU(r4, 0xc02c5625, &(0x7f0000000200)={0xff, 0x11, @name="9880a35873096c09b2833a7a3d1fa78e47c425be7051ca65bca0cebef4cd4470"})
ioctl$VIDIOC_S_FBUF(r3, 0x4030560b, &(0x7f0000000000)={0x0, 0x0, &(0x7f00000000c0)})
ioctl$VIDIOC_SUBDEV_G_EDID(r3, 0xc0285628, &(0x7f0000000180)={0x0, 0x22, 0x0, [], &(0x7f0000000140)=0x80})
ioctl$VIDIOC_ENUM_FMT(r0, 0xc0405602, &(0x7f0000000040)={0x0, 0x1, 0x0, "095e246d746ff416c25afadea3eb3c98597ccc73a3e89d0f6d358d7da12c135e"})

13:39:32 executing program 0:
r0 = openat$vicodec1(0xffffffffffffff9c, &(0x7f0000000000)='/dev/video37\x00', 0x2, 0x0)
ioctl$VIDIOC_REQBUFS(r0, 0xc0145608, &(0x7f0000000240)={0x0, 0x2, 0x2})
r1 = syz_open_dev$cec(&(0x7f0000000040)='/dev/cec#\x00', 0x2, 0x2)
ioctl$VIDIOC_G_FBUF(r1, 0x8030560a, &(0x7f0000000100)={0x1, 0x72, &(0x7f0000000080)="26a0bff25bfe57557d6ecb5996540ea85277d355a2026d058601ff638ec25bd4dc90f7c9cacc4b0386da391bf6cb48c2b014cb8e28be0a711c4fb1175ed468b0bdca1afef53fec888a42099d09e2455ea3f89cf1e819dd0599b586e94775739bdc6ec6db55cf075b6494", {0x10001, 0x20, 0x52424752, 0x5, 0x9, 0xffffffff, 0x3, 0x90000000}})

13:39:32 executing program 0:
r0 = syz_open_dev$vivid(&(0x7f00000000c0)='/dev/video#\x00', 0x0, 0x2)
ioctl$VIDIOC_LOG_STATUS(r0, 0x5646, 0x0)
ioctl$VIDIOC_REQBUFS(r0, 0xc0145608, &(0x7f0000000080)={0x0, 0x1, 0x2})

[  205.203457][T17945] vivid-000: =================  START STATUS  =================
[  205.208192][T17945] v4l2-ctrls: vivid-000: Test Pattern: 75% Colorbar
[  205.212687][T17945] v4l2-ctrls: vivid-000: Fill Percentage of Frame: 100
[  205.216383][T17945] v4l2-ctrls: vivid-000: Horizontal Movement: No Movement
[  205.221722][T17945] v4l2-ctrls: vivid-000: Vertical Movement: No Movement
[  205.225260][T17945] v4l2-ctrls: vivid-000: OSD Text Mode: All
[  205.227235][T17945] v4l2-ctrls: vivid-000: Show Border: false
[  205.229082][T17945] v4l2-ctrls: vivid-000: Show Square: false
[  205.231066][T17945] v4l2-ctrls: vivid-000: Sensor Flipped Horizontally: false
[  205.234627][T17945] v4l2-ctrls: vivid-000: Sensor Flipped Vertically: false
[  205.236981][T17945] v4l2-ctrls: vivid-000: Insert SAV Code in Image: false
[  205.239262][T17945] v4l2-ctrls: vivid-000: Insert EAV Code in Image: false
[  205.241497][T17945] v4l2-ctrls: vivid-000: Reduced Framerate: false
[  205.244938][T17945] v4l2-ctrls: vivid-000: Enable Capture Cropping: true
[  205.247218][T17945] v4l2-ctrls: vivid-000: Enable Capture Composing: true
[  205.249951][T17945] v4l2-ctrls: vivid-000: Enable Capture Scaler: true
[  205.252321][T17945] v4l2-ctrls: vivid-000: Timestamp Source: End of Frame
[  205.255943][T17945] v4l2-ctrls: vivid-000: Colorspace: Rec. 709
[  205.257901][T17945] v4l2-ctrls: vivid-000: Transfer Function: Default
[  205.260053][T17945] v4l2-ctrls: vivid-000: Y'CbCr Encoding: Default
[  205.262141][T17945] v4l2-ctrls: vivid-000: HSV Encoding: Hue 0-179
[  205.265543][T17945] v4l2-ctrls: vivid-000: Quantization: Default
[  205.267596][T17945] v4l2-ctrls: vivid-000: Apply Alpha To Red Only: false
[  205.269890][T17945] v4l2-ctrls: vivid-000: Standard Aspect Ratio: 4x3
[  205.272109][T17945] v4l2-ctrls: vivid-000: DV Timings Signal Mode: Current DV Timings
[  205.275927][T17945] v4l2-ctrls: vivid-000: DV Timings: 640x480p59 inactive
[  205.278443][T17945] v4l2-ctrls: vivid-000: DV Timings Aspect Ratio: Source Width x Height
[  205.281427][T17945] v4l2-ctrls: vivid-000: Maximum EDID Blocks: 2
[  205.284671][T17945] v4l2-ctrls: vivid-000: Limited RGB Range (16-235): true
[  205.287269][T17945] v4l2-ctrls: vivid-000: Rx RGB Quantization Range: Automatic
[  205.289880][T17945] v4l2-ctrls: vivid-000: Power Present: 0x00000001
[  205.292170][T17945] tpg source WxH: 1280x720 (Y'CbCr)
[  205.295072][T17945] tpg field: 1
[  205.296344][T17945] tpg crop: 16x16@0x0
[  205.297823][T17945] tpg compose: 16x16@0x0
[  205.299307][T17945] tpg colorspace: 3
[  205.300673][T17945] tpg transfer function: 0/0
[  205.302295][T17945] tpg Y'CbCr encoding: 0/0
[  205.305514][T17945] tpg quantization: 0/0
[  205.307059][T17945] tpg RGB range: 0/1
[  205.308459][T17945] vivid-000: ==================  END STATUS  ==================
13:39:32 executing program 0:
r0 = syz_open_dev$vivid(&(0x7f0000000040)='/dev/video#\x00', 0x0, 0x2)
ioctl$VIDIOC_S_FBUF(r0, 0x4030560b, &(0x7f0000000000)={0x0, 0x0, &(0x7f00000000c0)})
ioctl$VIDIOC_SUBDEV_ENUM_FRAME_SIZE(r0, 0xc040564a, &(0x7f0000000080)={0x4, 0x0, 0x3013, 0x9, 0xfffffff7, 0x3, 0xffff})
syz_open_dev$vivid(&(0x7f00000000c0)='/dev/video#\x00', 0x2, 0x2)
ioctl$VIDIOC_G_TUNER(0xffffffffffffffff, 0xc054561d, &(0x7f0000000000)={0x1000008, "1ba3a3bbb7c82c973cbdd426b51f83f6f33d62bc8f8d58a6f94825751f27fb29", 0x2, 0x8, 0x5, 0x80000000, 0x4, 0x1, 0x5, 0x8})

13:39:32 executing program 0:
syz_open_dev$vivid(&(0x7f0000000040)='/dev/video#\x00', 0x0, 0x2)
r0 = syz_open_dev$vivid(&(0x7f0000000040)='/dev/video#\x00', 0x0, 0x2)
ioctl$VIDIOC_S_FBUF(r0, 0x4030560b, &(0x7f0000000000)={0x0, 0x0, &(0x7f00000000c0)})
ioctl$VIDIOC_S_EXT_CTRLS(r0, 0xc0205648, &(0x7f00000000c0)={0x4, 0x400, 0x0, 0xffffffffffffffff, 0x0, &(0x7f0000000080)={0x0, 0x0, [], @ptr}})

13:39:32 executing program 0:
r0 = syz_open_dev$vivid(&(0x7f0000000040)='/dev/video#\x00', 0x0, 0x2)
ioctl$VIDIOC_S_FBUF(r0, 0x4030560b, &(0x7f0000000000)={0x0, 0x0, &(0x7f00000000c0)})
ioctl$VIDIOC_SUBDEV_S_DV_TIMINGS(r0, 0xc0845657, &(0x7f0000000100)={0x0, @bt={0x2, 0x5, 0x0, 0x1, 0xffffffffffff0001, 0x4, 0x2, 0x0, 0x8001, 0xb8c, 0x80000000, 0x334, 0x1, 0x0, 0x1, 0x1, {0x400, 0x7fff}, 0x8, 0x8}})
r1 = syz_open_dev$vivid(&(0x7f0000000000)='/dev/video#\x00', 0x0, 0x2)
ioctl$VIDIOC_S_EDID(r1, 0xc0285629, &(0x7f0000000980)={0x0, 0x0, 0x100, [], &(0x7f0000000940)})
ioctl$VIDIOC_S_JPEGCOMP(r1, 0x408c563e, &(0x7f0000000040)={0x6, 0xe, 0x32, "5919543db72a9a6127b45c31535d2e6d2498f9a62dae1756bcb45b715992d84f1c4bf7b232141feb62f449287ed3a07f6bd7aae115705db203fef35f", 0x35, "0b3b710e1a648dbeccebc3b0354d67280d4e57f477c5fa956073331f2656c37d35de9650864d2d8b81ec3dbe2a8dc028692e0645a601a1b8c24eb5aa", 0x48})

13:39:32 executing program 0:
r0 = syz_open_dev$vivid(&(0x7f0000000000)='/dev/video#\x00', 0x2, 0x2)
ioctl$VIDIOC_REQBUFS(r0, 0xc0145608, &(0x7f0000000040)={0x401, 0x9, 0x1})
ioctl$VIDIOC_S_FMT(0xffffffffffffffff, 0xc0d05605, &(0x7f00000001c0)={0x9, @win={{0xe8, 0x3, 0x7fffffff, 0x8}, 0x5, 0x5, &(0x7f0000000140)={{0x1, 0x17e5, 0x8, 0x3}, &(0x7f0000000100)={{0x2139, 0x8001, 0x1f, 0x5}}}, 0x4, &(0x7f00000002c0), 0x4}})
r1 = syz_open_dev$vivid(&(0x7f0000000040)='/dev/video#\x00', 0x0, 0x2)
ioctl$VIDIOC_S_FBUF(r1, 0x4030560b, &(0x7f0000000000)={0x0, 0x0, &(0x7f00000000c0)})
ioctl$VIDIOC_G_STD(r1, 0x80085617, &(0x7f0000000180))
openat$vicodec0(0xffffffffffffff9c, &(0x7f00000000c0)='/dev/video36\x00', 0x2, 0x0)
r2 = syz_open_dev$vivid(&(0x7f0000000040)='/dev/video#\x00', 0x0, 0x2)
ioctl$VIDIOC_S_FBUF(r2, 0x4030560b, &(0x7f0000000000)={0x0, 0x0, &(0x7f00000000c0)})
ioctl$VIDIOC_SUBSCRIBE_EVENT(r2, 0x4020565a, &(0x7f0000000080)={0x8000000, 0x4, 0x3})

13:39:32 executing program 0:
r0 = syz_open_dev$vivid(&(0x7f0000000040)='/dev/video#\x00', 0x1, 0x2)
ioctl$VIDIOC_G_EXT_CTRLS(0xffffffffffffffff, 0xc0205647, &(0x7f0000000140)={0x66ffff, 0x0, 0x6, 0xffffffffffffffff, 0x0, &(0x7f0000000100)={0x99096c, 0x7, [], @ptr=0x1}})
ioctl$VIDIOC_S_CROP(r0, 0x4014563c, &(0x7f0000000000)={0xa, {0x0, 0x0, 0x0, 0x4}})
ioctl$VIDIOC_S_CROP(r0, 0x4014563c, &(0x7f00000000c0)={0x1, {0x3ff, 0x9, 0x1, 0x80000000}})
syz_open_dev$cec(&(0x7f0000000080)='/dev/cec#\x00', 0x3, 0x2)

13:39:32 executing program 0:
ioctl$VIDIOC_SUBDEV_ENUM_FRAME_INTERVAL(0xffffffffffffffff, 0xc040564b, &(0x7f0000000000)={0xa3cb, 0x0, 0x1004, 0xe096, 0x4, {0xbe8, 0x9}, 0x1})
r0 = syz_open_dev$vivid(&(0x7f0000000040)='/dev/video#\x00', 0x0, 0x2)
ioctl$VIDIOC_SUBDEV_G_FRAME_INTERVAL(r0, 0xc0305615, &(0x7f0000000080)={0x0, {0x6, 0x8001}})
r1 = openat$vicodec1(0xffffffffffffff9c, &(0x7f00000000c0)='/dev/video37\x00', 0x2, 0x0)
ioctl$VIDIOC_EXPBUF(r1, 0xc0405610, &(0x7f0000000100)={0x4, 0xa10f, 0x40, 0x4000})
r2 = openat$vimc1(0xffffffffffffff9c, &(0x7f0000000140)='/dev/video1\x00', 0x2, 0x0)
ioctl$VIDIOC_REQBUFS(r2, 0xc0145608, &(0x7f0000000180)={0xfffffffc, 0x2, 0x2})
r3 = openat$vimc1(0xffffffffffffff9c, &(0x7f00000001c0)='/dev/video1\x00', 0x2, 0x0)
ioctl$VIDIOC_G_AUDOUT(r3, 0x80345631, &(0x7f0000000200))
ioctl$VIDIOC_SUBDEV_S_CROP(r2, 0xc038563c, &(0x7f0000000240)={0x0, 0x0, {0x80000000, 0x0, 0x1, 0x4}})
ioctl$VIDIOC_ENUM_DV_TIMINGS(r2, 0xc0945662, &(0x7f0000000280)={0x1, 0x0, [], {0x0, @bt={0x401, 0x1, 0x1, 0x3, 0x8, 0x95cb, 0x8, 0x5, 0xf27, 0x1, 0x0, 0x100, 0x0, 0x8063, 0x0, 0x34, {0xb1, 0x7e000000}, 0x1f, 0x1f}}})
