e9984d8e4de766fced9dac0f18c4b3f54797abce090912223cb56859ac4804854e982358f962d6e402930dce193131cc6686ee45575a14fb8f4fe95a8caffd2863814023ea60e800f94dc04e5e1f89c2a8bcb11ec1147d4f56e9248dc2c3f9507906db5b226442d30a158326bd8cb899fb0ba7191191378ceb57e1e63947c3c43a5cddc790f0a53c9e10a6d2a31249f07eab2767c582bae78914e6a01d15ae908f65d4470f31084c6b70b5e3220d700a92b7f6d09e8c6a138977eacdf8a301eb9827ef90f5191bbf273e9af35966b75f01375051abc2176973180efbde1cbbbc9802723de26136c294110475c51858048fae401d36edba587af20698095d557a39ecd4dd2959c1158f5ac33c4e7bc31248fd3d97e89cb174c4163879b9819e2a9a0dd80b878a31baaa403d0b587f19fe26c1421c69a94416a6b80959bee7c7a110f6a51468f90f41188d47323720150c0fe3e5a434dd1d69d087cc78bc4d52c875dff3b7ca0503e9a581fded4a5ddc37ec9b1c7bbbbc94fd62769f45db9b2db2f034ef8bdb72233a4f17023a7628e9e19328f848542245add032657c7ed0d6f519e1521258dd1312e7bcff1a0003fd74771a1bb6983fbef31304a7fa9e7bbf932b7a25444e29e5a39b82f7b66140864aa9011528129fb186052c215311c50cff59b01516a7c61b9f80a91e0b3ec3a44fa6292185158df29ee1c396d1688dc8d190635fd4445de8ff24ddee0d3d48ea916031e7a87f29ff0df98afdbe832830f1bfabc55fa693e3ee859eb403fa6d482c1f239f2d55c136c0d8030cc8976a4b82e1ae5d7b58634b3e381095566b6afbb149bc426be5a490024318947ce7d219fea45c71328b9ada0b067c97e53c6f439a5f21aefdc1dc273f9f0edbaa364ee32bd010f315dd91a197906f45b9760c689338de7946e6ef6eb28a39728ee974514c63d44be2a93d223ffa9180c39c08927eb1caff1326d62d6afb0c49c1defa53777b53763d1bda12c909972b64865715bb9ed39437d586b6d1fa7d6930fd2505c0a687c8a618b8db4f96acffc4655ab68baa8018db9961ada4b4664a3c21ec5434b47b7030b71dda5e0f96a6b8dfd9975b898733fe60af7171770eabe7b13e3383b950c2dcc29ae8274c937d56253a8832290ffd7022bdfc5707949a931fb52ae02e9261818f8b84cad2dc79d1e0ef6edb3122cc936913bcc6303fa99eb3c0e5349e1e996cc5a6ba205c0755e2f8aae562fce1f45ace3c0e9f213ff55066db9adea7382c3687f297d280dd1a3429504c0aed122c5dbf22a7484f9ac803a03dad798adef3e240f5308640d16ba9affe80602f48787fc0c7a6f3c7c7093c11eed0075ea482ca1829c0d3ebf9f9931fba32401297ce31fab0d87440a8dc0600b40905ef8e5e6faaf8c006e8fcb7e058e70698e89fcf1dc85e65ac81fc287e953c4fcf6cfc9271b8ac739561b3814b3f1e61cc4ed031096f7611ed63b69044349e6cc3d6afcb822846530df46ec50c273789dd84cf78d57b7320ee536de78e1c3139e1e33e25a4363d5d7d01269fd857c405d1094f18760f822a658d68aee25fa9c1ff3f91f611f15113e0a41f4de7e79e51466685c71996c5b4b3aa5ac5d80b299ca40ec1419aedb22b943dd642efbeae07b902466682f8bdb26fd58ca5b19e75d32db84a8d85c00a61e058e5f1346e9beff735cd49d986", {0x6, 0x3, 0x59565955, 0x7, 0x0, 0x8001, 0x1, 0x8001}})
r0 = syz_open_dev$radio(&(0x7f0000000000)='/dev/radio#\x00', 0x1, 0x2)
ioctl$VIDIOC_G_MODULATOR(r0, 0xc0445636, &(0x7f00000000c0)={0x0, "2421cbad8fc975e5c67c054df83e265c2980aa934701b0ba251656dacfb28687"})
r1 = syz_open_dev$vbi(&(0x7f0000000040)='/dev/vbi#\x00', 0x2, 0x2)
ioctl$VIDIOC_QUERYSTD(r1, 0x8008563f, &(0x7f0000000080))

14:41:18 executing program 0:
openat$vicodec1(0xffffffffffffff9c, &(0x7f0000000040)='/dev/video37\x00', 0x2, 0x0)

14:41:19 executing program 0:
openat$vimc0(0xffffffffffffff9c, &(0x7f0000000000)='/dev/video0\x00', 0x2, 0x0)
r0 = syz_open_dev$vivid(&(0x7f0000000040)='/dev/video#\x00', 0x3, 0x2)
ioctl$VIDIOC_S_TUNER(r0, 0x4054561e, 0xffffffffffffffff)
ioctl$VIDIOC_DV_TIMINGS_CAP(r0, 0xc0905664, &(0x7f0000000100)={0x0, 0x0, [], @raw_data=[0x7fff, 0x1000, 0x100, 0xffffffbf, 0x6, 0x1, 0x7c, 0xdf, 0xfbe, 0xdc, 0x8, 0x2, 0x40, 0x0, 0x9, 0x7f, 0x1ff, 0xffff, 0xfffffffc, 0xa92, 0x0, 0x8000, 0x0, 0x23, 0x4, 0x1f, 0x8, 0xdca, 0xb1b, 0x3df0, 0x1c00000, 0x9]})
r1 = syz_open_dev$radio(&(0x7f0000000040)='/dev/radio#\x00', 0x3, 0x2)
ioctl$VIDIOC_S_MODULATOR(r1, 0x40445637, &(0x7f0000000080)={0x7, "996cbd6fc923000000000000009b95dc1fc42d4cd4813f1b8476efe40c495a0b", 0x4, 0x9, 0x4, 0x0, 0x1})

14:41:19 executing program 0:
r0 = openat$vicodec1(0xffffffffffffff9c, &(0x7f0000000080)='/dev/video37\x00', 0x2, 0x0)
ioctl$VIDIOC_TRY_DECODER_CMD(r0, 0xc0485661, &(0x7f0000000200)={0x0, 0x1})
ioctl$VIDIOC_ENUM_FRAMEINTERVALS(r0, 0xc034564b, &(0x7f0000000000)={0xfffff001, 0x30364d54, 0x6, 0x38, 0x1, @stepwise={{0x800, 0x1}, {0x200, 0x2}, {0x9d2, 0x8}}})
r1 = syz_open_dev$vivid(&(0x7f0000000040)='/dev/video#\x00', 0x2, 0x2)
ioctl$VIDIOC_ENUMOUTPUT(r1, 0xc0485630, &(0x7f00000000c0)={0x1, "e64f289eedeaf7a53f54abc1b251843d6c800b2e581acb9e18436908a6ea2b1c", 0x2, 0x80, 0x5, 0x40, 0x2})

14:41:19 executing program 0:
syz_open_dev$swradio(&(0x7f0000000180)='/dev/swradio#\x00', 0x1, 0x2)
r0 = syz_open_dev$vivid(&(0x7f0000000040)='/dev/video#\x00', 0x3, 0x2)
ioctl$VIDIOC_S_TUNER(r0, 0x4054561e, 0xffffffffffffffff)
ioctl$VIDIOC_S_FMT(r0, 0xc0d05605, &(0x7f0000000080)={0x8, @sdr={0x30314442}})
ioctl$VIDIOC_S_CTRL(r0, 0xc008561c, &(0x7f0000000000)={0x83, 0xffff0001})
ioctl$VIDIOC_G_EDID(r0, 0xc0285628, &(0x7f0000000200)={0x0, 0x1, 0xe1e021a, [], &(0x7f00000001c0)=0x3})

14:41:19 executing program 0:
r0 = syz_open_dev$vivid(&(0x7f0000000080)='/dev/video#\x00', 0x2, 0x2)
ioctl$VIDIOC_ENUM_FRAMESIZES(r0, 0xc02c564a, &(0x7f0000000000)={0x6, 0x50565559})

14:41:19 executing program 0:
r0 = openat$vimc2(0xffffffffffffff9c, &(0x7f0000000080)='/dev/video2\x00', 0x2, 0x0)
r1 = syz_open_dev$vivid(&(0x7f0000000000)='/dev/video#\x00', 0x1, 0x2)
ioctl$VIDIOC_REQBUFS(r1, 0xc0145608, &(0x7f0000000040)={0x1ff, 0x2, 0x2})
r2 = openat$vicodec0(0xffffffffffffff9c, &(0x7f00000000c0)='/dev/video36\x00', 0x2, 0x0)
ioctl$VIDIOC_G_EXT_CTRLS(r2, 0xc0205647, &(0x7f0000000140)={0x9d0000, 0x6, 0x1, r0, 0x0, &(0x7f0000000100)={0x990a68, 0x6, [], @value64=0xd73}})
ioctl$VIDIOC_REQBUFS(r1, 0xc0145608, &(0x7f0000000240)={0x0, 0x8, 0x1})

14:41:19 executing program 0:
r0 = openat$vicodec0(0xffffffffffffff9c, &(0x7f0000000580)='/dev/video36\x00', 0x2, 0x0)
ioctl$VIDIOC_STREAMOFF(r0, 0x40045613, &(0x7f00000000c0)=0x1)
r1 = syz_open_dev$swradio(&(0x7f0000000100)='/dev/swradio#\x00', 0x1, 0x2)
ioctl$VIDIOC_DBG_S_REGISTER(r1, 0x4038564f, &(0x7f0000000140)={{0x1, @name="a61923153ab9b248ed12666d1f708484d88d117b8f06654e9239443a339820bb"}, 0x8, 0x8000, 0x4})
ioctl$VIDIOC_CREATE_BUFS(r0, 0xc100565c, &(0x7f0000000180)={0x0, 0x10000, 0x1, {0xa, @raw_data="eb8894cb2d568861c7dec7ee00ed1c71b5859369a9d93feee0b9e16d4acd572156cddeab4c439a13aba0ec7dc9fe5f488f05acd25f62c2953419ffabf3131b0b590e7ef83fb90bf83ab0f08feecf7a63abe9809faaeda3b37611114f853a01ae6fbf36f5bb9622e694c93d8acf0518a6f23d9debeab2f62646d428be4c2b6a8dacb979fb98ce5fcc82dc406ffc4c8c90a25e482565c4b837f0c45e8ad3a6688012a8af7d25d394e3d22bbee767aef7603497975e4e0a7d2a40eab8c1317ce3a634683b6667aa5e59"}})
ioctl$VIDIOC_SUBDEV_G_DV_TIMINGS(r0, 0xc0845658, &(0x7f0000000000)={0x0, @reserved})
r2 = syz_open_dev$vivid(&(0x7f0000000040)='/dev/video#\x00', 0x3, 0x2)
ioctl$VIDIOC_S_TUNER(r2, 0x4054561e, 0xffffffffffffffff)
ioctl$VIDIOC_QUERYCTRL(r2, 0xc0445624, &(0x7f0000000280)={0xfffffff9, 0x6, "daa7a9ea721dd4d2a6186ecf69cd93dbd82733efd5f5eccfd73f8c3c7e65709b", 0xf, 0x6, 0x0, 0xfd, 0x8})

14:41:19 executing program 0:
ioctl$VIDIOC_SUBDEV_G_FMT(0xffffffffffffffff, 0xc0585604, &(0x7f0000000000)={0x1, 0x0, {0x3, 0x4, 0x2009, 0x1, 0x30f9d399bd09d14e, 0x8, 0x1, 0x4}})
r0 = syz_open_dev$vivid(&(0x7f0000000500)='/dev/video#\x00', 0x2, 0x2)
r1 = syz_open_dev$vivid(&(0x7f0000000500)='/dev/video#\x00', 0x2, 0x2)
ioctl$VIDIOC_LOG_STATUS(r0, 0x5646, 0x0)
r2 = openat$vicodec0(0xffffffffffffff9c, &(0x7f0000000080)='/dev/video36\x00', 0x2, 0x0)
ioctl$VIDIOC_G_CROP(r2, 0xc014563b, &(0x7f00000000c0)={0xc, {0x4, 0x0, 0xfff, 0xffff}})
ioctl$VIDIOC_S_PARM(r1, 0xc0cc5616, &(0x7f0000000100)={0xb, @output={0x0, 0x0, {0x8001, 0xfffffffe}, 0x0, 0x9}})

[  932.982566][T25175] vivid-001: =================  START STATUS  =================
[  932.991068][T25175] v4l2-ctrls: vivid-001: Test Pattern: 75% Colorbar
[  932.995317][T25175] v4l2-ctrls: vivid-001: Fill Percentage of Frame: 100
[  932.999617][T25175] v4l2-ctrls: vivid-001: Horizontal Movement: No Movement
[  933.005771][T25175] v4l2-ctrls: vivid-001: Vertical Movement: No Movement
[  933.007984][T25175] v4l2-ctrls: vivid-001: OSD Text Mode: All
[  933.009942][T25175] v4l2-ctrls: vivid-001: Show Border: false
[  933.012815][T25175] v4l2-ctrls: vivid-001: Show Square: false
[  933.014690][T25175] v4l2-ctrls: vivid-001: Sensor Flipped Horizontally: false
[  933.017005][T25175] v4l2-ctrls: vivid-001: Sensor Flipped Vertically: false
[  933.019251][T25175] v4l2-ctrls: vivid-001: Insert SAV Code in Image: false
[  933.022864][T25175] v4l2-ctrls: vivid-001: Insert EAV Code in Image: false
[  933.025127][T25175] v4l2-ctrls: vivid-001: Reduced Framerate: false
[  933.027152][T25175] v4l2-ctrls: vivid-001: Enable Capture Cropping: true
[  933.029541][T25175] v4l2-ctrls: vivid-001: Enable Capture Composing: true
[  933.033744][T25175] v4l2-ctrls: vivid-001: Enable Capture Scaler: true
[  933.036421][T25175] v4l2-ctrls: vivid-001: Timestamp Source: End of Frame
[  933.038682][T25175] v4l2-ctrls: vivid-001: Colorspace: sRGB
[  933.041541][T25175] v4l2-ctrls: vivid-001: Transfer Function: Default
[  933.043784][T25175] v4l2-ctrls: vivid-001: Y'CbCr Encoding: Default
[  933.045805][T25175] v4l2-ctrls: vivid-001: HSV Encoding: Hue 0-179
[  933.047904][T25175] v4l2-ctrls: vivid-001: Quantization: Default
[  933.049838][T25175] v4l2-ctrls: vivid-001: Apply Alpha To Red Only: false
[  933.054109][T25175] v4l2-ctrls: vivid-001: Standard Aspect Ratio: 4x3
[  933.056233][T25175] v4l2-ctrls: vivid-001: DV Timings Signal Mode: Current DV Timings inactive
[  933.059207][T25175] v4l2-ctrls: vivid-001: DV Timings: 640x480p59 inactive
[  933.062499][T25175] v4l2-ctrls: vivid-001: DV Timings Aspect Ratio: Source Width x Height
[  933.065198][T25175] v4l2-ctrls: vivid-001: Maximum EDID Blocks: 2
[  933.067289][T25175] v4l2-ctrls: vivid-001: Limited RGB Range (16-235): true
[  933.069484][T25175] v4l2-ctrls: vivid-001: Rx RGB Quantization Range: Automatic
[  933.073092][T25175] v4l2-ctrls: vivid-001: Power Present: 0x00000001
[  933.075361][T25175] tpg source WxH: 3840x2160 (Y'CbCr)
[  933.077055][T25175] tpg field: 1
[  933.078089][T25175] tpg crop: 3840x2160@0x0
[  933.079476][T25175] tpg compose: 3840x2160@0x0
[  933.082419][T25175] tpg colorspace: 8
[  933.083721][T25175] tpg transfer function: 0/0
[  933.085304][T25175] tpg Y'CbCr encoding: 0/0
[  933.086868][T25175] tpg quantization: 0/0
[  933.088315][T25175] tpg RGB range: 0/1
[  933.089655][T25175] vivid-001: ==================  END STATUS  ==================
[  933.095939][T25176] vivid-001: =================  START STATUS  =================
[  933.098392][T25176] v4l2-ctrls: vivid-001: Test Pattern: 75% Colorbar
[  933.104837][T25176] v4l2-ctrls: vivid-001: Fill Percentage of Frame: 100
[  933.107125][T25176] v4l2-ctrls: vivid-001: Horizontal Movement: No Movement
[  933.109349][T25176] v4l2-ctrls: vivid-001: Vertical Movement: No Movement
[  933.112510][T25176] v4l2-ctrls: vivid-001: OSD Text Mode: All
[  933.114405][T25176] v4l2-ctrls: vivid-001: Show Border: false
[  933.116292][T25176] v4l2-ctrls: vivid-001: Show Square: false
[  933.118136][T25176] v4l2-ctrls: vivid-001: Sensor Flipped Horizontally: false
[  933.122340][T25176] v4l2-ctrls: vivid-001: Sensor Flipped Vertically: false
[  933.124639][T25176] v4l2-ctrls: vivid-001: Insert SAV Code in Image: false
[  933.126898][T25176] v4l2-ctrls: vivid-001: Insert EAV Code in Image: false
[  933.129145][T25176] v4l2-ctrls: vivid-001: Reduced Framerate: false
[  933.132140][T25176] v4l2-ctrls: vivid-001: Enable Capture Cropping: true
[  933.134438][T25176] v4l2-ctrls: vivid-001: Enable Capture Composing: true
[  933.136665][T25176] v4l2-ctrls: vivid-001: Enable Capture Scaler: true
[  933.138888][T25176] v4l2-ctrls: vivid-001: Timestamp Source: End of Frame
[  933.142287][T25176] v4l2-ctrls: vivid-001: Colorspace: sRGB
[  933.144164][T25176] v4l2-ctrls: vivid-001: Transfer Function: Default
[  933.146358][T25176] v4l2-ctrls: vivid-001: Y'CbCr Encoding: Default
[  933.148435][T25176] v4l2-ctrls: vivid-001: HSV Encoding: Hue 0-179
[  933.151533][T25176] v4l2-ctrls: vivid-001: Quantization: Default
[  933.153539][T25176] v4l2-ctrls: vivid-001: Apply Alpha To Red Only: false
[  933.155754][T25176] v4l2-ctrls: vivid-001: Standard Aspect Ratio: 4x3
[  933.157840][T25176] v4l2-ctrls: vivid-001: DV Timings Signal Mode: Current DV Timings inactive
[  933.162072][T25176] v4l2-ctrls: vivid-001: DV Timings: 640x480p59 inactive
[  933.164362][T25176] v4l2-ctrls: vivid-001: DV Timings Aspect Ratio: Source Width x Height
[  933.167014][T25176] v4l2-ctrls: vivid-001: Maximum EDID Blocks: 2
[  933.169005][T25176] v4l2-ctrls: vivid-001: Limited RGB Range (16-235): true
[  933.172273][T25176] v4l2-ctrls: vivid-001: Rx RGB Quantization Range: Automatic
[  933.174851][T25176] v4l2-ctrls: vivid-001: Power Present: 0x00000001
[  933.176876][T25176] tpg source WxH: 3840x2160 (Y'CbCr)
[  933.178593][T25176] tpg field: 1
[  933.179689][T25176] tpg crop: 3840x2160@0x0
[  933.182591][T25176] tpg compose: 3840x2160@0x0
[  933.184113][T25176] tpg colorspace: 8
[  933.185319][T25176] tpg transfer function: 0/0
[  933.186848][T25176] tpg Y'CbCr encoding: 0/0
[  933.188278][T25176] tpg quantization: 0/0
[  933.189590][T25176] tpg RGB range: 0/1
[  933.192412][T25176] vivid-001: ==================  END STATUS  ==================
14:41:19 executing program 0:
syz_open_dev$radio(&(0x7f00000000c0)='/dev/radio#\x00', 0x3, 0x2)
r0 = syz_open_dev$swradio(&(0x7f0000000000)='/dev/swradio#\x00', 0x0, 0x2)
ioctl$VIDIOC_TRY_FMT(r0, 0xc0d05640, &(0x7f0000000100)={0xa, @sdr={0x64766179, 0x2}})
ioctl$VIDIOC_LOG_STATUS(r0, 0x5646, 0x0)

[  933.224522][T25179] vivid-000: =================  START STATUS  =================
[  933.230212][T25179] v4l2-ctrls: vivid-000: FM Deviation: 75000
[  933.234409][T25179] vivid-000: ==================  END STATUS  ==================
14:41:19 executing program 0:
r0 = openat$vicodec0(0xffffffffffffff9c, &(0x7f0000000000)='/dev/video36\x00', 0x2, 0x0)
ioctl$VIDIOC_G_FREQUENCY(r0, 0xc02c5638, &(0x7f0000000040)={0x100, 0x0, 0x120000})
ioctl$VIDIOC_S_AUDOUT(r0, 0x40345632, &(0x7f0000000080)={0x472, "e887587d31e440000000002c0dd66266640100000000000200"})

14:41:19 executing program 0:
ioctl$VIDIOC_SUBDEV_S_DV_TIMINGS(0xffffffffffffffff, 0xc0845657, &(0x7f0000000340)={0x0, @bt={0xfff, 0x3, 0x0, 0x2, 0x1, 0x81, 0x400, 0x9, 0xc591e32, 0x7f, 0x3, 0x6, 0x6, 0x3, 0x1, 0x1, {0x884, 0x4}, 0x1, 0x40}})
r0 = syz_open_dev$vivid(&(0x7f0000000240)='/dev/video#\x00', 0x0, 0x2)
r1 = syz_open_dev$vivid(&(0x7f0000000040)='/dev/video#\x00', 0x3, 0x2)
ioctl$VIDIOC_S_TUNER(r1, 0x4054561e, 0xffffffffffffffff)
ioctl$VIDIOC_SUBDEV_DV_TIMINGS_CAP(r1, 0xc0905664, &(0x7f0000000280)={0x0, 0x0, [], @raw_data=[0x6, 0x80000000, 0x0, 0x2, 0x4df9, 0x4, 0x3f, 0xfffffff8, 0x2, 0x76, 0x0, 0x10000, 0x9, 0x1, 0x101, 0x7, 0x6, 0x6, 0x687c, 0x981e, 0x480000, 0xfd, 0x60000000, 0x7fff, 0x3ff, 0x200, 0x800, 0xfffff000, 0xdacd, 0x8, 0x9, 0xad4]})
ioctl$VIDIOC_TRY_FMT(r0, 0xc0d05640, &(0x7f0000000100)={0xf, @win={{0x2, 0x8, 0xfffffffe}, 0x2, 0x7fffffff, &(0x7f0000000080)={{0x1, 0xe8, 0x7, 0x1}, &(0x7f0000000040)={{0x400, 0x1, 0x100, 0x9ef}, &(0x7f0000000000)={{0x1, 0x80000001, 0xd, 0x3c}}}}, 0x1f, &(0x7f00000000c0)="5f4ca7aeb3067b7608981fda0d2239230929f2aef27d4c4c0824cc79278993c7fbd09ffe6b72af3f0298a24e08359374511abd293e00bf623abcfce20bdd20", 0xfe}})
r2 = syz_open_dev$vbi(&(0x7f0000000400)='/dev/vbi#\x00', 0x3, 0x2)
ioctl$VIDIOC_S_FBUF(r1, 0x4030560b, &(0x7f00000005c0)={0x90, 0x24, &(0x7f0000000540)="8d5b400868ecb3e0877ad629c1a8c4c31fba198c933efa028425461a8996f40fa9dc4a355f9679d1bc3533205d19b2263aa0b90062955455ff07637a8e7c8b099e5856f63044d20b56b8aa5c53a4a718c9e4b730c138df0846c24a451f9aa08471268fc9191da9d7c2f221db3fa64366ffd008ef18b12ffd19c588", {0x8001, 0x8, 0x7a7fddecc1096b80, 0x9, 0x10000, 0x5336, 0x3, 0x400}})
r3 = syz_open_dev$vivid(&(0x7f0000000040)='/dev/video#\x00', 0x3, 0x2)
ioctl$VIDIOC_S_TUNER(r3, 0x4054561e, 0xffffffffffffffff)
ioctl$VIDIOC_G_SLICED_VBI_CAP(r3, 0xc0745645, &(0x7f00000004c0)={0x4, [0xe7, 0x7, 0x7f, 0x0, 0x4, 0x5, 0x1, 0xd1, 0x9, 0x6, 0x3, 0x0, 0x1, 0xa05c, 0xf95, 0x7, 0x1ec0, 0x4, 0x4d, 0x6, 0x8, 0x1, 0x401, 0x2, 0x1, 0x0, 0x0, 0x9, 0x20, 0x3, 0x97, 0x8000, 0x5, 0x6, 0x3, 0xe3, 0x8, 0x3, 0x3, 0x0, 0x1000, 0x0, 0x2, 0x1000, 0x1, 0x17a, 0x81, 0xb000], 0x7})
r4 = openat$vicodec0(0xffffffffffffff9c, &(0x7f0000000200)='/dev/video36\x00', 0x2, 0x0)
ioctl$VIDIOC_SUBDEV_S_CROP(r4, 0xc038563c, &(0x7f0000000600)={0x1, 0x0, {0x0, 0x800, 0x0, 0x2}})
ioctl$VIDIOC_SUBDEV_ENUM_FRAME_INTERVAL(r2, 0xc040564b, &(0x7f0000000440)={0xfff00, 0x0, 0x100a, 0xfcd, 0x7fffffff, {0x80, 0x1}})
ioctl$VIDIOC_REQBUFS(r2, 0xc0145608, &(0x7f0000000480)={0xfff, 0x3, 0x2})
ioctl$VIDIOC_REQBUFS(r4, 0xc0145608, &(0x7f0000000640)={0x3f, 0x5, 0x3})

14:41:19 executing program 0:
r0 = syz_open_dev$vivid(&(0x7f0000000000)='/dev/video#\x00', 0x3, 0x2)
openat$vimc1(0xffffffffffffff9c, &(0x7f0000000040)='/dev/video1\x00', 0x2, 0x0)
ioctl$VIDIOC_S_STD(r0, 0x40085618, &(0x7f00000001c0)=0x80)

14:41:19 executing program 0:
r0 = syz_open_dev$vbi(&(0x7f0000000080)='/dev/vbi#\x00', 0x2, 0x2)
ioctl$VIDIOC_TRY_FMT(r0, 0xc0d05640, &(0x7f0000000180)={0x4, @sliced})
ioctl$VIDIOC_ENUM_DV_TIMINGS(r0, 0xc0945662, &(0x7f00000000c0)={0x296, 0x0, [], {0x0, @reserved}})
ioctl$VIDIOC_CREATE_BUFS(r0, 0xc100565c, &(0x7f0000000280)={0x3f, 0x6, 0x9814b3865ea95df2, {0xa, @raw_data="c529e942ecb1916ad75911ff3fe8135e912252e34488ae402dfa16b2df6ad5ba6b7d157ce098d1a257a55a5dc7eeab2b80787358731459ddfc356db460921c543e1bacf27c7c3341c6bee1389cdd39bb5a527f2dcd3b813f989f1885da3022520996eb3e43fa8caa5e8c46e34e7d2df4f5cc2146f4bce47d5fe8d6b0b6f5163a6c7804354313e436e18f4f0af3c096ff904f69b195e0f86c1f2203a9af416a58fdd3a93ab9565cae88f7c823ae60021e036637d655faf0a4ec856aaa65caa0c5a7ede578b8cc5498"}, 0xfffffff9})

14:41:19 executing program 0:
r0 = openat$vimc0(0xffffffffffffff9c, &(0x7f0000000080)='/dev/video0\x00', 0x2, 0x0)
ioctl$VIDIOC_ENUMAUDIO(r0, 0xc0345641, &(0x7f00000000c0)={0x9, "57e1e4301f90f3c7f4e68eceb9c8a12385dca3a801cf0d0dcd4ddf376d1ab9b9", 0x3})
r1 = syz_open_dev$vivid(&(0x7f0000000000)='/dev/video#\x00', 0x3, 0x2)
ioctl$VIDIOC_S_SELECTION(r1, 0xc040565f, &(0x7f0000000040)={0x2, 0x0, 0x1})
r2 = openat$vicodec0(0xffffffffffffff9c, &(0x7f0000000100)='/dev/video36\x00', 0x2, 0x0)
ioctl$VIDIOC_SUBDEV_S_SELECTION(r2, 0xc040563e, &(0x7f0000000140)={0x0, 0x0, 0x102, 0x0, {0x40000000, 0x9, 0x4, 0x9}})

14:41:19 executing program 0:
r0 = openat$vimc1(0xffffffffffffff9c, &(0x7f0000000000)='/dev/video1\x00', 0x2, 0x0)
ioctl$VIDIOC_REQBUFS(r0, 0xc0145608, &(0x7f00000000c0)={0xfff, 0x1, 0x1})
ioctl$VIDIOC_REQBUFS(r0, 0xc0145608, &(0x7f0000000080)={0x7, 0x1, 0x4})
ioctl$VIDIOC_TRY_ENCODER_CMD(0xffffffffffffffff, 0xc028564e, &(0x7f0000000040)={0x1, 0x1, [0x1ff, 0x2, 0x973, 0x40, 0x6, 0x1, 0x3ff, 0x8]})

14:41:19 executing program 0:
r0 = syz_open_dev$vivid(&(0x7f0000000000)='/dev/video#\x00', 0x0, 0x2)
ioctl$VIDIOC_S_AUDOUT(r0, 0x40345632, &(0x7f0000000040)={0xe9, "33335cd96dbeb0af14df480141498a2f56ab166bde0abbb3b23844b3c6eeec94", 0x0, 0x1})

14:41:19 executing program 0:
r0 = syz_open_dev$vivid(&(0x7f0000000040)='/dev/video#\x00', 0x3, 0x2)
ioctl$VIDIOC_S_FMT(r0, 0xc0d05605, &(0x7f00000000c0)={0xa, @pix_mp={0x0, 0x10001, 0x0, 0x9, 0x4}})
ioctl$VIDIOC_G_MODULATOR(r0, 0xc0445636, &(0x7f00000001c0)={0x6, "a5bb01312da6f7c501d25a5ddb390603109cd706bb6c875c2a3b0dccfc342e70", 0x20, 0x6, 0xffff, 0x4, 0x4})

14:41:19 executing program 0:
r0 = syz_open_dev$radio(&(0x7f0000000000)='/dev/radio#\x00', 0x1, 0x2)
ioctl$VIDIOC_SUBDEV_G_DV_TIMINGS(r0, 0xc0845658, &(0x7f0000000040)={0x0, @reserved})
ioctl$VIDIOC_S_FREQUENCY(r0, 0x402c5639, &(0x7f0000000240)={0x7, 0x4, 0x554225})

14:41:19 executing program 0:
r0 = syz_open_dev$vivid(&(0x7f0000000040)='/dev/video#\x00', 0x2, 0x2)
ioctl$VIDIOC_ENUM_FRAMEINTERVALS(r0, 0xc034564b, &(0x7f0000000140)={0x0, 0x31324d4e, 0xad})
ioctl$VIDIOC_EXPBUF(0xffffffffffffffff, 0xc0405610, &(0x7f0000000000)={0xb, 0x3c64, 0x67, 0x4000})

14:41:19 executing program 0:
r0 = syz_open_dev$vivid(&(0x7f0000000040)='/dev/video#\x00', 0x0, 0x2)
ioctl$VIDIOC_S_TUNER(r0, 0x4054561e, 0xffffffffffffffff)
ioctl$VIDIOC_S_PARM(r0, 0xc0cc5616, &(0x7f0000000140)={0xe, @output={0x0, 0x0, {0x8, 0x5}, 0x6}})
r1 = openat$vimc0(0xffffffffffffff9c, &(0x7f0000000080)='/dev/video0\x00', 0x2, 0x0)
ioctl$VIDIOC_S_JPEGCOMP(r1, 0x408c563e, &(0x7f0000000380)={0x7, 0xe, 0x6, "e48dc1fb349682ccb1cf3f929c96214529804b937737169c134510676bf887afcc2d47591b831f050ba2fa4040aa43909821538000c947727ddcf0b8", 0x16, "98adc4c9ddb9e33817b99fe8de7a01bda4e7a4721e43b75aed4e57accac4c861c16ff58d78e88c684226ea9954ae87879384cc79f1bde4625a896311", 0x80})
r2 = openat$vimc2(0xffffffffffffff9c, &(0x7f0000000000)='/dev/video2\x00', 0x2, 0x0)
ioctl$VIDIOC_S_PARM(r2, 0xc0cc5616, &(0x7f0000000280)={0xc, @output={0x0, 0x0, {0x7ff, 0x8}, 0x9, 0x101}})
ioctl$VIDIOC_ENUM_DV_TIMINGS(r2, 0xc0945662, &(0x7f0000000440)={0xfffffc00, 0x0, [], {0x0, @reserved}})
ioctl$VIDIOC_G_OUTPUT(r2, 0x8004562e, &(0x7f0000000240))

14:41:19 executing program 0:
r0 = openat$vicodec0(0xffffffffffffff9c, &(0x7f0000000000)='/dev/video36\x00', 0x2, 0x0)
ioctl$VIDIOC_ENUM_FRAMESIZES(r0, 0xc02c564a, &(0x7f0000000040)={0x200, 0x42474752, 0x3, @stepwise={0x6, 0x0, 0x6, 0x100, 0x2feb0483, 0x20}})
ioctl$VIDIOC_S_FMT(r0, 0xc0d05605, &(0x7f0000000080)={0xa, @raw_data="018bfa4bb2a14fa802ef63378424dc9bf246c7b848e0f245f8bc6e42a2ab273aca63def2be8102710de6561bf86429219c8a0000000001000000c4d24d5eda8a462f926820b409c97236172d6bdae4fbc1978af66abcc5ca6214df5273bff401cda708ca661543e7b9327dd59a506d4e02adc32f051f2e4d3c80d61bd9e683333fe80325548442d8ac8745c4157117c898e1e43697dbd9a6e7ff87d7b8d311933970cc8b812198a5dfbc0eb257446de88b8c323366fd94b3d1209dc6001000"})

14:41:20 executing program 0:
r0 = openat$vimc1(0xffffffffffffff9c, &(0x7f0000000000)='/dev/video1\x00', 0x2, 0x0)
ioctl$VIDIOC_REQBUFS(r0, 0xc0145608, &(0x7f0000000140)={0xfff, 0x1, 0x1})
r1 = openat$vimc1(0xffffffffffffff9c, &(0x7f0000000000)='/dev/video1\x00', 0x2, 0x0)
r2 = syz_open_dev$swradio(&(0x7f0000000080)='/dev/swradio#\x00', 0x1, 0x2)
ioctl$VIDIOC_ENUM_FMT(r2, 0xc0405602, &(0x7f00000000c0)={0x3, 0x2, 0x1, "bc45e29d145fc602602eade78fed531bf02e5200c60e204d71afbde4cc716d9a", 0xb5315241})
ioctl$VIDIOC_SUBDEV_DV_TIMINGS_CAP(r0, 0xc0905664, &(0x7f0000000180)={0x0, 0x0, [], @raw_data=[0x3, 0x7, 0x8, 0x5, 0x1, 0x5, 0x2, 0x20, 0x20, 0xff, 0x9, 0xfffffff8, 0x101, 0x9, 0x2, 0x2, 0x20, 0x200, 0xff, 0x3, 0x401, 0x8001, 0x10000, 0x73a, 0x1, 0x1ff, 0x9ff, 0x40, 0xffffffff, 0x1f, 0x0, 0x6]})
ioctl$VIDIOC_STREAMON(r1, 0x40045612, &(0x7f0000000040))
ioctl$VIDIOC_EXPBUF(r1, 0xc0405610, &(0x7f0000000040))
syz_open_dev$radio(&(0x7f0000000100)='/dev/radio#\x00', 0x3, 0x2)

14:41:20 executing program 0:
ioctl$VIDIOC_S_STD(0xffffffffffffffff, 0x40085618, &(0x7f0000000000)=0xc000c)
r0 = syz_open_dev$radio(&(0x7f0000000040)='/dev/radio#\x00', 0x1, 0x2)
ioctl$VIDIOC_S_FREQUENCY(r0, 0x402c5639, &(0x7f00000000c0)={0x0, 0x1})

14:41:20 executing program 0:
r0 = syz_open_dev$vivid(&(0x7f0000000000)='/dev/video#\x00', 0x2, 0x2)
r1 = syz_open_dev$vbi(&(0x7f0000000080)='/dev/vbi#\x00', 0x1, 0x2)
ioctl$VIDIOC_G_FMT(r1, 0xc0d05604, &(0x7f0000000200)={0x7})
r2 = syz_open_dev$vivid(&(0x7f0000000040)='/dev/video#\x00', 0x3, 0x2)
ioctl$VIDIOC_S_TUNER(r2, 0x4054561e, 0xffffffffffffffff)
ioctl$VIDIOC_G_PARM(r2, 0xc0cc5615, &(0x7f00000004c0)={0x4, @capture={0x1000, 0x0, {0x4, 0xfffffffa}, 0x7fff, 0x1}})
r3 = syz_open_dev$vivid(&(0x7f0000000040)='/dev/video#\x00', 0x3, 0x2)
r4 = syz_open_dev$vivid(&(0x7f0000000040)='/dev/video#\x00', 0x3, 0x2)
ioctl$VIDIOC_S_TUNER(r4, 0x4054561e, 0xffffffffffffffff)
ioctl$VIDIOC_S_FMT(r4, 0xc0d05605, &(0x7f00000003c0)={0x2, @win={{0x8, 0x3f, 0x4, 0x994}, 0x8, 0x517, &(0x7f00000000c0)={{0x101, 0xfffffffd, 0x80000000, 0xfffffffd}}, 0x0, &(0x7f0000000300)="a171aba84fa1415f942ea645e23db60a67449bfd2c3dd6bc2c48cb8ae13c1e00f687e0aee53efd93bc70d72b60bbd8670ea0e3ea3689997ab5a6d4cf62c4122d3bebdf508f8938cacf35f40f", 0x2}})
ioctl$VIDIOC_S_TUNER(r3, 0x4054561e, 0xffffffffffffffff)
ioctl$VIDIOC_SUBDEV_DV_TIMINGS_CAP(r3, 0xc0905664, &(0x7f0000000140)={0x0, 0x0, [], @bt={0xc0, 0x4, 0x10000006, 0x0, 0xebdc, 0x5, 0x0, 0xc}})
ioctl$VIDIOC_S_INPUT(r0, 0xc0045627, &(0x7f0000000040))
ioctl$VIDIOC_S_INPUT(0xffffffffffffffff, 0xc0045627, &(0x7f0000000380)=0x1)

14:41:20 executing program 0:
openat$vimc1(0xffffffffffffff9c, &(0x7f0000000040)='/dev/video1\x00', 0x2, 0x0)
r0 = syz_open_dev$vivid(&(0x7f0000000040)='/dev/video#\x00', 0x0, 0x2)
ioctl$VIDIOC_S_TUNER(r0, 0x4054561e, 0xffffffffffffffff)
ioctl$VIDIOC_SUBDEV_S_FMT(r0, 0xc0585605, &(0x7f0000000080)={0x9ca4925bbce7d05f, 0x0, {0x9, 0x2, 0x2024, 0x8, 0x4, 0x6, 0x1, 0x5}})

14:41:20 executing program 0:
r0 = openat$vimc0(0xffffffffffffff9c, &(0x7f0000000100)='/dev/video0\x00', 0x2, 0x0)
ioctl$VIDIOC_CREATE_BUFS(r0, 0xc100565c, &(0x7f0000000180)={0x0, 0x2, 0x1, {0x1, @pix_mp={0x0, 0x0, 0x0, 0x0, 0x0, [{0x7fffffff}, {}, {0x2}]}}})
ioctl$VIDIOC_STREAMON(r0, 0x40045612, &(0x7f0000000040)=0x70000)
ioctl$VIDIOC_ENUM_FMT(r0, 0xc0405602, &(0x7f0000000000)={0xffffffff, 0x5, 0x2, "4f37b5463e5d275eee935e2d7e8b0a8a9094f33c6bc6c28cdca531911f8aa367", 0x584e4f53})

[  933.873040][T25245] warn_alloc: 4 callbacks suppressed
[  933.873075][T25245] syz-executor.0: vmalloc: allocation failure: 2147483648 bytes, mode:0xdc0(GFP_KERNEL|__GFP_ZERO), nodemask=(null),cpuset=/,mems_allowed=0-1
[  933.886422][T25245] CPU: 0 PID: 25245 Comm: syz-executor.0 Not tainted 5.4.0+ #27
[  933.888953][T25245] Hardware name: QEMU Standard PC (i440FX + PIIX, 1996), BIOS Ubuntu-1.8.2-1ubuntu1 04/01/2014
[  933.892285][T25245] Call Trace:
[  933.893342][T25245]  dump_stack+0xc6/0x11e
[  933.894618][T25245]  warn_alloc+0x195/0x290
[  933.895952][T25245]  ? zone_watermark_ok_safe+0x330/0x330
[  933.897652][T25245]  ? do_syscall_64+0x9d/0x5a0
[  933.899062][T25245]  ? mark_held_locks+0x100/0x100
[  933.900643][T25245]  ? __read_once_size_nocheck.constprop.5+0x10/0x10
[  933.902723][T25245]  ? mark_held_locks+0x100/0x100
[  933.904196][T25245]  ? should_fail+0x197/0x700
[  933.905576][T25245]  ? lock_downgrade+0x6d0/0x6d0
[  933.907032][T25245]  __vmalloc_node_range+0x5b7/0x700
[  933.908589][T25245]  ? kasan_unpoison_shadow+0x30/0x40
[  933.910194][T25245]  ? vb2_vmalloc_alloc+0xe8/0x330
[  933.911731][T25245]  vmalloc_user+0x6a/0x80
[  933.913045][T25245]  ? vb2_vmalloc_alloc+0xe8/0x330
[  933.914576][T25245]  vb2_vmalloc_alloc+0xe8/0x330
[  933.916044][T25245]  ? vb2_vmalloc_get_dmabuf+0x180/0x180
[  933.917727][T25245]  __vb2_queue_alloc+0x5d9/0x1270
[  933.919387][T25245]  vb2_core_create_bufs+0x420/0x7b0
[  933.920967][T25245]  ? vimc_cap_get_format+0x120/0x120
[  933.922579][T25245]  ? __vb2_queue_alloc+0x1270/0x1270
[  933.924179][T25245]  ? arch_stack_walk+0x87/0xd0
[  933.925630][T25245]  ? tomoyo_path_number_perm+0x42b/0x760
[  933.927344][T25245]  ? security_file_ioctl+0x52/0xa0
[  933.928897][T25245]  ? create_prof_cpu_mask+0x20/0x20
[  933.930485][T25245]  vb2_create_bufs+0x403/0x7d0
[  933.931934][T25245]  ? vb2_reqbufs+0x1d0/0x1d0
[  933.933330][T25245]  ? entry_SYSCALL_64_after_hwframe+0x49/0xbe
[  933.935179][T25245]  ? tomoyo_path_number_perm+0x42b/0x760
[  933.936889][T25245]  ? security_file_ioctl+0x52/0xa0
[  933.938439][T25245]  ? ksys_ioctl+0x3f/0x90
[  933.939774][T25245]  ? __x64_sys_ioctl+0x6f/0xb0
[  933.941324][T25245]  ? do_syscall_64+0x9d/0x5a0
[  933.942772][T25245]  ? entry_SYSCALL_64_after_hwframe+0x49/0xbe
[  933.944691][T25245]  ? tomoyo_supervisor+0x1de/0x11a0
[  933.946333][T25245]  vb2_ioctl_create_bufs+0x2df/0x420
[  933.948013][T25245]  ? memset+0x1f/0x40
[  933.949272][T25245]  v4l_create_bufs+0xa3/0x140
[  933.950760][T25245]  __video_do_ioctl+0x760/0xeb0
[  933.952298][T25245]  ? v4l_s_fmt+0xa60/0xa60
[  933.953694][T25245]  ? __might_fault+0x177/0x1b0
[  933.955246][T25245]  video_usercopy+0x118/0xf80
[  933.956856][T25245]  ? v4l_s_fmt+0xa60/0xa60
[  933.958402][T25245]  ? putname+0xd0/0x120
[  933.959759][T25245]  ? v4l_enumstd+0x60/0x60
[  933.961223][T25245]  ? __kasan_slab_free+0x11d/0x160
[  933.962851][T25245]  ? tomoyo_execute_permission+0x4e0/0x4e0
[  933.964801][T25245]  v4l2_ioctl+0x1c0/0x270
[  933.966172][T25245]  ? v4l2_prio_init+0x20/0x20
[  933.967666][T25245]  do_vfs_ioctl+0x19d/0x10d0
[  933.969113][T25245]  ? ioctl_preallocate+0x1f0/0x1f0
[  933.970747][T25245]  ? __fget+0x344/0x540
[  933.972102][T25245]  ? do_dup2+0x4f0/0x4f0
[  933.973558][T25245]  ? ktime_get_ts64+0x1e0/0x2f0
[  933.975103][T25245]  ksys_ioctl+0x84/0x90
[  933.976418][T25245]  __x64_sys_ioctl+0x6f/0xb0
[  933.977872][T25245]  do_syscall_64+0x9d/0x5a0
[  933.979305][T25245]  entry_SYSCALL_64_after_hwframe+0x49/0xbe
[  933.981227][T25245] RIP: 0033:0x45de59
[  933.982481][T25245] Code: 0d b4 fb ff c3 66 2e 0f 1f 84 00 00 00 00 00 66 90 48 89 f8 48 89 f7 48 89 d6 48 89 ca 4d 89 c2 4d 89 c8 4c 8b 4c 24 08 0f 05 <48> 3d 01 f0 ff ff 0f 83 db b3 fb ff c3 66 2e 0f 1f 84 00 00 00 00
[  933.988663][T25245] RSP: 002b:00007ff1fcbf4c78 EFLAGS: 00000246 ORIG_RAX: 0000000000000010
[  933.991327][T25245] RAX: ffffffffffffffda RBX: 000000000001bb00 RCX: 000000000045de59
[  933.993849][T25245] RDX: 0000000020000180 RSI: 00000000c100565c RDI: 0000000000000003
[  933.996386][T25245] RBP: 000000000118bf60 R08: 0000000000000000 R09: 0000000000000000
[  933.998914][T25245] R10: 0000000000000000 R11: 0000000000000246 R12: 000000000118bf2c
[  934.001539][T25245] R13: 00007ffdbcd1804f R14: 00007ff1fcbf59c0 R15: 000000000118bf2c
[  934.035990][T25245] Mem-Info:
[  934.037088][T25245] active_anon:11915 inactive_anon:13099 isolated_anon:0
[  934.037088][T25245]  active_file:1768 inactive_file:6058 isolated_file:0
[  934.037088][T25245]  unevictable:7 dirty:161 writeback:0 unstable:0
[  934.037088][T25245]  slab_reclaimable:9828 slab_unreclaimable:33910
[  934.037088][T25245]  mapped:15262 shmem:13280 pagetables:536 bounce:0
[  934.037088][T25245]  free:262917 free_pcp:380 free_cma:0
[  934.051085][T25245] Node 0 active_anon:46984kB inactive_anon:52392kB active_file:7068kB inactive_file:24232kB unevictable:28kB isolated(anon):0kB isolated(file):0kB mapped:61048kB dirty:640kB writeback:0kB shmem:53104kB shmem_thp: 0kB shmem_pmdmapped: 0kB anon_thp: 10240kB writeback_tmp:0kB unstable:0kB all_unreclaimable? yes
[  934.063397][T25245] Node 1 active_anon:676kB inactive_anon:4kB active_file:4kB inactive_file:0kB unevictable:0kB isolated(anon):0kB isolated(file):0kB mapped:0kB dirty:4kB writeback:0kB shmem:16kB shmem_thp: 0kB shmem_pmdmapped: 0kB anon_thp: 0kB writeback_tmp:0kB unstable:0kB all_unreclaimable? yes
[  934.073196][T25245] Node 0 DMA free:7568kB min:712kB low:888kB high:1064kB active_anon:8192kB inactive_anon:0kB active_file:0kB inactive_file:0kB unevictable:0kB writepending:0kB present:15992kB managed:15908kB mlocked:0kB kernel_stack:0kB pagetables:32kB bounce:0kB free_pcp:0kB local_pcp:0kB free_cma:0kB
[  934.082809][T25245] lowmem_reserve[]: 0 449 449 449 449
[  934.084615][T25245] Node 0 DMA32 free:98784kB min:57496kB low:62652kB high:67808kB active_anon:38784kB inactive_anon:52392kB active_file:7068kB inactive_file:24232kB unevictable:28kB writepending:640kB present:1032192kB managed:465724kB mlocked:28kB kernel_stack:6976kB pagetables:1964kB bounce:0kB free_pcp:480kB local_pcp:480kB free_cma:0kB
[  934.096142][T25245] lowmem_reserve[]: 0 0 0 0 0
[  934.097703][T25245] Node 1 DMA32 free:945252kB min:46232kB low:57788kB high:69344kB active_anon:676kB inactive_anon:4kB active_file:4kB inactive_file:0kB unevictable:0kB writepending:4kB present:1048448kB managed:1031988kB mlocked:0kB kernel_stack:64kB pagetables:148kB bounce:0kB free_pcp:1036kB local_pcp:1036kB free_cma:0kB
[  934.108044][T25245] lowmem_reserve[]: 0 0 0 0 0
[  934.109632][T25245] Node 0 DMA: 8*4kB (UM) 6*8kB (UM) 6*16kB (UM) 5*32kB (U) 7*64kB (UM) 7*128kB (UM) 7*256kB (UM) 4*512kB (U) 2*1024kB (UM) 0*2048kB 0*4096kB = 7568kB
[  934.115397][T25245] Node 0 DMA32: 348*4kB (UE) 240*8kB (UE) 121*16kB (UE) 134*32kB (UE) 355*64kB (UME) 206*128kB (UE) 109*256kB (UM) 24*512kB (UM) 0*1024kB 0*2048kB 0*4096kB = 98816kB
[  934.121387][T25245] Node 1 DMA32: 343*4kB (UME) 401*8kB (UME) 336*16kB (UME) 296*32kB (UME) 178*64kB (UM) 134*128kB (UME) 119*256kB (UM) 111*512kB (UM) 91*1024kB (UME) 74*2048kB (UM) 138*4096kB (U) = 945252kB
[  934.127601][T25245] Node 0 hugepages_total=0 hugepages_free=0 hugepages_surp=0 hugepages_size=2048kB
[  934.131635][T25245] Node 1 hugepages_total=0 hugepages_free=0 hugepages_surp=0 hugepages_size=2048kB
[  934.134745][T25245] 20833 total pagecache pages
[  934.136382][T25245] 0 pages in swap cache
[  934.137956][T25245] Swap cache stats: add 0, delete 0, find 0/0
[  934.139976][T25245] Free swap  = 0kB
[  934.142615][T25245] Total swap = 0kB
[  934.143943][T25245] 524158 pages RAM
[  934.145237][T25245] 0 pages HighMem/MovableOnly
[  934.146785][T25245] 145753 pages reserved
[  934.148217][T25245] 0 pages cma reserved
14:41:20 executing program 0:
r0 = syz_open_dev$vivid(&(0x7f0000000040)='/dev/video#\x00', 0x1, 0x2)
ioctl$VIDIOC_QUERY_EXT_CTRL(r0, 0xc0e85667, &(0x7f0000000180)={0x0, 0x100, "e185875ae912c76a9e9184d443ffdb7da336af4f26f83de669426795092d8556", 0xc000000000, 0xfff, 0x7, 0xfffffffffffffff7, 0x1f, 0x6, 0x0, 0x4, [0x1, 0x60000000, 0xffffff81, 0x8b1]})
r1 = openat$vicodec0(0xffffffffffffff9c, &(0x7f0000000000)='/dev/video36\x00', 0x2, 0x0)
ioctl$VIDIOC_S_SELECTION(0xffffffffffffffff, 0xc040565f, &(0x7f0000000380)={0x2, 0x2, 0x5, {0x1, 0x0, 0x1ff, 0x7}})
ioctl$VIDIOC_S_FMT(r1, 0xc0d05605, &(0x7f0000000280)={0x7, @pix_mp={0xab, 0x2, 0x3436324d, 0x0, 0xc, [{0x5, 0x401}, {0x3, 0x8}, {0x0, 0x90b0}, {0x6fa, 0x9}, {0x8, 0xe35e}, {0x80000000, 0x3}, {0xfffffff9, 0x8}, {0x377, 0x1}], 0xca, 0x9, 0x6, 0x0, 0x7}})
r2 = syz_open_dev$vivid(&(0x7f0000000400)='/dev/video#\x00', 0x1, 0x2)
ioctl$VIDIOC_S_TUNER(r2, 0x4054561e, 0xffffffffffffffff)
ioctl$VIDIOC_S_SELECTION(r2, 0xc040565f, &(0x7f00000003c0)={0x1, 0x2, 0x4, {0xf30, 0x10000, 0x4, 0x3f}})
ioctl$VIDIOC_G_FMT(r0, 0xc0d05604, &(0x7f0000000080)={0x2, @sliced})

14:41:20 executing program 0:
r0 = syz_open_dev$vbi(&(0x7f0000000180)='/dev/vbi#\x00', 0x3, 0x2)
ioctl$VIDIOC_S_FMT(r0, 0xc0d05605, &(0x7f0000000340)={0x5})
ioctl$VIDIOC_SUBDEV_S_FMT(r0, 0xc0585605, &(0x7f0000000000)={0x1, 0x0, {0x7f, 0x3, 0x1011, 0x3, 0x7, 0x0, 0x1, 0x2}})

14:41:20 executing program 0:
r0 = syz_open_dev$vivid(&(0x7f00000000c0)='/dev/video#\x00', 0x3, 0x2)
r1 = syz_open_dev$vivid(&(0x7f0000000040)='/dev/video#\x00', 0x3, 0x2)
ioctl$VIDIOC_S_TUNER(r1, 0x4054561e, 0xffffffffffffffff)
ioctl$VIDIOC_G_PARM(r1, 0xc0cc5615, &(0x7f0000000100)={0x6, @raw_data="f375a0d4b97280f32a5e85a140619413dfe985e4165b62128dec69153a0ce0812ef350a5027bb7123fa958838acb60c6959b3d4563bf7ab91f90a986a054e9fa62c042a3c990f99396a473f402871175ec7859ba16a12356b1282c25b3cd33467c509d5470b02bbf4c5bba5c87e462adcddda7e95b3dc73338890d4c125ec38b60b52e6fe322c08615960ba919922fad9b323e752a547e652d81e55d38ec49d7b71fcd908cddfbc0cdeac96f252370a7d88ebe35e219ae3bf250bfd23e834e24844ae3b6cae55d0e"})
ioctl$VIDIOC_S_CROP(r0, 0x4014563c, &(0x7f0000000000)={0x2, {0x0, 0xfffffffc, 0x0, 0x408}})
ioctl$VIDIOC_OVERLAY(r1, 0x4004560e, &(0x7f0000000080)=0x6)
r2 = syz_open_dev$vivid(&(0x7f0000000040)='/dev/video#\x00', 0x3, 0x2)
ioctl$VIDIOC_S_TUNER(r2, 0x4054561e, 0xffffffffffffffff)
ioctl$VIDIOC_S_PRIORITY(r2, 0x40045644, 0x3)

14:41:20 executing program 0:
syz_open_dev$vivid(&(0x7f0000000040)='/dev/video#\x00', 0x0, 0x2)
r0 = syz_open_dev$vivid(&(0x7f0000000040)='/dev/video#\x00', 0x3, 0x2)
ioctl$VIDIOC_S_TUNER(r0, 0x4054561e, 0xffffffffffffffff)
ioctl$VIDIOC_REQBUFS(r0, 0xc0145608, &(0x7f0000000080)={0x20, 0x1, 0x3})
r1 = openat$vimc1(0xffffffffffffff9c, &(0x7f0000000000)='/dev/video1\x00', 0x2, 0x0)
ioctl$VIDIOC_ENCODER_CMD(r1, 0xc028564d, &(0x7f00000000c0)={0x1, 0x1, [0xbd5, 0xfffffffb, 0x9, 0x0, 0x3, 0x4, 0x10000, 0x3f]})

14:41:20 executing program 0:
r0 = syz_open_dev$vbi(&(0x7f0000000000)='/dev/vbi#\x00', 0x2, 0x2)
ioctl$VIDIOC_S_INPUT(r0, 0xc0045627, &(0x7f0000000040))
ioctl$VIDIOC_SUBDEV_S_EDID(r0, 0xc0285629, &(0x7f00000000c0)={0x0, 0x1ff, 0xffff, [], &(0x7f0000000080)=0x7f})

14:41:20 executing program 0:
r0 = syz_open_dev$vivid(&(0x7f0000000040)='/dev/video#\x00', 0x2, 0x2)
ioctl$VIDIOC_S_SELECTION(r0, 0xc040565f, &(0x7f0000000000)={0x9})
ioctl$VIDIOC_S_AUDIO(r0, 0x40345622, &(0x7f0000000180)={0x4, "3bdac6c141e8865ce971febc30f30557b06739ea4e820d7fded08bf1643b926b", 0x1})
ioctl$VIDIOC_G_PARM(r0, 0xc0cc5615, &(0x7f0000000080)={0x8, @output={0x1000, 0x1, {0x2, 0xffff}, 0x2, 0xcfc3}})

14:41:20 executing program 0:
r0 = syz_open_dev$vivid(&(0x7f0000000040)='/dev/video#\x00', 0x3, 0x2)
ioctl$VIDIOC_S_TUNER(r0, 0x4054561e, 0xffffffffffffffff)
ioctl$VIDIOC_S_MODULATOR(r0, 0x40445637, &(0x7f0000000380)={0x8, "cf77dad79e8213d6d9c9e42574062df434f99ae8a541f589a418951b174d08e7", 0x2, 0x7, 0xfffffff8, 0x8, 0x4})
r1 = syz_open_dev$vivid(&(0x7f0000000000)='/dev/video#\x00', 0x0, 0x2)
ioctl$VIDIOC_SUBDEV_S_FMT(r1, 0xc0585605, &(0x7f0000000300)={0x1, 0x0, {0x10001, 0x5, 0x2014, 0x2, 0x1, 0xd, 0x1, 0x1}})
ioctl$VIDIOC_S_FMT(0xffffffffffffffff, 0xc0d05605, &(0x7f0000000140)={0x3, @win={{0x4000001, 0x2, 0xf6, 0x80000000}, 0x2, 0x7, &(0x7f00000000c0)={{0x12, 0x1, 0x400}, &(0x7f0000000080)={{0x1e, 0x7, 0x101, 0xef}, &(0x7f0000000040)={{0x9, 0x9, 0x7, 0x62}}}}, 0x4008, &(0x7f0000000240)="4da2daf647e74a953a8de62bf1fd1d49b0ccc014fe41d875f328d770d7650fef79581cae005502172a2918825f0959ab0e2037c72f3bb09c8e33d28dd17be4a0144afb4a61a652305341015386e53afa6381a8cea25eb13d72b07c481a8d373960465e037c00aacc7f102761277037d6dde4efdcaae1d72c9330c403e77891a29d22bba52b", 0x9}})

14:41:20 executing program 0:
r0 = syz_open_dev$vivid(&(0x7f0000000080)='/dev/video#\x00', 0x2, 0x2)
ioctl$VIDIOC_ENUMINPUT(r0, 0xc050561a, &(0x7f0000000000)={0x400, "8882bb813448c1018800000000001d430493da85612de200000000001000"})

14:41:20 executing program 0:
r0 = openat$vimc1(0xffffffffffffff9c, &(0x7f00000001c0)='/dev/video1\x00', 0x2, 0x0)
ioctl$VIDIOC_SUBDEV_G_DV_TIMINGS(r0, 0xc0845658, &(0x7f0000000040)={0x0, @bt={0x6, 0x9, 0x0, 0x1, 0x1f, 0x101, 0x25918575, 0x81, 0x815c, 0xe680, 0xffffffff, 0x80000000, 0xf5d, 0x3, 0xa, 0x21, {0x10224c35}, 0x1, 0x8}})
r1 = syz_open_dev$radio(&(0x7f0000000100)='/dev/radio#\x00', 0x2, 0x2)
ioctl$VIDIOC_S_FREQUENCY(r1, 0x402c5639, &(0x7f0000000000)={0x2, 0x1})
ioctl$VIDIOC_STREAMON(r1, 0x40045612, &(0x7f0000000180)=0xf6b)

14:41:20 executing program 0:
r0 = syz_open_dev$vivid(&(0x7f0000000000)='/dev/video#\x00', 0x3, 0x2)
ioctl$VIDIOC_S_EDID(r0, 0xc0285629, &(0x7f00000000c0)={0x0, 0x10000, 0xe4fa, [], &(0x7f0000000080)})
ioctl$VIDIOC_REQBUFS(r0, 0xc0145608, &(0x7f0000000040)={0xfffc, 0xa, 0x1})

14:41:20 executing program 0:
ioctl$VIDIOC_G_CTRL(0xffffffffffffffff, 0xc008561b, &(0x7f0000000100)={0x1, 0x4})
openat$vicodec0(0xffffffffffffff9c, &(0x7f0000000040)='/dev/video36\x00', 0x2, 0x0)
syz_open_dev$swradio(&(0x7f0000000000)='/dev/swradio#\x00', 0x0, 0x2)
r0 = syz_open_dev$vivid(&(0x7f0000000040)='/dev/video#\x00', 0x3, 0x2)
ioctl$VIDIOC_S_TUNER(r0, 0x4054561e, 0xffffffffffffffff)
ioctl$VIDIOC_DBG_S_REGISTER(r0, 0x4038564f, &(0x7f0000000080)={{0x4, @name="602cfe1ef59ca32c17991254dcd8a691a2d557c33a3871aa4998745f02ee7edd"}, 0x8, 0x6, 0x20040})
r1 = syz_open_dev$vivid(&(0x7f0000000040)='/dev/video#\x00', 0x3, 0x2)
ioctl$VIDIOC_S_TUNER(r1, 0x4054561e, 0xffffffffffffffff)
ioctl$VIDIOC_G_AUDIO(r1, 0x80345621, &(0x7f00000000c0))

14:41:20 executing program 0:
r0 = syz_open_dev$vivid(&(0x7f0000000000)='/dev/video#\x00', 0x1, 0x2)
r1 = syz_open_dev$vivid(&(0x7f0000000040)='/dev/video#\x00', 0x3, 0x2)
ioctl$VIDIOC_S_TUNER(r1, 0x4054561e, 0xffffffffffffffff)
ioctl$VIDIOC_S_STD(r1, 0x40085618, &(0x7f0000000040)=0x40004)
ioctl$VIDIOC_S_CTRL(r1, 0xc008561c, &(0x7f0000000080)={0x4, 0x2})
ioctl$VIDIOC_TRY_FMT(r0, 0xc0d05640, &(0x7f00000000c0)={0x2, @raw_data="570482d74ca29ddd16db5be957163b4c3804f231f2d2577d7f89ed4f759a672e20b7757d7212cdae7a6ebc61dabf7871f0703811c0da571c335822a179b2a0f994d077b60f7d866ff7d2ac7bb503568543ae7734e866aed51c7936e018e99280ffc785231548884b9492f5f8fafdcfb5a82f32d9fc8adb58aaafbc1257b3b7abd0a24042509390bc63f13b61d86426b03a7b4de926db52c620aa721201abb9052052b1d0ba69c40809cc0244c82678a9f0e9650c3333f82f15043f4fb9bbf387f701d945c1a260fe"})

14:41:20 executing program 0:
ioctl$VIDIOC_S_FREQUENCY(0xffffffffffffffff, 0x402c5639, &(0x7f0000000000)={0xffff, 0x3, 0x401})
r0 = openat$vimc1(0xffffffffffffff9c, &(0x7f0000000040)='/dev/video1\x00', 0x2, 0x0)
ioctl$VIDIOC_ENUMAUDOUT(r0, 0xc0345642, &(0x7f0000000080)={0x5, "3b9cf90de7c309410941f21dc6789f3b0711107deab9d19384742b0c4b4f9a6a", 0x1, 0x1})
ioctl$VIDIOC_STREAMON(r0, 0x40045612, &(0x7f00000000c0)=0x80)
ioctl$VIDIOC_SUBDEV_G_CROP(r0, 0xc038563b, &(0x7f0000000100)={0x1, 0x0, {0x5aa9b69b, 0x5c, 0xca5, 0x7}})
ioctl$VIDIOC_S_EDID(r0, 0xc0285629, &(0x7f0000000180)={0x0, 0x101, 0xfffffffb, [], &(0x7f0000000140)=0x38})
ioctl$VIDIOC_S_MODULATOR(r0, 0x40445637, &(0x7f00000001c0)={0x6, "71a0418a4d37245a4c8fde45b30ab2afbc2d9cb6af563dd58dbf2cf1aadd6e85", 0x3d415ac1d2546fc7, 0x5, 0x9, 0x1, 0x4})
ioctl$VIDIOC_G_STD(r0, 0x80085617, &(0x7f0000000240))
r1 = openat$vimc2(0xffffffffffffff9c, &(0x7f0000000280)='/dev/video2\x00', 0x2, 0x0)
ioctl$VIDIOC_SUBDEV_S_SELECTION(r1, 0xc040563e, &(0x7f00000002c0)={0x0, 0x0, 0x102, 0x6, {0xabd7, 0x7f, 0x9, 0x5}})
r2 = syz_open_dev$cec(&(0x7f0000000300)='/dev/cec#\x00', 0x2, 0x2)
ioctl$VIDIOC_STREAMON(r2, 0x40045612, &(0x7f0000000340)=0x6)
ioctl$VIDIOC_G_OUTPUT(0xffffffffffffffff, 0x8004562e, &(0x7f0000000380))
ioctl$VIDIOC_TRY_FMT(r1, 0xc0d05640, &(0x7f00000004c0)={0x3, @win={{0x6, 0x3655, 0x5, 0x5}, 0x5, 0x23c9, &(0x7f0000000440)={{0x1000, 0x1, 0x8, 0x3}, &(0x7f0000000400)={{0x7, 0x380000, 0x0, 0x3}, &(0x7f00000003c0)={{0x400, 0x6, 0xfffffffd, 0x81}}}}, 0xffffffff, &(0x7f0000000480), 0x1f}})
r3 = syz_open_dev$swradio(&(0x7f00000005c0)='/dev/swradio#\x00', 0x0, 0x2)
ioctl$VIDIOC_G_ENC_INDEX(r3, 0x8818564c, &(0x7f0000000600))
ioctl$VIDIOC_G_EDID(r0, 0xc0285628, &(0x7f0000000e80)={0x0, 0x9, 0x8001, [], &(0x7f0000000e40)=0x20})
syz_open_dev$vbi(&(0x7f0000000ec0)='/dev/vbi#\x00', 0x3, 0x2)
ioctl$VIDIOC_DBG_G_CHIP_INFO(r3, 0xc0c85666, &(0x7f0000000f00)={{0x1, @addr=0x1}, "b0e24cba68040894c7500ecae19e97a1c7d4ed915e439e945ba67c5cdb31cc95"})
ioctl$VIDIOC_TRY_DECODER_CMD(r2, 0xc0485661, &(0x7f0000001000)={0x0, 0x1, @start={0x6}})

14:41:20 executing program 0:
r0 = syz_open_dev$vivid(&(0x7f0000000040)='/dev/video#\x00', 0x1, 0x2)
ioctl$VIDIOC_QUERYSTD(r0, 0x8008563f, 0x0)

14:41:21 executing program 0:
r0 = syz_open_dev$vivid(&(0x7f0000000040)='/dev/video#\x00', 0x1, 0x2)
ioctl$VIDIOC_TRY_FMT(r0, 0xc0d05640, &(0x7f00000000c0)={0x2, @pix_mp={0x0, 0x0, 0x0, 0x0, 0x0, [{}, {}, {0x3}, {0x8, 0x101}, {0xffffffff}, {0x0, 0x800}]}})

14:41:21 executing program 0:
r0 = openat$vimc2(0xffffffffffffff9c, &(0x7f0000000000)='/dev/video2\x00', 0x2, 0x0)
ioctl$VIDIOC_ENUM_FMT(r0, 0xc0405602, &(0x7f0000000040)={0x4, 0x3, 0x4, "9a116ed39a7f637f549735d7a64e5713fb881b7ba21de53280b1e3a0fed01120", 0x33363248})
r1 = openat$vimc2(0xffffffffffffff9c, &(0x7f00000000c0)='/dev/video2\x00', 0x2, 0x0)
r2 = openat$vimc2(0xffffffffffffff9c, &(0x7f0000000140)='/dev/video2\x00', 0x2, 0x0)
ioctl$VIDIOC_SUBDEV_S_DV_TIMINGS(r0, 0xc0845657, &(0x7f0000000200)={0x0, @reserved})
ioctl$VIDIOC_ENUM_FRAMEINTERVALS(r2, 0xc034564b, &(0x7f0000000180)={0x6, 0x59565955, 0x6, 0x1, 0x2, @stepwise={{0x7fffffff, 0x714}, {0x85, 0x7}, {0x7, 0x2}}})
ioctl$VIDIOC_SUBDEV_S_SELECTION(r1, 0xc040563e, &(0x7f0000000100)={0x0, 0x0, 0x103, 0x0, {0x54, 0xc0000000, 0x4, 0x7}})
ioctl$VIDIOC_S_EDID(r0, 0xc0285629, &(0x7f0000000080)={0x0, 0x0, 0x0, [], 0x0})
r3 = syz_open_dev$vivid(&(0x7f0000000040)='/dev/video#\x00', 0x3, 0x2)
ioctl$VIDIOC_S_TUNER(r3, 0x4054561e, 0xffffffffffffffff)
ioctl$VIDIOC_SUBDEV_ENUM_FRAME_INTERVAL(r3, 0xc040564b, &(0x7f00000001c0)={0x3, 0x0, 0x2005, 0x1, 0x9, {0x1, 0x101}, 0x1})

14:41:21 executing program 0:
r0 = syz_open_dev$vivid(&(0x7f00000000c0)='/dev/video#\x00', 0x0, 0x2)
ioctl$VIDIOC_S_CROP(r0, 0x4014563c, &(0x7f0000000000)={0x1, {0x6, 0x9, 0x7fff, 0x8}})
r1 = syz_open_dev$vivid(&(0x7f0000000040)='/dev/video#\x00', 0x3, 0x2)
ioctl$VIDIOC_S_TUNER(r1, 0x4054561e, 0xffffffffffffffff)
ioctl$VIDIOC_S_DV_TIMINGS(r1, 0xc0845657, &(0x7f0000000100)={0x0, @bt={0x422, 0x5, 0x0, 0x0, 0x1c20e4b7, 0x8, 0x8, 0xa03e, 0x5, 0x8000, 0xffff, 0x1, 0x8, 0x0, 0x5, 0x2, {0x2}, 0x81, 0x4}})
ioctl$VIDIOC_LOG_STATUS(r0, 0x5646, 0x0)
r2 = syz_open_dev$vbi(&(0x7f0000000040)='/dev/vbi#\x00', 0x1, 0x2)
ioctl$VIDIOC_G_OUTPUT(r2, 0x8004562e, &(0x7f0000000080))
r3 = syz_open_dev$vivid(&(0x7f0000000040)='/dev/video#\x00', 0x3, 0x2)
ioctl$VIDIOC_S_TUNER(r3, 0x4054561e, 0xffffffffffffffff)
ioctl$VIDIOC_G_CTRL(r3, 0xc008561b, &(0x7f00000001c0)={0x7, 0x6})

[  934.783778][T25312] vivid-000: =================  START STATUS  =================
[  934.786240][T25312] v4l2-ctrls: vivid-000: Test Pattern: 75% Colorbar
[  934.788345][T25312] v4l2-ctrls: vivid-000: Fill Percentage of Frame: 100
[  934.793831][T25312] v4l2-ctrls: vivid-000: Horizontal Movement: No Movement
[  934.796233][T25312] v4l2-ctrls: vivid-000: Vertical Movement: No Movement
[  934.798667][T25312] v4l2-ctrls: vivid-000: OSD Text Mode: All
[  934.801492][T25312] v4l2-ctrls: vivid-000: Show Border: false
[  934.803427][T25312] v4l2-ctrls: vivid-000: Show Square: false
[  934.805314][T25312] v4l2-ctrls: vivid-000: Sensor Flipped Horizontally: false
[  934.807663][T25312] v4l2-ctrls: vivid-000: Sensor Flipped Vertically: false
[  934.809919][T25312] v4l2-ctrls: vivid-000: Insert SAV Code in Image: false
[  934.813702][T25312] v4l2-ctrls: vivid-000: Insert EAV Code in Image: false
[  934.815977][T25312] v4l2-ctrls: vivid-000: Reduced Framerate: false
[  934.818032][T25312] v4l2-ctrls: vivid-000: Enable Capture Cropping: true
[  934.820967][T25312] v4l2-ctrls: vivid-000: Enable Capture Composing: true
[  934.823219][T25312] v4l2-ctrls: vivid-000: Enable Capture Scaler: true
[  934.825337][T25312] v4l2-ctrls: vivid-000: Timestamp Source: End of Frame
[  934.827556][T25312] v4l2-ctrls: vivid-000: Colorspace: sRGB
[  934.829611][T25312] v4l2-ctrls: vivid-000: Transfer Function: Default
[  934.834012][T25312] v4l2-ctrls: vivid-000: Y'CbCr Encoding: Default
[  934.836273][T25312] v4l2-ctrls: vivid-000: HSV Encoding: Hue 0-179
[  934.838346][T25312] v4l2-ctrls: vivid-000: Quantization: Default
[  934.841093][T25312] v4l2-ctrls: vivid-000: Apply Alpha To Red Only: false
[  934.843348][T25312] v4l2-ctrls: vivid-000: Standard Aspect Ratio: 4x3
[  934.845429][T25312] v4l2-ctrls: vivid-000: DV Timings Signal Mode: Current DV Timings inactive
[  934.848196][T25312] v4l2-ctrls: vivid-000: DV Timings: 640x480p59 inactive
[  934.851535][T25312] v4l2-ctrls: vivid-000: DV Timings Aspect Ratio: Source Width x Height
[  934.854230][T25312] v4l2-ctrls: vivid-000: Maximum EDID Blocks: 2
[  934.856248][T25312] v4l2-ctrls: vivid-000: Limited RGB Range (16-235): true
[  934.858530][T25312] v4l2-ctrls: vivid-000: Rx RGB Quantization Range: Automatic
[  934.861842][T25312] v4l2-ctrls: vivid-000: Power Present: 0x00000001
[  934.864012][T25312] tpg source WxH: 320x180 (Y'CbCr)
[  934.865649][T25312] tpg field: 1
[  934.866745][T25312] tpg crop: 320x180@0x0
[  934.868082][T25312] tpg compose: 320x180@0x0
[  934.869482][T25312] tpg colorspace: 8
[  934.872304][T25312] tpg transfer function: 0/0
[  934.873805][T25312] tpg Y'CbCr encoding: 0/0
[  934.875235][T25312] tpg quantization: 0/0
[  934.876627][T25312] tpg RGB range: 0/1
[  934.877881][T25312] vivid-000: ==================  END STATUS  ==================
[  934.884181][T25312] vivid-000: =================  START STATUS  =================
[  934.886986][T25312] v4l2-ctrls: vivid-000: Test Pattern: 75% Colorbar
[  934.889086][T25312] v4l2-ctrls: vivid-000: Fill Percentage of Frame: 100
[  934.892469][T25312] v4l2-ctrls: vivid-000: Horizontal Movement: No Movement
[  934.894777][T25312] v4l2-ctrls: vivid-000: Vertical Movement: No Movement
[  934.897003][T25312] v4l2-ctrls: vivid-000: OSD Text Mode: All
[  934.898944][T25312] v4l2-ctrls: vivid-000: Show Border: false
[  934.902161][T25312] v4l2-ctrls: vivid-000: Show Square: false
[  934.904195][T25312] v4l2-ctrls: vivid-000: Sensor Flipped Horizontally: false
[  934.906556][T25312] v4l2-ctrls: vivid-000: Sensor Flipped Vertically: false
[  934.908816][T25312] v4l2-ctrls: vivid-000: Insert SAV Code in Image: false
[  934.912532][T25312] v4l2-ctrls: vivid-000: Insert EAV Code in Image: false
[  934.914804][T25312] v4l2-ctrls: vivid-000: Reduced Framerate: false
[  934.916846][T25312] v4l2-ctrls: vivid-000: Enable Capture Cropping: true
[  934.919030][T25312] v4l2-ctrls: vivid-000: Enable Capture Composing: true
[  934.922364][T25312] v4l2-ctrls: vivid-000: Enable Capture Scaler: true
[  934.924644][T25312] v4l2-ctrls: vivid-000: Timestamp Source: End of Frame
[  934.926897][T25312] v4l2-ctrls: vivid-000: Colorspace: sRGB
[  934.928711][T25312] v4l2-ctrls: vivid-000: Transfer Function: Default
[  934.931892][T25312] v4l2-ctrls: vivid-000: Y'CbCr Encoding: Default
[  934.933999][T25312] v4l2-ctrls: vivid-000: HSV Encoding: Hue 0-179
[  934.936015][T25312] v4l2-ctrls: vivid-000: Quantization: Default
[  934.937968][T25312] v4l2-ctrls: vivid-000: Apply Alpha To Red Only: false
[  934.941131][T25312] v4l2-ctrls: vivid-000: Standard Aspect Ratio: 4x3
[  934.943266][T25312] v4l2-ctrls: vivid-000: DV Timings Signal Mode: Current DV Timings inactive
[  934.946024][T25312] v4l2-ctrls: vivid-000: DV Timings: 640x480p59 inactive
[  934.948255][T25312] v4l2-ctrls: vivid-000: DV Timings Aspect Ratio: Source Width x Height
[  934.952221][T25312] v4l2-ctrls: vivid-000: Maximum EDID Blocks: 2
[  934.954234][T25312] v4l2-ctrls: vivid-000: Limited RGB Range (16-235): true
[  934.956584][T25312] v4l2-ctrls: vivid-000: Rx RGB Quantization Range: Automatic
[  934.958946][T25312] v4l2-ctrls: vivid-000: Power Present: 0x00000001
[  934.961956][T25312] tpg source WxH: 320x180 (Y'CbCr)
[  934.963632][T25312] tpg field: 1
[  934.964723][T25312] tpg crop: 320x180@0x0
[  934.966052][T25312] tpg compose: 320x180@0x0
[  934.967468][T25312] tpg colorspace: 8
[  934.968773][T25312] tpg transfer function: 0/0
[  934.971788][T25312] tpg Y'CbCr encoding: 0/0
[  934.973210][T25312] tpg quantization: 0/0
[  934.974529][T25312] tpg RGB range: 0/1
[  934.975805][T25312] vivid-000: ==================  END STATUS  ==================
14:41:21 executing program 0:
ioctl$VIDIOC_REQBUFS(0xffffffffffffffff, 0xc0145608, &(0x7f0000000100)={0x3, 0x9})
ioctl$VIDIOC_STREAMON(0xffffffffffffffff, 0x40045612, 0x0)
r0 = openat$vimc1(0xffffffffffffff9c, &(0x7f0000000000)='/dev/video1\x00', 0x2, 0x0)
ioctl$VIDIOC_REQBUFS(r0, 0xc0145608, &(0x7f00000000c0)={0x1000, 0x1, 0x1})
ioctl$VIDIOC_REQBUFS(r0, 0xc0145608, &(0x7f0000000080)={0x7, 0x1, 0x4})

14:41:21 executing program 0:
syz_open_dev$vivid(&(0x7f0000000040)='/dev/video#\x00', 0x1, 0x2)
r0 = syz_open_dev$vivid(&(0x7f0000000000)='/dev/video#\x00', 0x0, 0x2)
ioctl$VIDIOC_LOG_STATUS(r0, 0x5646, 0x0)
r1 = syz_open_dev$vivid(&(0x7f0000000040)='/dev/video#\x00', 0x3, 0x2)
ioctl$VIDIOC_S_TUNER(r1, 0x4054561e, 0xffffffffffffffff)
ioctl$VIDIOC_S_OUTPUT(r1, 0xc004562f, &(0x7f0000000080)=0x9)
r2 = syz_open_dev$vivid(&(0x7f0000000040)='/dev/video#\x00', 0x3, 0x2)
ioctl$VIDIOC_S_TUNER(r2, 0x4054561e, 0xffffffffffffffff)
ioctl$VIDIOC_ENUM_FREQ_BANDS(r2, 0xc0405665, &(0x7f00000000c0)={0x0, 0x4, 0x4a3, 0x1, 0x80000001, 0x7fff, 0x6})

[  935.048462][T25321] vivid-000: =================  START STATUS  =================
[  935.054323][T25321] v4l2-ctrls: vivid-000: Test Pattern: 75% Colorbar
[  935.057499][T25321] v4l2-ctrls: vivid-000: Fill Percentage of Frame: 100
[  935.063186][T25321] v4l2-ctrls: vivid-000: Horizontal Movement: No Movement
[  935.067597][T25321] v4l2-ctrls: vivid-000: Vertical Movement: No Movement
[  935.076506][T25321] v4l2-ctrls: vivid-000: OSD Text Mode: All
[  935.080456][T25321] v4l2-ctrls: vivid-000: Show Border: false
[  935.084348][T25321] v4l2-ctrls: vivid-000: Show Square: false
[  935.088248][T25321] v4l2-ctrls: vivid-000: Sensor Flipped Horizontally: false
[  935.091665][T25321] v4l2-ctrls: vivid-000: Sensor Flipped Vertically: false
[  935.093935][T25321] v4l2-ctrls: vivid-000: Insert SAV Code in Image: false
[  935.096437][T25321] v4l2-ctrls: vivid-000: Insert EAV Code in Image: false
[  935.099218][T25321] v4l2-ctrls: vivid-000: Reduced Framerate: false
[  935.102568][T25321] v4l2-ctrls: vivid-000: Enable Capture Cropping: true
[  935.104940][T25321] v4l2-ctrls: vivid-000: Enable Capture Composing: true
[  935.107124][T25321] v4l2-ctrls: vivid-000: Enable Capture Scaler: true
[  935.109201][T25321] v4l2-ctrls: vivid-000: Timestamp Source: End of Frame
[  935.114415][T25321] v4l2-ctrls: vivid-000: Colorspace: sRGB
[  935.116230][T25321] v4l2-ctrls: vivid-000: Transfer Function: Default
[  935.118274][T25321] v4l2-ctrls: vivid-000: Y'CbCr Encoding: Default
[  935.121087][T25321] v4l2-ctrls: vivid-000: HSV Encoding: Hue 0-179
[  935.123125][T25321] v4l2-ctrls: vivid-000: Quantization: Default
[  935.125053][T25321] v4l2-ctrls: vivid-000: Apply Alpha To Red Only: false
[  935.127217][T25321] v4l2-ctrls: vivid-000: Standard Aspect Ratio: 4x3
[  935.129260][T25321] v4l2-ctrls: vivid-000: DV Timings Signal Mode: Current DV Timings inactive
[  935.133877][T25321] v4l2-ctrls: vivid-000: DV Timings: 640x480p59 inactive
[  935.136134][T25321] v4l2-ctrls: vivid-000: DV Timings Aspect Ratio: Source Width x Height
[  935.138750][T25321] v4l2-ctrls: vivid-000: Maximum EDID Blocks: 2
[  935.141481][T25321] v4l2-ctrls: vivid-000: Limited RGB Range (16-235): true
[  935.143748][T25321] v4l2-ctrls: vivid-000: Rx RGB Quantization Range: Automatic
[  935.146071][T25321] v4l2-ctrls: vivid-000: Power Present: 0x00000001
[  935.148105][T25321] tpg source WxH: 320x180 (Y'CbCr)
[  935.149712][T25321] tpg field: 1
[  935.152043][T25321] tpg crop: 320x180@0x0
[  935.153398][T25321] tpg compose: 320x180@0x0
[  935.154801][T25321] tpg colorspace: 8
[  935.156092][T25321] tpg transfer function: 0/0
[  935.157534][T25321] tpg Y'CbCr encoding: 0/0
[  935.158933][T25321] tpg quantization: 0/0
[  935.161525][T25321] tpg RGB range: 0/1
[  935.162812][T25321] vivid-000: ==================  END STATUS  ==================
14:41:21 executing program 0:
syz_open_dev$swradio(&(0x7f0000000240)='/dev/swradio#\x00', 0x1, 0x2)

14:41:21 executing program 0:
r0 = syz_open_dev$vivid(&(0x7f0000000040)='/dev/video#\x00', 0x2, 0x2)
ioctl$VIDIOC_DBG_G_CHIP_INFO(r0, 0xc0c85666, &(0x7f0000000100)={{0x4}, "675b80c3637e6dc9dfc8fe0b72e5d13f8860853ca7710b4044902f52f9f06b2c"})
ioctl$VIDIOC_G_EXT_CTRLS(r0, 0xc0205647, &(0x7f00000000c0)={0xf000000, 0x1, 0x0, 0xffffffffffffffff, 0x0, &(0x7f0000000080)={0x980902, 0x0, [], @ptr}})

14:41:21 executing program 0:
r0 = syz_open_dev$vivid(&(0x7f0000000040)='/dev/video#\x00', 0x3, 0x2)
ioctl$VIDIOC_S_TUNER(r0, 0x4054561e, 0xffffffffffffffff)
ioctl$VIDIOC_S_FMT(r0, 0xc0d05605, &(0x7f0000000080)={0xa, @vbi={0x4, 0x5, 0x4, 0x38414762, [0x9, 0x7ff], [0x8, 0x1], 0x1}})
r1 = syz_open_dev$vivid(&(0x7f0000000040)='/dev/video#\x00', 0x2, 0x2)
ioctl$VIDIOC_S_STD(r1, 0x40085618, &(0x7f0000000000)=0x80008)

14:41:21 executing program 0:
r0 = syz_open_dev$vivid(&(0x7f0000000000)='/dev/video#\x00', 0x1, 0x2)
ioctl$VIDIOC_S_CROP(r0, 0x4014563c, &(0x7f0000000040)={0xa, {0x0, 0x7, 0x8000, 0xfffffffc}})

14:41:21 executing program 0:
r0 = syz_open_dev$vivid(&(0x7f0000000040)='/dev/video#\x00', 0x0, 0x2)
ioctl$VIDIOC_S_FBUF(r0, 0x4030560b, &(0x7f0000000000)={0x0, 0x0, &(0x7f0000000080), {0x7f, 0x51, 0x35315241, 0x0, 0x100, 0xfffffffd}})
r1 = openat$vicodec1(0xffffffffffffff9c, &(0x7f0000000080)='/dev/video37\x00', 0x2, 0x0)
ioctl$VIDIOC_G_OUTPUT(r1, 0x8004562e, &(0x7f00000000c0))

14:41:21 executing program 0:
r0 = syz_open_dev$vbi(0x0, 0x1, 0x2)
ioctl$VIDIOC_G_FMT(r0, 0xc0d05604, &(0x7f00000000c0)={0x9, @raw_data="a1216077f9554a95aa522c725695f11d3c231d1d65eb64d2ae770111a13cbc88a3c595040a668ba85c8c38d7f058758cac89c0d56c138b7039d2a431dec2b52773bbdc25bf930e32f401ceeb80c2e6b3253220f3c074ec7360b7849da2f0bdb074cc5ae6fa81d0991407849685d143bf0ae4a1edf380f223467fdeb5a2fe7783945c8af8b9fc41a51b0c5026b1705d5ccc2401bb6d0ac5bfad341e99b210c323285ca07891244b734785f7b3fb185dd42e3030b04677ed972f5db01dd776f1f06474336bb85c118d"})
r1 = openat$vimc2(0xffffffffffffff9c, &(0x7f0000000040)='/dev/video2\x00', 0x2, 0x0)
syz_open_dev$vbi(&(0x7f00000001c0)='/dev/vbi#\x00', 0x1, 0x2)
ioctl$VIDIOC_REQBUFS(r1, 0xc0145608, &(0x7f0000000080)={0xb8, 0x1, 0x1})

14:41:21 executing program 0:
r0 = openat$vicodec0(0xffffffffffffff9c, &(0x7f0000000000)='/dev/video36\x00', 0x2, 0x0)
ioctl$VIDIOC_REQBUFS(r0, 0xc0145608, &(0x7f0000000080)={0x3f, 0x2, 0x1})
openat$vicodec0(0xffffffffffffff9c, &(0x7f0000000040)='/dev/video36\x00', 0x2, 0x0)
r1 = syz_open_dev$vivid(&(0x7f0000000040)='/dev/video#\x00', 0x3, 0x2)
ioctl$VIDIOC_S_TUNER(r1, 0x4054561e, 0xffffffffffffffff)
r2 = syz_open_dev$vivid(&(0x7f0000000040)='/dev/video#\x00', 0x3, 0x2)
ioctl$VIDIOC_QUERYCTRL(r2, 0xc0445624, &(0x7f0000000240)={0x3f, 0x8, "251413aa8209306f8d4f3462b4ae0bc17042141ad9a66fa5ec762641652cd281", 0x6, 0xba, 0x80, 0x6, 0x10})
ioctl$VIDIOC_S_TUNER(r2, 0x4054561e, 0xffffffffffffffff)
syz_open_dev$vbi(&(0x7f00000000c0)='/dev/vbi#\x00', 0x1, 0x2)
r3 = syz_open_dev$cec(&(0x7f0000000100)='/dev/cec#\x00', 0x1, 0x2)
ioctl$VIDIOC_SUBDEV_QUERY_DV_TIMINGS(r3, 0x80845663, &(0x7f0000000180)={0x0, @reserved})

14:41:21 executing program 0:
r0 = syz_open_dev$vivid(&(0x7f0000000040)='/dev/video#\x00', 0x3, 0x2)
ioctl$VIDIOC_S_TUNER(r0, 0x4054561e, 0xffffffffffffffff)
ioctl$VIDIOC_ENUMSTD(r0, 0xc0485619, &(0x7f0000000100)={0x9, 0x50007, "0be9e230770314c1c30c4b1e63d6bd2cca92b8f273a58e5a", {0x1, 0x1}, 0x5})
r1 = syz_open_dev$vivid(&(0x7f0000000000)='/dev/video#\x00', 0x2, 0x2)
ioctl$VIDIOC_REQBUFS(r1, 0xc0145608, &(0x7f0000000040)={0x401, 0x9, 0x1})
openat$vimc0(0xffffffffffffff9c, &(0x7f00000000c0)='/dev/video0\x00', 0x2, 0x0)
ioctl$VIDIOC_CREATE_BUFS(r1, 0xc100565c, &(0x7f0000000280)={0x38, 0x8, 0x4, {0xa, @sliced={0xffff, [0x4, 0x7, 0xca92, 0x8, 0xc4ca, 0x4, 0x7, 0x3f, 0x400, 0xd0, 0xd43, 0xc4b, 0x2, 0x8, 0x5, 0x7fff, 0x80, 0xc0, 0x1f6, 0x0, 0xfff8, 0x401, 0x1, 0x1, 0x1f, 0x81, 0x3, 0x8, 0xfff, 0x0, 0x2, 0x2, 0x2, 0x7ff, 0x0, 0x3ff, 0x5, 0x4, 0x581, 0x8001, 0x6, 0x4bf2, 0x5, 0xff00, 0x1e, 0xffc1, 0x4, 0x3db], 0x1f}}, 0x8001})
ioctl$VIDIOC_S_AUDIO(r0, 0x40345622, &(0x7f0000000080)={0x800, "cd2bf38de9ec87fbd8790218135e4e1398107cdcb187e4838866e3e8ec31e391", 0x3, 0x1})
ioctl$VIDIOC_EXPBUF(r1, 0xc0405610, &(0x7f0000000240)={0x9, 0x0, 0x0, 0x80000})

[  936.624339][T25355] syz-executor.0 invoked oom-killer: gfp_mask=0x2dc2(GFP_KERNEL|__GFP_HIGHMEM|__GFP_NOWARN|__GFP_ZERO), order=0, oom_score_adj=1000
[  936.628587][T25355] CPU: 0 PID: 25355 Comm: syz-executor.0 Not tainted 5.4.0+ #27
[  936.630994][T25355] Hardware name: QEMU Standard PC (i440FX + PIIX, 1996), BIOS Ubuntu-1.8.2-1ubuntu1 04/01/2014
[  936.634132][T25355] Call Trace:
[  936.635142][T25355]  dump_stack+0xc6/0x11e
[  936.636434][T25355]  dump_header+0x10b/0xb50
[  936.637782][T25355]  ? _raw_spin_unlock_irqrestore+0x39/0x60
[  936.639564][T25355]  ? ___ratelimit+0x4f/0x460
[  936.640957][T25355]  oom_kill_process+0x177/0x3c0
[  936.642441][T25355]  out_of_memory+0x309/0x13b0
[  936.643950][T25355]  ? oom_killer_disable+0x240/0x240
[  936.645530][T25355]  ? mutex_trylock+0x26f/0x300
[  936.646984][T25355]  ? __alloc_pages_slowpath+0xadb/0x2480
[  936.648692][T25355]  __alloc_pages_slowpath+0x205b/0x2480
[  936.650383][T25355]  ? warn_alloc+0x290/0x290
[  936.651761][T25355]  __alloc_pages_nodemask+0x5e5/0x850
[  936.653388][T25355]  ? __alloc_pages_slowpath+0x2480/0x2480
[  936.655135][T25355]  alloc_pages_current+0xac/0x1e0
[  936.656661][T25355]  __vmalloc_node_range+0x469/0x700
[  936.658234][T25355]  ? vb2_vmalloc_alloc+0xe8/0x330
[  936.659772][T25355]  vmalloc_user+0x6a/0x80
[  936.661080][T25355]  ? vb2_vmalloc_alloc+0xe8/0x330
[  936.662721][T25355]  vb2_vmalloc_alloc+0xe8/0x330
[  936.664192][T25355]  ? vb2_vmalloc_get_dmabuf+0x180/0x180
[  936.665936][T25355]  __vb2_queue_alloc+0x5d9/0x1270
[  936.667465][T25355]  vb2_core_reqbufs+0x70c/0xc10
[  936.668940][T25355]  ? __vb2_queue_cancel+0xce0/0xce0
[  936.670530][T25355]  ? __mutex_lock+0x682/0x1560
[  936.671978][T25355]  ? __video_do_ioctl+0x42f/0xeb0
[  936.673506][T25355]  ? mutex_lock_io_nested+0x1470/0x1470
[  936.675203][T25355]  ? save_stack+0x69/0x80
[  936.676515][T25355]  ? save_stack+0x19/0x80
[  936.677829][T25355]  ? __kasan_slab_free+0x11d/0x160
[  936.679382][T25355]  ? __x64_sys_ioctl+0x6f/0xb0
[  936.680833][T25355]  ? do_syscall_64+0x9d/0x5a0
[  936.682245][T25355]  ? entry_SYSCALL_64_after_hwframe+0x49/0xbe
[  936.684096][T25355]  ? tomoyo_supervisor+0x1de/0x11a0
[  936.685668][T25355]  vb2_ioctl_reqbufs+0x27f/0x410
[  936.687171][T25355]  v4l_reqbufs+0x9a/0xc0
[  936.688453][T25355]  __video_do_ioctl+0x760/0xeb0
[  936.689931][T25355]  ? v4l_s_fmt+0xa60/0xa60
[  936.691274][T25355]  ? __might_fault+0x177/0x1b0
[  936.692718][T25355]  video_usercopy+0x118/0xf80
[  936.694133][T25355]  ? v4l_s_fmt+0xa60/0xa60
[  936.695482][T25355]  ? putname+0xd0/0x120
[  936.696746][T25355]  ? v4l_enumstd+0x60/0x60
[  936.698122][T25355]  ? __kasan_slab_free+0x11d/0x160
[  936.699852][T25355]  ? tomoyo_execute_permission+0x4e0/0x4e0
[  936.701770][T25355]  v4l2_ioctl+0x1c0/0x270
[  936.703198][T25355]  ? v4l2_prio_init+0x20/0x20
[  936.704731][T25355]  do_vfs_ioctl+0x19d/0x10d0
[  936.706228][T25355]  ? ioctl_preallocate+0x1f0/0x1f0
[  936.707914][T25355]  ? __fget+0x344/0x540
[  936.709285][T25355]  ? do_dup2+0x4f0/0x4f0
[  936.710690][T25355]  ? ktime_get_ts64+0x1e0/0x2f0
[  936.712298][T25355]  ksys_ioctl+0x84/0x90
[  936.713660][T25355]  __x64_sys_ioctl+0x6f/0xb0
[  936.715169][T25355]  do_syscall_64+0x9d/0x5a0
[  936.716644][T25355]  entry_SYSCALL_64_after_hwframe+0x49/0xbe
[  936.718581][T25355] RIP: 0033:0x45de59
[  936.719862][T25355] Code: Bad RIP value.
[  936.721191][T25355] RSP: 002b:00007ff1fcbf4c78 EFLAGS: 00000246 ORIG_RAX: 0000000000000010
[  936.723947][T25355] RAX: ffffffffffffffda RBX: 000000000001c840 RCX: 000000000045de59
[  936.726550][T25355] RDX: 0000000020000040 RSI: 00000000c0145608 RDI: 0000000000000004
[  936.729143][T25355] RBP: 000000000118bf60 R08: 0000000000000000 R09: 0000000000000000
[  936.731719][T25355] R10: 0000000000000000 R11: 0000000000000246 R12: 000000000118bf2c
[  936.734334][T25355] R13: 00007ffdbcd1804f R14: 00007ff1fcbf59c0 R15: 000000000118bf2c
[  937.265160][T25355] Mem-Info:
[  937.266269][T25355] active_anon:12089 inactive_anon:13099 isolated_anon:0
[  937.266269][T25355]  active_file:13 inactive_file:13 isolated_file:0
[  937.266269][T25355]  unevictable:7 dirty:0 writeback:0 unstable:0
[  937.266269][T25355]  slab_reclaimable:9828 slab_unreclaimable:33820
[  937.266269][T25355]  mapped:10584 shmem:13280 pagetables:537 bounce:0
[  937.266269][T25355]  free:17281 free_pcp:125 free_cma:0
[  937.277980][T25355] Node 0 active_anon:47652kB inactive_anon:52392kB active_file:48kB inactive_file:52kB unevictable:28kB isolated(anon):0kB isolated(file):0kB mapped:42336kB dirty:0kB writeback:0kB shmem:53104kB shmem_thp: 0kB shmem_pmdmapped: 0kB anon_thp: 12288kB writeback_tmp:0kB unstable:0kB all_unreclaimable? yes
[  937.286880][T25355] Node 1 active_anon:704kB inactive_anon:4kB active_file:4kB inactive_file:0kB unevictable:0kB isolated(anon):0kB isolated(file):0kB mapped:0kB dirty:0kB writeback:0kB shmem:16kB shmem_thp: 0kB shmem_pmdmapped: 0kB anon_thp: 0kB writeback_tmp:0kB unstable:0kB all_unreclaimable? yes
[  937.295374][T25355] Node 0 DMA free:2504kB min:712kB low:888kB high:1064kB active_anon:7744kB inactive_anon:4kB active_file:0kB inactive_file:0kB unevictable:0kB writepending:0kB present:15992kB managed:15908kB mlocked:0kB kernel_stack:0kB pagetables:32kB bounce:0kB free_pcp:0kB local_pcp:0kB free_cma:0kB
[  937.304022][T25355] lowmem_reserve[]: 0 449 449 449 449
[  937.305723][T25355] Node 0 DMA32 free:20592kB min:20632kB low:25788kB high:30944kB active_anon:39908kB inactive_anon:52388kB active_file:48kB inactive_file:52kB unevictable:28kB writepending:0kB present:1032192kB managed:465724kB mlocked:28kB kernel_stack:6976kB pagetables:1968kB bounce:0kB free_pcp:252kB local_pcp:252kB free_cma:0kB
[  937.315168][T25355] lowmem_reserve[]: 0 0 0 0 0
[  937.316587][T25355] Node 1 DMA32 free:46028kB min:46232kB low:57788kB high:69344kB active_anon:704kB inactive_anon:4kB active_file:4kB inactive_file:0kB unevictable:0kB writepending:0kB present:1048448kB managed:1031988kB mlocked:0kB kernel_stack:192kB pagetables:148kB bounce:0kB free_pcp:248kB local_pcp:248kB free_cma:0kB
[  937.326219][T25355] lowmem_reserve[]: 0 0 0 0 0
[  937.327700][T25355] Node 0 DMA: 0*4kB 1*8kB (M) 2*16kB (UM) 1*32kB (U) 2*64kB (M) 2*128kB (M) 2*256kB (M) 1*512kB (U) 1*1024kB (M) 0*2048kB 0*4096kB = 2504kB
[  937.332367][T25355] Node 0 DMA32: 354*4kB (ME) 231*8kB (UME) 151*16kB (ME) 132*32kB (UME) 69*64kB (UME) 23*128kB (ME) 7*256kB (M) 3*512kB (M) 0*1024kB 0*2048kB 0*4096kB = 20592kB
[  937.337334][T25355] Node 1 DMA32: 89*4kB (UME) 145*8kB (UME) 136*16kB (ME) 33*32kB (ME) 11*64kB (M) 7*128kB (UME) 5*256kB (UM) 5*512kB (M) 5*1024kB (ME) 3*2048kB (M) 6*4096kB (U) = 46028kB
[  937.343107][T25355] Node 0 hugepages_total=0 hugepages_free=0 hugepages_surp=0 hugepages_size=2048kB
[  937.346036][T25355] Node 1 hugepages_total=0 hugepages_free=0 hugepages_surp=0 hugepages_size=2048kB
[  937.349062][T25355] 13303 total pagecache pages
[  937.350529][T25355] 0 pages in swap cache
[  937.351892][T25355] Swap cache stats: add 0, delete 0, find 0/0
[  937.353857][T25355] Free swap  = 0kB
[  937.355034][T25355] Total swap = 0kB
[  937.356271][T25355] 524158 pages RAM
[  937.357686][T25355] 0 pages HighMem/MovableOnly
[  937.359256][T25355] 145753 pages reserved
[  937.360812][T25355] 0 pages cma reserved
[  937.362106][T25355] Unreclaimable slab info:
[  937.363448][T25355] Name                      Used          Total
[  937.365438][T25355] pid_2                     24KB         24KB
[  937.367283][T25355] rxe-mr                     3KB          3KB
[  937.369293][T25355] rxe-qp                    29KB         29KB
[  937.409730][T25355] bio-3                      3KB          3KB
[  937.430234][T25355] batadv_tt_change_cache          4KB          4KB
[  937.432227][T25355] batadv_tl_cache            4KB          4KB
[  937.434073][T25355] TIPC                      15KB         15KB
[  937.435912][T25355] SCTPv6                    30KB         30KB
[  937.437746][T25355] DCCPv6                    30KB         30KB
[  937.439596][T25355] DCCP                      30KB         30KB
[  937.555678][T25355] RXRPC                     30KB         30KB
[  937.557567][T25355] rxrpc_call_jar            46KB         46KB
[  937.559497][T25355] bridge_fdb_cache           3KB          3KB
[  937.623959][T25355] fib6_nodes                36KB         36KB
[  937.625828][T25355] ip6_dst_cache             50KB        108KB
[  937.627671][T25355] RAWv6                     30KB         30KB
[  937.629496][T25355] UDPv6                     45KB         45KB
[  937.708469][T25355] TCPv6                     30KB         30KB
[  937.726787][T25355] nf_conntrack               7KB          7KB
[  937.728843][T25355] t10_alua_lu_gp_cache          3KB          3KB
[  937.768848][T25355] scsi_sense_cache           4KB          4KB
[  937.785387][T25355] sd_ext_cdb                 3KB          3KB
[  937.787257][T25355] virtio_scsi_cmd           16KB         16KB
[  937.789089][T25355] sgpool-128                29KB         29KB
[  937.815212][T25355] sgpool-64                 31KB         31KB
[  937.817075][T25355] sgpool-32                409KB        409KB
[  937.818915][T25355] sgpool-16                 91KB        135KB
[  937.848360][T25355] sgpool-8                  49KB         75KB
[  937.857061][T25355] mqueue_inode_cache         15KB         15KB
[  937.858975][T25355] f2fs_bio_post_read_ctx         15KB         15KB
[  937.876129][T25355] bio-2                     15KB         15KB
[  937.878007][T25355] jfs_mp                     7KB          7KB
[  937.889023][T25355] cifs_small_rq             16KB         16KB
[  937.933622][T25355] cifs_request              67KB         67KB
[  937.935497][T25355] cifs_mpx_ids               3KB          3KB
[  937.937326][T25355] nfs_commit_data            7KB          7KB
[  937.939164][T25355] nfs_write_data            32KB         32KB
[  937.989427][T25355] jbd2_inode                 3KB          3KB
[  938.001782][T25355] ext4_system_zone           3KB          3KB
[  938.003670][T25355] ext4_bio_post_read_ctx         15KB         15KB
[  938.005703][T25355] bio-1                      3KB          3KB
[  938.007570][T25355] pid_namespace              3KB          3KB
[  938.009412][T25355] posix_timers_cache          3KB          3KB
[  938.090459][T25355] rpc_buffers               31KB         31KB
[  938.092421][T25355] rpc_tasks                  3KB          3KB
[  938.094347][T25355] UNIX                     304KB        400KB
[  938.096230][T25355] tcp_bind_bucket            4KB          4KB
[  938.098179][T25355] ip_fib_trie               12KB         12KB
[  938.130554][T25355] ip_fib_alias              39KB         39KB
[  938.132412][T25355] ip_dst_cache               4KB          4KB
[  938.134275][T25355] RAW                       15KB         15KB
[  938.136204][T25355] UDP                      106KB        106KB
[  938.138066][T25355] request_sock_TCP           3KB          3KB
[  938.160318][T25355] TCP                       30KB         30KB
[  938.162194][T25355] hugetlbfs_inode_cache         15KB         15KB
[  938.164241][T25355] fscache_cookie_jar          3KB          3KB
[  938.166102][T25355] eventpoll_pwq             27KB         27KB
[  938.178312][T25355] eventpoll_epi             47KB         47KB
[  938.180449][T25355] inotify_inode_mark         11KB         11KB
[  938.182405][T25355] request_queue            212KB        212KB
[  938.184340][T25355] blkdev_ioc                15KB         15KB
[  938.186260][T25355] bio-0                    316KB        326KB
[  938.188173][T25355] biovec-max               803KB        803KB
[  938.190170][T25355] biovec-64                608KB        687KB
[  938.192089][T25355] biovec-16                 48KB         63KB
[  938.193999][T25355] bio_integrity_payload          3KB          3KB
[  938.196030][T25355] khugepaged_mm_slot          7KB          7KB
[  938.197963][T25355] uid_cache                  4KB          4KB
[  938.200389][T25355] dmaengine-unmap-2          4KB          4KB
[  938.202414][T25355] audit_buffer               3KB          3KB
[  938.204340][T25355] skbuff_ext_cache           8KB          8KB
[  938.206256][T25355] skbuff_fclone_cache         67KB         97KB
[  938.208211][T25355] skbuff_head_cache        120KB        138KB
[  938.210161][T25355] configfs_dir_cache          4KB          4KB
[  938.212091][T25355] file_lock_cache           46KB         65KB
[  938.213990][T25355] file_lock_ctx             11KB         11KB
[  938.215991][T25355] fsnotify_mark_connector          7KB          7KB
[  938.218076][T25355] net_namespace             27KB         27KB
[  938.220200][T25355] task_delay_info          141KB        257KB
[  938.222110][T25355] taskstats                 11KB         11KB
[  938.224022][T25355] proc_dir_entry           370KB        393KB
[  938.225927][T25355] pde_opener                11KB         11KB
[  938.227832][T25355] seq_file                  55KB         55KB
[  938.265583][T25355] sigqueue                  11KB         11KB
[  938.267537][T25355] shmem_inode_cache       8290KB       8349KB
[  938.269458][T25355] kernfs_iattrs_cache         11KB         11KB
[  938.277405][T25355] kernfs_node_cache      16294KB      16309KB
[  938.286494][T25355] mnt_cache                 82KB         82KB
[  938.288350][T25355] filp                     831KB        982KB
[  938.330906][T25355] names_cache            15066KB      16094KB
[  938.332825][T25355] iint_cache                51KB         87KB
[  938.334791][T25355] lsm_file_cache           165KB        217KB
[  938.336723][T25355] key_jar                    7KB          7KB
[  938.338704][T25355] uts_namespace              3KB          3KB
[  938.415912][T25355] nsproxy                    3KB          3KB
[  938.417794][T25355] vm_area_struct           685KB        750KB
[  938.419591][T25355] mm_struct                160KB        216KB
[  938.426672][T25355] fs_cache                  20KB         48KB
[  938.428584][T25355] files_cache               71KB        172KB
[  938.430660][T25355] signal_cache             389KB        980KB
[  938.432606][T25355] sighand_cache            543KB        601KB
[  938.434471][T25355] task_struct             2408KB       3520KB
[  938.436394][T25355] cred_jar                 203KB        360KB
[  938.438237][T25355] anon_vma_chain           232KB        252KB
[  938.482434][T25355] anon_vma                 183KB        183KB
[  938.489225][T25355] pid                       74KB        228KB
[  938.497853][T25355] Acpi-Operand              68KB        118KB
[  938.504298][T25355] Acpi-ParseExt             15KB         15KB
[  938.506241][T25355] Acpi-Parse                51KB         90KB
[  938.508153][T25355] Acpi-State                15KB         55KB
[  938.542063][T25355] Acpi-Namespace            24KB         24KB
[  938.544078][T25355] numa_policy                3KB          3KB
[  938.545914][T25355] trace_event_file         338KB        338KB
[  938.547754][T25355] ftrace_event_field        456KB        456KB
[  938.575227][T25355] pool_workqueue           105KB        112KB
[  938.577193][T25355] vmap_area                208KB        220KB
[  938.579105][T25355] debug_objects_cache       1145KB       1169KB
[  938.629011][T25355] page->ptl                158KB        181KB
[  938.645125][T25355] dma-kmalloc-512            8KB          8KB
[  938.647109][T25355] kmalloc-8k              2496KB       2912KB
[  938.649040][T25355] kmalloc-4k             29656KB      31360KB
[  938.697773][T25355] kmalloc-2k              9644KB      11168KB
[  938.716915][T25355] kmalloc-1k              4912KB       5424KB
[  938.718964][T25355] kmalloc-512             2722KB       4280KB
[  938.777708][T25355] kmalloc-256             3603KB       4140KB
[  938.797151][T25355] kmalloc-192              458KB        884KB
[  938.799032][T25355] kmalloc-128              579KB        684KB
[  938.835115][T25355] kmalloc-96              1654KB       1804KB
[  938.837050][T25355] kmalloc-64              3002KB       3052KB
[  938.838967][T25355] kmalloc-32               217KB        252KB
[  938.901445][T25355] kmalloc-16               187KB        200KB
[  938.903738][T25355] kmalloc-8                352KB        454KB
[  938.905571][T25355] kmem_cache_node          180KB        181KB
[  938.907569][T25355] kmem_cache               300KB        300KB
[  938.909572][T25355] Tasks state (memory values in pages):
[  939.005900][T25355] [  pid  ]   uid  tgid total_vm      rss pgtables_bytes swapents oom_score_adj name
[  939.009049][T25355] [   5955]     0  5955    17670     2014   147456        0             0 systemd-journal
[  939.064787][T25355] [   5956]     0  5956    11222      557   114688        0         -1000 systemd-udevd
[  939.067994][T25355] [   6035]     0  6035     5114      278    73728        0             0 dhclient
[  939.097213][T25355] [   6055]   100  6055    31821      132   147456        0             0 systemd-timesyn
[  939.140384][T25355] [   9604]     0  9604     6998       60   102400        0             0 cron
[  939.143284][T25355] [   9608]     0  9608    63582      860   143360        0             0 rsyslogd
[  939.146207][T25355] [   9619]     0  9619    17489      188   180224        0         -1000 sshd
[  939.149031][T25355] [   9622]     0  9622     3220       31    73728        0             0 agetty
[  939.236765][T25355] [   9623]     0  9623     3220       31    69632        0             0 agetty
[  939.239591][T25355] [   9625]     0  9625     3220       33    69632        0             0 agetty
[  939.281337][T25355] [   9627]     0  9627     3220       33    73728        0             0 agetty
[  939.284376][T25355] [   9631]     0  9631     3220       33    73728        0             0 agetty
[  939.287375][T25355] [   9632]     0  9632     3220       33    65536        0             0 agetty
[  939.336469][T25355] [   9633]     0  9633     3164       32    73728        0             0 agetty
[  939.339352][T25355] [   9831]     0  9831     6371       52    90112        0             0 rdma-ndd
[  939.400865][T25355] [   9905]     0  9905    23218      244   221184        0             0 sshd
[  939.403614][T25355] [   9911]     0  9911   220904     7615   430080        0             0 syz-fuzzer
[  939.455757][T25355] [  23469]     0 23469    21239      416   118784        0             0 syz-executor.0
[  939.458780][T25355] [  23470]     0 23470    23287     8962   126976        0             0 syz-executor.0
[  939.486597][T25355] [  25354]     0 25354    23518     8960   139264        0          1000 syz-executor.0
[  939.496988][T25355] oom-kill:constraint=CONSTRAINT_NONE,nodemask=(null),cpuset=/,mems_allowed=0-1,global_oom,task_memcg=/,task=syz-executor.0,pid=25354,uid=0
[  939.542666][T25355] Out of memory: Killed process 25354 (syz-executor.0) total-vm:94072kB, anon-rss:3840kB, file-rss:32000kB, shmem-rss:0kB, UID:0 pgtables:139264kB oom_score_adj:1000
[  939.549275][ T2006] oom_reaper: reaped process 25354 (syz-executor.0), now anon-rss:0kB, file-rss:33688kB, shmem-rss:0kB
[  939.780619][T23470] syz-executor.0 invoked oom-killer: gfp_mask=0x100cca(GFP_HIGHUSER_MOVABLE), order=0, oom_score_adj=0
[  939.784004][T23470] CPU: 0 PID: 23470 Comm: syz-executor.0 Not tainted 5.4.0+ #27
[  939.786313][T23470] Hardware name: QEMU Standard PC (i440FX + PIIX, 1996), BIOS Ubuntu-1.8.2-1ubuntu1 04/01/2014
[  939.789415][T23470] Call Trace:
[  939.790440][T23470]  dump_stack+0xc6/0x11e
[  939.791728][T23470]  dump_header+0x10b/0xb50
[  939.793172][T23470]  ? _raw_spin_unlock_irqrestore+0x39/0x60
[  939.794942][T23470]  ? ___ratelimit+0x4f/0x460
[  939.796334][T23470]  oom_kill_process+0x177/0x3c0
[  939.797800][T23470]  out_of_memory+0x309/0x13b0
[  939.799287][T23470]  ? oom_killer_disable+0x240/0x240
[  939.800975][T23470]  ? mutex_trylock+0x26f/0x300
[  939.802429][T23470]  ? __alloc_pages_slowpath+0xadb/0x2480
[  939.804136][T23470]  __alloc_pages_slowpath+0x205b/0x2480
[  939.805818][T23470]  ? warn_alloc+0x290/0x290
[  939.807190][T23470]  ? should_fail+0x197/0x700
[  939.808585][T23470]  ? xas_descend+0x141/0x3a0
[  939.809977][T23470]  __alloc_pages_nodemask+0x5e5/0x850
[  939.811613][T23470]  ? __alloc_pages_slowpath+0x2480/0x2480
[  939.813345][T23470]  ? __filemap_set_wb_err+0x250/0x250
[  939.815123][T23470]  ? __page_cache_alloc+0xcf/0x2c0
[  939.816806][T23470]  ? mark_held_locks+0x100/0x100
[  939.818425][T23470]  alloc_pages_current+0xac/0x1e0
[  939.820074][T23470]  __page_cache_alloc+0x1a0/0x2c0
[  939.821711][T23470]  pagecache_get_page+0x1a2/0x640
[  939.823323][T23470]  filemap_fault+0xc2a/0x1b10
[  939.824854][T23470]  ? lock_downgrade+0x6d0/0x6d0
[  939.826429][T23470]  ext4_filemap_fault+0x80/0xa7
[  939.827895][T23470]  __do_fault+0x16d/0x3cb
[  939.829208][T23470]  ? __handle_mm_fault+0x2140/0x3640
[  939.830819][T23470]  __handle_mm_fault+0x214c/0x3640
[  939.832365][T23470]  ? __pmd_alloc+0x370/0x370
[  939.833758][T23470]  ? __count_memcg_events+0x7d/0x200
[  939.835373][T23470]  handle_mm_fault+0x2e5/0x8c0
[  939.836814][T23470]  __do_page_fault+0x470/0xa60
[  939.838263][T23470]  ? do_page_fault+0x27/0x4e4
[  939.839680][T23470]  async_page_fault+0x34/0x40
[  939.841095][T23470] RIP: 0033:0x45de14
[  939.842285][T23470] Code: Bad RIP value.
[  939.843519][T23470] RSP: 002b:00007ffdbcd18260 EFLAGS: 00010217
[  939.845349][T23470] RAX: 0000000000000000 RBX: 0000000000000061 RCX: 000000000045c321
[  939.847876][T23470] RDX: 0000000000000000 RSI: 0000000000000000 RDI: 0000000000000000
[  939.850306][T23470] RBP: 00000000000004bd R08: 0000000000000000 R09: 0000000001d22940
[  939.852715][T23470] R10: 0000000000000000 R11: 0000000000000000 R12: 0000000000000009
[  939.855128][T23470] R13: 00007ffdbcd182b0 R14: 00000000000e46a2 R15: 00007ffdbcd182c0
[  939.882626][T23470] Mem-Info:
[  939.883646][T23470] active_anon:11541 inactive_anon:13099 isolated_anon:0
[  939.883646][T23470]  active_file:14 inactive_file:8 isolated_file:0
[  939.883646][T23470]  unevictable:7 dirty:0 writeback:0 unstable:0
[  939.883646][T23470]  slab_reclaimable:9828 slab_unreclaimable:33950
[  939.883646][T23470]  mapped:10584 shmem:13280 pagetables:536 bounce:0
[  939.883646][T23470]  free:9048 free_pcp:92 free_cma:0
[  939.895534][T23470] Node 0 active_anon:45488kB inactive_anon:52392kB active_file:56kB inactive_file:28kB unevictable:28kB isolated(anon):0kB isolated(file):0kB mapped:42336kB dirty:0kB writeback:0kB shmem:53104kB shmem_thp: 0kB shmem_pmdmapped: 0kB anon_thp: 10240kB writeback_tmp:0kB unstable:0kB all_unreclaimable? yes
[  939.912594][T23470] Node 1 active_anon:676kB inactive_anon:4kB active_file:0kB inactive_file:4kB unevictable:0kB isolated(anon):0kB isolated(file):0kB mapped:0kB dirty:0kB writeback:0kB shmem:16kB shmem_thp: 0kB shmem_pmdmapped: 0kB anon_thp: 0kB writeback_tmp:0kB unstable:0kB all_unreclaimable? yes
[  939.932627][T23470] Node 0 DMA free:2144kB min:712kB low:888kB high:1064kB active_anon:5696kB inactive_anon:4kB active_file:0kB inactive_file:0kB unevictable:0kB writepending:0kB present:15992kB managed:15908kB mlocked:0kB kernel_stack:0kB pagetables:32kB bounce:0kB free_pcp:0kB local_pcp:0kB free_cma:0kB
[  939.979945][T23470] lowmem_reserve[]: 0 449 449 449 449
[  939.990626][T23470] Node 0 DMA32 free:42116kB min:22680kB low:27836kB high:32992kB active_anon:39792kB inactive_anon:52388kB active_file:52kB inactive_file:3192kB unevictable:28kB writepending:40kB present:1032192kB managed:465724kB mlocked:28kB kernel_stack:6880kB pagetables:1964kB bounce:0kB free_pcp:692kB local_pcp:692kB free_cma:0kB
[  940.030752][T23470] lowmem_reserve[]: 0 0 0 0 0
[  940.032974][T23470] Node 1 DMA32 free:59556kB min:46232kB low:57788kB high:69344kB active_anon:676kB inactive_anon:4kB active_file:0kB inactive_file:4kB unevictable:0kB writepending:0kB present:1048448kB managed:1031988kB mlocked:0kB kernel_stack:64kB pagetables:148kB bounce:0kB free_pcp:1392kB local_pcp:1392kB free_cma:0kB
[  940.070103][T23470] lowmem_reserve[]: 0 0 0 0 0
[  940.071573][T23470] Node 0 DMA: 8*4kB (U) 8*8kB (UM) 7*16kB (UM) 5*32kB (U) 10*64kB (UM) 9*128kB (UM) 9*256kB (UM) 3*512kB (U) 1*1024kB (M) 0*2048kB 0*4096kB = 7024kB
[  940.076224][T23470] Node 0 DMA32: 433*4kB (UME) 267*8kB (UME) 133*16kB (UE) 211*32kB (UME) 387*64kB (UME) 49*128kB (UM) 0*256kB 0*512kB 0*1024kB 0*2048kB 0*4096kB = 43788kB
[  940.099661][T23470] Node 1 DMA32: 446*4kB (UME) 402*8kB (UME) 337*16kB (UME) 297*32kB (UME) 179*64kB (UM) 134*128kB (UME) 124*256kB (UM) 51*512kB (UM) 6*1024kB (UME) 4*2048kB (UM) 2*4096kB (U) = 128888kB
[  940.105576][T23470] Node 0 hugepages_total=0 hugepages_free=0 hugepages_surp=0 hugepages_size=2048kB
[  940.108459][T23470] Node 1 hugepages_total=0 hugepages_free=0 hugepages_surp=0 hugepages_size=2048kB
[  940.139668][T23470] 14445 total pagecache pages
[  940.141205][T23470] 0 pages in swap cache
[  940.142471][T23470] Swap cache stats: add 0, delete 0, find 0/0
[  940.144385][T23470] Free swap  = 0kB
[  940.145541][T23470] Total swap = 0kB
[  940.146678][T23470] 524158 pages RAM
[  940.147894][T23470] 0 pages HighMem/MovableOnly
[  940.149349][T23470] 145753 pages reserved
[  940.180026][T23470] 0 pages cma reserved
[  940.181309][T23470] Unreclaimable slab info:
[  940.182775][T23470] Name                      Used          Total
[  940.184762][T23470] pid_2                     24KB         24KB
[  940.186742][T23470] rxe-mr                     3KB          3KB
[  940.188600][T23470] rxe-qp                    29KB         29KB
[  940.204597][T23470] bio-3                      3KB          3KB
[  940.206654][T23470] batadv_tt_change_cache          4KB          4KB
[  940.208714][T23470] batadv_tl_cache            4KB          4KB
[  940.219661][T23470] TIPC                      15KB         15KB
[  940.221627][T23470] SCTPv6                    30KB         30KB
[  940.223470][T23470] DCCPv6                    30KB         30KB
[  940.225663][T23470] DCCP                      30KB         30KB
[  940.227543][T23470] RXRPC                     30KB         30KB
[  940.229462][T23470] rxrpc_call_jar            46KB         46KB
[  940.239737][T23470] bridge_fdb_cache           3KB          3KB
[  940.241681][T23470] fib6_nodes                36KB         36KB
[  940.243544][T23470] ip6_dst_cache             50KB        108KB
[  940.245466][T23470] RAWv6                     30KB         30KB
[  940.247428][T23470] UDPv6                     45KB         45KB
[  940.249385][T23470] TCPv6                     30KB         30KB
[  940.269847][T23470] nf_conntrack               7KB          7KB
[  940.271838][T23470] t10_alua_lu_gp_cache          3KB          3KB
[  940.273852][T23470] scsi_sense_cache           4KB          4KB
[  940.275788][T23470] sd_ext_cdb                 3KB          3KB
[  940.277720][T23470] virtio_scsi_cmd           16KB         16KB
[  940.289913][T23470] sgpool-128                29KB         29KB
[  940.291902][T23470] sgpool-64                 31KB         31KB
[  940.293843][T23470] sgpool-32                567KB        567KB
[  940.295766][T23470] sgpool-16                142KB        157KB
[  940.297710][T23470] sgpool-8                  63KB         82KB
[  940.309860][T23470] mqueue_inode_cache         15KB         15KB
[  940.311946][T23470] f2fs_bio_post_read_ctx         15KB         15KB
[  940.314228][T23470] bio-2                     15KB         15KB
[  940.316149][T23470] jfs_mp                     7KB          7KB
[  940.318083][T23470] cifs_small_rq             16KB         16KB
[  940.330326][T23470] cifs_request              67KB         67KB
[  940.332309][T23470] cifs_mpx_ids               3KB          3KB
[  940.334302][T23470] nfs_commit_data            7KB          7KB
[  940.336274][T23470] nfs_write_data            32KB         32KB
[  940.338316][T23470] jbd2_inode                 3KB          3KB
[  940.359843][T23470] ext4_system_zone           3KB          3KB
[  940.361805][T23470] ext4_bio_post_read_ctx         15KB         15KB
[  940.363819][T23470] bio-1                      3KB          3KB
[  940.365701][T23470] pid_namespace              3KB          3KB
[  940.367615][T23470] posix_timers_cache          3KB          3KB
[  940.369445][T23470] rpc_buffers               31KB         31KB
[  940.379647][T23470] rpc_tasks                  3KB          3KB
[  940.381575][T23470] UNIX                     304KB        400KB
[  940.383515][T23470] tcp_bind_bucket            4KB          4KB
[  940.385471][T23470] ip_fib_trie               12KB         12KB
[  940.387437][T23470] ip_fib_alias              39KB         39KB
[  940.389378][T23470] ip_dst_cache               4KB          4KB
[  940.409817][T23470] RAW                       15KB         15KB
[  940.411752][T23470] UDP                      106KB        106KB
[  940.413785][T23470] request_sock_TCP           3KB          3KB
[  940.415708][T23470] TCP                       30KB         30KB
[  940.417620][T23470] hugetlbfs_inode_cache         15KB         15KB
[  940.428806][T23470] fscache_cookie_jar          3KB          3KB
[  940.431465][T23470] eventpoll_pwq             27KB         27KB
[  940.433446][T23470] eventpoll_epi             47KB         47KB
[  940.435285][T23470] inotify_inode_mark         11KB         11KB
[  940.437244][T23470] request_queue            212KB        212KB
[  940.439139][T23470] blkdev_ioc                15KB         15KB
[  940.449941][T23470] bio-0                    414KB        423KB
[  940.451861][T23470] biovec-max               803KB        803KB
[  940.453767][T23470] biovec-64                788KB        867KB
[  940.455781][T23470] biovec-16                 60KB         75KB
[  940.457677][T23470] bio_integrity_payload          3KB          3KB
[  940.469838][T23470] khugepaged_mm_slot          7KB          7KB
[  940.471805][T23470] uid_cache                  4KB          4KB
[  940.473707][T23470] dmaengine-unmap-2          4KB          4KB
[  940.475573][T23470] audit_buffer               3KB          3KB
[  940.477496][T23470] skbuff_ext_cache           8KB          8KB
[  940.479335][T23470] skbuff_fclone_cache         67KB         97KB
[  940.499741][T23470] skbuff_head_cache        150KB        168KB
[  940.501747][T23470] configfs_dir_cache          4KB          4KB
[  940.503695][T23470] file_lock_cache           46KB         65KB
[  940.505635][T23470] file_lock_ctx             11KB         11KB
[  940.507611][T23470] fsnotify_mark_connector          7KB          7KB
[  940.519646][T23470] net_namespace             27KB         27KB
[  940.521628][T23470] task_delay_info          141KB        257KB
[  940.523492][T23470] taskstats                 11KB         11KB
[  940.525437][T23470] proc_dir_entry           370KB        393KB
[  940.527294][T23470] pde_opener                11KB         11KB
[  940.529135][T23470] seq_file                  55KB         55KB
[  940.549919][T23470] sigqueue                  11KB         11KB
[  940.551810][T23470] shmem_inode_cache       8290KB       8349KB
[  940.553638][T23470] kernfs_iattrs_cache         11KB         11KB
[  940.555533][T23470] kernfs_node_cache      16294KB      16309KB
[  940.557356][T23470] mnt_cache                 82KB         82KB
[  940.559189][T23470] filp                    1222KB       1260KB
[  940.571052][T23470] names_cache            21819KB      22134KB
[  940.572880][T23470] iint_cache                51KB         87KB
[  940.574688][T23470] lsm_file_cache           199KB        217KB
[  940.576401][T23470] key_jar                    7KB          7KB
[  940.578155][T23470] uts_namespace              3KB          3KB
[  940.589943][T23470] nsproxy                    3KB          3KB
[  940.591753][T23470] vm_area_struct           603KB        742KB
[  940.593643][T23470] mm_struct                160KB        216KB
[  940.595600][T23470] fs_cache                  20KB         48KB
[  940.597481][T23470] files_cache               71KB        172KB
[  940.599336][T23470] signal_cache             389KB        980KB
[  940.609820][T23470] sighand_cache            543KB        601KB
[  940.611817][T23470] task_struct             2280KB       3520KB
[  940.613836][T23470] cred_jar                 384KB        384KB
[  940.615772][T23470] anon_vma_chain           176KB        252KB
[  940.617685][T23470] anon_vma                 183KB        183KB
[  940.633586][T23470] pid                       74KB        228KB
[  940.635605][T23470] Acpi-Operand              68KB        118KB
[  940.637540][T23470] Acpi-ParseExt             15KB         15KB
[  940.639474][T23470] Acpi-Parse                51KB         90KB
[  940.649814][T23470] Acpi-State                15KB         55KB
[  940.651797][T23470] Acpi-Namespace            24KB         24KB
[  940.653823][T23470] numa_policy                3KB          3KB
[  940.655755][T23470] trace_event_file         338KB        338KB
[  940.657779][T23470] ftrace_event_field        456KB        456KB
[  940.669864][T23470] pool_workqueue           105KB        112KB
[  940.671942][T23470] vmap_area                208KB        220KB
[  940.673898][T23470] debug_objects_cache       1145KB       1169KB
[  940.675946][T23470] page->ptl                158KB        181KB
[  940.677965][T23470] dma-kmalloc-512            8KB          8KB
[  940.699731][T23470] kmalloc-8k              2496KB       2912KB
[  940.701882][T23470] kmalloc-4k             21752KB      26784KB
[  940.703939][T23470] kmalloc-2k              9604KB      11168KB
[  940.706006][T23470] kmalloc-1k              4718KB       5424KB
[  940.708013][T23470] kmalloc-512             2728KB       4280KB
[  940.719655][T23470] kmalloc-256             3607KB       4140KB
[  940.721668][T23470] kmalloc-192              458KB        884KB
[  940.723672][T23470] kmalloc-128              579KB        684KB
[  940.725735][T23470] kmalloc-96              1658KB       1804KB
[  940.727760][T23470] kmalloc-64              2939KB       3052KB
[  940.739687][T23470] kmalloc-32               217KB        252KB
[  940.741677][T23470] kmalloc-16               187KB        200KB
[  940.743678][T23470] kmalloc-8                365KB        454KB
[  940.745605][T23470] kmem_cache_node          180KB        181KB
[  940.747652][T23470] kmem_cache               300KB        300KB
[  940.759673][T23470] Tasks state (memory values in pages):
[  940.761446][T23470] [  pid  ]   uid  tgid total_vm      rss pgtables_bytes swapents oom_score_adj name
[  940.764434][T23470] [   5955]     0  5955    17670     2556   147456        0             0 systemd-journal
[  940.767482][T23470] [   5956]     0  5956    11222      557   114688        0         -1000 systemd-udevd
[  940.785425][T23470] [   6035]     0  6035     5114      278    73728        0             0 dhclient
[  940.788715][T23470] [   6055]   100  6055    31821      132   147456        0             0 systemd-timesyn
[  940.793035][T23470] [   9604]     0  9604     6998       60   102400        0             0 cron
[  940.796088][T23470] [   9608]     0  9608    63582      847   143360        0             0 rsyslogd
[  940.799187][T23470] [   9619]     0  9619    17489      188   180224        0         -1000 sshd
[  940.803031][T23470] [   9622]     0  9622     3220       31    73728        0             0 agetty
[  940.806149][T23470] [   9623]     0  9623     3220       31    69632        0             0 agetty
[  940.809313][T23470] [   9625]     0  9625     3220       33    69632        0             0 agetty
[  940.813524][T23470] [   9627]     0  9627     3220       33    73728        0             0 agetty
[  940.816663][T23470] [   9631]     0  9631     3220       33    73728        0             0 agetty
[  940.820480][T23470] [   9632]     0  9632     3220       33    65536        0             0 agetty
[  940.823603][T23470] [   9633]     0  9633     3164       32    73728        0             0 agetty
[  940.826680][T23470] [   9831]     0  9831     6371       52    90112        0             0 rdma-ndd
[  940.831083][T23470] [   9905]     0  9905    23218      244   221184        0             0 sshd
[  940.834160][T23470] [   9911]     0  9911   220904     7615   430080        0             0 syz-fuzzer
[  940.837347][T23470] [  23469]     0 23469    21239      416   118784        0             0 syz-executor.0
[  940.841711][T23470] [  23470]     0 23470    23287     9030   126976        0             0 syz-executor.0
[  940.845210][T23470] oom-kill:constraint=CONSTRAINT_NONE,nodemask=(null),cpuset=/,mems_allowed=0-1,global_oom,task_memcg=/,task=syz-executor.0,pid=23470,uid=0
[  940.850878][T23470] Out of memory: Killed process 23470 (syz-executor.0) total-vm:93148kB, anon-rss:1696kB, file-rss:34424kB, shmem-rss:0kB, UID:0 pgtables:126976kB oom_score_adj:0
[  940.856461][ T2006] oom_reaper: reaped process 23470 (syz-executor.0), now anon-rss:0kB, file-rss:34424kB, shmem-rss:0kB
14:41:27 executing program 0:
r0 = syz_open_dev$vivid(&(0x7f0000000140)='/dev/video#\x00', 0x2, 0x2)
r1 = syz_open_dev$vivid(&(0x7f0000000040)='/dev/video#\x00', 0x3, 0x2)
ioctl$VIDIOC_S_TUNER(r1, 0x4054561e, 0xffffffffffffffff)
ioctl$VIDIOC_ENUMAUDIO(r1, 0xc0345641, &(0x7f0000000040)={0x80000001, "261e813df34f125ebfccd51ace7724b4dcc470211e7dd675aeb25267078a357b", 0x1})
ioctl$VIDIOC_S_CROP(r0, 0x4014563c, &(0x7f0000000000)={0x9, {0xffffffff}})

[  941.470350][ T3935] batman_adv: batadv0: Interface deactivated: batadv_slave_0
[  941.472663][ T3935] batman_adv: batadv0: Removing interface: batadv_slave_0
[  941.475376][ T3935] batman_adv: batadv0: Interface deactivated: batadv_slave_1
[  941.477675][ T3935] batman_adv: batadv0: Removing interface: batadv_slave_1
[  941.481853][ T3935] device bridge_slave_1 left promiscuous mode
[  941.483882][ T3935] bridge0: port 2(bridge_slave_1) entered disabled state
[  941.486965][ T3935] device bridge_slave_0 left promiscuous mode
[  941.488911][ T3935] bridge0: port 1(bridge_slave_0) entered disabled state
[  941.494226][ T3935] device veth1_macvtap left promiscuous mode
[  941.496105][ T3935] device veth0_macvtap left promiscuous mode
[  941.497957][ T3935] device veth1_vlan left promiscuous mode
[  941.500808][ T3935] device veth0_vlan left promiscuous mode
[  941.725235][ T3935] device hsr_slave_0 left promiscuous mode
[  941.727118][ T3935] device hsr_slave_1 left promiscuous mode
[  941.737127][ T3935] team0 (unregistering): Port device team_slave_1 removed
[  941.742274][ T3935] team0 (unregistering): Port device team_slave_0 removed
[  941.746279][ T3935] bond0 (unregistering): (slave bond_slave_1): Releasing backup interface
[  941.752934][ T3935] bond0 (unregistering): (slave bond_slave_0): Releasing backup interface
[  941.767219][ T3935] bond0 (unregistering): Released all slaves
[  943.401416][T25385] IPVS: ftp: loaded support on port[0] = 21
[  943.557083][T25385] chnl_net:caif_netlink_parms(): no params data found
[  943.596940][T25385] bridge0: port 1(bridge_slave_0) entered blocking state
[  943.601320][T25385] bridge0: port 1(bridge_slave_0) entered disabled state
[  943.603953][T25385] device bridge_slave_0 entered promiscuous mode
[  943.606607][T25385] bridge0: port 2(bridge_slave_1) entered blocking state
[  943.608793][T25385] bridge0: port 2(bridge_slave_1) entered disabled state
[  943.612733][T25385] device bridge_slave_1 entered promiscuous mode
[  943.623508][T25385] bond0: (slave bond_slave_0): Enslaving as an active interface with an up link
[  943.627403][T25385] bond0: (slave bond_slave_1): Enslaving as an active interface with an up link
[  943.638174][T25385] team0: Port device team_slave_0 added
[  943.641855][T25385] team0: Port device team_slave_1 added
[  943.650799][T25385] batman_adv: batadv0: Adding interface: batadv_slave_0
[  943.652978][T25385] batman_adv: batadv0: The MTU of interface batadv_slave_0 is too small (1500) to handle the transport of batman-adv packets. Packets going over this interface will be fragmented on layer2 which could impact the performance. Setting the MTU to 1560 would solve the problem.
[  943.663271][T25385] batman_adv: batadv0: Not using interface batadv_slave_0 (retrying later): interface not active
[  943.667167][T25385] batman_adv: batadv0: Adding interface: batadv_slave_1
[  943.670205][T25385] batman_adv: batadv0: The MTU of interface batadv_slave_1 is too small (1500) to handle the transport of batman-adv packets. Packets going over this interface will be fragmented on layer2 which could impact the performance. Setting the MTU to 1560 would solve the problem.
[  943.678393][T25385] batman_adv: batadv0: Not using interface batadv_slave_1 (retrying later): interface not active
[  943.692053][T25385] device hsr_slave_0 entered promiscuous mode
[  943.694372][T25385] device hsr_slave_1 entered promiscuous mode
[  943.738202][T25385] bridge0: port 2(bridge_slave_1) entered blocking state
[  943.740464][T25385] bridge0: port 2(bridge_slave_1) entered forwarding state
[  943.742838][T25385] bridge0: port 1(bridge_slave_0) entered blocking state
[  943.744965][T25385] bridge0: port 1(bridge_slave_0) entered forwarding state
[  943.764664][T25385] 8021q: adding VLAN 0 to HW filter on device bond0
[  943.771094][T23671] IPv6: ADDRCONF(NETDEV_CHANGE): veth0: link becomes ready
