eadda1c1e0ea7a9d91d5531e6cfd3a2ae22f3e04be66bf83d394252369b24573514a759d3ff08d518cc4689f7ba23a9020bc5ddfc1f56bece6985ee9872aef6406889134a0add60897495759136032eb82ad68f3b55e854fe832930d143be87ad39db76be74d5dc4c958c2a4a48d19e28d97d2be96fe2dd67dd4a34121326542181d9b7781851ea10b767b4ef1eecc0270a4b9f4d5220388815965659990b80b0121c4e5803029b42ef1b8621d367958a39c4970155aeb7427a4f9ebd574", {0x4, 0xe9, 0x32344d59, 0x9, 0x3ff, 0x8, 0x4, 0x80000001}})
r1 = openat$vicodec1(0xffffffffffffff9c, &(0x7f00000001c0)='/dev/video37\x00', 0x2, 0x0)
ioctl$VIDIOC_CROPCAP(r1, 0xc02c563a, &(0x7f0000000200)={0x7, {0x9, 0x2, 0x9, 0x7f}, {0x4e278000, 0x800, 0x6, 0x7fff}, {0x9, 0xa7}})
ioctl$VIDIOC_SUBDEV_G_DV_TIMINGS(r1, 0xc0845658, &(0x7f0000000240)={0x0, @bt={0x200, 0x8, 0x1, 0x0, 0x6, 0x45864631, 0x1, 0x2ca4887e, 0x0, 0x7, 0x6b4d, 0x10001, 0x100, 0xa7, 0x0, 0x33, {0x100, 0x7}, 0x80, 0x6}})
ioctl$VIDIOC_DBG_S_REGISTER(r1, 0x4038564f, &(0x7f0000000300)={{0x1, @name="800c65fea4e884df722954f12f17859931f4b860fd9a81b742a6c945be62345a"}, 0x8, 0x7f, 0x8})
r2 = openat$vicodec1(0xffffffffffffff9c, &(0x7f0000000340)='/dev/video37\x00', 0x2, 0x0)
ioctl$VIDIOC_G_TUNER(r2, 0xc054561d, &(0x7f0000000380)={0x8, "bdfbf5bc085d988c69eebafb5c0940695e40acfc5f0e466c51d28d9f5ec4444c", 0x2, 0x10, 0x1, 0x8, 0x2, 0x3, 0x5a70, 0x4})
ioctl$VIDIOC_SUBDEV_S_SELECTION(r0, 0xc040563e, &(0x7f0000000400)={0x0, 0x0, 0x2, 0x7, {0x3c, 0x7, 0x1, 0x7}})
ioctl$VIDIOC_S_FMT(r2, 0xc0d05605, &(0x7f0000000440)={0x2, @sliced={0x1, [0x8a8, 0xa1, 0x6, 0x9, 0x802, 0x8, 0x4, 0xfffa, 0x3, 0x5c, 0x5, 0x200, 0x8001, 0x9, 0x81, 0x2, 0x4, 0xddf, 0xfff7, 0x0, 0x20, 0x7, 0x1, 0xcd9, 0x4, 0x50, 0xb5, 0x5, 0x4, 0x6, 0x1, 0x7, 0xfff, 0x1, 0x52ac, 0x1, 0x4, 0x6, 0xd53, 0x1000, 0x1ff, 0x8, 0xffa6, 0x5, 0x0, 0x3f, 0x7fff, 0x101], 0x80000001}})
ioctl$VIDIOC_ENUM_FMT(r1, 0xc0405602, &(0x7f0000000540)={0x9, 0x9, 0x1, "adfa588d8d99383b4caac46c0bc3fecfcfab2c2b54dee4b779b8f8be365f7ee5", 0x3447504d})
ioctl$VIDIOC_S_EDID(r2, 0xc0285629, &(0x7f00000005c0)={0x0, 0x4, 0x7, [], &(0x7f0000000580)=0x8})
r3 = syz_open_dev$cec(&(0x7f0000000600)='/dev/cec#\x00', 0x2, 0x2)
ioctl$VIDIOC_SUBSCRIBE_EVENT(r3, 0x4020565a, &(0x7f0000000640)={0x8000000, 0xfffffffd, 0x1})
ioctl$VIDIOC_G_FBUF(r0, 0x8030560a, &(0x7f0000000740)={0x3, 0x45, &(0x7f0000000680)="2bec8456d62fb86b3f3ee6350779168dd0ed026edd6285baee123c52c37dc225441cc9603b9c755b18c60eb36a696bd5ff62333e75cabd6961286a4bf07de9323ac6a621d79dd34e701fd8ca4ff2ec6b7f2472e907792d816ddec425e16e401184516398cd35dc1e0e3e44436763f959f289b64eafe176a94e67a283b7cea1a64b0adfa034cb2111f86c0af883b19287218f517346", {0x8001, 0x400, 0x39565559, 0x6, 0x1, 0x6, 0x8, 0xd1}})
ioctl$VIDIOC_ENUM_FRAMESIZES(r1, 0xc02c564a, &(0x7f0000000780)={0x1, 0x32525942, 0x3, @stepwise={0x8001, 0x6, 0x6, 0x9, 0x50f, 0x8}})
ioctl$VIDIOC_QUERYMENU(0xffffffffffffffff, 0xc02c5625, &(0x7f00000007c0)={0x2, 0x7f, @name="43d76382f580cd6fa3778684423985a3f215b11f3e2ad4c0b36a2b20e2b34ef1"})
r4 = openat$vicodec0(0xffffffffffffff9c, &(0x7f0000000800)='/dev/video36\x00', 0x2, 0x0)
ioctl$VIDIOC_DECODER_CMD(r4, 0xc0485660, &(0x7f0000000840)={0x3, 0x1, @raw_data=[0x8, 0x2, 0x100, 0xe65, 0x8, 0x101, 0xfffffff9, 0xfffff801, 0x7fffffff, 0xb3, 0x2, 0x4b, 0x4, 0x6, 0xfffffff7, 0x3ff]})

16:41:44 executing program 0:
ioctl$VIDIOC_SUBSCRIBE_EVENT(0xffffffffffffffff, 0x4020565a, &(0x7f0000000100)={0x5})
r0 = syz_open_dev$vbi(&(0x7f0000000900)='/dev/vbi#\x00', 0x1, 0x2)
ioctl$VIDIOC_G_OUTPUT(r0, 0x8004562e, &(0x7f0000000940))
ioctl$VIDIOC_UNSUBSCRIBE_EVENT(0xffffffffffffffff, 0x4020565b, &(0x7f0000000140)={0x4, 0xffffff75})
r1 = openat$vimc1(0xffffffffffffff9c, &(0x7f0000000040)='/dev/video1\x00', 0x2, 0x0)
ioctl$VIDIOC_S_CTRL(r1, 0xc008561c, &(0x7f0000000080)={0x2ee, 0x9})
r2 = syz_open_dev$vivid(&(0x7f0000000080)='/dev/video#\x00', 0x2, 0x2)
ioctl$VIDIOC_ENUM_FRAMESIZES(r2, 0xc02c564a, &(0x7f0000000280)={0x8, 0x56544943, 0x3, @discrete={0x210001}})
ioctl$VIDIOC_SUBDEV_S_FMT(r2, 0xc0585605, &(0x7f0000000240)={0x0, 0x0, {0xcc07, 0x0, 0x2022, 0x7, 0x8, 0x4, 0x2, 0x6}})
ioctl$VIDIOC_ENUMAUDIO(r0, 0xc0345641, &(0x7f0000000000)={0x5, "49ec25793e81f3f88f6f93bfadd01eee90b0264f45d737321fb2f35168c56f31", 0x2, 0x1})
ioctl$VIDIOC_SUBDEV_QUERY_DV_TIMINGS(r0, 0x80845663, &(0x7f0000000180))

16:41:45 executing program 0:
r0 = syz_open_dev$vivid(&(0x7f0000000000)='/dev/video#\x00', 0x2, 0x2)
ioctl$VIDIOC_G_AUDOUT(r0, 0x80345631, &(0x7f0000000040))
r1 = syz_open_dev$vivid(&(0x7f0000000080)='/dev/video#\x00', 0x0, 0x2)
ioctl$VIDIOC_S_OUTPUT(r1, 0xc004562f, &(0x7f00000000c0)=0x9)
ioctl$VIDIOC_S_CROP(r0, 0x4014563c, &(0x7f00000002c0)={0x4, {0x6, 0x80, 0x9, 0x9}})
ioctl$VIDIOC_TRY_ENCODER_CMD(r1, 0xc028564e, &(0x7f0000000100)={0x3, 0x0, [0x3f, 0xffff, 0x5ec, 0x8, 0x7, 0x2, 0x1, 0x40]})
r2 = syz_open_dev$cec(&(0x7f0000000140)='/dev/cec#\x00', 0x3, 0x2)
ioctl$VIDIOC_S_FMT(r2, 0xc0d05605, &(0x7f0000000180)={0x7, @pix_mp={0xe588, 0x78, 0x30324c4a, 0x0, 0xb, [{0x2, 0x6}, {0x1, 0x6}, {0x3, 0x2e42}, {0x6, 0x4}, {0x3, 0x80000001}, {0x5, 0x68}, {0x10000, 0xfff}, {0xc9d, 0x101}], 0x0, 0x7f, 0x6, 0x1, 0x6}})
syz_open_dev$vbi(&(0x7f0000000280)='/dev/vbi#\x00', 0x2, 0x2)

16:41:45 executing program 0:
r0 = syz_open_dev$vivid(&(0x7f00000000c0)='/dev/video#\x00', 0x2, 0x2)
ioctl$VIDIOC_S_FBUF(r0, 0x4030560b, &(0x7f0000000080)={0x0, 0x0, 0x0})
ioctl$VIDIOC_G_MODULATOR(r0, 0xc0445636, &(0x7f0000000000)={0x0, "1dee7e60dc3ce450ae1f0df8d038ea8662e5bb81909a4b2c5ad896f7e0d97912", 0x10, 0x6, 0x8001, 0x2, 0x1})
r1 = syz_open_dev$vivid(&(0x7f0000000080)='/dev/video#\x00', 0x2, 0x2)
ioctl$VIDIOC_ENUM_FRAMESIZES(r1, 0xc02c564a, &(0x7f0000000280)={0x0, 0x20303159, 0x0, @stepwise})

16:41:45 executing program 0:
ioctl$VIDIOC_STREAMOFF(0xffffffffffffffff, 0x40045613, &(0x7f0000000140))
r0 = syz_open_dev$swradio(&(0x7f0000000000)='/dev/swradio#\x00', 0x0, 0x2)
ioctl$VIDIOC_ENUM_FREQ_BANDS(r0, 0xc0405665, &(0x7f0000000040)={0xfffffbff, 0x4, 0x6, 0x800, 0x15, 0xa91, 0xe})
ioctl$VIDIOC_G_FREQUENCY(r0, 0xc02c5638, &(0x7f0000000080))
r1 = syz_open_dev$vivid(&(0x7f0000000080)='/dev/video#\x00', 0x2, 0x2)
ioctl$VIDIOC_ENUM_FRAMESIZES(r1, 0xc02c564a, &(0x7f0000000280)={0x0, 0x20303159, 0x0, @stepwise})
r2 = openat$vimc0(0xffffffffffffff9c, &(0x7f0000000180)='/dev/video0\x00', 0x2, 0x0)
ioctl$VIDIOC_ENUMINPUT(r2, 0xc050561a, &(0x7f00000000c0)={0xfeab, "fb7f9ab700", 0x3, 0x2, 0x2, 0x80008, 0x1000000, 0x4})

16:41:45 executing program 0:
r0 = openat$vicodec1(0xffffffffffffff9c, &(0x7f0000000140)='/dev/video37\x00', 0x2, 0x0)
ioctl$VIDIOC_G_SELECTION(r0, 0xc040565e, &(0x7f0000000000)={0x0, 0x100, 0x3, {0xff, 0x5, 0xfffffff7, 0x7f}})
ioctl$VIDIOC_SUBDEV_S_FMT(r0, 0xc0585605, &(0x7f0000000240))

16:41:45 executing program 0:
r0 = openat$vicodec0(0xffffffffffffff9c, &(0x7f0000000200)='/dev/video36\x00', 0x2, 0x0)
ioctl$VIDIOC_ENUM_FMT(r0, 0xc0405602, &(0x7f00000003c0)={0x10, 0x3, 0x3, "3701000000000000000000000000010000001000"})

16:41:45 executing program 0:
r0 = openat$vicodec1(0xffffffffffffff9c, &(0x7f0000000000)='/dev/video37\x00', 0x2, 0x0)
ioctl$VIDIOC_G_DV_TIMINGS(r0, 0xc0845658, &(0x7f0000000040)={0x0, @bt={0x81c, 0x1, 0x1, 0x0, 0x7, 0x57, 0x1f, 0x9, 0x8001, 0x3f, 0xd8e, 0x200, 0x81, 0x8, 0xa, 0x10, {0x3, 0x800}, 0xf7, 0x1}})

16:41:45 executing program 0:
syz_open_dev$swradio(&(0x7f0000000180)='/dev/swradio#\x00', 0x1, 0x2)
r0 = syz_open_dev$vivid(&(0x7f0000000080)='/dev/video#\x00', 0x2, 0x2)
ioctl$VIDIOC_ENUM_FRAMESIZES(r0, 0xc02c564a, &(0x7f0000000280)={0x0, 0x20303159, 0x0, @stepwise})
ioctl$VIDIOC_ENCODER_CMD(r0, 0xc028564d, &(0x7f0000000000)={0x0, 0x0, [0x180, 0xff, 0x12860af, 0x0, 0x0, 0x3, 0xb3c3, 0x3]})
openat$vimc0(0xffffffffffffff9c, &(0x7f0000000040)='/dev/video0\x00', 0x2, 0x0)

16:41:45 executing program 0:
r0 = syz_open_dev$vivid(&(0x7f0000000080)='/dev/video#\x00', 0x2, 0x2)
ioctl$VIDIOC_S_STD(r0, 0x40085618, &(0x7f00000000c0))
ioctl$VIDIOC_SUBDEV_G_FRAME_INTERVAL(r0, 0xc0305615, &(0x7f0000000000)={0x0, {0x1ff}})

16:41:45 executing program 0:
ioctl$VIDIOC_G_PRIORITY(0xffffffffffffffff, 0x80045643, 0x2)
r0 = syz_open_dev$vivid(&(0x7f0000000000)='/dev/video#\x00', 0x0, 0x2)
ioctl$VIDIOC_S_FMT(r0, 0xc0d05605, &(0x7f0000000140)={0x3, @pix={0x0, 0x0, 0x0, 0x8, 0x0, 0x0, 0xd53873410053b86a, 0x0, 0x1, 0x0, 0x2}})
r1 = openat$vicodec0(0xffffffffffffff9c, &(0x7f0000000040)='/dev/video36\x00', 0x2, 0x0)
ioctl$VIDIOC_DECODER_CMD(r1, 0xc0485660, &(0x7f0000000080)={0x3, 0x1, @start={0x1}})
ioctl$VIDIOC_G_AUDIO(r0, 0x80345621, &(0x7f0000000100))

16:41:45 executing program 0:
ioctl$VIDIOC_S_CROP(0xffffffffffffffff, 0x4014563c, &(0x7f00000003c0)={0x6, {0x4089, 0x80, 0x9, 0x401}})
ioctl$VIDIOC_S_PRIORITY(0xffffffffffffffff, 0x40045644, 0x0)
r0 = syz_open_dev$vbi(&(0x7f00000000c0)='/dev/vbi#\x00', 0x1, 0x2)
ioctl$VIDIOC_S_AUDOUT(r0, 0x40345632, &(0x7f0000000100)={0x0, "daa5b2ad46dd575c9388921932488e5fab8b310907ac602d5d53894cdf235851"})
r1 = openat$vimc2(0xffffffffffffff9c, &(0x7f0000000040)='/dev/video2\x00', 0x2, 0x0)
ioctl$VIDIOC_ENUMINPUT(r1, 0xc050561a, &(0x7f0000000240)={0x7ff, "af81ab0768e7a996d79a15a0cb366956c7e9edb65f9c2327e02d2f419b5684e4", 0x3, 0xe373, 0x4, 0x4000, 0x20010, 0x2})
r2 = syz_open_dev$vivid(&(0x7f0000000080)='/dev/video#\x00', 0x2, 0x2)
ioctl$VIDIOC_G_PARM(r2, 0xc0cc5615, &(0x7f00000002c0)={0xc, @output={0x0, 0x0, {0x81, 0x80000001}, 0x2007, 0x5}})
ioctl$VIDIOC_ENUM_FRAMESIZES(r2, 0xc02c564a, &(0x7f0000000280)={0x0, 0x20303159, 0x0, @stepwise})
ioctl$VIDIOC_QUERYSTD(r0, 0x8008563f, &(0x7f0000000080))
ioctl$VIDIOC_G_PARM(r0, 0xc0cc5615, &(0x7f0000000140)={0x1, @output={0x1000, 0x1, {0xdc, 0x1}, 0x3ff, 0x80000001}})
ioctl$VIDIOC_DBG_G_REGISTER(r2, 0xc0385650, &(0x7f0000000000)={{0x3, @addr=0xf9d}, 0x8, 0x6, 0x7})

16:41:45 executing program 0:
openat$vicodec1(0xffffffffffffff9c, &(0x7f0000000000)='/dev/video37\x00', 0x2, 0x0)
r0 = syz_open_dev$cec(&(0x7f0000000040)='/dev/cec#\x00', 0x3, 0x2)
r1 = openat$vimc2(0xffffffffffffff9c, &(0x7f0000000080)='/dev/video2\x00', 0x2, 0x0)
ioctl$VIDIOC_S_FMT(r1, 0xc0d05605, &(0x7f0000001180)={0x5, @win={{0x205, 0x1000, 0x7f, 0x4}, 0x2, 0x101, &(0x7f0000000140)={{0x9, 0x8, 0x0, 0x56c}, &(0x7f0000000100)={{0x4a, 0x7, 0x3, 0xfffffff8}}}, 0xe, &(0x7f0000000180)="10f10cbb0f883d9d131d16991593b6a137e3a14fea5c5f1a4f1a7e709c1843eb6290ea0a7957718b58cadc071d2de68fbfcc07b37d7e8146a761d7ee4ce72dc09f22a30a799847eb3ed3d0f0d863a718f851bc7d87a6481749d9f523de4a1a65e8e72b2e66292f8313a5d9a6a1f6825f743555292ade3481bd4835db7e000ae6cf41416c22c044cebaf9ca301fc2ff0071b4fbd1db48d0dc416e1e3d0e5817e6f61df375addf0f992a0870dc26b6bdcdb5868fcb0cb9c1f6ace7961088af49a5c8976f2b7c88f012039aa472ee71627cfde26b5fa83e49c63a66c5f62903f75765ebff0c17c0b91cfdf152682cb397b1aacda7f824a2ebf7a63e384639016afbc54ecc43dccdc2d364867a9e2063a0c5c6f081889a895eb9010a66735efdad7088b9ee351e5f27ae28499c3af3cc8f139854206ab57e72b148126f54a7e64e8af28d798d7c5eb87c1037d7f3f5014d38b407862663615789eca342ad4ab0f3af68711a7120aff6cabfc26058d300c0199a595c0019b2a65e7aee51825e575c13213cab0ffc29d45ab5c58a5de487307d68f983e3c0a6c820b82c47914490554b5b5737d912062dd39df524e4439bc560730617a1581c3f29b6487ef22e0803e6f15c1a82f4ba310f2bb22a46e64f5b917a711781eab4de2cb61d0eecc8932d92bad7a07e975581ac9da727af415c6e4c06769cb781c9049c5a10f88dcf86112b35919a15ad373ecb71f739290bde1dbb122e4fd445a755bcfbf90621415217d95aaed689d82ba89d73318d02b1fbb101153443f817a0186c9d75934960cd68fe671906eef2e6407a188e8911247b3c8f3e36775ec172d960f030fa292560bb5e2ac1c295aea1fe6aa7033c584100512a9209c104ce7fca46e43e33fd7117eb23a98464d6588b3efe2856f66faf44e71cdf29f0298d7d707cbc8cb3d6441247cfa00c04fc7c089207f3891d1ff4eca84d9c18d4be805b1e77ad9219022e5d01ae479f347eca879f53ce90ee20e9b168781c46854461293bee57618da847f0362bd2bbde39422e829925814d2eafc7949e47b5a87cc66731c31bbbe4350858426469f9eb499790622ea4caed1f438c53c6b1c55ca7cf6e2eebb30807c2d85484e6528159cc5c35b959569f6cf592a3ce15bcc60d7fc721f1e2043927b605a95217ed15405ab8d1bd165eefdec0fdf77f13cb0e112a91dedde7b950d4c3138e7701de0b79542b83463de76acf1a8dc526814eab4a5d1e0c5a00750e769b55ef71dae3803fe064f62ef28f817927c9002b8477caee1954cb3d871198aa9d56fdcfd9a958b66d8845fa81b39380a8d7914bfcd72632685ed3927faa363667d0e79b10bfb789f46e7725dd3a0eebed02ee769b08a4a04e3071e5194220124d7846c48ab5c855826e3583f1b3e2be7230776e9e24559e9ee00a4e3bc56d1292be0413f0f57e8fbb82f33bcfb93f9f27d0ceb8b66a819a4465d6b9197623bd1b2847734523cc475161007e599ddd4fed1134e5fe57690343803a627076658c3588c03688ed5c44a5d449ce8e892be8681373f5588e89ccc124bc6d1726577cad460e22b4a46624bf62d0aa4fdef27adfa1304a892f2ddfbffb81404237ee8c106da49f812f25352388c7aace310211279607f0870e267957807c63cb6723cbd9f532fe929d7eb9e1ff954555159ba9cf19928d0d1021b778df61a6eab1adbda50992f075be9abbe0095d3e3982e68e786822122e1a80bc587438bd0a1c6e0b5c04ee11201f6c7af8d96e700e703890c2925f62a4b3a6f1e300dfb23f7e67b8028477460eab29521aa7721142c4e28c067e6651b008ca3c1017a06be962d341cd85d17c00569f0065cb052a88aa6544a6cd90bf908ba911a97b9defd6ba2b8596de475fb7ba36a3457203d388f1c4943bfd1d5e7d3e96d80a0c050de9496e61f1c155d85f5279d2645187eb12e21376c03a9ad4d479010df42e90bb5d57e6b5523426179c0a89f93cf5b4da97e1a3e31fb43cba5b473da4fd4579a9ae0759b916d1e91ede9c4f8132283e92c1bb45e3c8d17445caa1afa84bbfdd7cffa6ea5fbc5d90946c188975e3fb269f8e5581c84a6a30143e2109f7daed645db348f881e367dafcf5ae5960204ea32b4c8c9595d45c2f7289ea0e86cfc316f582a61bd5e6c061390cfc6a137a29fa6065d3fe109094cf741d34dd91b0ee39f1bb78fa4a5dee1a77116892bfab873c7ea5f74dc044bbfb6d84a5f6ed30d7b11f6ca9bdb2bcec911a7458e12b7fdffe8ea2b8789db60d4ce6840d59d48350c13e99f50356523f100d54fccd525bfe47d5c729e89632bf7a0c43e0edbe383b0ba062369f2f9e07addff7a0c1526ff4ace9593aa6d4c6871a246f060ecd7a77572450fd6ed96cdfeac5a7b78ce37846130833daefc2cc8ac642ac676910a6ee9655b81937f22ad6f329e930c66e0a1b692c5bf220c901eda819c39af84870643c68d67de19136ef0ab24464562c80a198328eb5592018ea58610b1c28b1e19cb16f9270576e8a065bc11007a4ef8665096c0b1d50eaee794e6e492eb4e2f2dbd0e4121391a31a22844533b7efbe9b0d2c7273a20673b27f0048919124ea33e345479b1402aac532cd1b8cf01fefc79f48c090a4397f441b4f36cd1a4ac42b5f913e0c0a707b222e545a91ae5f747bf56104027b820ad4b991c1151f39de69fc6a31379b6ab61b033b7a63e2e1538a3e65934bc77a46fc2fc73e6ba0b16bcd0ce382a484c03db20ee6d2dfa5aa533f7d4be0161491a9d6893e68033d9096ef7e54fd51a23be18322632595263acd622ddaa837cc8ff72dc5abc8a3ea3eba9d9ad7c68341a773fe270545244d94343d253ed34a7a61014672a965fa81095371fa4b4739e86e70f1020936fd5a9e5ad91f2f732ad8531f40ff4c2563bfafefaf63e10912f57c0d487e0dba87d2a398de197b5e3a93dbdb0e4a37c3663cafcaacff6adfbb6c24eadb8d7cf6f7ebf24439d70e92d330a9d607f4a556069a77efb2de95ca67ab7a203fa6545c33382dc4ed26bff7120a1a0010f1a2728e6f3f0f62b5e71d7cfdc5dff8ee31a229a7dee465a57a1028855baf721771bf1f59d0112b3b5ed23c087a36328e493b964ccc314bcc9b863b1d22764afef56bdf387a2da301bce4d5196ae3e9e6979264d18feb9537531c263a386da0fe2fa60683e573086dce3cded7fb2effdaa4a268653dadae4a8430002a166efa184b744b321a0eab954a8fd0b853cde03037511d8664819a84027f2129aa3bfbb845b69e666b44497074e88d61cb7df633283556292eba0b198f3dfb33bf7efaf098d1547f1b14fc1a8251db1c2511cb18fd7b28bc682f6b4431f994148d3dd533ee88131f9cd3e1eb46a1022b9f33dd62b6b55daa8afd54bc4ba0e8b79668998d149e8ae71a20a0bd0bd20aa3ae35239536d52a7e2ddb1c8e285ac08370785ff936c2344d9212c8aaec16242a2f21e13f33fdb03f4998b173fcee777687bf5182c41756e111f890dc0aa791ab9944a49f59861a3facf6230505be6058243f9d7ba8acb19daff8e7ff688bb791f15471db789289e7d66fb16e011904581df75ec6190f431ad00bb992cc29b4c068c87ce1ea2a1af686598cf67560a3616229571e983a8eae1d5400ee8254215c0a2e5d5edddaddd834ce712318acb41d59f843a1fccb2094e3cb55e2e0137fa3a6bda50035bc1ee8b458393beecdcc3c1d6b83757ef7fd310fda2ab78b6be103857e3fde6aece3b27976f3105f707a554adf32298819740d9a3a6036c55d9665c4dfe7a7489c712e7ff93a1b1c4565e57ebc805a599d12d949dada876de3c7e46e4c05dbf02dae2691cce9d73cc046cd01361586953a98272ffc77463d639af197c765a6def74f84a6ff1e50d31cb2acaca9364611e8f65a4e0fab0a2381bb25371d2dce1dd1549082159e620f90101340636be29b98eb5af901ab0f403e217e8e5085a702af5c104b1cd754190847d737b3c7714cca639523295a48db4a790e454c10efb1fd0c1e99b38b540ba88f59caaa2c8c05e35ec24b3d3b3f5ff784af4c58d3e74364315d429216da12e03e9511a0d6f07481ee38f660ee83cabf861f0afe9cbbc69c7d61b3aa5e2c36ac948b3e8036849409534ef6c2e668f8ecd245d340135b5fdf42a3c8a553f073c19155e3bfcf7f789c1c8c427c14bc6df8618bf74ad57dd681597a09b51e0c8002f854214380f463034d4bfa73b82f793febe601df99cc3bf2e5232483b8c2e7251a305931557a4468df6aa546bd2922dec060e1d03f6d1c3b6724356b9dd365e3052c9e97166491521ee7a24ac08b7833bb3f3422a29ee04bd835f2aa75a7fdb8b5a83de0d34abf59916d08dcf8e2fcabb3e01bdb5220f86709108b472f60063ba29e4de3c7b89c639bbb1780b2f4dfc23980ad3b86a51e8ecb3431fdab3d596350a1a7aa1fecf7877e0268fb25e204c7a1a65d8e81c01b8f777492825763e46e20e849621c35f6554a9ab6b399e18057099eb99bdf145f72e1871c68e6ff14ad0a2c3e16e10f278073256f1d873303f365371388bf053b9784d0e57cb7028a39357ff77bbf5374d3b26954336caa7762057dd36121ebe046b5c6c2ed8317a0f39436c6340921e5b0007f5d85ba7e1f7d8adf0f41d89d16b5975f63e062d96e88c33f1d612b980a2f15b0fe10f20bb72cc87379a47206923f79b0b38b22fd4bbf01bc754aa837d97873083169f1b20b98a94c70a387b1410fde376c272cccffaf57608a52226309eec1571f375252e2c261dabb7bb1e58af0f31dd1b5e2c285efd57ae3191e213d0ae8c436dc0dec7b7ae2dff22c52219c5398ca1e40503eea4b9ed95925ffce8b7f249b9eedca32ae5d7c66355a51cd320273e34e4208a48910b1d449e527e5f8bd342dc458a846f7985c568511fe257458deb6b885f89a14428876d7e97934872acf7b30d30082c11059407d933686f0f1356613b360a3570bed44fe09e6b6f43395ac89a9567c0473396877da9068002854c825b1752e40b0d36e9edfc050393242d9dc789dcfd2d013bb89f2de011a64a91e651d1c730daf80e9b7f998d60ae08b73236bbb9b3c37a6039b0e16e42abe9b988ce92bd9d826c8037dc51dcc1a217a837d29504eaabf103831cac03f9f7013f6c3bc0ab736e7efff71d1e04238a9d8956791405bf6402f0a9c85b8fe6d163fdb6fac840aa4302320bfc577117b2dc1a0a617224dea9e2cbab4ab46f835948fb0e2ce4dd16d51fcca49fd13ed31cdbe8a640036e766c3905f10cf8a4673c3f2652b709501aa473a0300a4fef5adf35b46b2dd68fc61b6e8e60559aa95c3fe9f62fe8837e4f0e2f9a3a299c92cdb3b8ceb1aac94e1fb61aaa7e0de1e4528d6bbb2156fa86b290e9f787f59eab7e9744ec3e6ace57921a5e8e6f65de5fbe8be022756947a2709074f0b36494652d4cdcefe52d1c794d5132c534bd9e4791dc0a74d61a7835c8ed16d6c38a430fc952a3df91d46684b576305d84455633381b180de63df03bfd66efe2d995c63cb6eb4201106b6c7c1e4fe5b68a4e4d87382b1598c218a8e8c1af7fda45445bd9177e01e7044615e8fa34e7d93c34777b82159642dc7d2e422fc41ffb70dd60f4fe7f6ecaee734212f93ce2bb746fbe39dde24eb8f4047c3bcd73c3e73792ef0c8505c882942385d117c8c262d3052c69a4945bd7987021c5348ff8f420c04273514e89a3d50c8bae5426d492efef467fb2e4f1fda2d22511ef1ac35f38d08c316035d03800bbeb6a0048664248a7d7f5f10c72a", 0x89}})
ioctl$VIDIOC_REQBUFS(r0, 0xc0145608, &(0x7f00000000c0)={0x7, 0x2, 0x1})

16:41:45 executing program 0:
openat$vicodec1(0xffffffffffffff9c, &(0x7f0000000000)='/dev/video37\x00', 0x2, 0x0)

16:41:45 executing program 0:
r0 = openat$vicodec0(0xffffffffffffff9c, &(0x7f0000000100)='/dev/video36\x00', 0x2, 0x0)
syz_open_dev$vivid(&(0x7f0000000000)='/dev/video#\x00', 0x0, 0x2)
r1 = syz_open_dev$vivid(&(0x7f0000000080)='/dev/video#\x00', 0x2, 0x2)
ioctl$VIDIOC_ENUM_FRAMESIZES(r1, 0xc02c564a, &(0x7f0000000280)={0x3, 0x56555959, 0x2, @stepwise={0x2, 0x1, 0x401, 0x0, 0x5, 0x2}})
ioctl$VIDIOC_G_MODULATOR(r1, 0xc0445636, &(0x7f0000000040)={0x7, "47d2c2bc7b5baf31d155c3bcf608000000c644c664eb650fc7b4756792050005", 0x40, 0x9, 0x653, 0x8, 0x5})
ioctl$VIDIOC_SUBSCRIBE_EVENT(r0, 0x4020565a, &(0x7f00000000c0)={0x2, 0x3ff})

16:41:45 executing program 0:
r0 = syz_open_dev$radio(0x0, 0x1, 0x2)
r1 = syz_open_dev$vivid(&(0x7f0000000000)='/dev/video#\x00', 0x0, 0x2)
ioctl$VIDIOC_G_INPUT(r1, 0x80045626, &(0x7f0000001280))
ioctl$VIDIOC_G_OUTPUT(r0, 0x8004562e, &(0x7f0000000040))

16:41:45 executing program 0:
r0 = openat$vicodec1(0xffffffffffffff9c, &(0x7f0000000080)='/dev/video37\x00', 0x2, 0x0)
openat$vimc0(0xffffffffffffff9c, &(0x7f0000000000)='/dev/video0\x00', 0x2, 0x0)
ioctl$VIDIOC_CREATE_BUFS(r0, 0xc100565c, &(0x7f0000000240)={0x7, 0x7f, 0x1, {0x5, @sdr={0x32314142, 0xfff}}, 0x5})
r1 = syz_open_dev$vivid(&(0x7f0000000080)='/dev/video#\x00', 0x2, 0x2)
ioctl$VIDIOC_ENUM_FRAMESIZES(r1, 0xc02c564a, &(0x7f0000000280)={0x0, 0x20303159, 0x0, @stepwise})
ioctl$VIDIOC_S_MODULATOR(r1, 0x40445637, &(0x7f00000000c0)={0x8, "413fa2202a4a87b3cffab71995ca2de3b3129753d187621e5412362e705f4130", 0x2, 0xd3, 0x5b44c774, 0x8, 0x4})
ioctl$VIDIOC_S_FMT(r0, 0xc0d05605, &(0x7f0000000140)={0x1, @raw_data="8658465444b100b58b7f9b497a0dbddc380174f392ca7d67e58611ff3e8c314a189931d56b756b51a5ff3ffa5aca1fc0d840e6434edb50227997338063e9fa55c33a5f3dbd715f9f33dc87ee28c38f95ebf15d982fe3c6556bef3bdb3dc82838fb6f4d66c483511f3e414a20436c1b5755ab9253dd7b091c29b2364aada7150522a77e9b86d821e835486ca83693bf57793785706d06d54ed2b596cdb875704ca5d9b2fb27ab8a6219eaab69e1d60f79a11044535ae4dfd945df4d8cb3c3faa380a4a889408827e1"})

16:41:45 executing program 0:
openat$vicodec0(0xffffffffffffff9c, &(0x7f00000000c0)='/dev/video36\x00', 0x2, 0x0)
r0 = syz_open_dev$vivid(&(0x7f0000000000)='/dev/video#\x00', 0x0, 0x2)
r1 = syz_open_dev$vivid(&(0x7f0000000080)='/dev/video#\x00', 0x2, 0x2)
ioctl$VIDIOC_ENUM_FRAMESIZES(r1, 0xc02c564a, &(0x7f0000000280)={0x800, 0x3031334d, 0x1, @stepwise={0x6, 0x0, 0x0, 0x1, 0xfffffffb}})
ioctl$VIDIOC_S_CTRL(r1, 0xc008561c, &(0x7f0000000080)={0x7, 0x1})
ioctl$VIDIOC_S_FMT(r0, 0xc0d05605, &(0x7f0000000480)={0x1, @win={{0x0, 0xfffffffc}, 0x0, 0x4, &(0x7f0000000040)={{0x80000, 0x58000000, 0x3, 0x3}}, 0x2, 0x0}})
ioctl$VIDIOC_ENUMAUDIO(r0, 0xc0345641, &(0x7f0000000100)={0x7, "94542a131812e490d8f0e53d936bf026d35ca1e24e34285398c07892730f83f9", 0x3})

16:41:45 executing program 0:
r0 = syz_open_dev$vivid(&(0x7f0000000680)='/dev/video#\x00', 0x1, 0x2)
ioctl$VIDIOC_OVERLAY(r0, 0x4004560e, &(0x7f0000000180)=0x2)
ioctl$VIDIOC_S_CROP(r0, 0x4014563c, &(0x7f0000000000)={0x2, {0xffff7704, 0x401, 0x10001}})
ioctl$VIDIOC_S_CTRL(r0, 0xc008561c, &(0x7f00000001c0)={0x1c5, 0xe5})
ioctl$VIDIOC_DBG_G_CHIP_INFO(r0, 0xc0c85666, &(0x7f0000000200)={{0x3, @name="fd41ecad9fea5ced5ed37c0860620c732c197763a6bc240cfe05cddc6360e751"}, "42f7580ab801000000803ed0f6f7633bfeae75290bcd64b8b1488a5900", 0x3})
ioctl$VIDIOC_UNSUBSCRIBE_EVENT(r0, 0x4020565b, &(0x7f0000000040)={0x4, 0x200})

16:41:45 executing program 0:
r0 = syz_open_dev$vbi(&(0x7f00000000c0)='/dev/vbi#\x00', 0x2, 0x2)
ioctl$VIDIOC_SUBDEV_S_CROP(r0, 0xc038563c, &(0x7f0000000100)={0x1, 0x0, {0x1, 0x1e2, 0x3f}})
r1 = syz_open_dev$vivid(&(0x7f0000000000)='/dev/video#\x00', 0x0, 0x2)
ioctl$VIDIOC_S_CROP(r1, 0x4014563c, &(0x7f0000000040)={0x1})
ioctl$VIDIOC_G_CROP(r1, 0xc014563b, &(0x7f0000000080)={0x6, {0x8, 0x1, 0x0, 0x738}})

16:41:45 executing program 0:
openat$vicodec1(0xffffffffffffff9c, &(0x7f0000000440)='/dev/video37\x00', 0x2, 0x0)
r0 = syz_open_dev$vivid(&(0x7f0000000080)='/dev/video#\x00', 0x2, 0x2)
r1 = openat$vimc0(0xffffffffffffff9c, &(0x7f0000000040)='/dev/video0\x00', 0x2, 0x0)
ioctl$VIDIOC_G_SELECTION(r1, 0xc040565e, &(0x7f00000000c0)={0xb, 0x1, 0x0, {0x100, 0x1, 0xd65fbbaf, 0x2}})
ioctl$VIDIOC_ENUM_FRAMESIZES(r0, 0xc02c564a, &(0x7f0000000280)={0x0, 0x20303159, 0x0, @stepwise})
ioctl$VIDIOC_CREATE_BUFS(r0, 0xc100565c, &(0x7f00000002c0)={0x9bcf, 0x1, 0x1, {0x1, @raw_data="58148cdb59dd74b9138a314262940038eb1824be7fe872669de2ed035c0dfe5657997460e6d3aae725636a11c8bee8406adab9c72331d1f03ea1c412bb5f2611b6eb2c8304e762e2de6e04d59012900f92e2836ff635cca6d7e6f679b1dc825fb4c0107562c37e32d303ea823eab8f9b72ff0decf329d02eb280b4349f07a673ac9c8340f51209a1b120a580646fa71859ff9a4c632a12c320173d9630b7c4f7b568bdfffbffffffffffffeda3691c35c69f00"}})
ioctl$VIDIOC_STREAMON(0xffffffffffffffff, 0x40045612, &(0x7f0000000000)=0x81)

16:41:45 executing program 0:
r0 = openat$vicodec0(0xffffffffffffff9c, &(0x7f0000000000)='/dev/video36\x00', 0x2, 0x0)
ioctl$VIDIOC_CROPCAP(r0, 0xc02c563a, &(0x7f0000000080))
r1 = syz_open_dev$vivid(&(0x7f0000000080)='/dev/video#\x00', 0x2, 0x2)
ioctl$VIDIOC_ENUM_FRAMESIZES(r1, 0xc02c564a, &(0x7f0000000280)={0x0, 0x20303159, 0x0, @stepwise})
ioctl$VIDIOC_ENUMOUTPUT(r1, 0xc0485630, &(0x7f00000000c0)={0x5cd, "ebf8806fe0a1180ef553e63b0b02264cd247283e7c22855a8c96f2324ac41645", 0x3, 0xfffffffb, 0x6, 0x50007, 0x4})

16:41:45 executing program 0:
r0 = syz_open_dev$radio(&(0x7f0000000100)='/dev/radio#\x00', 0x3, 0x2)
r1 = openat$vicodec0(0xffffffffffffff9c, &(0x7f0000000080)='/dev/video36\x00', 0x2, 0x0)
ioctl$VIDIOC_S_TUNER(r1, 0x4054561e, &(0x7f0000000140)={0x5, "f3f1b0cb7d0fa27236f43b754aa6289342c9104dd95d669e4aee708dd3a902cf", 0x2, 0x2, 0x8001, 0x0, 0x4, 0x4, 0x90e, 0x8000})
ioctl$VIDIOC_ENUMINPUT(r0, 0xc050561a, &(0x7f0000000000)={0x1, "34fbbecded16428e28394a1c68a969fc03cdf293f125534189d238381fc62825", 0x1, 0x0, 0x4, 0x2000000, 0x2020006, 0x2})
ioctl$VIDIOC_LOG_STATUS(r0, 0x5646, 0x0)

[  238.381328][T19845] vivid-001: =================  START STATUS  =================
[  238.389492][T19845] v4l2-ctrls: vivid-001: RDS Tx I/O Mode: Controls
[  238.394034][T19845] v4l2-ctrls: vivid-001: RDS Program ID: 32904
[  238.401195][T19845] v4l2-ctrls: vivid-001: RDS Program Type: 3
[  238.403362][T19845] v4l2-ctrls: vivid-001: RDS PS Name: VIVID-TX
[  238.405454][T19845] v4l2-ctrls: vivid-001: RDS Radio Text: This is a VIVID default Radio Text template text, change at will
[  238.410418][T19845] v4l2-ctrls: vivid-001: RDS Stereo: true
[  238.412374][T19845] v4l2-ctrls: vivid-001: RDS Artificial Head: false
[  238.414595][T19845] v4l2-ctrls: vivid-001: RDS Compressed: false
[  238.418021][T19845] v4l2-ctrls: vivid-001: RDS Dynamic PTY: false
[  238.420029][T19845] v4l2-ctrls: vivid-001: RDS Traffic Announcement: false
[  238.423740][T19845] v4l2-ctrls: vivid-001: RDS Traffic Program: true
[  238.427981][T19845] v4l2-ctrls: vivid-001: RDS Music: true
[  238.431022][T19845] vivid-001: ==================  END STATUS  ==================
[  238.438109][T19846] vivid-001: =================  START STATUS  =================
[  238.442051][T19846] v4l2-ctrls: vivid-001: RDS Tx I/O Mode: Controls
[  238.445553][T19846] v4l2-ctrls: vivid-001: RDS Program ID: 32904
[  238.449550][T19846] v4l2-ctrls: vivid-001: RDS Program Type: 3
[  238.452785][T19846] v4l2-ctrls: vivid-001: RDS PS Name: VIVID-TX
[  238.457005][T19846] v4l2-ctrls: vivid-001: RDS Radio Text: This is a VIVID default Radio Text template text, change at will
[  238.462995][T19846] v4l2-ctrls: vivid-001: RDS Stereo: true
[  238.466899][T19846] v4l2-ctrls: vivid-001: RDS Artificial Head: false
[  238.470331][T19846] v4l2-ctrls: vivid-001: RDS Compressed: false
[  238.472421][T19846] v4l2-ctrls: vivid-001: RDS Dynamic PTY: false
[  238.474586][T19846] v4l2-ctrls: vivid-001: RDS Traffic Announcement: false
[  238.478242][T19846] v4l2-ctrls: vivid-001: RDS Traffic Program: true
[  238.480479][T19846] v4l2-ctrls: vivid-001: RDS Music: true
[  238.482362][T19846] vivid-001: ==================  END STATUS  ==================
16:41:46 executing program 0:
r0 = syz_open_dev$vivid(&(0x7f0000000080)='/dev/video#\x00', 0x2, 0x2)
ioctl$VIDIOC_ENUM_FRAMESIZES(r0, 0xc02c564a, &(0x7f0000000280)={0x0, 0x20303159, 0x0, @stepwise})
ioctl$VIDIOC_S_AUDIO(r0, 0x40345622, &(0x7f0000000040)={0x2, "2cf7807d80f05eab5e031e6fcafb5c1e95e939ae8ec60b00826edf5301394a58", 0x3})
r1 = syz_open_dev$vivid(&(0x7f0000000200)='/dev/video#\x00', 0x3, 0x2)
ioctl$VIDIOC_G_PRIORITY(r1, 0x80045643, 0x2)
r2 = syz_open_dev$vivid(&(0x7f0000000080)='/dev/video#\x00', 0x2, 0x2)
ioctl$VIDIOC_G_STD(r2, 0x80085617, &(0x7f0000000000))
r3 = syz_open_dev$vivid(&(0x7f0000000080)='/dev/video#\x00', 0x2, 0x2)
ioctl$VIDIOC_ENUM_FRAMESIZES(r3, 0xc02c564a, &(0x7f0000000280)={0x0, 0x20303159, 0x0, @stepwise})
ioctl$VIDIOC_S_JPEGCOMP(r3, 0x408c563e, &(0x7f00000000c0)={0x5, 0x8, 0x24, "046d7f7642a659ca047d2d50320fed6861957466ca3d82f65c3833a77c59ef04040573e694c57a732da20caefc5861eae0d84828c3ba9da2ab441112", 0x12, "29fe59a7318c50e2e23b502c6fd7fb0e032c2cca7639cd12ec5af828b53cdc1a82628545f7c22331e83502f65897d805b35f26fe021ce52bf3fff914", 0x48})
ioctl$VIDIOC_ENUM_FRAMESIZES(r2, 0xc02c564a, &(0x7f0000000280)={0x0, 0x20303159, 0x0, @stepwise={0x0, 0x0, 0x0, 0x0, 0x0, 0x1}})
ioctl$VIDIOC_S_FMT(r2, 0xc0d05605, &(0x7f0000000240)={0x5, @pix={0x2, 0xb, 0x20303159, 0x4, 0x7, 0x23dd, 0x6, 0x4, 0x1, 0x2, 0x2, 0x4}})

16:41:46 executing program 0:
r0 = openat$vimc2(0xffffffffffffff9c, &(0x7f00000001c0)='/dev/video2\x00', 0x2, 0x0)
ioctl$VIDIOC_ENUMOUTPUT(r0, 0xc0485630, &(0x7f0000000200)={0x20, "94d4a91f801020bbdcd9dd69f7a8dcbaa184e8bfcbf8fcfc394e833581b9fcbf", 0x1, 0x7, 0x1, 0x800000, 0x2})
r1 = syz_open_dev$radio(&(0x7f00000000c0)='/dev/radio#\x00', 0x2, 0x2)
ioctl$VIDIOC_S_FREQUENCY(r1, 0x402c5639, &(0x7f0000000180)={0x0, 0x1, 0x400000})
r2 = openat$vimc1(0xffffffffffffff9c, &(0x7f0000000000)='/dev/video1\x00', 0x2, 0x0)
ioctl$VIDIOC_OVERLAY(r2, 0x4004560e, &(0x7f0000000040)=0xffffff7f)
ioctl$VIDIOC_QUERYCTRL(r1, 0xc0445624, &(0x7f0000000100)={0xfffffffe, 0x9, "6ba3377d5af9aac561dd528ce3a491ceaf902275b8c22c689e32013d1b1bf7ec", 0x3, 0x6, 0x2, 0x2, 0xc0})
ioctl$VIDIOC_ENUMAUDIO(r2, 0xc0345641, &(0x7f0000000080)={0x4, "487321d1298d88fe6f0f981fa1d4b1ea654c9e109320a54333284313aeda1c15", 0x3, 0x1})

16:41:46 executing program 0:
r0 = syz_open_dev$vivid(&(0x7f0000000080)='/dev/video#\x00', 0x2, 0x2)
openat$vimc1(0xffffffffffffff9c, &(0x7f0000000240)='/dev/video1\x00', 0x2, 0x0)
ioctl$VIDIOC_TRY_FMT(r0, 0xc0d05640, &(0x7f0000000380)={0x8, @win={{0x6, 0x200, 0x9, 0x1}, 0x5, 0xee3c, &(0x7f00000002c0)={{0xfffffffe, 0x80000002, 0x6abb, 0x1}}, 0x0, &(0x7f0000000300)="3f83a1c8ce692f1234dd17f580ef5730022181518effbdcc9aaa04cd9d3d28fb4e74612072cff345e7bc2d21291af8923c0be3d7036fb0ca84caaa1ba7b063316c57020b3233227e08cc8261c5943202e8d6e86279231d9495ea66934bdd1f1917ca63c9b5fafb2d4241d489185dbf7841d82eb02046a5ec2523b10b", 0x6}})
ioctl$VIDIOC_ENUM_FRAMESIZES(r0, 0xc02c564a, &(0x7f0000000480)={0x0, 0x20303159, 0x0, @stepwise})
ioctl$VIDIOC_DBG_G_CHIP_INFO(r0, 0xc0c85666, &(0x7f0000000140)={{0x2, @name="c0f97812b333987b85f3b12d6b52c675f8535aff315be1b813cfa2e21a6d5063"}, "851c0950993e67a2a1a4daa1b589a78023f3d755846e05e56b4452c2da035ec8", 0x3})
r1 = syz_open_dev$vivid(&(0x7f0000000100)='/dev/video#\x00', 0x2, 0x2)
ioctl$VIDIOC_S_FMT(r1, 0xc0d05605, &(0x7f0000000000)={0x9, @pix_mp={0x0, 0x0, 0x33524742, 0x0, 0x3, [{}, {0x0, 0x8}]}})

16:41:46 executing program 0:
r0 = syz_open_dev$vivid(&(0x7f0000000000)='/dev/video#\x00', 0x0, 0x2)
ioctl$VIDIOC_S_FMT(r0, 0xc0d05605, &(0x7f00000001c0)={0x1, @pix={0x0, 0x0, 0x0, 0x3}})
r1 = syz_open_dev$vivid(&(0x7f0000000080)='/dev/video#\x00', 0x2, 0x2)
ioctl$VIDIOC_ENUM_FRAMESIZES(r1, 0xc02c564a, &(0x7f0000000280)={0x0, 0x20303159, 0x0, @stepwise})
ioctl$VIDIOC_S_TUNER(r0, 0x4054561e, &(0x7f0000000040)={0x9, "4f89e11978eb8bf79307badc48cf43111203161a349a90b8160e957a75115c23", 0x5, 0x400, 0x7, 0x7fffffff, 0x1, 0x4, 0x0, 0x4})

16:41:46 executing program 0:
r0 = openat$vicodec1(0xffffffffffffff9c, &(0x7f0000000040)='/dev/video37\x00', 0x2, 0x0)
ioctl$VIDIOC_EXPBUF(r0, 0xc0405610, &(0x7f0000000400)={0xc, 0x400, 0x2})
r1 = syz_open_dev$vbi(&(0x7f0000000000)='/dev/vbi#\x00', 0x1, 0x2)
r2 = syz_open_dev$vivid(&(0x7f0000000100)='/dev/video#\x00', 0x3, 0x2)
ioctl$VIDIOC_SUBDEV_S_CROP(r2, 0xc038563c, &(0x7f0000000140)={0x1, 0x0, {0x6, 0x20, 0xc, 0xffff}})
r3 = syz_open_dev$vivid(&(0x7f0000000080)='/dev/video#\x00', 0x2, 0x2)
ioctl$VIDIOC_ENUM_FRAMESIZES(r3, 0xc02c564a, &(0x7f0000000280)={0x0, 0x20303159, 0x0, @stepwise})
ioctl$VIDIOC_SUBSCRIBE_EVENT(r3, 0x4020565a, &(0x7f0000000280)={0x2, 0xff, 0x1})
ioctl$VIDIOC_TRY_FMT(r1, 0xc0d05640, &(0x7f0000000180)={0x5, @vbi})
syz_open_dev$swradio(&(0x7f0000000040)='/dev/swradio#\x00', 0x1, 0x2)
r4 = syz_open_dev$cec(&(0x7f0000000080)='/dev/cec#\x00', 0x1, 0x2)
r5 = syz_open_dev$vivid(&(0x7f0000000080)='/dev/video#\x00', 0x2, 0x2)
ioctl$VIDIOC_S_FMT(r4, 0xc0d05605, &(0x7f0000000440)={0x2, @pix_mp={0x92c, 0x7, 0x32315241, 0x6, 0x8, [{0x0, 0x1}, {0x8, 0x1}, {0x7, 0x182}, {0x7, 0x40c4}, {0x3, 0x8}, {0x4, 0x3}, {0x0, 0x7}, {0x3ff, 0x7}], 0x2, 0x40, 0x76f8feec227be1a7, 0x1, 0x4}})
ioctl$VIDIOC_ENUM_FRAMESIZES(r5, 0xc02c564a, &(0x7f0000000280)={0x0, 0x20303159, 0x0, @stepwise})
ioctl$VIDIOC_SUBDEV_S_SELECTION(r5, 0xc040563e, &(0x7f00000002c0)={0x1, 0x0, 0x0, 0x1, {0x0, 0x94c, 0x4, 0x6}})
ioctl$VIDIOC_CREATE_BUFS(0xffffffffffffffff, 0xc100565c, &(0x7f0000000300)={0x3, 0x4, 0x1, {0x8, @pix_mp={0xffffffff, 0x80000000, 0x31384142, 0x7, 0x8, [{0x1, 0xfffffffd}, {0x6, 0x401}, {0x1, 0x5}, {0x400, 0x8231}, {0x1}, {0x10001}, {0x4b27, 0xf92}, {0x10001, 0x9}], 0x40, 0x0, 0x8, 0x2, 0x7}}, 0x6d5})
ioctl$VIDIOC_S_OUTPUT(r4, 0xc004562f, &(0x7f00000000c0)=0x97)

16:41:46 executing program 0:
r0 = openat$vicodec0(0xffffffffffffff9c, &(0x7f0000000040)='/dev/video36\x00', 0x2, 0x0)
ioctl$VIDIOC_REQBUFS(r0, 0xc0145608, &(0x7f0000000240)={0x0, 0x1})
ioctl$VIDIOC_REQBUFS(r0, 0xc0145608, &(0x7f0000000000)={0xfb0d, 0x3, 0x1})
ioctl$VIDIOC_DV_TIMINGS_CAP(0xffffffffffffffff, 0xc0905664, &(0x7f0000000080)={0x0, 0x0, [], @bt={0x3, 0xca, 0x1, 0x2, 0x3, 0x40, 0x4, 0x9e931c3f32d9040d}})

16:41:46 executing program 0:
r0 = syz_open_dev$vivid(&(0x7f0000000000)='/dev/video#\x00', 0x2, 0x2)
ioctl$VIDIOC_CROPCAP(r0, 0xc02c563a, &(0x7f0000000040)={0x5, {0x7, 0xab2, 0x2, 0x4}, {0x7f, 0x54c5, 0x9}, {0x96c, 0x8}})
ioctl$VIDIOC_S_FBUF(r0, 0x4030560b, &(0x7f0000000180)={0xc0, 0x71, &(0x7f0000000080)="ee8591a3f4091b4503d0c576af0dcb042629a7cd928c81d1947d115c9d8abb4ceaf6bf4a678ffb13be1f4e343305809f92ba6ac36e88bc64a04b8404486933262b8110fd595f6307cf0c9400af715f54305bc483e8c92bf1e424dac62dd20bad9c65f0314dadd39871fd64d2c7e534689bd1639334a11da34b847e76b9b7fee1fe7a05bb007b8e4fdf64dfca701f34c3c5e85c16ceb0e557b1e4b30304ba6752711cf546f4190db7c70de5f908c0ba069b2aae2491979bc524a7b8678a0e221dcc426b3df98b54eb8293746f6576096cdcce5fed", {0x4, 0xbfb, 0x48524742, 0x3, 0x8, 0x5, 0xb, 0xed8}})
ioctl$VIDIOC_LOG_STATUS(r0, 0x5646, 0x0)

[  238.768536][T19872] vivid-001: =================  START STATUS  =================
[  238.777292][T19872] v4l2-ctrls: vivid-001: Test Pattern: 75% Colorbar
[  238.784822][T19872] v4l2-ctrls: vivid-001: Fill Percentage of Frame: 100
[  238.795174][T19872] v4l2-ctrls: vivid-001: Horizontal Movement: No Movement
[  238.803771][T19872] v4l2-ctrls: vivid-001: Vertical Movement: No Movement
[  238.811916][T19872] v4l2-ctrls: vivid-001: OSD Text Mode: All
[  238.815123][T19872] v4l2-ctrls: vivid-001: Show Border: false
[  238.819303][T19872] v4l2-ctrls: vivid-001: Show Square: false
[  238.822445][T19872] v4l2-ctrls: vivid-001: Sensor Flipped Horizontally: false
[  238.827049][T19872] v4l2-ctrls: vivid-001: Sensor Flipped Vertically: false
[  238.830852][T19872] v4l2-ctrls: vivid-001: Insert SAV Code in Image: false
[  238.834749][T19872] v4l2-ctrls: vivid-001: Insert EAV Code in Image: false
[  238.839537][T19872] v4l2-ctrls: vivid-001: Reduced Framerate: false
[  238.843106][T19872] v4l2-ctrls: vivid-001: Enable Capture Cropping: true
[  238.847463][T19872] v4l2-ctrls: vivid-001: Enable Capture Composing: true
[  238.851154][T19872] v4l2-ctrls: vivid-001: Enable Capture Scaler: true
[  238.854715][T19872] v4l2-ctrls: vivid-001: Timestamp Source: End of Frame
[  238.859525][T19872] v4l2-ctrls: vivid-001: Colorspace: Rec. 709
[  238.862895][T19872] v4l2-ctrls: vivid-001: Transfer Function: Default
[  238.865202][T19872] v4l2-ctrls: vivid-001: Y'CbCr Encoding: Default
[  238.869783][T19872] v4l2-ctrls: vivid-001: HSV Encoding: Hue 0-179
[  238.873371][T19872] v4l2-ctrls: vivid-001: Quantization: Default
[  238.875604][T19872] v4l2-ctrls: vivid-001: Apply Alpha To Red Only: false
[  238.879316][T19872] v4l2-ctrls: vivid-001: Standard Aspect Ratio: 4x3
[  238.881751][T19872] v4l2-ctrls: vivid-001: DV Timings Signal Mode: Current DV Timings
[  238.884619][T19872] v4l2-ctrls: vivid-001: DV Timings: 640x480p59 inactive
[  238.889515][T19872] v4l2-ctrls: vivid-001: DV Timings Aspect Ratio: Source Width x Height
[  238.892443][T19872] v4l2-ctrls: vivid-001: Maximum EDID Blocks: 2
[  238.894659][T19872] v4l2-ctrls: vivid-001: Limited RGB Range (16-235): true
[  238.898464][T19872] v4l2-ctrls: vivid-001: Rx RGB Quantization Range: Automatic
[  238.901125][T19872] v4l2-ctrls: vivid-001: Power Present: 0x00000001
[  238.903454][T19872] tpg source WxH: 1280x720 (R'G'B)
[  238.905272][T19872] tpg field: 1
[  238.907749][T19872] tpg crop: 64x64@0x0
[  238.909213][T19872] tpg compose: 16x16@0x0
[  238.910747][T19872] tpg colorspace: 3
[  238.912109][T19872] tpg transfer function: 0/0
[  238.914057][T19872] tpg quantization: 0/0
[  238.915529][T19872] tpg RGB range: 0/1
[  238.918486][T19872] vivid-001: ==================  END STATUS  ==================
16:41:46 executing program 0:
r0 = syz_open_dev$vivid(&(0x7f0000000080)='/dev/video#\x00', 0x2, 0x2)
ioctl$VIDIOC_ENUM_FRAMESIZES(r0, 0xc02c564a, &(0x7f0000000280)={0x0, 0x20303159, 0x0, @stepwise})
ioctl$VIDIOC_QUERY_EXT_CTRL(r0, 0xc0e85667, &(0x7f0000000200)={0xc0000000, 0x101, "eb3af89c43a3f1f4e7407ab394db506e2a80d897319a37866bf46644b768854c", 0xfaf, 0x2, 0x10000, 0x6, 0x9, 0x1, 0xe00000, 0x0, [0x80000001, 0x7, 0x8001, 0x2]})
r1 = syz_open_dev$swradio(&(0x7f0000000000)='/dev/swradio#\x00', 0x0, 0x2)
ioctl$VIDIOC_CREATE_BUFS(r1, 0xc100565c, &(0x7f0000000100)={0x0, 0x1, 0x1, {0xb, @sdr={0x41495043, 0x1}}})

16:41:46 executing program 0:
r0 = syz_open_dev$vivid(&(0x7f0000000040)='/dev/video#\x00', 0x1, 0x2)
ioctl$VIDIOC_LOG_STATUS(r0, 0x5646, 0x0)
ioctl$VIDIOC_CREATE_BUFS(r0, 0xc100565c, &(0x7f0000000100)={0x0, 0x0, 0x0, {0x0, @raw_data="bd93ef115a829cd8f3b938a8abc5e7024881edd7834fd6024c475a48ceeecf0f29412d9e51563bb9c35eff61a5a45b2c7dc00373b0b81e11ee9b6ee64a9834d1248d2fd8d0b06c57a1a1a7b8e5da2798d7a327465805a08de851af557b203ee5452091391e4e969945704929924d1c3444a0ab82b5674910f860d070b91113ad7eec6080124e912bc8b16df4250f40842dcb568145fea6bbc55b8c2d8e25f444f82fe8fbea0c04ec288e993b9f4ab8686e8372a945ada31e03cd9917da89ddddb0a0de6c3de5f1a8"}})

[  238.986499][T19882] vivid-000: =================  START STATUS  =================
[  238.993346][T19882] v4l2-ctrls: vivid-000: Enable Output Cropping: true
[  239.000518][T19882] v4l2-ctrls: vivid-000: Enable Output Composing: true
[  239.004941][T19882] v4l2-ctrls: vivid-000: Enable Output Scaler: true
[  239.010051][T19882] v4l2-ctrls: vivid-000: Tx RGB Quantization Range: Automatic
[  239.020398][T19882] v4l2-ctrls: vivid-000: Transmit Mode: HDMI
[  239.024735][T19882] v4l2-ctrls: vivid-000: Display Present: true inactive
[  239.029891][T19882] v4l2-ctrls: vivid-000: Hotplug Present: 0x00000001
[  239.034734][T19882] v4l2-ctrls: vivid-000: RxSense Present: 0x00000001
[  239.038449][T19882] v4l2-ctrls: vivid-000: EDID Present: 0x00000001
[  239.040695][T19882] vivid-000: ==================  END STATUS  ==================
16:41:46 executing program 0:
ioctl$VIDIOC_ENUM_FREQ_BANDS(0xffffffffffffffff, 0xc0405665, &(0x7f00000000c0)={0x2, 0x3, 0x8000, 0x100, 0x1, 0x1000, 0xe})
r0 = openat$vicodec0(0xffffffffffffff9c, &(0x7f0000000000)='/dev/video36\x00', 0x2, 0x0)
ioctl$VIDIOC_REQBUFS(r0, 0xc0145608, &(0x7f0000000040)={0x1690, 0x6, 0x2})
r1 = syz_open_dev$vivid(&(0x7f0000000080)='/dev/video#\x00', 0x2, 0x2)
ioctl$VIDIOC_ENUM_FRAMESIZES(r1, 0xc02c564a, &(0x7f0000000100)={0x0, 0x39555659, 0x0, @discrete={0x81, 0xff}})
ioctl$VIDIOC_S_CROP(r1, 0x4014563c, &(0x7f0000000080)={0x5, {0x2, 0x75, 0x401, 0x1}})
ioctl$VIDIOC_CREATE_BUFS(r0, 0xc100565c, &(0x7f00000001c0)={0x0, 0x8, 0x0, {0x2, @vbi={0x0, 0x0, 0x0, 0x0, [0x0, 0xeba]}}})

16:41:46 executing program 0:
openat$vimc1(0xffffffffffffff9c, &(0x7f0000000000)='/dev/video1\x00', 0x2, 0x0)

16:41:46 executing program 0:
r0 = syz_open_dev$swradio(&(0x7f0000000080)='/dev/swradio#\x00', 0x1, 0x2)
ioctl$VIDIOC_SUBDEV_G_DV_TIMINGS(r0, 0xc0845658, &(0x7f00000000c0)={0x0, @reserved})
ioctl$VIDIOC_SUBDEV_S_EDID(r0, 0xc0285629, &(0x7f00000001c0)={0x0, 0x1, 0xfffffffc, [], &(0x7f0000000180)=0x1})
r1 = openat$vicodec0(0xffffffffffffff9c, &(0x7f0000000000)='/dev/video36\x00', 0x2, 0x0)
ioctl$VIDIOC_G_SELECTION(0xffffffffffffffff, 0xc040565e, &(0x7f0000000040)={0x5, 0x0, 0x1, {0xf4, 0x9, 0x44, 0x7}})
ioctl$VIDIOC_S_FBUF(r1, 0x4030560b, &(0x7f0000000240)={0xc2, 0x41, &(0x7f0000000200)="991049412deade89e89eb7d6a62f07aa44", {0x5, 0xf01b085, 0x20493859, 0x0, 0x800, 0x9fc1, 0x8, 0x6}})

16:41:46 executing program 0:
r0 = syz_open_dev$radio(&(0x7f0000000000)='/dev/radio#\x00', 0x2, 0x2)
r1 = syz_open_dev$vbi(&(0x7f0000000080)='/dev/vbi#\x00', 0x3, 0x2)
ioctl$VIDIOC_SUBDEV_G_SELECTION(r1, 0xc040563d, &(0x7f00000000c0)={0x0, 0x0, 0x102, 0x1, {0x200, 0x8, 0x5, 0x261}})
ioctl$VIDIOC_S_FREQUENCY(r0, 0x402c5639, &(0x7f0000000040)={0x0, 0x1})

16:41:46 executing program 0:
r0 = openat$vicodec1(0xffffffffffffff9c, &(0x7f0000000040)='/dev/video37\x00', 0x2, 0x0)
ioctl$VIDIOC_REQBUFS(r0, 0xc0145608, &(0x7f0000000140)={0x100, 0x1, 0x1})
r1 = syz_open_dev$vivid(&(0x7f0000000080)='/dev/video#\x00', 0x2, 0x2)
ioctl$VIDIOC_ENUM_FRAMESIZES(r1, 0xc02c564a, &(0x7f0000000280)={0x0, 0x20303159, 0x0, @stepwise})
ioctl$VIDIOC_ENUMOUTPUT(r1, 0xc0485630, &(0x7f0000000080)={0x2, "adff96f95e8503dadf662f5bfedf774c32d6bb53735ad2701632dde7755f3198", 0x1, 0x7f, 0x800, 0xb24022, 0x2})
ioctl$VIDIOC_ENUM_FREQ_BANDS(r0, 0xc0405665, &(0x7f0000000000)={0x1000, 0x2, 0x9, 0x20, 0xffffffff, 0x8, 0x8})

16:41:46 executing program 0:
r0 = openat$vicodec0(0xffffffffffffff9c, &(0x7f0000000080)='/dev/video36\x00', 0x2, 0x0)
ioctl$VIDIOC_G_CROP(r0, 0xc014563b, &(0x7f0000000040)={0x2})
r1 = syz_open_dev$vivid(&(0x7f0000000080)='/dev/video#\x00', 0x2, 0x2)
ioctl$VIDIOC_ENUM_FRAMESIZES(r1, 0xc02c564a, &(0x7f0000000280)={0x0, 0x20303159, 0x0, @stepwise})
ioctl$VIDIOC_G_AUDOUT(r1, 0x80345631, &(0x7f0000000000))

16:41:46 executing program 0:
r0 = syz_open_dev$radio(&(0x7f0000000100)='/dev/radio#\x00', 0x2, 0x2)
ioctl$VIDIOC_S_TUNER(0xffffffffffffffff, 0x4054561e, &(0x7f0000000080)={0x165, "10626542e1369fa7d96389e2ce98c6b934c1947282891a86d9ecd0e0a1c33fe0", 0x4, 0x1000, 0x2, 0x6, 0x1, 0x3, 0x81, 0x4})
syz_open_dev$cec(&(0x7f0000000040)='/dev/cec#\x00', 0x1, 0x2)
ioctl$VIDIOC_S_FREQUENCY(r0, 0x402c5639, &(0x7f0000000000)={0x2, 0x1})

16:41:46 executing program 0:
r0 = syz_open_dev$vivid(&(0x7f0000000200)='/dev/video#\x00', 0x3, 0x2)
ioctl$VIDIOC_TRY_FMT(r0, 0xc0d05640, &(0x7f0000000040)={0x7, @win={{}, 0x4, 0x7fff, 0x0, 0x0, 0x0}})
r1 = openat$vimc1(0xffffffffffffff9c, &(0x7f0000000000)='/dev/video1\x00', 0x2, 0x0)
ioctl$VIDIOC_S_EXT_CTRLS(r0, 0xc0205648, &(0x7f0000000180)={0x0, 0x1, 0x9, r1, 0x0, &(0x7f0000000140)={0x9b090f, 0x1, [], @value64=0xfffffffffffffff9}})

16:41:46 executing program 0:
openat$vimc2(0xffffffffffffff9c, &(0x7f0000000080)='/dev/video2\x00', 0x2, 0x0)
r0 = syz_open_dev$vivid(&(0x7f0000000080)='/dev/video#\x00', 0x2, 0x2)
ioctl$VIDIOC_ENUM_FRAMESIZES(r0, 0xc02c564a, &(0x7f0000000280)={0x0, 0x20303159, 0x0, @stepwise})
ioctl$VIDIOC_SUBDEV_S_DV_TIMINGS(r0, 0xc0845657, &(0x7f00000000c0)={0x0, @reserved})
openat$vicodec0(0xffffffffffffff9c, &(0x7f0000000180)='/dev/video36\x00', 0x2, 0x0)

16:41:46 executing program 0:
r0 = syz_open_dev$vivid(&(0x7f0000000000)='/dev/video#\x00', 0x2, 0x2)
r1 = openat$vicodec1(0xffffffffffffff9c, &(0x7f0000000280)='/dev/video37\x00', 0x2, 0x0)
ioctl$VIDIOC_G_AUDOUT(r1, 0x80345631, &(0x7f00000002c0))
ioctl$VIDIOC_G_JPEGCOMP(r0, 0x808c563d, &(0x7f0000000300))
ioctl$VIDIOC_TRY_FMT(r0, 0xc0d05640, &(0x7f0000000080)={0xc, @sliced={0xdb1, [0x1000, 0xf001, 0x23, 0x61c, 0x7, 0xee, 0x9, 0x755, 0x8, 0xae, 0x40, 0x7, 0x7, 0x40, 0x6f, 0x2, 0x9, 0x2, 0xff00, 0x80, 0x1000, 0x4, 0x1, 0x101, 0xffff, 0x9, 0x0, 0x5, 0x1, 0x40, 0x219, 0x788, 0xcdbb, 0x0, 0x9, 0x7, 0x9, 0xc804, 0x9, 0x1, 0x1ff, 0x7f5, 0xfc01, 0x3, 0x81, 0x7, 0x0, 0xd5ce], 0x2}})
ioctl$VIDIOC_S_FMT(r0, 0xc0d05605, &(0x7f0000000180)={0x9, @raw_data="af19cc34e73a78568818029dc40dbe000df605c3891a3e532a807822334c6195003435d36ff71a61dcd551289bb40b3c7582729b59a67d51df704f5c44f27070642bc1d4dcd2be9b7b1af08e41fdc2fbe8e66f76cfa6a5438734291d7b8a1e71738fcfd60fbf0b13c14ff316db970399daefb3e069f563c4dc7376edb2eed920607a9baf627972f86ab570578acb150c8077d5f2b3aa4916c9044a2bc9968abd20aa3951a09f9ad59813e0d6fabdcfbed36d794d22d66e5cfbb95b7f4b0a8dcf76b5228cefa91458"})
ioctl$VIDIOC_REQBUFS(r0, 0xc0145608, &(0x7f0000000040)={0x401, 0x9, 0x1})

[  241.234737][ T9992] syz-executor.0 invoked oom-killer: gfp_mask=0x100cca(GFP_HIGHUSER_MOVABLE), order=0, oom_score_adj=0
[  241.239077][ T9992] CPU: 0 PID: 9992 Comm: syz-executor.0 Not tainted 5.4.0+ #27
[  241.244836][ T9992] Hardware name: QEMU Standard PC (i440FX + PIIX, 1996), BIOS Ubuntu-1.8.2-1ubuntu1 04/01/2014
[  241.253853][ T9992] Call Trace:
[  241.255264][ T9992]  dump_stack+0xc6/0x11e
[  241.257079][ T9992]  dump_header+0x10b/0xb50
[  241.258947][ T9992]  ? _raw_spin_unlock_irqrestore+0x39/0x60
[  241.261390][ T9992]  ? ___ratelimit+0x4f/0x460
[  241.263090][ T9992]  oom_kill_process+0x177/0x3c0
[  241.264629][ T9992]  out_of_memory+0x309/0x13b0
[  241.266167][ T9992]  ? oom_killer_disable+0x240/0x240
[  241.267805][ T9992]  ? mutex_trylock+0x26f/0x300
[  241.269460][ T9992]  ? __alloc_pages_slowpath+0xadb/0x2480
[  241.271256][ T9992]  __alloc_pages_slowpath+0x205b/0x2480
[  241.273090][ T9992]  ? warn_alloc+0x290/0x290
[  241.274577][ T9992]  ? xas_descend+0x141/0x3a0
[  241.276064][ T9992]  __alloc_pages_nodemask+0x5e5/0x850
[  241.277896][ T9992]  ? __alloc_pages_slowpath+0x2480/0x2480
[  241.279885][ T9992]  ? __filemap_set_wb_err+0x250/0x250
[  241.281722][ T9992]  alloc_pages_current+0xac/0x1e0
[  241.283461][ T9992]  __page_cache_alloc+0x1a0/0x2c0
[  241.285220][ T9992]  pagecache_get_page+0x1a2/0x640
[  241.287011][ T9992]  filemap_fault+0xc2a/0x1b10
[  241.288645][ T9992]  ? lock_downgrade+0x6d0/0x6d0
[  241.290353][ T9992]  ext4_filemap_fault+0x80/0xa7
[  241.291985][ T9992]  __do_fault+0x16d/0x3cb
[  241.293561][ T9992]  ? __handle_mm_fault+0x2140/0x3640
[  241.295428][ T9992]  __handle_mm_fault+0x214c/0x3640
[  241.297676][ T9992]  ? __pmd_alloc+0x370/0x370
[  241.299406][ T9992]  ? __count_memcg_events+0x7d/0x200
[  241.301171][ T9992]  handle_mm_fault+0x2e5/0x8c0
[  241.302823][ T9992]  __do_page_fault+0x470/0xa60
[  241.304420][ T9992]  ? do_page_fault+0x27/0x4e4
[  241.305988][ T9992]  async_page_fault+0x34/0x40
[  241.307565][ T9992] RIP: 0033:0x45c2f0
[  241.308964][ T9992] Code: Bad RIP value.
[  241.310373][ T9992] RSP: 002b:00007ffe17ae31f8 EFLAGS: 00010202
[  241.312441][ T9992] RAX: 0000000000000000 RBX: 000000000003aa54 RCX: 0000000000417a4b
[  241.315156][ T9992] RDX: 0000000000000000 RSI: 0000000000000000 RDI: 00007ffe17ae3200
[  241.317929][ T9992] RBP: 0000000000001bfc R08: 0000000000000000 R09: 00000000029ea940
[  241.320634][ T9992] R10: 0000000000000000 R11: 0000000000000000 R12: 0000000000000007
[  241.323358][ T9992] R13: 00007ffe17ae3250 R14: 000000000003a72d R15: 00007ffe17ae3260
[  241.356059][ T9992] Mem-Info:
[  241.357164][ T9992] active_anon:11061 inactive_anon:6958 isolated_anon:0
[  241.357164][ T9992]  active_file:13 inactive_file:14 isolated_file:0
[  241.357164][ T9992]  unevictable:8 dirty:5 writeback:0 unstable:0
[  241.357164][ T9992]  slab_reclaimable:10176 slab_unreclaimable:32853
[  241.357164][ T9992]  mapped:10107 shmem:7136 pagetables:530 bounce:0
[  241.357164][ T9992]  free:17289 free_pcp:91 free_cma:0
[  241.383629][ T9992] Node 0 active_anon:42568kB inactive_anon:27816kB active_file:36kB inactive_file:28kB unevictable:32kB isolated(anon):0kB isolated(file):0kB mapped:5596kB dirty:12kB writeback:0kB shmem:28512kB shmem_thp: 0kB shmem_pmdmapped: 0kB anon_thp: 12288kB writeback_tmp:0kB unstable:0kB all_unreclaimable? yes
[  241.409420][ T9992] Node 1 active_anon:1676kB inactive_anon:16kB active_file:16kB inactive_file:28kB unevictable:0kB isolated(anon):0kB isolated(file):0kB mapped:34832kB dirty:8kB writeback:0kB shmem:32kB shmem_thp: 0kB shmem_pmdmapped: 0kB anon_thp: 14336kB writeback_tmp:0kB unstable:0kB all_unreclaimable? yes
[  241.445194][ T9992] Node 0 DMA free:2508kB min:712kB low:888kB high:1064kB active_anon:4kB inactive_anon:0kB active_file:0kB inactive_file:0kB unevictable:0kB writepending:0kB present:15992kB managed:15908kB mlocked:0kB kernel_stack:0kB pagetables:32kB bounce:0kB free_pcp:0kB local_pcp:0kB free_cma:0kB
[  241.465043][ T9992] lowmem_reserve[]: 0 449 449 449 449
[  241.470965][ T9992] Node 0 DMA32 free:20588kB min:20632kB low:25788kB high:30944kB active_anon:42564kB inactive_anon:27816kB active_file:36kB inactive_file:28kB unevictable:32kB writepending:16kB present:1032192kB managed:465724kB mlocked:32kB kernel_stack:6848kB pagetables:1752kB bounce:0kB free_pcp:116kB local_pcp:116kB free_cma:0kB
[  241.503253][ T9992] lowmem_reserve[]: 0 0 0 0 0
[  241.504948][ T9992] Node 1 DMA32 free:46060kB min:46232kB low:57788kB high:69344kB active_anon:1676kB inactive_anon:16kB active_file:16kB inactive_file:28kB unevictable:0kB writepending:0kB present:1048448kB managed:1031988kB mlocked:0kB kernel_stack:224kB pagetables:336kB bounce:0kB free_pcp:248kB local_pcp:248kB free_cma:0kB
[  241.515416][ T9992] lowmem_reserve[]: 0 0 0 0 0
[  241.545095][ T9992] Node 0 DMA: 1*4kB (E) 1*8kB (U) 0*16kB 0*32kB 1*64kB (E) 1*128kB (E) 1*256kB (E) 0*512kB 0*1024kB 1*2048kB (M) 0*4096kB = 2508kB
[  241.549606][ T9992] Node 0 DMA32: 849*4kB (UME) 469*8kB (ME) 214*16kB (UME) 95*32kB (ME) 59*64kB (UME) 19*128kB (UM) 3*256kB (M) 0*512kB 0*1024kB 0*2048kB 0*4096kB = 20588kB
[  241.554693][ T9992] Node 1 DMA32: 81*4kB (UME) 53*8kB (UME) 40*16kB (UME) 34*32kB (ME) 27*64kB (M) 17*128kB (UME) 9*256kB (UME) 9*512kB (UME) 6*1024kB (ME) 5*2048kB (UM) 4*4096kB (M) = 46060kB
[  241.572842][ T9992] Node 0 hugepages_total=0 hugepages_free=0 hugepages_surp=0 hugepages_size=2048kB
[  241.597670][ T9992] Node 1 hugepages_total=0 hugepages_free=0 hugepages_surp=0 hugepages_size=2048kB
[  241.604811][ T9992] 7158 total pagecache pages
[  241.609507][ T9992] 0 pages in swap cache
[  241.611016][ T9992] Swap cache stats: add 0, delete 0, find 0/0
[  241.613182][ T9992] Free swap  = 0kB
[  241.614521][ T9992] Total swap = 0kB
[  241.644679][ T9992] 524158 pages RAM
[  241.645941][ T9992] 0 pages HighMem/MovableOnly
[  241.647424][ T9992] 145753 pages reserved
[  241.648747][ T9992] 0 pages cma reserved
[  241.650038][ T9992] Unreclaimable slab info:
[  241.651429][ T9992] Name                      Used          Total
[  241.653439][ T9992] pid_2                     24KB         24KB
[  241.655369][ T9992] rxe-mr                     3KB          3KB
[  241.673317][ T9992] rxe-qp                    29KB         29KB
[  241.675287][ T9992] bio-3                      3KB          3KB
[  241.677695][ T9992] batadv_tt_change_cache          4KB          4KB
[  241.679872][ T9992] batadv_tl_cache            4KB          4KB
[  241.681771][ T9992] TIPC                      15KB         15KB
[  241.683697][ T9992] SCTPv6                    30KB         30KB
[  241.685661][ T9992] DCCPv6                    30KB         30KB
[  241.689444][ T9992] DCCP                      30KB         30KB
[  241.691478][ T9992] RXRPC                     30KB         30KB
[  241.693509][ T9992] rxrpc_call_jar            30KB         30KB
[  241.695631][ T9992] bridge_fdb_cache           3KB          3KB
[  241.697820][ T9992] fib6_nodes                28KB         28KB
[  241.699925][ T9992] ip6_dst_cache             56KB         56KB
[  241.701838][ T9992] RAWv6                     30KB         30KB
[  241.703755][ T9992] UDPv6                     45KB         45KB
[  241.707685][ T9992] TCPv6                     30KB         30KB
[  241.709622][ T9992] nf_conntrack               7KB          7KB
[  241.711481][ T9992] t10_alua_lu_gp_cache          3KB          3KB
[  241.713473][ T9992] scsi_sense_cache           4KB          4KB
[  241.715429][ T9992] sd_ext_cdb                 3KB          3KB
[  241.717591][ T9992] virtio_scsi_cmd           16KB         16KB
[  241.719538][ T9992] sgpool-128                29KB         29KB
[  241.721474][ T9992] sgpool-64                 31KB         31KB
[  241.723517][ T9992] sgpool-32                 31KB         31KB
[  241.725420][ T9992] sgpool-16                  7KB          7KB
[  241.729524][ T9992] sgpool-8                  37KB         37KB
[  241.731622][ T9992] mqueue_inode_cache         15KB         15KB
[  241.734752][ T9992] f2fs_bio_post_read_ctx         15KB         15KB
[  241.737099][ T9992] bio-2                     15KB         15KB
[  241.739054][ T9992] jfs_mp                     7KB          7KB
[  241.741058][ T9992] cifs_small_rq             16KB         16KB
[  241.743008][ T9992] cifs_request              67KB         67KB
[  241.744936][ T9992] cifs_mpx_ids               3KB          3KB
[  241.749709][ T9992] nfs_commit_data            7KB          7KB
[  241.751760][ T9992] nfs_write_data            32KB         32KB
[  241.753708][ T9992] jbd2_inode                 3KB          3KB
[  241.755613][ T9992] ext4_system_zone           3KB          3KB
[  241.758110][ T9992] ext4_bio_post_read_ctx         15KB         15KB
[  241.760155][ T9992] bio-1                      3KB          3KB
[  241.762080][ T9992] pid_namespace              3KB          3KB
[  241.764040][ T9992] posix_timers_cache          3KB          3KB
[  241.768820][ T9992] rpc_buffers               31KB         31KB
[  241.770746][ T9992] rpc_tasks                  3KB          3KB
[  241.772649][ T9992] UNIX                     308KB        462KB
[  241.774565][ T9992] tcp_bind_bucket            4KB          4KB
[  241.776702][ T9992] ip_fib_trie                8KB          8KB
[  241.778653][ T9992] ip_fib_alias              19KB         19KB
[  241.780932][ T9992] ip_dst_cache               4KB          4KB
[  241.782987][ T9992] RAW                       15KB         15KB
[  241.785023][ T9992] UDP                      106KB        106KB
[  241.789881][ T9992] request_sock_TCP           3KB          3KB
[  241.791930][ T9992] TCP                       30KB         30KB
[  241.793908][ T9992] hugetlbfs_inode_cache         15KB         15KB
[  241.796413][ T9992] fscache_cookie_jar          3KB          3KB
[  241.798503][ T9992] eventpoll_pwq             27KB         27KB
[  241.800520][ T9992] eventpoll_epi             47KB         47KB
[  241.802538][ T9992] inotify_inode_mark         11KB         11KB
[  241.804594][ T9992] request_queue            212KB        212KB
[  241.809630][ T9992] blkdev_ioc                11KB         11KB
[  241.811694][ T9992] bio-0                     65KB         90KB
[  241.813566][ T9992] biovec-max               773KB        773KB
[  241.815571][ T9992] biovec-64                 47KB        126KB
[  241.817680][ T9992] biovec-16                 15KB         15KB
[  241.819703][ T9992] bio_integrity_payload          3KB          3KB
[  241.821676][ T9992] khugepaged_mm_slot          7KB          7KB
[  241.823730][ T9992] uid_cache                  4KB          4KB
[  241.829598][ T9992] dmaengine-unmap-2          4KB          4KB
[  241.831627][ T9992] audit_buffer               3KB          3KB
[  241.833622][ T9992] skbuff_ext_cache           4KB          4KB
[  241.835509][ T9992] skbuff_fclone_cache         67KB         97KB
[  241.837847][ T9992] skbuff_head_cache         91KB        108KB
[  241.839722][ T9992] configfs_dir_cache          4KB          4KB
[  241.841735][ T9992] file_lock_cache           50KB         69KB
[  241.843779][ T9992] file_lock_ctx             11KB         11KB
[  241.848530][ T9992] fsnotify_mark_connector          7KB          7KB
[  241.850614][ T9992] net_namespace             27KB         27KB
[  241.852503][ T9992] task_delay_info          140KB        257KB
[  241.854407][ T9992] taskstats                 11KB         11KB
[  241.856597][ T9992] proc_dir_entry           341KB        341KB
[  241.858491][ T9992] pde_opener                11KB         11KB
[  241.860392][ T9992] seq_file                  55KB         55KB
[  241.862264][ T9992] sigqueue                  15KB         15KB
[  241.864219][ T9992] shmem_inode_cache       8286KB       8302KB
[  241.869606][ T9992] kernfs_iattrs_cache         11KB         11KB
[  241.871543][ T9992] kernfs_node_cache      16297KB      16297KB
[  241.873524][ T9992] mnt_cache                 67KB         67KB
[  241.875411][ T9992] filp                     802KB       1012KB
[  241.877581][ T9992] names_cache            14479KB      15529KB
[  241.879475][ T9992] iint_cache               102KB        115KB
[  241.881350][ T9992] lsm_file_cache           171KB        213KB
[  241.883616][ T9992] key_jar                    7KB          7KB
[  241.885593][ T9992] uts_namespace              3KB          3KB
[  241.890441][ T9992] nsproxy                    3KB          3KB
[  241.892424][ T9992] vm_area_struct           696KB        757KB
[  241.894284][ T9992] mm_struct                172KB        216KB
[  241.896374][ T9992] fs_cache                  20KB         48KB
[  241.898264][ T9992] files_cache               71KB        150KB
[  241.900133][ T9992] signal_cache             375KB       1075KB
[  241.902016][ T9992] sighand_cache            541KB        541KB
[  241.903904][ T9992] task_struct             2424KB       3584KB
[  241.909767][ T9992] cred_jar                 184KB        364KB
[  241.911703][ T9992] anon_vma_chain           232KB        248KB
[  241.913670][ T9992] anon_vma                 179KB        207KB
[  241.915542][ T9992] pid                       77KB        236KB
[  241.917852][ T9992] Acpi-Operand              72KB        118KB
[  241.919703][ T9992] Acpi-ParseExt             15KB         15KB
[  241.921649][ T9992] Acpi-Parse                51KB         90KB
[  241.923507][ T9992] Acpi-State                15KB         55KB
[  241.925516][ T9992] Acpi-Namespace            24KB         24KB
[  241.930338][ T9992] numa_policy                3KB          3KB
[  241.932419][ T9992] trace_event_file         338KB        338KB
[  241.934384][ T9992] ftrace_event_field        456KB        456KB
[  241.936527][ T9992] pool_workqueue           104KB        104KB
[  241.938467][ T9992] vmap_area                216KB        216KB
[  241.940389][ T9992] debug_objects_cache        754KB        858KB
[  241.942379][ T9992] page->ptl                161KB        213KB
[  241.944234][ T9992] dma-kmalloc-512            8KB          8KB
[  241.949737][ T9992] kmalloc-8k              2528KB       2720KB
[  241.951769][ T9992] kmalloc-4k             31592KB      32864KB
[  241.953699][ T9992] kmalloc-2k              9676KB      10176KB
[  241.955628][ T9992] kmalloc-1k              3940KB       4384KB
[  241.957774][ T9992] kmalloc-512             2669KB       4152KB
[  241.959712][ T9992] kmalloc-256             3629KB       3696KB
[  241.961721][ T9992] kmalloc-192              463KB        864KB
[  241.963772][ T9992] kmalloc-128              568KB        576KB
[  241.965649][ T9992] kmalloc-96              1621KB       1648KB
[  241.970450][ T9992] kmalloc-64              2994KB       3060KB
[  241.972389][ T9992] kmalloc-32               216KB        256KB
[  241.974387][ T9992] kmalloc-16               180KB        192KB
[  241.976514][ T9992] kmalloc-8                357KB        366KB
[  241.978387][ T9992] kmem_cache_node          180KB        181KB
[  241.980284][ T9992] kmem_cache               300KB        300KB
[  241.982207][ T9992] Tasks state (memory values in pages):
[  241.983927][ T9992] [  pid  ]   uid  tgid total_vm      rss pgtables_bytes swapents oom_score_adj name
[  241.990881][ T9992] [   5952]     0  5952    15621     1513   131072        0             0 systemd-journal
[  241.994035][ T9992] [   5959]     0  5959    11222      558   122880        0         -1000 systemd-udevd
[  241.997327][ T9992] [   6035]     0  6035     5114      277    73728        0             0 dhclient
[  242.000245][ T9992] [   6056]   100  6056    31821      123   151552        0             0 systemd-timesyn
[  242.003379][ T9992] [   9631]     0  9631     6998       59   106496        0             0 cron
[  242.009027][ T9992] [   9633]     0  9633    63582      200   151552        0             0 rsyslogd
[  242.012007][ T9992] [   9639]     0  9639    17489      188   172032        0         -1000 sshd
[  242.014873][ T9992] [   9641]     0  9641     3220       32    73728        0             0 agetty
[  242.018037][ T9992] [   9642]     0  9642     3220       31    73728        0             0 agetty
[  242.020875][ T9992] [   9643]     0  9643     3220       32    69632        0             0 agetty
[  242.023733][ T9992] [   9644]     0  9644     3220       32    61440        0             0 agetty
[  242.030281][ T9992] [   9645]     0  9645     3220       32    73728        0             0 agetty
[  242.033377][ T9992] [   9649]     0  9649     3164       33    73728        0             0 agetty
[  242.036590][ T9992] [   9650]     0  9650     3220       31    73728        0             0 agetty
[  242.039470][ T9992] [   9852]     0  9852     6371       53    86016        0             0 rdma-ndd
[  242.042442][ T9992] [   9930]     0  9930    23218      233   229376        0             0 sshd
[  242.045335][ T9992] [   9936]     0  9936   220920     7632   405504        0             0 syz-fuzzer
[  242.051171][ T9992] [   9989]     0  9989    21239       17   118784        0             0 syz-executor.0
[  242.054272][ T9992] [   9992]     0  9992    23287     8483   126976        0             0 syz-executor.0
[  242.057571][ T9992] [  19923]     0 19922    23452     9262   139264        0          1000 syz-executor.0
[  242.060797][ T9992] oom-kill:constraint=CONSTRAINT_NONE,nodemask=(null),cpuset=/,mems_allowed=0-1,global_oom,task_memcg=/,task=syz-executor.0,pid=19922,uid=0
[  242.065544][ T9992] Out of memory: Killed process 19923 (syz-executor.0) total-vm:93808kB, anon-rss:2232kB, file-rss:34816kB, shmem-rss:0kB, UID:0 pgtables:139264kB oom_score_adj:1000
[  242.096533][ T2006] oom_reaper: reaped process 19923 (syz-executor.0), now anon-rss:0kB, file-rss:34816kB, shmem-rss:0kB
[  242.100759][ T9992] syz-executor.0 invoked oom-killer: gfp_mask=0x100cca(GFP_HIGHUSER_MOVABLE), order=0, oom_score_adj=0
[  242.104259][ T9992] CPU: 0 PID: 9992 Comm: syz-executor.0 Not tainted 5.4.0+ #27
[  242.106644][ T9992] Hardware name: QEMU Standard PC (i440FX + PIIX, 1996), BIOS Ubuntu-1.8.2-1ubuntu1 04/01/2014
[  242.110016][ T9992] Call Trace:
[  242.111112][ T9992]  dump_stack+0xc6/0x11e
[  242.112604][ T9992]  dump_header+0x10b/0xb50
[  242.114184][ T9992]  ? _raw_spin_unlock_irqrestore+0x39/0x60
[  242.116389][ T9992]  ? ___ratelimit+0x4f/0x460
[  242.117922][ T9992]  oom_kill_process+0x177/0x3c0
[  242.119663][ T9992]  out_of_memory+0x309/0x13b0
[  242.121228][ T9992]  ? oom_killer_disable+0x240/0x240
[  242.123125][ T9992]  ? mutex_trylock+0x26f/0x300
[  242.124837][ T9992]  ? __alloc_pages_slowpath+0xadb/0x2480
[  242.126867][ T9992]  __alloc_pages_slowpath+0x205b/0x2480
[  242.128874][ T9992]  ? warn_alloc+0x290/0x290
[  242.130986][ T9992]  ? xas_descend+0x141/0x3a0
[  242.132774][ T9992]  __alloc_pages_nodemask+0x5e5/0x850
[  242.135330][ T9992]  ? __alloc_pages_slowpath+0x2480/0x2480
[  242.137495][ T9992]  ? __filemap_set_wb_err+0x250/0x250
[  242.139398][ T9992]  alloc_pages_current+0xac/0x1e0
[  242.141183][ T9992]  __page_cache_alloc+0x1a0/0x2c0
[  242.142997][ T9992]  pagecache_get_page+0x1a2/0x640
[  242.144788][ T9992]  filemap_fault+0xc2a/0x1b10
[  242.146350][ T9992]  ? lock_downgrade+0x6d0/0x6d0
[  242.148067][ T9992]  ext4_filemap_fault+0x80/0xa7
[  242.149790][ T9992]  __do_fault+0x16d/0x3cb
[  242.151363][ T9992]  ? __handle_mm_fault+0x2140/0x3640
[  242.153252][ T9992]  __handle_mm_fault+0x214c/0x3640
[  242.155163][ T9992]  ? __pmd_alloc+0x370/0x370
[  242.156673][ T9992]  ? __count_memcg_events+0x7d/0x200
[  242.158589][ T9992]  handle_mm_fault+0x2e5/0x8c0
[  242.160277][ T9992]  __do_page_fault+0x470/0xa60
[  242.161871][ T9992]  ? do_page_fault+0x27/0x4e4
[  242.163545][ T9992]  async_page_fault+0x34/0x40
[  242.165113][ T9992] RIP: 0033:0x45c2f0
[  242.166527][ T9992] Code: Bad RIP value.
[  242.167790][ T9992] RSP: 002b:00007ffe17ae31f8 EFLAGS: 00010202
[  242.169923][ T9992] RAX: 0000000000000000 RBX: 000000000003aa54 RCX: 0000000000417a4b
[  242.172874][ T9992] RDX: 0000000000000000 RSI: 0000000000000000 RDI: 00007ffe17ae3200
[  242.175552][ T9992] RBP: 0000000000001bfc R08: 0000000000000000 R09: 00000000029ea940
[  242.178259][ T9992] R10: 0000000000000000 R11: 0000000000000000 R12: 0000000000000007
[  242.180925][ T9992] R13: 00007ffe17ae3250 R14: 000000000003a72d R15: 00007ffe17ae3260
[  242.219771][ T9992] Mem-Info:
[  242.220931][ T9992] active_anon:10525 inactive_anon:6958 isolated_anon:0
[  242.220931][ T9992]  active_file:9 inactive_file:10 isolated_file:0
[  242.220931][ T9992]  unevictable:8 dirty:0 writeback:0 unstable:0
[  242.220931][ T9992]  slab_reclaimable:10176 slab_unreclaimable:32832
[  242.220931][ T9992]  mapped:10099 shmem:7136 pagetables:530 bounce:0
[  242.220931][ T9992]  free:10112 free_pcp:119 free_cma:0
[  242.248115][ T9992] Node 0 active_anon:40460kB inactive_anon:27816kB active_file:24kB inactive_file:28kB unevictable:32kB isolated(anon):0kB isolated(file):0kB mapped:5580kB dirty:0kB writeback:0kB shmem:28512kB shmem_thp: 0kB shmem_pmdmapped: 0kB anon_thp: 12288kB writeback_tmp:0kB unstable:0kB all_unreclaimable? yes
[  242.288263][ T9992] Node 1 active_anon:1640kB inactive_anon:16kB active_file:12kB inactive_file:12kB unevictable:0kB isolated(anon):0kB isolated(file):0kB mapped:34816kB dirty:0kB writeback:0kB shmem:32kB shmem_thp: 0kB shmem_pmdmapped: 0kB anon_thp: 0kB writeback_tmp:0kB unstable:0kB all_unreclaimable? yes
[  242.341399][ T9992] Node 0 DMA free:2148kB min:712kB low:888kB high:1064kB active_anon:4kB inactive_anon:0kB active_file:0kB inactive_file:0kB unevictable:0kB writepending:0kB present:15992kB managed:15908kB mlocked:0kB kernel_stack:0kB pagetables:32kB bounce:0kB free_pcp:0kB local_pcp:0kB free_cma:0kB
[  242.405750][ T9992] lowmem_reserve[]: 0 449 449 449 449
[  242.408895][ T9992] Node 0 DMA32 free:16520kB min:30872kB low:36028kB high:41184kB active_anon:40456kB inactive_anon:27816kB active_file:24kB inactive_file:28kB unevictable:32kB writepending:0kB present:1032192kB managed:465724kB mlocked:32kB kernel_stack:6848kB pagetables:1752kB bounce:0kB free_pcp:188kB local_pcp:188kB free_cma:0kB
[  242.455932][ T9992] lowmem_reserve[]: 0 0 0 0 0
[  242.458485][ T9992] Node 1 DMA32 free:181956kB min:46232kB low:57788kB high:69344kB active_anon:1640kB inactive_anon:16kB active_file:12kB inactive_file:3828kB unevictable:0kB writepending:104kB present:1048448kB managed:1031988kB mlocked:0kB kernel_stack:224kB pagetables:336kB bounce:0kB free_pcp:1452kB local_pcp:1452kB free_cma:0kB
[  242.516019][ T9992] lowmem_reserve[]: 0 0 0 0 0
[  242.518555][ T9992] Node 0 DMA: 2*4kB (UE) 1*8kB (U) 1*16kB (U) 5*32kB (U) 2*64kB (UE) 3*128kB (UE) 2*256kB (UE) 1*512kB (U) 1*1024kB (U) 1*2048kB (U) 0*4096kB = 4800kB
[  242.535964][ T9992] Node 0 DMA32: 1276*4kB (UME) 666*8kB (UME) 391*16kB (UME) 283*32kB (UME) 135*64kB (UME) 76*128kB (UM) 34*256kB (UM) 7*512kB (U) 3*1024kB (U) 5*2048kB (UM) 0*4096kB = 69712kB
[  242.541650][ T9992] Node 1 DMA32: 7*4kB (UME) 6*8kB (UME) 8*16kB (UME) 5*32kB (UME) 4*64kB (UM) 18*128kB (UME) 11*256kB (UME) 15*512kB (UME) 12*1024kB (UME) 6*2048kB (UM) 41*4096kB (U) = 205932kB
[  242.555941][ T9992] Node 0 hugepages_total=0 hugepages_free=0 hugepages_surp=0 hugepages_size=2048kB
[  242.559108][ T9992] Node 1 hugepages_total=0 hugepages_free=0 hugepages_surp=0 hugepages_size=2048kB
[  242.562231][ T9992] 8128 total pagecache pages
[  242.563794][ T9992] 0 pages in swap cache
[  242.565139][ T9992] Swap cache stats: add 0, delete 0, find 0/0
[  242.585807][ T9992] Free swap  = 0kB
[  242.587162][ T9992] Total swap = 0kB
[  242.589135][ T9992] 524158 pages RAM
[  242.590456][ T9992] 0 pages HighMem/MovableOnly
[  242.591994][ T9992] 145753 pages reserved
[  242.594233][ T9992] 0 pages cma reserved
[  242.595636][ T9992] Unreclaimable slab info:
[  242.605748][ T9992] Name                      Used          Total
[  242.607884][ T9992] pid_2                     24KB         24KB
[  242.609874][ T9992] rxe-mr                     3KB          3KB
[  242.611921][ T9992] rxe-qp                    29KB         29KB
[  242.613913][ T9992] bio-3                      3KB          3KB
[  242.635937][ T9992] batadv_tt_change_cache          4KB          4KB
[  242.638195][ T9992] batadv_tl_cache            4KB          4KB
[  242.641534][ T9992] TIPC                      15KB         15KB
[  242.644810][ T9992] SCTPv6                    30KB         30KB
[  242.655944][ T9992] DCCPv6                    30KB         30KB
[  242.659226][ T9992] DCCP                      30KB         30KB
[  242.662499][ T9992] RXRPC                     30KB         30KB
[  242.675984][ T9992] rxrpc_call_jar            30KB         30KB
[  242.679370][ T9992] bridge_fdb_cache           3KB          3KB
[  242.682607][ T9992] fib6_nodes                28KB         28KB
[  242.701559][ T9992] ip6_dst_cache             56KB         56KB
[  242.704935][ T9992] RAWv6                     30KB         30KB
[  242.715945][ T9992] UDPv6                     45KB         45KB
[  242.719218][ T9992] TCPv6                     30KB         30KB
[  242.732112][ T9992] nf_conntrack               7KB          7KB
[  242.745815][ T9992] t10_alua_lu_gp_cache          3KB          3KB
[  242.749258][ T9992] scsi_sense_cache           4KB          4KB
[  242.752442][ T9992] sd_ext_cdb                 3KB          3KB
[  242.765752][ T9992] virtio_scsi_cmd           16KB         16KB
[  242.769139][ T9992] sgpool-128                29KB         29KB
[  242.772350][ T9992] sgpool-64                 31KB         31KB
[  242.775596][ T9992] sgpool-32                 31KB         31KB
[  242.795977][ T9992] sgpool-16                 15KB         15KB
[  242.799687][ T9992] sgpool-8                  37KB         37KB
[  242.816026][ T9992] mqueue_inode_cache         15KB         15KB
[  242.818818][ T9992] f2fs_bio_post_read_ctx         15KB         15KB
[  242.821706][ T9992] bio-2                     15KB         15KB
[  242.823773][ T9992] jfs_mp                     7KB          7KB
[  242.836077][ T9992] cifs_small_rq             16KB         16KB
[  242.838237][ T9992] cifs_request              67KB         67KB
[  242.840362][ T9992] cifs_mpx_ids               3KB          3KB
[  242.842393][ T9992] nfs_commit_data            7KB          7KB
[  242.844392][ T9992] nfs_write_data            32KB         32KB
[  242.855957][ T9992] jbd2_inode                 3KB          3KB
[  242.858029][ T9992] ext4_system_zone           3KB          3KB
[  242.860126][ T9992] ext4_bio_post_read_ctx         15KB         15KB
[  242.862309][ T9992] bio-1                      3KB          3KB
[  242.864306][ T9992] pid_namespace              3KB          3KB
[  242.886141][ T9992] posix_timers_cache          3KB          3KB
[  242.905755][ T9992] rpc_buffers               31KB         31KB
[  242.909071][ T9992] rpc_tasks                  3KB          3KB
[  242.911912][ T9992] UNIX                     308KB        462KB
[  242.914875][ T9992] tcp_bind_bucket            4KB          4KB
[  242.935997][ T9992] ip_fib_trie                8KB          8KB
[  242.939019][ T9992] ip_fib_alias              19KB         19KB
[  242.942022][ T9992] ip_dst_cache               4KB          4KB
[  242.944861][ T9992] RAW                       15KB         15KB
[  242.955978][ T9992] UDP                      106KB        106KB
[  242.958913][ T9992] request_sock_TCP           3KB          3KB
[  242.961894][ T9992] TCP                       30KB         30KB
[  242.964796][ T9992] hugetlbfs_inode_cache         15KB         15KB
[  242.985800][ T9992] fscache_cookie_jar          3KB          3KB
[  242.988864][ T9992] eventpoll_pwq             27KB         27KB
[  242.991830][ T9992] eventpoll_epi             47KB         47KB
[  242.994942][ T9992] inotify_inode_mark         11KB         11KB
[  243.005747][ T9992] request_queue            212KB        212KB
[  243.016586][ T9992] blkdev_ioc                11KB         11KB
[  243.019712][ T9992] bio-0                     76KB         90KB
[  243.022762][ T9992] biovec-max               773KB        773KB
[  243.036007][ T9992] biovec-64                 78KB        126KB
[  243.039195][ T9992] biovec-16                 15KB         15KB
[  243.042356][ T9992] bio_integrity_payload          3KB          3KB
[  243.045528][ T9992] khugepaged_mm_slot          7KB          7KB
[  243.065796][ T9992] uid_cache                  4KB          4KB
[  243.069169][ T9992] dmaengine-unmap-2          4KB          4KB
[  243.072370][ T9992] audit_buffer               3KB          3KB
[  243.075500][ T9992] skbuff_ext_cache           4KB          4KB
[  243.085846][ T9992] skbuff_fclone_cache         67KB         97KB
[  243.089173][ T9992] skbuff_head_cache        103KB        120KB
[  243.092364][ T9992] configfs_dir_cache          4KB          4KB
[  243.095586][ T9992] file_lock_cache           50KB         69KB
[  243.115984][ T9992] file_lock_ctx             11KB         11KB
[  243.119054][ T9992] fsnotify_mark_connector          7KB          7KB
[  243.122475][ T9992] net_namespace             27KB         27KB
[  243.125608][ T9992] task_delay_info          140KB        257KB
[  243.129965][ T9992] taskstats                 11KB         11KB
[  243.132884][ T9992] proc_dir_entry           341KB        341KB
[  243.136959][ T9992] pde_opener                11KB         11KB
[  243.140241][ T9992] seq_file                  55KB         55KB
[  243.143589][ T9992] sigqueue                  15KB         15KB
[  243.147699][ T9992] shmem_inode_cache       8267KB       8302KB
[  243.150681][ T9992] kernfs_iattrs_cache         11KB         11KB
[  243.153771][ T9992] kernfs_node_cache      16297KB      16297KB
[  243.158177][ T9992] mnt_cache                 67KB         67KB
[  243.161178][ T9992] filp                    1132KB       1170KB
[  243.164371][ T9992] names_cache            21003KB      21182KB
[  243.168550][ T9992] iint_cache               102KB        115KB
[  243.171526][ T9992] lsm_file_cache           183KB        213KB
[  243.174530][ T9992] key_jar                    7KB          7KB
[  243.178763][ T9992] uts_namespace              3KB          3KB
[  243.181846][ T9992] nsproxy                    3KB          3KB
[  243.185087][ T9992] vm_area_struct           619KB        754KB
[  243.189470][ T9992] mm_struct                172KB        216KB
[  243.192669][ T9992] fs_cache                  20KB         48KB
[  243.196673][ T9992] files_cache               71KB        150KB
[  243.199894][ T9992] signal_cache             375KB       1075KB
[  243.203068][ T9992] sighand_cache            541KB        541KB
[  243.207290][ T9992] task_struct             2272KB       3584KB
[  243.210684][ T9992] cred_jar                 345KB        364KB
[  243.214125][ T9992] anon_vma_chain           171KB        244KB
[  243.218473][ T9992] anon_vma                 179KB        207KB
[  243.221462][ T9992] pid                       77KB        236KB
[  243.224550][ T9992] Acpi-Operand              72KB        118KB
[  243.228531][ T9992] Acpi-ParseExt             15KB         15KB
[  243.231579][ T9992] Acpi-Parse                51KB         90KB
[  243.234625][ T9992] Acpi-State                15KB         55KB
[  243.238873][ T9992] Acpi-Namespace            24KB         24KB
[  243.241865][ T9992] numa_policy                3KB          3KB
[  243.244898][ T9992] trace_event_file         338KB        338KB
[  243.249105][ T9992] ftrace_event_field        456KB        456KB
[  243.252176][ T9992] pool_workqueue           104KB        104KB
[  243.255106][ T9992] vmap_area                216KB        216KB
[  243.259324][ T9992] debug_objects_cache        754KB        858KB
[  243.262350][ T9992] page->ptl                161KB        213KB
[  243.265332][ T9992] dma-kmalloc-512            8KB          8KB
[  243.269316][ T9992] kmalloc-8k              2528KB       2720KB
[  243.272453][ T9992] kmalloc-4k             24856KB      28544KB
[  243.275505][ T9992] kmalloc-2k              9636KB      10176KB
[  243.279871][ T9992] kmalloc-1k              4014KB       4384KB
[  243.282777][ T9992] kmalloc-512             2637KB       4152KB
[  243.286542][ T9992] kmalloc-256             3629KB       3696KB
[  243.289702][ T9992] kmalloc-192              463KB        864KB
[  243.292672][ T9992] kmalloc-128              568KB        576KB
[  243.296888][ T9992] kmalloc-96              1621KB       1648KB
[  243.300073][ T9992] kmalloc-64              2947KB       3060KB
[  243.303048][ T9992] kmalloc-32               216KB        256KB
[  243.307014][ T9992] kmalloc-16               180KB        192KB
[  243.309835][ T9992] kmalloc-8                361KB        370KB
[  243.312824][ T9992] kmem_cache_node          180KB        181KB
[  243.317170][ T9992] kmem_cache               300KB        300KB
[  243.320263][ T9992] Tasks state (memory values in pages):
[  243.323031][ T9992] [  pid  ]   uid  tgid total_vm      rss pgtables_bytes swapents oom_score_adj name
[  243.328623][ T9992] [   5952]     0  5952    15621     1955   131072        0             0 systemd-journal
[  243.333263][ T9992] [   5959]     0  5959    11222      558   122880        0         -1000 systemd-udevd
[  243.339748][ T9992] [   6035]     0  6035     5114      277    73728        0             0 dhclient
[  243.344378][ T9992] [   6056]   100  6056    31821      123   151552        0             0 systemd-timesyn
[  243.350124][ T9992] [   9631]     0  9631     6998       59   106496        0             0 cron
[  243.353113][ T9992] [   9633]     0  9633    63582      500   151552        0             0 rsyslogd
[  243.368639][ T9992] [   9639]     0  9639    17489      188   172032        0         -1000 sshd
[  243.373281][ T9992] [   9641]     0  9641     3220       32    73728        0             0 agetty
[  243.378508][ T9992] [   9642]     0  9642     3220       31    73728        0             0 agetty
[  243.382510][ T9992] [   9643]     0  9643     3220       32    69632        0             0 agetty
[  243.386980][ T9992] [   9644]     0  9644     3220       32    61440        0             0 agetty
[  243.390285][ T9992] [   9645]     0  9645     3220       32    73728        0             0 agetty
[  243.393996][ T9992] [   9649]     0  9649     3164       33    73728        0             0 agetty
[  243.398350][ T9992] [   9650]     0  9650     3220       31    73728        0             0 agetty
[  243.402024][ T9992] [   9852]     0  9852     6371       53    86016        0             0 rdma-ndd
[  243.405418][ T9992] [   9930]     0  9930    23218      233   229376        0             0 sshd
[  243.410148][ T9992] [   9936]     0  9936   220920     7632   409600        0             0 syz-fuzzer
[  243.414069][ T9992] [   9989]     0  9989    21239       17   118784        0             0 syz-executor.0
[  243.419262][ T9992] [   9992]     0  9992    23287     8483   126976        0             0 syz-executor.0
[  243.423264][ T9992] oom-kill:constraint=CONSTRAINT_NONE,nodemask=(null),cpuset=/,mems_allowed=0-1,global_oom,task_memcg=/,task=syz-executor.0,pid=9992,uid=0
[  243.429955][ T9992] Out of memory: Killed process 9992 (syz-executor.0) total-vm:93148kB, anon-rss:108kB, file-rss:33824kB, shmem-rss:0kB, UID:0 pgtables:126976kB oom_score_adj:0
[  243.437687][ T2006] oom_reaper: reaped process 9992 (syz-executor.0), now anon-rss:0kB, file-rss:33824kB, shmem-rss:0kB
16:41:51 executing program 0:
r0 = syz_open_dev$vivid(&(0x7f0000000000)='/dev/video#\x00', 0x0, 0x2)
ioctl$VIDIOC_S_FMT(0xffffffffffffffff, 0xc0d05605, &(0x7f0000000040)={0x0, @vbi={0x0, 0x0, 0x0, 0x0, [0x8]}})
r1 = syz_open_dev$vivid(&(0x7f0000000080)='/dev/video#\x00', 0x2, 0x2)
ioctl$VIDIOC_ENUM_FRAMESIZES(r1, 0xc02c564a, &(0x7f0000000280)={0x0, 0x20303159, 0x0, @stepwise})
ioctl$VIDIOC_S_SELECTION(r1, 0xc040565f, &(0x7f0000000140)={0x16, 0x103, 0x3, {0x800, 0xd01a, 0x800, 0x8}})
ioctl$VIDIOC_S_STD(r0, 0x40085618, &(0x7f0000000180)=0xff0000)
ioctl$VIDIOC_S_FMT(r0, 0xc0d05605, &(0x7f0000000480)={0x3, @win={{}, 0x0, 0x0, &(0x7f0000000040), 0x2, 0x0}})
r2 = syz_open_dev$vivid(&(0x7f0000000080)='/dev/video#\x00', 0x2, 0x2)
ioctl$VIDIOC_ENUM_FRAMESIZES(r2, 0xc02c564a, &(0x7f0000000280)={0x0, 0x20303159, 0x0, @stepwise})
ioctl$VIDIOC_G_FMT(r2, 0xc0d05604, &(0x7f00000002c0)={0x3, @vbi={0x2, 0x0, 0x2, 0x32315659, [0x250, 0x1ff], [0xfffffff9, 0x5], 0x1}})

[  244.052131][ T4042] batman_adv: batadv0: Interface deactivated: batadv_slave_0
[  244.069217][ T4042] batman_adv: batadv0: Removing interface: batadv_slave_0
[  244.073912][ T4042] batman_adv: batadv0: Interface deactivated: batadv_slave_1
[  244.081593][ T4042] batman_adv: batadv0: Removing interface: batadv_slave_1
[  244.087096][ T4042] device bridge_slave_1 left promiscuous mode
[  244.090489][ T4042] bridge0: port 2(bridge_slave_1) entered disabled state
[  244.095242][ T4042] device bridge_slave_0 left promiscuous mode
[  244.099837][ T4042] bridge0: port 1(bridge_slave_0) entered disabled state
[  244.105543][ T4042] device veth1_macvtap left promiscuous mode
[  244.109869][ T4042] device veth0_macvtap left promiscuous mode
[  244.113207][ T4042] device veth1_vlan left promiscuous mode
[  244.115121][ T4042] device veth0_vlan left promiscuous mode
[  244.344609][ T4042] device hsr_slave_0 left promiscuous mode
[  244.346913][ T4042] device hsr_slave_1 left promiscuous mode
[  244.354883][ T4042] team0 (unregistering): Port device team_slave_1 removed
[  244.362048][ T4042] team0 (unregistering): Port device team_slave_0 removed
[  244.368083][ T4042] bond0 (unregistering): (slave bond_slave_1): Releasing backup interface
[  244.372409][ T4042] bond0 (unregistering): (slave bond_slave_0): Releasing backup interface
[  244.388818][ T4042] bond0 (unregistering): Released all slaves
[  246.197810][T19950] IPVS: ftp: loaded support on port[0] = 21
[  246.406840][T19950] chnl_net:caif_netlink_parms(): no params data found
[  246.484966][T19950] bridge0: port 1(bridge_slave_0) entered blocking state
[  246.501689][T19950] bridge0: port 1(bridge_slave_0) entered disabled state
[  246.509702][T19950] device bridge_slave_0 entered promiscuous mode
[  246.536651][T19950] bridge0: port 2(bridge_slave_1) entered blocking state
[  246.539109][T19950] bridge0: port 2(bridge_slave_1) entered disabled state
[  246.542117][T19950] device bridge_slave_1 entered promiscuous mode
[  246.557912][T19950] bond0: (slave bond_slave_0): Enslaving as an active interface with an up link
[  246.562104][T19950] bond0: (slave bond_slave_1): Enslaving as an active interface with an up link
[  246.580484][T19950] team0: Port device team_slave_0 added
[  246.584577][T19950] team0: Port device team_slave_1 added
[  246.612812][T19950] batman_adv: batadv0: Adding interface: batadv_slave_0
[  246.616701][T19950] batman_adv: batadv0: The MTU of interface batadv_slave_0 is too small (1500) to handle the transport of batman-adv packets. Packets going over this interface will be fragmented on layer2 which could impact the performance. Setting the MTU to 1560 would solve the problem.
[  246.639931][T19950] batman_adv: batadv0: Not using interface batadv_slave_0 (retrying later): interface not active
[  246.647586][T19950] batman_adv: batadv0: Adding interface: batadv_slave_1
[  246.651027][T19950] batman_adv: batadv0: The MTU of interface batadv_slave_1 is too small (1500) to handle the transport of batman-adv packets. Packets going over this interface will be fragmented on layer2 which could impact the performance. Setting the MTU to 1560 would solve the problem.
[  246.666175][T19950] batman_adv: batadv0: Not using interface batadv_slave_1 (retrying later): interface not active
[  246.681635][T19950] device hsr_slave_0 entered promiscuous mode
[  246.684183][T19950] device hsr_slave_1 entered promiscuous mode
[  246.832272][T19950] bridge0: port 2(bridge_slave_1) entered blocking state
[  246.838301][T19950] bridge0: port 2(bridge_slave_1) entered forwarding state
[  246.840787][T19950] bridge0: port 1(bridge_slave_0) entered blocking state
[  246.843168][T19950] bridge0: port 1(bridge_slave_0) entered forwarding state
[  246.870327][T19950] 8021q: adding VLAN 0 to HW filter on device bond0
[  246.878139][T10237] IPv6: ADDRCONF(NETDEV_CHANGE): veth0: link becomes ready
[  246.881587][T10237] bridge0: port 1(bridge_slave_0) entered disabled state
[  246.884057][T10237] bridge0: port 2(bridge_slave_1) entered disabled state
[  246.890169][T10237] IPv6: ADDRCONF(NETDEV_CHANGE): bond0: link becomes ready
[  246.894751][T19950] 8021q: adding VLAN 0 to HW filter on device team0
[  246.900801][T10237] IPv6: ADDRCONF(NETDEV_CHANGE): bridge_slave_0: link becomes ready
[  246.908794][T10237] bridge0: port 1(bridge_slave_0) entered blocking state
[  246.911114][T10237] bridge0: port 1(bridge_slave_0) entered forwarding state
[  246.947356][T10237] IPv6: ADDRCONF(NETDEV_CHANGE): bridge_slave_1: link becomes ready
[  246.951935][T10237] bridge0: port 2(bridge_slave_1) entered blocking state
[  246.954197][T10237] bridge0: port 2(bridge_slave_1) entered forwarding state
[  246.965350][T19950] hsr0: Slave A (hsr_slave_0) is not up; please bring it up to get a fully working HSR network
[  246.970349][T19950] hsr0: Slave B (hsr_slave_1) is not up; please bring it up to get a fully working HSR network
[  246.976177][    T7] IPv6: ADDRCONF(NETDEV_CHANGE): team_slave_0: link becomes ready
[  246.979254][    T7] IPv6: ADDRCONF(NETDEV_CHANGE): team_slave_1: link becomes ready
[  246.981992][    T7] IPv6: ADDRCONF(NETDEV_CHANGE): hsr_slave_0: link becomes ready
[  246.984805][    T7] IPv6: ADDRCONF(NETDEV_CHANGE): hsr_slave_1: link becomes ready
[  246.996660][    T7] IPv6: ADDRCONF(NETDEV_CHANGE): vxcan0: link becomes ready
[  246.999200][    T7] IPv6: ADDRCONF(NETDEV_CHANGE): vxcan1: link becomes ready
[  247.001703][    T7] IPv6: ADDRCONF(NETDEV_CHANGE): hsr0: link becomes ready
[  247.004475][    T7] IPv6: ADDRCONF(NETDEV_CHANGE): team0: link becomes ready
[  247.010260][T19950] 8021q: adding VLAN 0 to HW filter on device batadv0
[  247.045229][    T7] IPv6: ADDRCONF(NETDEV_CHANGE): veth0_virt_wifi: link becomes ready
[  247.054040][    T7] IPv6: ADDRCONF(NETDEV_CHANGE): veth0_vlan: link becomes ready
[  247.058179][    T7] IPv6: ADDRCONF(NETDEV_CHANGE): vlan0: link becomes ready
[  247.061122][    T7] IPv6: ADDRCONF(NETDEV_CHANGE): vlan1: link becomes ready
[  247.064625][T19950] device veth0_vlan entered promiscuous mode
[  247.070696][T19950] device veth1_vlan entered promiscuous mode
[  247.080935][    T7] IPv6: ADDRCONF(NETDEV_CHANGE): macvlan0: link becomes ready
[  247.083830][    T7] IPv6: ADDRCONF(NETDEV_CHANGE): macvlan1: link becomes ready
[  247.088313][    T7] IPv6: ADDRCONF(NETDEV_CHANGE): veth0_macvtap: link becomes ready
[  247.091942][T19950] device veth0_macvtap entered promiscuous mode
[  247.095314][T19950] device veth1_macvtap entered promiscuous mode
[  247.105398][T19950] batman_adv: batadv0: Interface activated: batadv_slave_0
[  247.108992][    T7] IPv6: ADDRCONF(NETDEV_CHANGE): veth0_to_batadv: link becomes ready
[  247.112606][    T7] IPv6: ADDRCONF(NETDEV_CHANGE): macvtap0: link becomes ready
[  247.117337][T19950] batman_adv: batadv0: Interface activated: batadv_slave_1
[  247.124352][    T7] IPv6: ADDRCONF(NETDEV_CHANGE): veth1_to_batadv: link becomes ready
[  247.211941][T19950] ieee80211 phy5: Selected rate control algorithm 'minstrel_ht'
[  247.232561][ T9778] wlan0: Created IBSS using preconfigured BSSID 50:50:50:50:50:50
[  247.235243][ T9778] wlan0: Creating new IBSS network, BSSID 50:50:50:50:50:50
[  247.247723][T19950] ieee80211 phy6: Selected rate control algorithm 'minstrel_ht'
[  247.266350][ T9860] IPv6: ADDRCONF(NETDEV_CHANGE): wlan0: link becomes ready
[  247.272323][ T9778] wlan1: Created IBSS using preconfigured BSSID 50:50:50:50:50:50
[  247.275027][ T9778] wlan1: Creating new IBSS network, BSSID 50:50:50:50:50:50
[  247.280210][ T9860] IPv6: ADDRCONF(NETDEV_CHANGE): wlan1: link becomes ready
16:41:54 executing program 0:
r0 = syz_open_dev$vbi(&(0x7f0000000100)='/dev/vbi#\x00', 0x3, 0x2)
ioctl$VIDIOC_TRY_EXT_CTRLS(r0, 0xc0205649, &(0x7f00000001c0)={0x4, 0x3, 0x10001, 0xffffffffffffffff, 0x0, &(0x7f0000000180)={0x9c0909, 0x5, [], @p_u8=&(0x7f0000000140)=0x4}})
ioctl$VIDIOC_SUBDEV_ENUM_FRAME_INTERVAL(r0, 0xc040564b, &(0x7f0000000200)={0xbe0, 0x0, 0x3014, 0x5, 0x7f, {0x1, 0x2}})
r1 = syz_open_dev$vivid(&(0x7f0000000000)='/dev/video#\x00', 0x3, 0x2)
ioctl$VIDIOC_REQBUFS(r1, 0xc0145608, &(0x7f0000000040)={0xfffc, 0xa, 0x4})
ioctl$VIDIOC_REQBUFS(r1, 0xc0145608, &(0x7f0000000080)={0x0, 0xa, 0x1})
ioctl$VIDIOC_G_AUDOUT(r1, 0x80345631, &(0x7f00000000c0))

16:41:54 executing program 0:
ioctl$VIDIOC_G_EDID(0xffffffffffffffff, 0xc0285628, &(0x7f0000000040)={0x0, 0xfa0, 0xbf39, [], &(0x7f0000000000)=0x6d})
r0 = syz_open_dev$swradio(&(0x7f0000000200)='/dev/swradio#\x00', 0x1, 0x2)
ioctl$VIDIOC_G_DV_TIMINGS(r0, 0xc0845658, 0x0)
r1 = syz_open_dev$vivid(&(0x7f0000000080)='/dev/video#\x00', 0x2, 0x2)
ioctl$VIDIOC_ENUM_FRAMESIZES(r1, 0xc02c564a, &(0x7f0000000280)={0x0, 0x3247504d, 0x0, @stepwise})
ioctl$VIDIOC_QUERY_EXT_CTRL(r1, 0xc0e85667, &(0x7f0000000080)={0xc0000000, 0x100, "6216aeb4bed8fcaee6a23a6f81f385d81dd7dc5c7b2253e984082f5132dbee83", 0x74b8, 0x101, 0x7, 0x2, 0x9, 0x6, 0x2, 0x8, [0x68, 0x3f, 0xfffffffd, 0x8]})

16:41:54 executing program 0:
r0 = syz_open_dev$vbi(&(0x7f0000000fc0)='/dev/vbi#\x00', 0x2, 0x2)
ioctl$VIDIOC_QUERYCTRL(r0, 0xc0445624, &(0x7f0000000000)={0xfffff970, 0x0, "56c4653ff2a533c77d81b6700f0c33759b4fff0e4f84048670dc6cd33e1fc039"})

16:41:54 executing program 0:
r0 = syz_open_dev$vivid(&(0x7f0000000000)='/dev/video#\x00', 0x3, 0x2)
ioctl$VIDIOC_REQBUFS(r0, 0xc0145608, &(0x7f0000000040)={0xfffc, 0xa, 0x4})
ioctl$VIDIOC_REQBUFS(r0, 0xc0145608, &(0x7f0000000080)={0x0, 0xa, 0x1})
r1 = syz_open_dev$vivid(&(0x7f0000000080)='/dev/video#\x00', 0x2, 0x2)
ioctl$VIDIOC_ENUM_FRAMESIZES(r1, 0xc02c564a, &(0x7f0000000280)={0x0, 0x20303159, 0x0, @stepwise})
ioctl$VIDIOC_S_FMT(r1, 0xc0d05605, &(0x7f0000000100)={0x8, @pix={0x9, 0x100, 0x30313953, 0x8, 0x7, 0x10001, 0x1, 0x1, 0x1, 0x8, 0x0, 0x1}})
r2 = syz_open_dev$vivid(&(0x7f0000000080)='/dev/video#\x00', 0x2, 0x2)
ioctl$VIDIOC_ENUM_FRAMESIZES(r2, 0xc02c564a, &(0x7f0000000280)={0x0, 0x20303159, 0x0, @stepwise})
ioctl$VIDIOC_REQBUFS(r2, 0xc0145608, &(0x7f00000000c0)={0x5, 0x5, 0x1})

16:41:55 executing program 0:
r0 = openat$vicodec0(0xffffffffffffff9c, &(0x7f0000000040)='/dev/video36\x00', 0x2, 0x0)
ioctl$VIDIOC_SUBSCRIBE_EVENT(r0, 0x4020565a, &(0x7f0000000000)={0x4, 0x7, 0x2})
ioctl$VIDIOC_ENUM_FMT(r0, 0xc0405602, &(0x7f0000000280)={0x0, 0x1, 0x0, "2c09000000000000000000200000000000000000000800000200"})

16:41:55 executing program 0:
r0 = openat$vicodec1(0xffffffffffffff9c, &(0x7f00000002c0)='/dev/video37\x00', 0x2, 0x0)
ioctl$VIDIOC_REQBUFS(r0, 0xc0145608, &(0x7f0000000080)={0x0, 0x2, 0x1})
openat$vimc1(0xffffffffffffff9c, &(0x7f0000000000)='/dev/video1\x00', 0x2, 0x0)
r1 = syz_open_dev$vivid(&(0x7f0000000080)='/dev/video#\x00', 0x2, 0x2)
ioctl$VIDIOC_ENUM_FRAMESIZES(r1, 0xc02c564a, &(0x7f0000000280)={0x0, 0x20303159, 0x0, @stepwise})
r2 = syz_open_dev$cec(&(0x7f0000000040)='/dev/cec#\x00', 0x1, 0x2)
ioctl$VIDIOC_DQEVENT(r2, 0x80885659, &(0x7f00000000c0)={0x0, @motion_det})

16:41:55 executing program 0:
ioctl$VIDIOC_S_FMT(0xffffffffffffffff, 0xc0d05605, &(0x7f0000000180)={0x6, @win={{0x5, 0x5, 0x8, 0x6}, 0x6, 0xd, &(0x7f0000000000)={{0x6, 0x6, 0x4, 0x1e}}, 0x3, &(0x7f0000000040)="984bf83414", 0x3}})
r0 = syz_open_dev$vivid(&(0x7f0000000140)='/dev/video#\x00', 0x2, 0x2)
ioctl$VIDIOC_LOG_STATUS(r0, 0x5646, 0x0)
r1 = syz_open_dev$vivid(&(0x7f0000000080)='/dev/video#\x00', 0x2, 0x2)
ioctl$VIDIOC_ENUM_FRAMESIZES(r1, 0xc02c564a, &(0x7f0000000280)={0x0, 0x20303159, 0x0, @stepwise={0x0, 0x0, 0x0, 0x0, 0x0, 0x200000}})
ioctl$VIDIOC_S_EXT_CTRLS(r0, 0xc0205648, &(0x7f0000000100)={0x980000, 0x0, 0x6, r1, 0x0, &(0x7f00000000c0)={0x990903, 0x6, [], @p_u8=&(0x7f0000000080)=0x6f}})

[  247.590023][T20223] vivid-001: =================  START STATUS  =================
[  247.598053][T20223] v4l2-ctrls: vivid-001: Test Pattern: 75% Colorbar
[  247.603555][T20223] v4l2-ctrls: vivid-001: Fill Percentage of Frame: 100
[  247.610543][T20223] v4l2-ctrls: vivid-001: Horizontal Movement: No Movement
[  247.615150][T20223] v4l2-ctrls: vivid-001: Vertical Movement: No Movement
[  247.624520][T20223] v4l2-ctrls: vivid-001: OSD Text Mode: All
[  247.653366][T20223] v4l2-ctrls: vivid-001: Show Border: false
[  247.655435][T20223] v4l2-ctrls: vivid-001: Show Square: false
[  247.658284][T20223] v4l2-ctrls: vivid-001: Sensor Flipped Horizontally: false
[  247.660619][T20223] v4l2-ctrls: vivid-001: Sensor Flipped Vertically: false
[  247.662913][T20223] v4l2-ctrls: vivid-001: Insert SAV Code in Image: false
[  247.665192][T20223] v4l2-ctrls: vivid-001: Insert EAV Code in Image: false
[  247.670550][T20223] v4l2-ctrls: vivid-001: Reduced Framerate: false
[  247.672767][T20223] v4l2-ctrls: vivid-001: Enable Capture Cropping: true
[  247.675033][T20223] v4l2-ctrls: vivid-001: Enable Capture Composing: true
[  247.678791][T20223] v4l2-ctrls: vivid-001: Enable Capture Scaler: true
[  247.680975][T20223] v4l2-ctrls: vivid-001: Timestamp Source: End of Frame
[  247.683234][T20223] v4l2-ctrls: vivid-001: Colorspace: Rec. 709
[  247.685234][T20223] v4l2-ctrls: vivid-001: Transfer Function: Default
[  247.688486][T20223] v4l2-ctrls: vivid-001: Y'CbCr Encoding: Default
[  247.690878][T20223] v4l2-ctrls: vivid-001: HSV Encoding: Hue 0-179
[  247.693363][T20223] v4l2-ctrls: vivid-001: Quantization: Default
[  247.695414][T20223] v4l2-ctrls: vivid-001: Apply Alpha To Red Only: false
[  247.699348][T20223] v4l2-ctrls: vivid-001: Standard Aspect Ratio: 4x3
[  247.701537][T20223] v4l2-ctrls: vivid-001: DV Timings Signal Mode: Current DV Timings
[  247.704219][T20223] v4l2-ctrls: vivid-001: DV Timings: 640x480p59 inactive
[  247.710237][T20223] v4l2-ctrls: vivid-001: DV Timings Aspect Ratio: Source Width x Height
[  247.714669][T20223] v4l2-ctrls: vivid-001: Maximum EDID Blocks: 2
[  247.718721][T20223] v4l2-ctrls: vivid-001: Limited RGB Range (16-235): true
[  247.722606][T20223] v4l2-ctrls: vivid-001: Rx RGB Quantization Range: Automatic
[  247.725053][T20223] v4l2-ctrls: vivid-001: Power Present: 0x00000001
[  247.728674][T20223] tpg source WxH: 1280x720 (Y'CbCr)
[  247.730484][T20223] tpg field: 1
[  247.731641][T20223] tpg crop: 64x64@0x0
[  247.732997][T20223] tpg compose: 16x16@0x0
[  247.734503][T20223] tpg colorspace: 3
[  247.737628][T20223] tpg transfer function: 0/0
[  247.739111][T20223] tpg Y'CbCr encoding: 0/0
[  247.740635][T20223] tpg quantization: 0/0
[  247.741990][T20223] tpg RGB range: 0/1
[  247.743390][T20223] vivid-001: ==================  END STATUS  ==================
16:41:55 executing program 0:
r0 = syz_open_dev$radio(&(0x7f0000000440)='/dev/radio#\x00', 0x2, 0x2)
r1 = openat$vimc2(0xffffffffffffff9c, &(0x7f0000000000)='/dev/video2\x00', 0x2, 0x0)
ioctl$VIDIOC_STREAMON(r1, 0x40045612, &(0x7f0000000040)=0x1a38)
ioctl$VIDIOC_S_FREQUENCY(r0, 0x402c5639, &(0x7f00000006c0)={0x1, 0x1})

16:41:55 executing program 0:
r0 = syz_open_dev$vbi(&(0x7f00000000c0)='/dev/vbi#\x00', 0x0, 0x2)
ioctl$VIDIOC_SUBDEV_G_DV_TIMINGS(r0, 0xc0845658, &(0x7f00000002c0)={0x0, @bt={0x9, 0x1020000, 0x1, 0x2, 0x80, 0x2, 0x7f, 0x80000000, 0x7, 0x1, 0x7, 0x3, 0x3, 0x7, 0x4, 0x2, {0x4, 0x1}, 0x2, 0x1f}})
ioctl$VIDIOC_G_EXT_CTRLS(r0, 0xc0205647, &(0x7f0000000180)={0x0, 0x0, 0x0, 0xffffffffffffffff, 0x0, 0x0})
syz_open_dev$swradio(&(0x7f0000000040)='/dev/swradio#\x00', 0x0, 0x2)
r1 = syz_open_dev$cec(&(0x7f0000000000)='/dev/cec#\x00', 0x2, 0x2)
ioctl$VIDIOC_TRY_FMT(r1, 0xc0d05640, &(0x7f00000001c0)={0xb, @vbi={0x80, 0x10001, 0xdbee0000, 0x1c641303, [0xffff, 0x6], [0x6, 0x4], 0x1}})

16:41:55 executing program 0:
r0 = syz_open_dev$cec(0xfffffffffffffffe, 0x3, 0x2)
r1 = syz_open_dev$vivid(&(0x7f0000000080)='/dev/video#\x00', 0x2, 0x2)
ioctl$VIDIOC_ENUM_FRAMESIZES(r1, 0xc02c564a, &(0x7f0000000280)={0x0, 0x20303159, 0x0, @stepwise})
ioctl$VIDIOC_G_EXT_CTRLS(r1, 0xc0205647, &(0x7f00000000c0)={0x9d0000, 0x0, 0x4, r0, 0x0, &(0x7f0000000080)={0x9909e0, 0x81, [], @value=0x5}})
syz_open_dev$swradio(&(0x7f0000000040)='/dev/swradio#\x00', 0x1, 0x2)
ioctl$VIDIOC_SUBDEV_S_FRAME_INTERVAL(r0, 0xc0305616, &(0x7f0000000000)={0x0, {0x4, 0x7}})
r2 = syz_open_dev$vivid(&(0x7f0000000080)='/dev/video#\x00', 0x2, 0x2)
ioctl$VIDIOC_ENUM_FRAMESIZES(r2, 0xc02c564a, &(0x7f0000000280)={0x0, 0x20303159, 0x0, @stepwise})
ioctl$VIDIOC_SUBDEV_ENUM_MBUS_CODE(r2, 0xc0305602, &(0x7f0000000100)={0x0, 0x0, 0x1013})

16:41:55 executing program 0:
r0 = syz_open_dev$vivid(&(0x7f0000000000)='/dev/video#\x00', 0x0, 0x2)
r1 = syz_open_dev$vivid(&(0x7f0000000080)='/dev/video#\x00', 0x2, 0x2)
ioctl$VIDIOC_ENUM_FRAMESIZES(r1, 0xc02c564a, &(0x7f0000000280)={0x0, 0x20303159, 0x0, @stepwise})
ioctl$VIDIOC_ENUMINPUT(r1, 0xc050561a, &(0x7f0000000040)={0x1, "13417b916cdc8b690741ae6f3987aad9b8eccc65e74ae2a285888a24b94bf162", 0x1, 0x1, 0x2c3d480355c8aad6, 0x1700, 0x4000004, 0x2})
r2 = openat$vicodec0(0xffffffffffffff9c, &(0x7f0000000100)='/dev/video36\x00', 0x2, 0x0)
ioctl$VIDIOC_G_FREQUENCY(r1, 0xc02c5638, &(0x7f0000000140)={0x20ce, 0x5, 0x80008001})
r3 = syz_open_dev$vivid(&(0x7f0000000080)='/dev/video#\x00', 0x2, 0x2)
ioctl$VIDIOC_ENUM_FRAMESIZES(r3, 0xc02c564a, &(0x7f0000000280)={0x0, 0x20303159, 0x0, @stepwise})
ioctl$VIDIOC_SUBDEV_ENUM_FRAME_SIZE(r3, 0xc040564a, &(0x7f0000000180)={0x800, 0x0, 0x3001, 0x3800, 0x4, 0x8, 0x3})
ioctl$VIDIOC_S_AUDIO(r0, 0x40345622, &(0x7f00000000c0)={0x0, "ca7aadd5fbbe00000000000049887e1a73612d8cce7ff29d21bad1df3434b4a6", 0x3})
r4 = syz_open_dev$vivid(&(0x7f0000000080)='/dev/video#\x00', 0x2, 0x2)
ioctl$VIDIOC_ENUM_FRAMESIZES(r4, 0xc02c564a, &(0x7f0000000280)={0x0, 0x20303159, 0x0, @stepwise})
ioctl$VIDIOC_QUERYSTD(r4, 0x8008563f, &(0x7f0000000340))
r5 = syz_open_dev$vivid(&(0x7f0000000080)='/dev/video#\x00', 0x2, 0x2)
ioctl$VIDIOC_ENUM_FRAMESIZES(r5, 0xc02c564a, &(0x7f0000000280)={0x0, 0x20303159, 0x0, @stepwise})
ioctl$VIDIOC_S_CTRL(r5, 0xc008561c, &(0x7f0000000240)={0x0, 0x4101})
ioctl$VIDIOC_S_EXT_CTRLS(r2, 0xc0205648, &(0x7f0000000200)={0x4, 0x0, 0x2, r4, 0x0, &(0x7f00000001c0)={0x98092a, 0x5808, [], @value64=0x897}})
ioctl$VIDIOC_G_EDID(r1, 0xc0285628, &(0x7f0000000300)={0x0, 0x0, 0x1f, [], &(0x7f00000002c0)=0x81})
ioctl$VIDIOC_REQBUFS(r2, 0xc0145608, &(0x7f0000000380)={0x5, 0x5})

16:41:55 executing program 0:
r0 = openat$vicodec1(0xffffffffffffff9c, &(0x7f0000000000)='/dev/video37\x00', 0x2, 0x0)
ioctl$VIDIOC_REQBUFS(r0, 0xc0145608, &(0x7f0000000040))

16:41:55 executing program 0:
r0 = syz_open_dev$swradio(&(0x7f0000000040)='/dev/swradio#\x00', 0x0, 0x2)
ioctl$VIDIOC_LOG_STATUS(r0, 0x5646, 0x0)

[  248.008220][T20248] vivid-000: =================  START STATUS  =================
[  248.014147][T20248] v4l2-ctrls: vivid-000: FM Deviation: 75000
[  248.019267][T20248] vivid-000: ==================  END STATUS  ==================
16:41:55 executing program 0:
r0 = syz_open_dev$radio(&(0x7f0000000100)='/dev/radio#\x00', 0x2, 0x2)
ioctl$VIDIOC_LOG_STATUS(r0, 0x5646, 0x0)
syz_open_dev$cec(&(0x7f0000000000)='/dev/cec#\x00', 0x2, 0x2)

[  248.052461][T20250] vivid-001: =================  START STATUS  =================
[  248.058425][T20250] v4l2-ctrls: vivid-001: Radio HW Seek Mode: Bounded
[  248.062814][T20250] v4l2-ctrls: vivid-001: Radio Programmable HW Seek: false
[  248.070863][T20250] v4l2-ctrls: vivid-001: RDS Rx I/O Mode: Block I/O
[  248.075336][T20250] v4l2-ctrls: vivid-001: Generate RBDS Instead of RDS: false
[  248.079938][T20250] v4l2-ctrls: vivid-001: RDS Reception: true
[  248.084259][T20250] v4l2-ctrls: vivid-001: RDS Program Type: 0 inactive
[  248.092285][T20250] v4l2-ctrls: vivid-001: RDS PS Name:  inactive
[  248.097396][T20250] v4l2-ctrls: vivid-001: RDS Radio Text:  inactive
