x0, 0x0, 0x0, 0x0, 0x0, 0x8, 0x0, 0x0, 0x0, 0x0, 0x0, 0x0, 0x0, 0x0, 0x0, 0x0, 0x0, 0x0, 0x2]}}})
ioctl$VIDIOC_STREAMOFF(0xffffffffffffffff, 0x40045613, &(0x7f0000000000)=0x6)

21:13:12 executing program 0:
ioctl$VIDIOC_CREATE_BUFS(0xffffffffffffffff, 0xc100565c, &(0x7f0000000040)={0x0, 0x1, 0x1, {0x1, @sliced={0x0, [0x0, 0x0, 0x0, 0x0, 0x0, 0x0, 0x0, 0x0, 0x0, 0x0, 0x8, 0x0, 0x0, 0x0, 0x0, 0x0, 0x0, 0x0, 0x0, 0x0, 0x0, 0x0, 0x0, 0x2]}}})
ioctl$VIDIOC_STREAMOFF(0xffffffffffffffff, 0x40045613, &(0x7f0000000000)=0x6)

21:13:12 executing program 0:
r0 = syz_open_dev$vivid(0x0, 0x0, 0x2)
ioctl$VIDIOC_CREATE_BUFS(r0, 0xc100565c, &(0x7f0000000040)={0x0, 0x1, 0x1, {0x1, @sliced={0x0, [0x0, 0x0, 0x0, 0x0, 0x0, 0x0, 0x0, 0x0, 0x0, 0x0, 0x8, 0x0, 0x0, 0x0, 0x0, 0x0, 0x0, 0x0, 0x0, 0x0, 0x0, 0x0, 0x0, 0x2]}}})
ioctl$VIDIOC_STREAMOFF(r0, 0x40045613, &(0x7f0000000000)=0x6)

21:13:12 executing program 0:
r0 = syz_open_dev$vivid(0x0, 0x0, 0x2)
ioctl$VIDIOC_CREATE_BUFS(r0, 0xc100565c, &(0x7f0000000040)={0x0, 0x1, 0x1, {0x1, @sliced={0x0, [0x0, 0x0, 0x0, 0x0, 0x0, 0x0, 0x0, 0x0, 0x0, 0x0, 0x8, 0x0, 0x0, 0x0, 0x0, 0x0, 0x0, 0x0, 0x0, 0x0, 0x0, 0x0, 0x0, 0x2]}}})
ioctl$VIDIOC_STREAMOFF(r0, 0x40045613, &(0x7f0000000000)=0x6)

21:13:12 executing program 0:
r0 = syz_open_dev$vivid(0x0, 0x0, 0x2)
ioctl$VIDIOC_CREATE_BUFS(r0, 0xc100565c, &(0x7f0000000040)={0x0, 0x1, 0x1, {0x1, @sliced={0x0, [0x0, 0x0, 0x0, 0x0, 0x0, 0x0, 0x0, 0x0, 0x0, 0x0, 0x8, 0x0, 0x0, 0x0, 0x0, 0x0, 0x0, 0x0, 0x0, 0x0, 0x0, 0x0, 0x0, 0x2]}}})
ioctl$VIDIOC_STREAMOFF(r0, 0x40045613, &(0x7f0000000000)=0x6)

21:13:12 executing program 0:
r0 = syz_open_dev$vivid(&(0x7f0000000200)='/dev/video#\x00', 0x0, 0x2)
ioctl$VIDIOC_CREATE_BUFS(0xffffffffffffffff, 0xc100565c, &(0x7f0000000040)={0x0, 0x1, 0x1, {0x1, @sliced={0x0, [0x0, 0x0, 0x0, 0x0, 0x0, 0x0, 0x0, 0x0, 0x0, 0x0, 0x8, 0x0, 0x0, 0x0, 0x0, 0x0, 0x0, 0x0, 0x0, 0x0, 0x0, 0x0, 0x0, 0x2]}}})
ioctl$VIDIOC_STREAMOFF(r0, 0x40045613, &(0x7f0000000000)=0x6)

21:13:12 executing program 0:
r0 = syz_open_dev$vivid(&(0x7f0000000200)='/dev/video#\x00', 0x0, 0x2)
ioctl$VIDIOC_CREATE_BUFS(0xffffffffffffffff, 0xc100565c, &(0x7f0000000040)={0x0, 0x1, 0x1, {0x1, @sliced={0x0, [0x0, 0x0, 0x0, 0x0, 0x0, 0x0, 0x0, 0x0, 0x0, 0x0, 0x8, 0x0, 0x0, 0x0, 0x0, 0x0, 0x0, 0x0, 0x0, 0x0, 0x0, 0x0, 0x0, 0x2]}}})
ioctl$VIDIOC_STREAMOFF(r0, 0x40045613, &(0x7f0000000000)=0x6)

21:13:12 executing program 0:
r0 = syz_open_dev$vivid(&(0x7f0000000200)='/dev/video#\x00', 0x0, 0x2)
ioctl$VIDIOC_CREATE_BUFS(0xffffffffffffffff, 0xc100565c, &(0x7f0000000040)={0x0, 0x1, 0x1, {0x1, @sliced={0x0, [0x0, 0x0, 0x0, 0x0, 0x0, 0x0, 0x0, 0x0, 0x0, 0x0, 0x8, 0x0, 0x0, 0x0, 0x0, 0x0, 0x0, 0x0, 0x0, 0x0, 0x0, 0x0, 0x0, 0x2]}}})
ioctl$VIDIOC_STREAMOFF(r0, 0x40045613, &(0x7f0000000000)=0x6)

21:13:12 executing program 0:
r0 = syz_open_dev$vivid(&(0x7f0000000200)='/dev/video#\x00', 0x0, 0x2)
ioctl$VIDIOC_CREATE_BUFS(r0, 0xc100565c, 0x0)
ioctl$VIDIOC_STREAMOFF(r0, 0x40045613, &(0x7f0000000000)=0x6)

21:13:12 executing program 0:
r0 = syz_open_dev$vivid(&(0x7f0000000200)='/dev/video#\x00', 0x0, 0x2)
ioctl$VIDIOC_CREATE_BUFS(r0, 0xc100565c, 0x0)
ioctl$VIDIOC_STREAMOFF(r0, 0x40045613, &(0x7f0000000000)=0x6)

21:13:12 executing program 0:
r0 = syz_open_dev$vivid(&(0x7f0000000200)='/dev/video#\x00', 0x0, 0x2)
ioctl$VIDIOC_CREATE_BUFS(r0, 0xc100565c, 0x0)
ioctl$VIDIOC_STREAMOFF(r0, 0x40045613, &(0x7f0000000000)=0x6)

21:13:12 executing program 0:
r0 = syz_open_dev$vivid(&(0x7f0000000200)='/dev/video#\x00', 0x0, 0x2)
ioctl$VIDIOC_CREATE_BUFS(r0, 0xc100565c, &(0x7f0000000040)={0x0, 0x0, 0x1, {0x1, @sliced={0x0, [0x0, 0x0, 0x0, 0x0, 0x0, 0x0, 0x0, 0x0, 0x0, 0x0, 0x8, 0x0, 0x0, 0x0, 0x0, 0x0, 0x0, 0x0, 0x0, 0x0, 0x0, 0x0, 0x0, 0x2]}}})
ioctl$VIDIOC_STREAMOFF(r0, 0x40045613, &(0x7f0000000000)=0x6)

21:13:12 executing program 0:
r0 = syz_open_dev$vivid(&(0x7f0000000200)='/dev/video#\x00', 0x0, 0x2)
ioctl$VIDIOC_CREATE_BUFS(r0, 0xc100565c, &(0x7f0000000040)={0x0, 0x0, 0x1, {0x1, @sliced={0x0, [0x0, 0x0, 0x0, 0x0, 0x0, 0x0, 0x0, 0x0, 0x0, 0x0, 0x8, 0x0, 0x0, 0x0, 0x0, 0x0, 0x0, 0x0, 0x0, 0x0, 0x0, 0x0, 0x0, 0x2]}}})
ioctl$VIDIOC_STREAMOFF(r0, 0x40045613, &(0x7f0000000000)=0x6)

21:13:13 executing program 0:
r0 = syz_open_dev$vivid(&(0x7f0000000200)='/dev/video#\x00', 0x0, 0x2)
ioctl$VIDIOC_CREATE_BUFS(r0, 0xc100565c, &(0x7f0000000040)={0x0, 0x0, 0x1, {0x1, @sliced={0x0, [0x0, 0x0, 0x0, 0x0, 0x0, 0x0, 0x0, 0x0, 0x0, 0x0, 0x8, 0x0, 0x0, 0x0, 0x0, 0x0, 0x0, 0x0, 0x0, 0x0, 0x0, 0x0, 0x0, 0x2]}}})
ioctl$VIDIOC_STREAMOFF(r0, 0x40045613, &(0x7f0000000000)=0x6)

21:13:13 executing program 0:
r0 = syz_open_dev$vivid(&(0x7f0000000200)='/dev/video#\x00', 0x0, 0x2)
ioctl$VIDIOC_CREATE_BUFS(r0, 0xc100565c, &(0x7f0000000040)={0x0, 0x1, 0x0, {0x1, @sliced={0x0, [0x0, 0x0, 0x0, 0x0, 0x0, 0x0, 0x0, 0x0, 0x0, 0x0, 0x8, 0x0, 0x0, 0x0, 0x0, 0x0, 0x0, 0x0, 0x0, 0x0, 0x0, 0x0, 0x0, 0x2]}}})
ioctl$VIDIOC_STREAMOFF(r0, 0x40045613, &(0x7f0000000000)=0x6)

21:13:13 executing program 0:
r0 = syz_open_dev$vivid(&(0x7f0000000200)='/dev/video#\x00', 0x0, 0x2)
ioctl$VIDIOC_CREATE_BUFS(r0, 0xc100565c, &(0x7f0000000040)={0x0, 0x1, 0x0, {0x1, @sliced={0x0, [0x0, 0x0, 0x0, 0x0, 0x0, 0x0, 0x0, 0x0, 0x0, 0x0, 0x8, 0x0, 0x0, 0x0, 0x0, 0x0, 0x0, 0x0, 0x0, 0x0, 0x0, 0x0, 0x0, 0x2]}}})
ioctl$VIDIOC_STREAMOFF(r0, 0x40045613, &(0x7f0000000000)=0x6)

21:13:13 executing program 0:
r0 = syz_open_dev$vivid(&(0x7f0000000200)='/dev/video#\x00', 0x0, 0x2)
ioctl$VIDIOC_CREATE_BUFS(r0, 0xc100565c, &(0x7f0000000040)={0x0, 0x1, 0x0, {0x1, @sliced={0x0, [0x0, 0x0, 0x0, 0x0, 0x0, 0x0, 0x0, 0x0, 0x0, 0x0, 0x8, 0x0, 0x0, 0x0, 0x0, 0x0, 0x0, 0x0, 0x0, 0x0, 0x0, 0x0, 0x0, 0x2]}}})
ioctl$VIDIOC_STREAMOFF(r0, 0x40045613, &(0x7f0000000000)=0x6)

21:13:13 executing program 0:
r0 = syz_open_dev$vivid(&(0x7f0000000200)='/dev/video#\x00', 0x0, 0x2)
ioctl$VIDIOC_CREATE_BUFS(r0, 0xc100565c, &(0x7f0000000040)={0x0, 0x1, 0x1, {0x0, @sliced={0x0, [0x0, 0x0, 0x0, 0x0, 0x0, 0x0, 0x0, 0x0, 0x0, 0x0, 0x8, 0x0, 0x0, 0x0, 0x0, 0x0, 0x0, 0x0, 0x0, 0x0, 0x0, 0x0, 0x0, 0x2]}}})
ioctl$VIDIOC_STREAMOFF(r0, 0x40045613, &(0x7f0000000000)=0x6)

21:13:13 executing program 0:
r0 = syz_open_dev$vivid(&(0x7f0000000200)='/dev/video#\x00', 0x0, 0x2)
ioctl$VIDIOC_CREATE_BUFS(r0, 0xc100565c, &(0x7f0000000040)={0x0, 0x1, 0x1, {0x0, @sliced={0x0, [0x0, 0x0, 0x0, 0x0, 0x0, 0x0, 0x0, 0x0, 0x0, 0x0, 0x8, 0x0, 0x0, 0x0, 0x0, 0x0, 0x0, 0x0, 0x0, 0x0, 0x0, 0x0, 0x0, 0x2]}}})
ioctl$VIDIOC_STREAMOFF(r0, 0x40045613, &(0x7f0000000000)=0x6)

21:13:13 executing program 0:
r0 = syz_open_dev$vivid(&(0x7f0000000200)='/dev/video#\x00', 0x0, 0x2)
ioctl$VIDIOC_CREATE_BUFS(r0, 0xc100565c, &(0x7f0000000040)={0x0, 0x1, 0x1, {0x0, @sliced={0x0, [0x0, 0x0, 0x0, 0x0, 0x0, 0x0, 0x0, 0x0, 0x0, 0x0, 0x8, 0x0, 0x0, 0x0, 0x0, 0x0, 0x0, 0x0, 0x0, 0x0, 0x0, 0x0, 0x0, 0x2]}}})
ioctl$VIDIOC_STREAMOFF(r0, 0x40045613, &(0x7f0000000000)=0x6)

21:13:13 executing program 0:
r0 = syz_open_dev$vivid(&(0x7f0000000200)='/dev/video#\x00', 0x0, 0x2)
ioctl$VIDIOC_CREATE_BUFS(r0, 0xc100565c, &(0x7f0000000040)={0x0, 0x1, 0x1, {0x1, @sliced={0x0, [0x0, 0x0, 0x0, 0x0, 0x0, 0x0, 0x0, 0x0, 0x0, 0x0, 0x8]}}})
ioctl$VIDIOC_STREAMOFF(r0, 0x40045613, &(0x7f0000000000)=0x6)

21:13:13 executing program 0:
r0 = syz_open_dev$vivid(&(0x7f0000000200)='/dev/video#\x00', 0x0, 0x2)
ioctl$VIDIOC_CREATE_BUFS(r0, 0xc100565c, &(0x7f0000000040)={0x0, 0x1, 0x1, {0x1, @sliced}})
ioctl$VIDIOC_STREAMOFF(r0, 0x40045613, &(0x7f0000000000)=0x6)

21:13:13 executing program 0:
r0 = syz_open_dev$vivid(&(0x7f0000000200)='/dev/video#\x00', 0x0, 0x2)
ioctl$VIDIOC_CREATE_BUFS(r0, 0xc100565c, &(0x7f0000000040)={0x0, 0x1, 0x1, {0x1, @sliced}})
ioctl$VIDIOC_STREAMOFF(r0, 0x40045613, &(0x7f0000000000)=0x6)

21:13:13 executing program 0:
r0 = syz_open_dev$vivid(&(0x7f0000000200)='/dev/video#\x00', 0x0, 0x2)
ioctl$VIDIOC_CREATE_BUFS(r0, 0xc100565c, &(0x7f0000000040)={0x0, 0x1, 0x1, {0x1, @sliced}})
ioctl$VIDIOC_STREAMOFF(r0, 0x40045613, &(0x7f0000000000)=0x6)

21:13:13 executing program 0:
r0 = syz_open_dev$vivid(&(0x7f0000000200)='/dev/video#\x00', 0x0, 0x2)
ioctl$VIDIOC_CREATE_BUFS(r0, 0xc100565c, &(0x7f0000000040)={0x0, 0x1, 0x1, {0x1, @sliced={0x0, [0x0, 0x0, 0x0, 0x0, 0x0, 0x0, 0x0, 0x0, 0x0, 0x0, 0x8]}}})
ioctl$VIDIOC_STREAMOFF(0xffffffffffffffff, 0x40045613, &(0x7f0000000000)=0x6)

21:13:13 executing program 0:
r0 = syz_open_dev$vivid(&(0x7f0000000200)='/dev/video#\x00', 0x0, 0x2)
ioctl$VIDIOC_CREATE_BUFS(r0, 0xc100565c, &(0x7f0000000040)={0x0, 0x1, 0x1, {0x1, @sliced={0x0, [0x0, 0x0, 0x0, 0x0, 0x0, 0x0, 0x0, 0x0, 0x0, 0x0, 0x8]}}})
ioctl$VIDIOC_STREAMOFF(0xffffffffffffffff, 0x40045613, &(0x7f0000000000)=0x6)

21:13:13 executing program 0:
r0 = syz_open_dev$vivid(&(0x7f0000000200)='/dev/video#\x00', 0x0, 0x2)
ioctl$VIDIOC_CREATE_BUFS(r0, 0xc100565c, &(0x7f0000000040)={0x0, 0x1, 0x1, {0x1, @sliced={0x0, [0x0, 0x0, 0x0, 0x0, 0x0, 0x0, 0x0, 0x0, 0x0, 0x0, 0x8]}}})
ioctl$VIDIOC_STREAMOFF(0xffffffffffffffff, 0x40045613, &(0x7f0000000000)=0x6)

21:13:13 executing program 0:
r0 = syz_open_dev$vivid(&(0x7f0000000200)='/dev/video#\x00', 0x0, 0x2)
ioctl$VIDIOC_CREATE_BUFS(r0, 0xc100565c, &(0x7f0000000040)={0x0, 0x1, 0x1, {0x1, @sliced={0x0, [0x0, 0x0, 0x0, 0x0, 0x0, 0x0, 0x0, 0x0, 0x0, 0x0, 0x8]}}})
ioctl$VIDIOC_STREAMOFF(r0, 0x40045613, 0x0)

21:13:13 executing program 0:
r0 = syz_open_dev$vivid(&(0x7f0000000200)='/dev/video#\x00', 0x0, 0x2)
ioctl$VIDIOC_CREATE_BUFS(r0, 0xc100565c, &(0x7f0000000040)={0x0, 0x1, 0x1, {0x1, @sliced={0x0, [0x0, 0x0, 0x0, 0x0, 0x0, 0x0, 0x0, 0x0, 0x0, 0x0, 0x8]}}})
ioctl$VIDIOC_STREAMOFF(r0, 0x40045613, 0x0)

21:13:13 executing program 0:
r0 = syz_open_dev$vivid(&(0x7f0000000200)='/dev/video#\x00', 0x0, 0x2)
ioctl$VIDIOC_CREATE_BUFS(r0, 0xc100565c, &(0x7f0000000040)={0x0, 0x1, 0x1, {0x1, @sliced={0x0, [0x0, 0x0, 0x0, 0x0, 0x0, 0x0, 0x0, 0x0, 0x0, 0x0, 0x8]}}})
ioctl$VIDIOC_STREAMOFF(r0, 0x40045613, 0x0)

21:13:13 executing program 0:
r0 = syz_open_dev$vivid(&(0x7f0000000200)='/dev/video#\x00', 0x0, 0x2)
ioctl$VIDIOC_CREATE_BUFS(r0, 0xc100565c, &(0x7f0000000040)={0x0, 0x1, 0x1, {0x1, @sliced={0x0, [0x0, 0x0, 0x0, 0x0, 0x0, 0x0, 0x0, 0x0, 0x0, 0x0, 0x8]}}})
ioctl$VIDIOC_STREAMOFF(r0, 0x40045613, &(0x7f0000000000))

21:13:13 executing program 0:
r0 = syz_open_dev$vivid(&(0x7f0000000200)='/dev/video#\x00', 0x0, 0x2)
ioctl$VIDIOC_CREATE_BUFS(r0, 0xc100565c, &(0x7f0000000040)={0x0, 0x1, 0x1, {0x1, @sliced={0x0, [0x0, 0x0, 0x0, 0x0, 0x0, 0x0, 0x0, 0x0, 0x0, 0x0, 0x8]}}})
ioctl$VIDIOC_STREAMOFF(0xffffffffffffffff, 0x40045613, &(0x7f0000000000)=0x6)

21:13:13 executing program 0:
r0 = syz_open_dev$vivid(&(0x7f0000000200)='/dev/video#\x00', 0x0, 0x2)
ioctl$VIDIOC_TRY_ENCODER_CMD(r0, 0xc028564e, &(0x7f0000000000)={0x1, 0x1, [0x1, 0xffffffff, 0x5, 0x7, 0x2, 0x0, 0x5d]})
ioctl$VIDIOC_CREATE_BUFS(r0, 0xc100565c, &(0x7f0000000380)={0x0, 0x1, 0x1, {0x1, @sliced={0x0, [0x0, 0x0, 0x0, 0x0, 0x0, 0x0, 0x0, 0x0, 0x0, 0x0, 0x8]}}})

21:13:13 executing program 0:
r0 = syz_open_dev$vivid(&(0x7f0000000200)='/dev/video#\x00', 0x0, 0x2)
ioctl$VIDIOC_CREATE_BUFS(r0, 0xc100565c, &(0x7f0000000380)={0x0, 0x1, 0x1, {0x1, @sliced={0x0, [0x0, 0x8ca6, 0x0, 0xfffd, 0x0, 0x0, 0x0, 0x0, 0x0, 0x0, 0x8]}}})
r1 = syz_open_dev$swradio(&(0x7f0000000100)='/dev/swradio#\x00', 0x1, 0x2)
r2 = openat$vimc1(0xffffffffffffff9c, &(0x7f0000000080)='/dev/video1\x00', 0x2, 0x0)
ioctl$VIDIOC_S_CROP(r2, 0x4014563c, &(0x7f00000000c0)={0x7, {0x57, 0xfffffff8, 0x40, 0x7f}})
ioctl$VIDIOC_CROPCAP(r1, 0xc02c563a, &(0x7f0000000040)={0x7, {0x401, 0x7f53, 0x9, 0x12}, {0x1, 0x7, 0x1, 0x5}, {0x38, 0xff}})

21:13:13 executing program 0 (fault-call:2 fault-nth:0):
r0 = syz_open_dev$vivid(&(0x7f0000000200)='/dev/video#\x00', 0x0, 0x2)
ioctl$VIDIOC_CREATE_BUFS(r0, 0xc100565c, &(0x7f0000000040)={0x0, 0x1, 0x1, {0x1, @sliced={0x0, [0x0, 0x0, 0x0, 0x0, 0x0, 0x0, 0x0, 0x0, 0x0, 0x0, 0x8]}}})
ioctl$VIDIOC_STREAMOFF(r0, 0x40045613, &(0x7f0000000000))

[ 1190.403892][T16302] FAULT_INJECTION: forcing a failure.
[ 1190.403892][T16302] name failslab, interval 1, probability 0, space 0, times 0
[ 1190.414705][T16302] CPU: 0 PID: 16302 Comm: syz-executor.0 Not tainted 5.4.0+ #27
[ 1190.418518][T16302] Hardware name: QEMU Standard PC (i440FX + PIIX, 1996), BIOS Ubuntu-1.8.2-1ubuntu1 04/01/2014
[ 1190.423570][T16302] Call Trace:
[ 1190.425476][T16302]  dump_stack+0xc6/0x11e
[ 1190.427644][T16302]  should_fail+0x61d/0x700
[ 1190.429864][T16302]  ? fault_create_debugfs_attr+0x160/0x160
[ 1190.432814][T16302]  ? kernel_text_address+0xcd/0xe0
[ 1190.435541][T16302]  ? tomoyo_realpath_from_path+0xbb/0x7a0
[ 1190.438441][T16302]  __should_failslab+0x10b/0x180
[ 1190.440845][T16302]  should_failslab+0x5/0xf
[ 1190.443109][T16302]  slab_pre_alloc_hook+0x2a/0x70
[ 1190.445865][T16302]  __kmalloc+0x41/0x200
[ 1190.450696][T16302]  tomoyo_realpath_from_path+0xbb/0x7a0
[ 1190.458679][T16302]  ? tomoyo_path_number_perm+0x1b5/0x760
[ 1190.462231][T16302]  tomoyo_path_number_perm+0x1ff/0x760
[ 1190.465106][T16302]  ? tomoyo_path_number_perm+0x1b5/0x760
[ 1190.467329][T16302]  ? tomoyo_execute_permission+0x4e0/0x4e0
[ 1190.469462][T16302]  ? __fget+0x344/0x540
[ 1190.471352][T16302]  ? do_dup2+0x4f0/0x4f0
[ 1190.473788][T16302]  ? vfs_write+0x25f/0x500
[ 1190.475543][T16302]  security_file_ioctl+0x52/0xa0
[ 1190.477294][T16302]  ksys_ioctl+0x3f/0x90
[ 1190.478949][T16302]  __x64_sys_ioctl+0x6f/0xb0
[ 1190.480582][T16302]  do_syscall_64+0x9d/0x5a0
[ 1190.482269][T16302]  entry_SYSCALL_64_after_hwframe+0x49/0xbe
[ 1190.484411][T16302] RIP: 0033:0x45de59
[ 1190.485855][T16302] Code: 0d b4 fb ff c3 66 2e 0f 1f 84 00 00 00 00 00 66 90 48 89 f8 48 89 f7 48 89 d6 48 89 ca 4d 89 c2 4d 89 c8 4c 8b 4c 24 08 0f 05 <48> 3d 01 f0 ff ff 0f 83 db b3 fb ff c3 66 2e 0f 1f 84 00 00 00 00
[ 1190.493459][T16302] RSP: 002b:00007f5d900f9c78 EFLAGS: 00000246 ORIG_RAX: 0000000000000010
[ 1190.496586][T16302] RAX: ffffffffffffffda RBX: 000000000001c880 RCX: 000000000045de59
[ 1190.499439][T16302] RDX: 0000000020000000 RSI: 0000000040045613 RDI: 0000000000000003
[ 1190.502573][T16302] RBP: 00007f5d900f9ca0 R08: 0000000000000000 R09: 0000000000000000
[ 1190.505459][T16302] R10: 0000000000000000 R11: 0000000000000246 R12: 0000000000000000
[ 1190.508206][T16302] R13: 00007ffcfdd5251f R14: 00007f5d900fa9c0 R15: 000000000118bf2c
[ 1190.522802][T16302] ERROR: Out of memory at tomoyo_realpath_from_path.
21:13:13 executing program 0 (fault-call:2 fault-nth:1):
r0 = syz_open_dev$vivid(&(0x7f0000000200)='/dev/video#\x00', 0x0, 0x2)
ioctl$VIDIOC_CREATE_BUFS(r0, 0xc100565c, &(0x7f0000000040)={0x0, 0x1, 0x1, {0x1, @sliced={0x0, [0x0, 0x0, 0x0, 0x0, 0x0, 0x0, 0x0, 0x0, 0x0, 0x0, 0x8]}}})
ioctl$VIDIOC_STREAMOFF(r0, 0x40045613, &(0x7f0000000000))

[ 1190.555072][T16304] FAULT_INJECTION: forcing a failure.
[ 1190.555072][T16304] name failslab, interval 1, probability 0, space 0, times 0
[ 1190.570617][T16304] CPU: 0 PID: 16304 Comm: syz-executor.0 Not tainted 5.4.0+ #27
[ 1190.575142][T16304] Hardware name: QEMU Standard PC (i440FX + PIIX, 1996), BIOS Ubuntu-1.8.2-1ubuntu1 04/01/2014
[ 1190.581110][T16304] Call Trace:
[ 1190.582829][T16304]  dump_stack+0xc6/0x11e
[ 1190.585103][T16304]  should_fail+0x61d/0x700
[ 1190.587481][T16304]  ? fault_create_debugfs_attr+0x160/0x160
[ 1190.590602][T16304]  ? __bpf_address_lookup+0x310/0x310
[ 1190.593815][T16304]  ? bpf_prog_kallsyms_find+0x35/0x270
[ 1190.596485][T16304]  ? tomoyo_encode2.part.0+0x102/0x410
[ 1190.599166][T16304]  __should_failslab+0x10b/0x180
[ 1190.601652][T16304]  should_failslab+0x5/0xf
[ 1190.603781][T16304]  slab_pre_alloc_hook+0x2a/0x70
[ 1190.606209][T16304]  __kmalloc+0x41/0x200
[ 1190.608224][T16304]  tomoyo_encode2.part.0+0x102/0x410
[ 1190.610795][T16304]  tomoyo_encode+0x25/0x40
[ 1190.612949][T16304]  tomoyo_realpath_from_path+0x1ab/0x7a0
[ 1190.615688][T16304]  tomoyo_path_number_perm+0x1ff/0x760
[ 1190.618331][T16304]  ? tomoyo_path_number_perm+0x1b5/0x760
[ 1190.621053][T16304]  ? tomoyo_execute_permission+0x4e0/0x4e0
[ 1190.623915][T16304]  ? __fget+0x344/0x540
[ 1190.625923][T16304]  ? do_dup2+0x4f0/0x4f0
[ 1190.628008][T16304]  ? vfs_write+0x25f/0x500
[ 1190.630246][T16304]  security_file_ioctl+0x52/0xa0
[ 1190.632719][T16304]  ksys_ioctl+0x3f/0x90
[ 1190.634748][T16304]  __x64_sys_ioctl+0x6f/0xb0
[ 1190.637084][T16304]  do_syscall_64+0x9d/0x5a0
[ 1190.639348][T16304]  entry_SYSCALL_64_after_hwframe+0x49/0xbe
[ 1190.642282][T16304] RIP: 0033:0x45de59
[ 1190.644180][T16304] Code: 0d b4 fb ff c3 66 2e 0f 1f 84 00 00 00 00 00 66 90 48 89 f8 48 89 f7 48 89 d6 48 89 ca 4d 89 c2 4d 89 c8 4c 8b 4c 24 08 0f 05 <48> 3d 01 f0 ff ff 0f 83 db b3 fb ff c3 66 2e 0f 1f 84 00 00 00 00
[ 1190.653801][T16304] RSP: 002b:00007f5d900f9c78 EFLAGS: 00000246 ORIG_RAX: 0000000000000010
[ 1190.658055][T16304] RAX: ffffffffffffffda RBX: 000000000001c880 RCX: 000000000045de59
[ 1190.662025][T16304] RDX: 0000000020000000 RSI: 0000000040045613 RDI: 0000000000000003
[ 1190.664558][T16304] RBP: 00007f5d900f9ca0 R08: 0000000000000000 R09: 0000000000000000
[ 1190.668581][T16304] R10: 0000000000000000 R11: 0000000000000246 R12: 0000000000000001
[ 1190.672549][T16304] R13: 00007ffcfdd5251f R14: 00007f5d900fa9c0 R15: 000000000118bf2c
[ 1190.699668][T16304] ERROR: Out of memory at tomoyo_realpath_from_path.
21:13:14 executing program 0 (fault-call:2 fault-nth:2):
r0 = syz_open_dev$vivid(&(0x7f0000000200)='/dev/video#\x00', 0x0, 0x2)
ioctl$VIDIOC_CREATE_BUFS(r0, 0xc100565c, &(0x7f0000000040)={0x0, 0x1, 0x1, {0x1, @sliced={0x0, [0x0, 0x0, 0x0, 0x0, 0x0, 0x0, 0x0, 0x0, 0x0, 0x0, 0x8]}}})
ioctl$VIDIOC_STREAMOFF(r0, 0x40045613, &(0x7f0000000000))

21:13:14 executing program 0:
r0 = syz_open_dev$vivid(&(0x7f0000000200)='/dev/video#\x00', 0x0, 0x2)
ioctl$VIDIOC_CREATE_BUFS(r0, 0xc100565c, &(0x7f0000000040)={0x0, 0x1, 0x1, {0x1, @sliced={0x0, [0x0, 0x4, 0x0, 0x0, 0x0, 0x0, 0x0, 0x0, 0x0, 0x0, 0x8, 0x2, 0x7, 0x0, 0x0, 0x0, 0x0, 0x0, 0x0, 0x0, 0x0, 0xd546]}}})
ioctl$VIDIOC_STREAMOFF(r0, 0x40045613, &(0x7f0000000000))

21:13:14 executing program 0:
r0 = syz_open_dev$vivid(&(0x7f0000000200)='/dev/video#\x00', 0x0, 0x2)
ioctl$VIDIOC_CREATE_BUFS(r0, 0xc100565c, &(0x7f0000000040)={0x0, 0x3, 0x1, {0x1, @sliced={0x200, [0x0, 0x0, 0x0, 0x0, 0x0, 0x0, 0x0, 0x0, 0x0, 0x0, 0x8, 0x0, 0x0, 0x0, 0x0, 0x0, 0x0, 0x0, 0x0, 0x0, 0x0, 0x0, 0x0, 0x2, 0x0, 0x0, 0x0, 0x0, 0x0, 0x0, 0x0, 0x0, 0x0, 0x0, 0x0, 0x0, 0x0, 0x0, 0x0, 0x200, 0x0, 0xffff]}}})
ioctl$VIDIOC_SUBDEV_S_DV_TIMINGS(r0, 0xc0845657, &(0x7f0000000140)={0x0, @reserved})
ioctl$VIDIOC_STREAMOFF(r0, 0x40045613, &(0x7f0000000000))

21:13:14 executing program 0:
ioctl$VIDIOC_SUBDEV_ENUM_FRAME_SIZE(0xffffffffffffffff, 0xc040564a, &(0x7f0000000140)={0x3, 0x0, 0x1, 0x8000, 0x9, 0x5, 0x1f, 0x1})
r0 = syz_open_dev$vivid(&(0x7f0000000200)='/dev/video#\x00', 0x0, 0x2)
ioctl$VIDIOC_CREATE_BUFS(r0, 0xc100565c, &(0x7f0000000040)={0x0, 0x1, 0x1, {0x1, @sliced={0x0, [0x0, 0x0, 0x0, 0x0, 0x0, 0x0, 0x0, 0x0, 0x0, 0x0, 0x8, 0x0, 0x0, 0x0, 0x0, 0x0, 0x0, 0x3, 0x3, 0x0, 0x0, 0x2, 0x0, 0x0, 0x0, 0x0, 0x0, 0x0, 0x0, 0x1000, 0x0, 0x0, 0x0, 0x0, 0x0, 0x0, 0x0, 0x0, 0x0, 0x0, 0x0, 0x0, 0x2, 0x0, 0x1ff]}}})
ioctl$VIDIOC_STREAMOFF(r0, 0x40045613, &(0x7f0000000000))

21:13:14 executing program 0:
r0 = syz_open_dev$vivid(&(0x7f0000000200)='/dev/video#\x00', 0x0, 0x2)
ioctl$VIDIOC_CREATE_BUFS(r0, 0xc100565c, &(0x7f0000000040)={0x0, 0x1, 0x1, {0x1, @sliced={0x0, [0x0, 0x0, 0x0, 0x0, 0x0, 0x0, 0x0, 0x0, 0x0, 0x0, 0x8]}}})
r1 = syz_open_dev$vbi(&(0x7f00000000c0)='/dev/vbi#\x00', 0x2, 0x2)
ioctl$VIDIOC_S_PRIORITY(r1, 0x40045644, 0x0)
ioctl$VIDIOC_TRY_EXT_CTRLS(r0, 0xc0205649, &(0x7f00000001c0)={0xa20000, 0x4, 0x81, r1, 0x0, &(0x7f0000000180)={0x26de62cd3933bae8, 0x2, [], @p_u16=&(0x7f0000000140)=0x9}})
ioctl$VIDIOC_STREAMOFF(r0, 0x40045613, &(0x7f0000000000))

21:13:14 executing program 0:
r0 = syz_open_dev$vivid(&(0x7f0000000200)='/dev/video#\x00', 0x0, 0x2)
ioctl$VIDIOC_CREATE_BUFS(r0, 0xc100565c, &(0x7f0000000040)={0x0, 0x1, 0x1, {0x1, @sliced={0x0, [0x0, 0x0, 0x0, 0x0, 0x0, 0x0, 0x0, 0x0, 0x0, 0x0, 0x8]}}})
ioctl$VIDIOC_STREAMOFF(r0, 0x40045613, &(0x7f0000000000))
r1 = syz_open_dev$swradio(&(0x7f0000000140)='/dev/swradio#\x00', 0x1, 0x2)
ioctl$VIDIOC_QUERYMENU(r1, 0xc02c5625, &(0x7f00000001c0)={0x9, 0x7fff, @value})
ioctl$VIDIOC_S_INPUT(r1, 0xc0045627, &(0x7f0000000180)=0x9)

21:13:14 executing program 0:
r0 = syz_open_dev$vivid(&(0x7f0000000200)='/dev/video#\x00', 0x0, 0x2)
r1 = syz_open_dev$vbi(&(0x7f00000000c0)='/dev/vbi#\x00', 0x2, 0x2)
ioctl$VIDIOC_S_PRIORITY(r1, 0x40045644, 0x0)
ioctl$VIDIOC_CREATE_BUFS(r1, 0xc100565c, &(0x7f0000000040)={0x0, 0x1, 0x1, {0x1, @win={{0x401, 0x8, 0xbc, 0x400ffff}, 0x1, 0x3, &(0x7f0000000140)={{0x9, 0x0, 0x6, 0x1ff}}, 0x3, &(0x7f0000000240)="9d80288790f0a792194538f5e94927e887488e5fa89e443a9b2d9c86fe6aec70e57d4b199743c4fa49cbf63b2a0f48fe54da5fdabd9ef651b174b55e47e9df31ec93ecbc6ca3476d7c9232f02e56e88a331a5e6d21351c24c30b2143847d2c0e1d62cab95eb4d9bb93893b1aac6dfbc2fa9c4502dec814c6cb5e121710ff7e4b9cb5460678f43be1f8b01773d6d77fd0dd0fe36f1a142104217c80ec422587b02df3ab5d4c57bb9dc8c7b87f1573b4cc3910bd9b7a", 0x1}}})
ioctl$VIDIOC_STREAMOFF(r0, 0x40045613, &(0x7f0000000000))

21:13:14 executing program 0:
r0 = syz_open_dev$vivid(&(0x7f0000000200)='/dev/video#\x00', 0x0, 0x2)
ioctl$VIDIOC_CREATE_BUFS(r0, 0xc100565c, &(0x7f0000000040)={0x0, 0x1, 0x1, {0x1, @sliced={0x0, [0x0, 0x0, 0x0, 0x0, 0x0, 0x0, 0x0, 0x0, 0x0, 0x0, 0x8]}}})
r1 = syz_open_dev$vbi(&(0x7f00000000c0)='/dev/vbi#\x00', 0x2, 0x2)
ioctl$VIDIOC_S_PRIORITY(r1, 0x40045644, 0x0)
ioctl$VIDIOC_ENUM_FMT(r0, 0xc0405602, &(0x7f0000000240)={0x0, 0x5, 0x1, "40f90c390a61ff70df95dded45cbf5720f2356983a4c38c9b6549764652ecec0", 0x49383758})
ioctl$VIDIOC_ENUM_FRAMESIZES(r1, 0xc02c564a, &(0x7f0000000140)={0x7, 0x30364d54, 0x1, @stepwise={0x8001, 0x9, 0x0, 0x5, 0x3, 0xff}})
ioctl$VIDIOC_STREAMOFF(r0, 0x40045613, &(0x7f0000000000))
r2 = openat$vimc2(0xffffffffffffff9c, &(0x7f0000000180)='/dev/video2\x00', 0x2, 0x0)
ioctl$VIDIOC_S_CROP(r2, 0x4014563c, &(0x7f00000001c0)={0x1, {0x3, 0x8, 0x0, 0x1}})

21:13:14 executing program 0:
r0 = syz_open_dev$vivid(&(0x7f0000000200)='/dev/video#\x00', 0x0, 0x2)
r1 = syz_open_dev$vbi(&(0x7f00000000c0)='/dev/vbi#\x00', 0x2, 0x2)
ioctl$VIDIOC_S_PRIORITY(r1, 0x40045644, 0x0)
r2 = openat$vimc2(0xffffffffffffff9c, &(0x7f0000000280)='/dev/video2\x00', 0x2, 0x0)
ioctl$VIDIOC_G_EXT_CTRLS(r1, 0xc0205647, &(0x7f0000000340)={0xa20000, 0x34de, 0x3, r2, 0x0, &(0x7f0000000300)={0xb, 0x6, [], @p_u32=&(0x7f00000002c0)=0xfff}})
ioctl$VIDIOC_CREATE_BUFS(r0, 0xc100565c, &(0x7f0000000040)={0x0, 0x1, 0x1, {0x1, @sliced={0x0, [0x8000, 0x0, 0x80, 0x0, 0x0, 0x0, 0x0, 0x0, 0xffff, 0x0, 0x28, 0x0, 0x0, 0x0, 0x0, 0x0, 0x0, 0x0, 0x0, 0x0, 0x0, 0x401, 0x4, 0x0, 0xff39, 0x0, 0x0, 0x7, 0x0, 0x9, 0x0, 0x1, 0x0, 0x0, 0x4]}}})
r3 = openat$vimc0(0xffffffffffffff9c, &(0x7f0000000140)='/dev/video0\x00', 0x2, 0x0)
r4 = syz_open_dev$swradio(&(0x7f0000000180)='/dev/swradio#\x00', 0x0, 0x2)
ioctl$VIDIOC_G_EDID(r4, 0xc0285628, &(0x7f0000000240)={0x0, 0x2, 0x5, [], &(0x7f00000001c0)})
ioctl$VIDIOC_STREAMOFF(r3, 0x40045613, &(0x7f0000000000))

21:13:14 executing program 0:
r0 = syz_open_dev$vivid(&(0x7f0000000200)='/dev/video#\x00', 0x0, 0x2)
ioctl$VIDIOC_CREATE_BUFS(r0, 0xc100565c, &(0x7f0000000040)={0x0, 0x1, 0x1, {0xc, @sliced={0x0, [0x0, 0xb000, 0x0, 0x0, 0x80, 0x0, 0x1, 0x2, 0x0, 0x0, 0x8, 0x0, 0x0, 0x15, 0x0, 0x0, 0x0, 0xfffc, 0x200, 0x0, 0x0, 0x1ee2, 0x0, 0x0, 0x0, 0x0, 0x0, 0x0, 0x0, 0x3f, 0x0, 0x0, 0x0, 0x0, 0x3ff, 0x0, 0x0, 0x4, 0x0, 0x0, 0x0, 0x0, 0x0, 0x0, 0xfff, 0x4]}}})
ioctl$VIDIOC_STREAMOFF(r0, 0x40045613, &(0x7f0000000000))

21:13:14 executing program 0:
ioctl$VIDIOC_S_STD(0xffffffffffffffff, 0x40085618, &(0x7f0000000240)=0x10003)
ioctl$VIDIOC_G_DV_TIMINGS(0xffffffffffffffff, 0xc0845658, &(0x7f0000000140)={0x0, @bt={0x300000, 0x0, 0x1, 0x1, 0x1, 0xd12, 0x80000001, 0x5, 0x4000000, 0x7, 0x6, 0xffff, 0x4, 0x1, 0x1a, 0x24, {0x2, 0x80000000}, 0xa4, 0x90}})
ioctl$VIDIOC_S_PRIORITY(0xffffffffffffffff, 0x40045644, 0x2)
r0 = syz_open_dev$vivid(&(0x7f0000000200)='/dev/video#\x00', 0x0, 0x2)
ioctl$VIDIOC_CREATE_BUFS(r0, 0xc100565c, &(0x7f0000000040)={0x0, 0x1, 0x1, {0x1, @sliced={0x0, [0x0, 0x0, 0x0, 0x0, 0x0, 0x0, 0x0, 0x0, 0x0, 0x0, 0x8, 0x0, 0x0, 0x0, 0x0, 0x0, 0x0, 0x0, 0x0, 0x0, 0x4000, 0x0, 0x0, 0xfffd]}}})
ioctl$VIDIOC_QUERYCAP(r0, 0x80685600, &(0x7f0000000280))
r1 = syz_open_dev$vbi(&(0x7f00000000c0)='/dev/vbi#\x00', 0x2, 0x2)
r2 = syz_open_dev$swradio(&(0x7f0000000300)='/dev/swradio#\x00', 0x1, 0x2)
ioctl$VIDIOC_S_PRIORITY(r2, 0x40045644, 0x1)
ioctl$VIDIOC_LOG_STATUS(r1, 0x5646, 0x0)
ioctl$VIDIOC_STREAMOFF(r0, 0x40045613, &(0x7f0000000000))

[ 1191.092238][T16349] vivid-001: =================  START STATUS  =================
[ 1191.105001][T16349] v4l2-ctrls: vivid-001: Interlaced VBI Format: false
[ 1191.115136][T16349] vivid-001: ==================  END STATUS  ==================
[ 1191.132313][T16349] vivid-001: =================  START STATUS  =================
[ 1191.139043][T16349] v4l2-ctrls: vivid-001: Interlaced VBI Format: false
[ 1191.145665][T16349] vivid-001: ==================  END STATUS  ==================
21:13:14 executing program 0:
r0 = syz_open_dev$vivid(&(0x7f0000000200)='/dev/video#\x00', 0x0, 0x2)
ioctl$VIDIOC_CREATE_BUFS(r0, 0xc100565c, &(0x7f0000000040)={0x0, 0x1, 0x1, {0x1, @sliced={0x0, [0x0, 0x0, 0x2000, 0x0, 0x0, 0x0, 0x0, 0x0, 0x0, 0x0, 0x8]}}})
ioctl$VIDIOC_STREAMOFF(r0, 0x40045613, &(0x7f0000000000))
ioctl$VIDIOC_S_AUDOUT(r0, 0x40345632, &(0x7f0000000140)={0x1000, "5081d2bb48ee064c0979de9cb46d02c7e78c403c3db8e1832d2c810ecc4b33d5", 0x2, 0x1})

21:13:14 executing program 0:
r0 = syz_open_dev$vivid(&(0x7f0000000200)='/dev/video#\x00', 0x0, 0x2)
ioctl$VIDIOC_CREATE_BUFS(r0, 0xc100565c, &(0x7f0000000040)={0x0, 0x1, 0x1, {0x1, @sliced={0x0, [0x0, 0x0, 0x0, 0x0, 0x0, 0x0, 0x0, 0x0, 0x0, 0x0, 0x8], 0x1}}})
ioctl$VIDIOC_STREAMOFF(r0, 0x40045613, &(0x7f0000000000))

21:13:14 executing program 0:
r0 = syz_open_dev$vivid(&(0x7f0000000200)='/dev/video#\x00', 0x0, 0x2)
ioctl$VIDIOC_CREATE_BUFS(r0, 0xc100565c, &(0x7f0000000040)={0x0, 0x1, 0x1, {0x1, @sdr={0x31303553, 0x2}}, 0x400000})
ioctl$VIDIOC_STREAMOFF(r0, 0x40045613, &(0x7f0000000000))
ioctl$VIDIOC_STREAMON(r0, 0x40045612, &(0x7f0000000140)=0x4)

21:13:14 executing program 0:
r0 = syz_open_dev$vivid(&(0x7f0000000200)='/dev/video#\x00', 0x0, 0x2)
ioctl$VIDIOC_CREATE_BUFS(r0, 0xc100565c, &(0x7f0000000040)={0x0, 0x1, 0x1, {0x1, @sliced={0x0, [0x20, 0x0, 0x0, 0x0, 0x0, 0x0, 0x0, 0x0, 0x0, 0x0, 0x8, 0x0, 0x0, 0x0, 0x0, 0x0, 0x0, 0x0, 0x0, 0x0, 0x0, 0xfffe, 0x0, 0x0, 0x0, 0x0, 0x0, 0x0, 0xfff8, 0x0, 0x0, 0x0, 0x0, 0x0, 0x0, 0x0, 0x556, 0x1000, 0x0, 0x0, 0x0, 0x1], 0x9}}})
ioctl$VIDIOC_STREAMOFF(r0, 0x40045613, &(0x7f0000000000))
r1 = syz_open_dev$vivid(&(0x7f0000000140)='/dev/video#\x00', 0x1, 0x2)
ioctl$VIDIOC_REQBUFS(r1, 0xc0145608, &(0x7f0000000180)={0x0, 0x2, 0x1})
r2 = syz_open_dev$cec(&(0x7f00000001c0)='/dev/cec#\x00', 0x1, 0x2)
ioctl$VIDIOC_SUBDEV_S_EDID(r2, 0xc0285629, &(0x7f0000000280)={0x0, 0x4, 0x5, [], &(0x7f0000000240)=0xff})

21:13:14 executing program 0:
r0 = syz_open_dev$vivid(&(0x7f0000000200)='/dev/video#\x00', 0x0, 0x2)
ioctl$VIDIOC_CREATE_BUFS(r0, 0xc100565c, &(0x7f0000000040)={0x0, 0x2, 0x1, {0x1, @sliced={0x0, [0x0, 0x0, 0x0, 0x0, 0x0, 0x0, 0x0, 0x0, 0x0, 0x0, 0x8, 0x0, 0x0, 0x0, 0x0, 0x0, 0x0, 0x0, 0x0, 0x0, 0x0, 0x4, 0x0, 0xfffe, 0x0, 0x0, 0x0, 0x0, 0x0, 0x0, 0x0, 0x0, 0xc1c3, 0x0, 0x3, 0x0, 0x0, 0x8, 0x0, 0x0, 0x0, 0x0, 0x0, 0x0, 0x0, 0x0, 0x0, 0x4]}}})
r1 = syz_open_dev$vbi(&(0x7f00000000c0)='/dev/vbi#\x00', 0x2, 0x2)
ioctl$VIDIOC_S_PRIORITY(r1, 0x40045644, 0x0)
ioctl$VIDIOC_G_SELECTION(r1, 0xc040565e, &(0x7f0000000140)={0x1, 0x102, 0x5, {0x9b, 0x5, 0x10000, 0x4a4}})
ioctl$VIDIOC_STREAMOFF(r0, 0x40045613, &(0x7f0000000000))
ioctl$VIDIOC_SUBDEV_DV_TIMINGS_CAP(r1, 0xc0905664, &(0x7f0000000240)={0x0, 0x0, [], @bt={0x3, 0x1, 0x1, 0x2, 0x4, 0x5, 0x6, 0xf}})

21:13:14 executing program 0:
r0 = syz_open_dev$vivid(&(0x7f0000000200)='/dev/video#\x00', 0x0, 0x2)
ioctl$VIDIOC_CREATE_BUFS(r0, 0xc100565c, &(0x7f0000000240)={0x0, 0x1, 0x1, {0x1, @sliced={0x0, [0x0, 0x0, 0x0, 0x0, 0x0, 0x0, 0x0, 0x0, 0x8000, 0x0, 0x8, 0x0, 0x0, 0x0, 0x0, 0x0, 0x0, 0x0, 0x0, 0x0, 0x0, 0x0, 0x0, 0x0, 0x8, 0x0, 0x0, 0x0, 0x0, 0x0, 0x6, 0x0, 0x0, 0x0, 0x0, 0x5]}}})
ioctl$VIDIOC_STREAMOFF(r0, 0x40045613, &(0x7f0000000000))

21:13:14 executing program 0:
r0 = syz_open_dev$vivid(&(0x7f0000000200)='/dev/video#\x00', 0x0, 0x2)
ioctl$VIDIOC_CREATE_BUFS(r0, 0xc100565c, &(0x7f0000000040)={0x0, 0x1, 0x1, {0x1, @sliced={0x0, [0x0, 0x0, 0x0, 0x0, 0x0, 0x0, 0x0, 0x0, 0x0, 0x0, 0x8]}}})
ioctl$VIDIOC_SUBDEV_S_SELECTION(r0, 0xc040563e, &(0x7f0000000140)={0x1, 0x0, 0x102, 0x3, {0x91b, 0x0, 0x8, 0x200}})
ioctl$VIDIOC_STREAMOFF(r0, 0x40045613, &(0x7f0000000000))

21:13:14 executing program 0:
ioctl$VIDIOC_SUBDEV_G_SELECTION(0xffffffffffffffff, 0xc040563d, &(0x7f0000000180)={0x1, 0x0, 0x102, 0x0, {0x3, 0x0, 0x80000000, 0x1}})
r0 = syz_open_dev$vivid(&(0x7f0000000200)='/dev/video#\x00', 0x0, 0x2)
syz_open_dev$vbi(&(0x7f0000000140)='/dev/vbi#\x00', 0x2, 0x2)
ioctl$VIDIOC_CREATE_BUFS(r0, 0xc100565c, &(0x7f0000000040)={0x0, 0x1, 0x1, {0x1, @sliced={0x0, [0x0, 0x0, 0x0, 0x0, 0x0, 0x0, 0x0, 0x0, 0x0, 0x0, 0x8]}}})
ioctl$VIDIOC_STREAMOFF(r0, 0x40045613, &(0x7f0000000000))

21:13:14 executing program 0:
r0 = syz_open_dev$vivid(&(0x7f0000000200)='/dev/video#\x00', 0x0, 0x2)
ioctl$VIDIOC_CREATE_BUFS(r0, 0xc100565c, &(0x7f0000000040)={0x0, 0x1, 0x1, {0x1, @sliced={0x0, [0x0, 0x0, 0x0, 0x0, 0x0, 0x0, 0x0, 0x0, 0x0, 0x0, 0x8]}}})
ioctl$VIDIOC_DBG_G_CHIP_INFO(r0, 0xc0c85666, &(0x7f0000000ac0)={{0x1, @addr=0x2}, "9a812e87c05e529470c3ea0ffe3305a185a36515f76e9a9e5a7f82a44a267d4c"})
ioctl$VIDIOC_S_JPEGCOMP(r0, 0x408c563e, &(0x7f0000000bc0)={0x10000, 0xe, 0x37, "820a81df27aa359a8f41f0a24ed3385338597bf2521636f4e084b8954df34868b8a09ea424396360cb15bd0fbf162bcf003add8186c914aa7eb76aac", 0x3c, "450f578dcb32a2a91a9f893133247fa206db7be75a4ce644d57fc7c968afa1389dd324d3b4d4b4518d9ba99647b757f546e90f71d7864cfe30bbe8bc", 0x20})
r1 = syz_open_dev$swradio(&(0x7f0000000240)='/dev/swradio#\x00', 0x1, 0x2)
ioctl$VIDIOC_G_ENC_INDEX(r1, 0x8818564c, &(0x7f0000000280))
ioctl$VIDIOC_STREAMOFF(r0, 0x40045613, &(0x7f0000000000))
ioctl$VIDIOC_S_EXT_CTRLS(r0, 0xc0205648, &(0x7f00000001c0)={0x9a0000, 0x80000001, 0xff, r0, 0x0, &(0x7f0000000180)={0x990a93, 0x8, [], @p_u16=&(0x7f0000000140)=0x8001}})

21:13:14 executing program 0:
r0 = syz_open_dev$vivid(&(0x7f0000000200)='/dev/video#\x00', 0x0, 0x2)
ioctl$VIDIOC_CREATE_BUFS(r0, 0xc100565c, &(0x7f0000000040)={0x0, 0x1, 0x1, {0x1, @raw_data="693a423bd40cb320bbd73e28ec3775561016b0164fca8323331c20590d6322a961573e05d65ba28d0e60036b00815b7bdf245c5fd705480750049d57eae12ef68a743790e25d875abf3456a330a134626788d461174083f5c5e1317c809c7d8e0240e9a9553407000000dabc280e00aa864f2f20673a3ad92b3d348c82b1141a56d8b14e86a70c0e39eacf2689333c5fb015df5039de29eaae30010000800000000046f43a92a1d797dbfb7aed272b4d36580db324fb664876ed6d00"}})
ioctl$VIDIOC_STREAMOFF(r0, 0x40045613, &(0x7f0000000000))

[ 1193.561429][ T9970] syz-executor.0 invoked oom-killer: gfp_mask=0x100cca(GFP_HIGHUSER_MOVABLE), order=0, oom_score_adj=0
[ 1193.567215][ T9970] CPU: 0 PID: 9970 Comm: syz-executor.0 Not tainted 5.4.0+ #27
[ 1193.570915][ T9970] Hardware name: QEMU Standard PC (i440FX + PIIX, 1996), BIOS Ubuntu-1.8.2-1ubuntu1 04/01/2014
[ 1193.576018][ T9970] Call Trace:
[ 1193.577753][ T9970]  dump_stack+0xc6/0x11e
[ 1193.579862][ T9970]  dump_header+0x10b/0xb50
[ 1193.582264][ T9970]  ? _raw_spin_unlock_irqrestore+0x39/0x60
[ 1193.585356][ T9970]  ? ___ratelimit+0x4f/0x460
[ 1193.587781][ T9970]  oom_kill_process+0x177/0x3c0
[ 1193.590294][ T9970]  out_of_memory+0x309/0x13b0
[ 1193.592607][ T9970]  ? oom_killer_disable+0x240/0x240
[ 1193.595169][ T9970]  ? mutex_trylock+0x26f/0x300
[ 1193.597619][ T9970]  ? __alloc_pages_slowpath+0xadb/0x2480
[ 1193.600479][ T9970]  __alloc_pages_slowpath+0x205b/0x2480
[ 1193.603254][ T9970]  ? warn_alloc+0x290/0x290
[ 1193.605483][ T9970]  ? should_fail+0x197/0x700
[ 1193.607880][ T9970]  ? xas_descend+0x141/0x3a0
[ 1193.610224][ T9970]  __alloc_pages_nodemask+0x5e5/0x850
[ 1193.612949][ T9970]  ? __alloc_pages_slowpath+0x2480/0x2480
[ 1193.615887][ T9970]  ? __filemap_set_wb_err+0x250/0x250
[ 1193.618699][ T9970]  ? __page_cache_alloc+0xcf/0x2c0
[ 1193.621343][ T9970]  ? mark_held_locks+0x100/0x100
[ 1193.623835][ T9970]  alloc_pages_current+0xac/0x1e0
[ 1193.626304][ T9970]  __page_cache_alloc+0x1a0/0x2c0
[ 1193.628914][ T9970]  pagecache_get_page+0x1a2/0x640
[ 1193.631401][ T9970]  filemap_fault+0xc2a/0x1b10
[ 1193.633699][ T9970]  ext4_filemap_fault+0x80/0xa7
[ 1193.636302][ T9970]  __do_fault+0x16d/0x3cb
[ 1193.638573][ T9970]  ? __handle_mm_fault+0x2140/0x3640
[ 1193.641268][ T9970]  __handle_mm_fault+0x214c/0x3640
[ 1193.643768][ T9970]  ? __pmd_alloc+0x370/0x370
[ 1193.646006][ T9970]  ? __count_memcg_events+0x7d/0x200
[ 1193.648797][ T9970]  handle_mm_fault+0x2e5/0x8c0
[ 1193.651266][ T9970]  __do_page_fault+0x470/0xa60
[ 1193.653695][ T9970]  ? do_page_fault+0x27/0x4e4
[ 1193.656161][ T9970]  async_page_fault+0x34/0x40
[ 1193.658606][ T9970] RIP: 0033:0x45c321
[ 1193.660648][ T9970] Code: Bad RIP value.
[ 1193.662686][ T9970] RSP: 002b:00007ffcfdd52720 EFLAGS: 00010293
[ 1193.665747][ T9970] RAX: 0000000000000000 RBX: 000000000012312f RCX: 000000000045c321
[ 1193.669941][ T9970] RDX: 0000000000000000 RSI: 0000000000000000 RDI: 00007ffcfdd52730
[ 1193.673915][ T9970] RBP: 0000000000004965 R08: 0000000000000000 R09: 0000000002298940
[ 1193.677896][ T9970] R10: 0000000000000000 R11: 0000000000000293 R12: 0000000000000003
[ 1193.681955][ T9970] R13: 00007ffcfdd52780 R14: 0000000000122e06 R15: 00007ffcfdd52790
[ 1193.691870][ T9970] Mem-Info:
[ 1193.693481][ T9970] active_anon:9892 inactive_anon:11049 isolated_anon:6
[ 1193.693481][ T9970]  active_file:13 inactive_file:12 isolated_file:0
[ 1193.693481][ T9970]  unevictable:7 dirty:0 writeback:0 unstable:0
[ 1193.693481][ T9970]  slab_reclaimable:16705 slab_unreclaimable:28185
[ 1193.693481][ T9970]  mapped:10661 shmem:11232 pagetables:511 bounce:0
[ 1193.693481][ T9970]  free:17292 free_pcp:92 free_cma:0
[ 1193.715201][ T9970] Node 0 active_anon:37816kB inactive_anon:19604kB active_file:32kB inactive_file:24kB unevictable:28kB isolated(anon):24kB isolated(file):0kB mapped:28kB dirty:0kB writeback:0kB shmem:20316kB shmem_thp: 0kB shmem_pmdmapped: 0kB anon_thp: 16384kB writeback_tmp:0kB unstable:0kB all_unreclaimable? yes
[ 1193.732915][ T9970] Node 1 active_anon:1752kB inactive_anon:24592kB active_file:20kB inactive_file:24kB unevictable:0kB isolated(anon):0kB isolated(file):0kB mapped:42616kB dirty:0kB writeback:0kB shmem:24612kB shmem_thp: 0kB shmem_pmdmapped: 0kB anon_thp: 0kB writeback_tmp:0kB unstable:0kB all_unreclaimable? yes
[ 1193.763370][ T9970] Node 0 DMA free:2500kB min:712kB low:888kB high:1064kB active_anon:4kB inactive_anon:0kB active_file:0kB inactive_file:0kB unevictable:0kB writepending:0kB present:15992kB managed:15908kB mlocked:0kB kernel_stack:0kB pagetables:24kB bounce:0kB free_pcp:0kB local_pcp:0kB free_cma:0kB
[ 1193.777096][ T9970] lowmem_reserve[]: 0 449 449 449 449
[ 1193.779780][ T9970] Node 0 DMA32 free:20608kB min:20632kB low:25788kB high:30944kB active_anon:37812kB inactive_anon:19604kB active_file:32kB inactive_file:24kB unevictable:28kB writepending:0kB present:1032192kB managed:465724kB mlocked:28kB kernel_stack:6496kB pagetables:1644kB bounce:0kB free_pcp:120kB local_pcp:120kB free_cma:0kB
[ 1193.801308][ T9970] lowmem_reserve[]: 0 0 0 0 0
[ 1193.803853][ T9970] Node 1 DMA32 free:46060kB min:46232kB low:57788kB high:69344kB active_anon:1752kB inactive_anon:24592kB active_file:20kB inactive_file:16kB unevictable:0kB writepending:0kB present:1048448kB managed:1031988kB mlocked:0kB kernel_stack:352kB pagetables:376kB bounce:0kB free_pcp:248kB local_pcp:248kB free_cma:0kB
[ 1193.822713][ T9970] lowmem_reserve[]: 0 0 0 0 0
[ 1193.825224][ T9970] Node 0 DMA: 1*4kB (M) 2*8kB (UM) 1*16kB (M) 1*32kB (M) 2*64kB (UM) 2*128kB (UM) 2*256kB (UM) 1*512kB (M) 1*1024kB (M) 0*2048kB 0*4096kB = 2500kB
[ 1193.834347][ T9970] Node 0 DMA32: 698*4kB (MH) 295*8kB (UM) 178*16kB (M) 92*32kB (MH) 33*64kB (UM) 31*128kB (UM) 14*256kB (UM) 0*512kB 0*1024kB 0*2048kB 0*4096kB = 20608kB
[ 1193.848657][ T9970] Node 1 DMA32: 409*4kB (UM) 333*8kB (UME) 238*16kB (ME) 126*32kB (UME) 70*64kB (UM) 32*128kB (ME) 9*256kB (M) 5*512kB (UM) 4*1024kB (M) 6*2048kB (UM) 1*4096kB (M) = 46060kB
[ 1193.864933][ T9970] Node 0 hugepages_total=0 hugepages_free=0 hugepages_surp=0 hugepages_size=2048kB
[ 1193.867980][ T9970] Node 1 hugepages_total=0 hugepages_free=0 hugepages_surp=0 hugepages_size=2048kB
[ 1193.876608][ T9970] 11249 total pagecache pages
[ 1193.879059][ T9970] 0 pages in swap cache
[ 1193.886527][ T9970] Swap cache stats: add 0, delete 0, find 0/0
[ 1193.889578][ T9970] Free swap  = 0kB
[ 1193.891868][ T9970] Total swap = 0kB
[ 1193.893711][ T9970] 524158 pages RAM
[ 1193.895008][ T9970] 0 pages HighMem/MovableOnly
[ 1193.897273][ T9970] 145753 pages reserved
[ 1193.898600][ T9970] 0 pages cma reserved
[ 1193.899926][ T9970] Unreclaimable slab info:
[ 1193.905182][ T9970] Name                      Used          Total
[ 1193.907207][ T9970] pid_2                     24KB         24KB
[ 1193.909255][ T9970] rxe-mr                     3KB          3KB
[ 1193.911273][ T9970] rxe-qp                    29KB         29KB
[ 1193.913320][ T9970] bio-3                      3KB          3KB
[ 1193.915240][ T9970] batadv_tt_change_cache          4KB          4KB
[ 1193.917300][ T9970] batadv_tl_cache            4KB          4KB
[ 1193.928379][ T9970] TIPC                      15KB         15KB
[ 1193.930515][ T9970] SCTPv6                    30KB         30KB
[ 1193.933690][ T9970] DCCPv6                    30KB         30KB
[ 1193.935613][ T9970] DCCP                      30KB         30KB
[ 1193.937679][ T9970] RXRPC                     30KB         30KB
[ 1193.939706][ T9970] rxrpc_call_jar            30KB         30KB
[ 1193.944753][ T9970] bridge_fdb_cache           3KB          3KB
[ 1193.946696][ T9970] fib6_nodes                28KB         28KB
[ 1193.948722][ T9970] ip6_dst_cache             52KB         52KB
[ 1193.950797][ T9970] RAWv6                     30KB         30KB
[ 1193.952796][ T9970] UDPv6                     45KB         45KB
[ 1193.954734][ T9970] TCPv6                     30KB         30KB
[ 1193.956919][ T9970] nf_conntrack               7KB          7KB
[ 1193.958905][ T9970] t10_alua_lu_gp_cache          3KB          3KB
[ 1193.965771][ T9970] scsi_sense_cache           4KB          4KB
[ 1193.967720][ T9970] sd_ext_cdb                 3KB          3KB
[ 1193.969638][ T9970] virtio_scsi_cmd           16KB         16KB
[ 1193.971792][ T9970] sgpool-128                29KB         29KB
[ 1193.973859][ T9970] sgpool-64                 31KB         31KB
[ 1193.975772][ T9970] sgpool-32                 31KB         31KB
[ 1193.977755][ T9970] sgpool-16                 22KB         22KB
[ 1193.983720][ T9970] sgpool-8                  33KB         33KB
[ 1193.985684][ T9970] mqueue_inode_cache         15KB         15KB
[ 1193.987718][ T9970] f2fs_bio_post_read_ctx         15KB         15KB
[ 1193.989788][ T9970] bio-2                     15KB         15KB
[ 1193.991729][ T9970] jfs_mp                     7KB          7KB
[ 1193.993804][ T9970] cifs_small_rq             16KB         16KB
[ 1193.995757][ T9970] cifs_request              67KB         67KB
[ 1193.997782][ T9970] cifs_mpx_ids               3KB          3KB
[ 1193.999844][ T9970] nfs_commit_data            7KB          7KB
[ 1194.005492][ T9970] nfs_write_data            32KB         32KB
[ 1194.007471][ T9970] jbd2_inode                 3KB          3KB
[ 1194.009357][ T9970] ext4_system_zone           3KB          3KB
[ 1194.011398][ T9970] ext4_bio_post_read_ctx         15KB         15KB
[ 1194.013552][ T9970] bio-1                      3KB          3KB
[ 1194.015577][ T9970] pid_namespace              3KB          3KB
[ 1194.017512][ T9970] posix_timers_cache          3KB          3KB
[ 1194.019501][ T9970] rpc_buffers               31KB         31KB
[ 1194.024608][ T9970] rpc_tasks                  3KB          3KB
[ 1194.026588][ T9970] UNIX                     299KB        462KB
[ 1194.028534][ T9970] tcp_bind_bucket            4KB          4KB
[ 1194.030643][ T9970] ip_fib_trie                8KB          8KB
[ 1194.033661][ T9970] ip_fib_alias              19KB         19KB
[ 1194.035778][ T9970] ip_dst_cache               4KB          4KB
[ 1194.037783][ T9970] RAW                       15KB         15KB
[ 1194.039860][ T9970] UDP                      106KB        106KB
[ 1194.045440][ T9970] request_sock_TCP           3KB          3KB
[ 1194.047417][ T9970] TCP                       30KB         30KB
[ 1194.049349][ T9970] hugetlbfs_inode_cache         15KB         15KB
[ 1194.051553][ T9970] fscache_cookie_jar          3KB          3KB
[ 1194.053576][ T9970] eventpoll_pwq             23KB         23KB
[ 1194.055653][ T9970] eventpoll_epi             47KB         47KB
[ 1194.057612][ T9970] inotify_inode_mark         11KB         11KB
[ 1194.059908][ T9970] request_queue            212KB        212KB
[ 1194.065987][ T9970] blkdev_ioc                 7KB          7KB
[ 1194.069115][ T9970] bio-0                     65KB         75KB
[ 1194.072360][ T9970] biovec-max               773KB        773KB
[ 1194.075533][ T9970] biovec-64                 47KB        126KB
[ 1194.078703][ T9970] biovec-16                 15KB         15KB
[ 1194.085437][ T9970] bio_integrity_payload          3KB          3KB
[ 1194.088662][ T9970] khugepaged_mm_slot          7KB          7KB
[ 1194.091872][ T9970] uid_cache                  4KB          4KB
[ 1194.094811][ T9970] dmaengine-unmap-2          4KB          4KB
[ 1194.097883][ T9970] audit_buffer               3KB          3KB
[ 1194.105353][ T9970] skbuff_ext_cache           4KB          4KB
[ 1194.108479][ T9970] skbuff_fclone_cache         60KB         97KB
[ 1194.111671][ T9970] skbuff_head_cache         75KB         90KB
[ 1194.114786][ T9970] configfs_dir_cache          4KB          4KB
[ 1194.117964][ T9970] file_lock_cache           46KB         61KB
[ 1194.125220][ T9970] file_lock_ctx             11KB         11KB
[ 1194.128341][ T9970] fsnotify_mark_connector          7KB          7KB
[ 1194.131705][ T9970] net_namespace             27KB         27KB
[ 1194.134807][ T9970] task_delay_info          136KB        246KB
[ 1194.137997][ T9970] taskstats                 15KB         15KB
[ 1194.145476][ T9970] proc_dir_entry           341KB        341KB
[ 1194.149745][ T9970] pde_opener                11KB         11KB
[ 1194.152992][ T9970] seq_file                  59KB         59KB
[ 1194.156043][ T9970] sigqueue                   7KB          7KB
[ 1194.159107][ T9970] shmem_inode_cache       8263KB       8365KB
[ 1194.169822][ T9970] kernfs_iattrs_cache         11KB         11KB
[ 1194.175956][ T9970] kernfs_node_cache      16297KB      16297KB
[ 1194.190556][ T9970] mnt_cache                 67KB         67KB
[ 1194.196151][ T9970] filp                     488KB        915KB
[ 1194.207201][ T9970] names_cache             4670KB       7556KB
[ 1194.213032][ T9970] iint_cache               143KB        143KB
[ 1194.216264][ T9970] lsm_file_cache            82KB        233KB
[ 1194.219461][ T9970] key_jar                    7KB          7KB
[ 1194.226648][ T9970] uts_namespace              3KB          3KB
[ 1194.229839][ T9970] nsproxy                    3KB          3KB
[ 1194.233610][ T9970] vm_area_struct           502KB        719KB
[ 1194.236806][ T9970] mm_struct                165KB        247KB
[ 1194.239849][ T9970] fs_cache                  20KB         56KB
[ 1194.246924][ T9970] files_cache               80KB        142KB
[ 1194.249938][ T9970] signal_cache             386KB       1075KB
[ 1194.253606][ T9970] sighand_cache            478KB        541KB
[ 1194.256794][ T9970] task_struct             2024KB       3360KB
[ 1194.259757][ T9970] cred_jar                 109KB        372KB
[ 1194.267106][ T9970] anon_vma_chain           164KB        236KB
[ 1194.270145][ T9970] anon_vma                 184KB        219KB
[ 1194.273876][ T9970] pid                       75KB        208KB
[ 1194.277075][ T9970] Acpi-Operand              72KB        118KB
[ 1194.284235][ T9970] Acpi-ParseExt             15KB         15KB
[ 1194.287199][ T9970] Acpi-Parse                51KB         90KB
[ 1194.291013][ T9970] Acpi-State                15KB         55KB
[ 1194.294085][ T9970] Acpi-Namespace            24KB         24KB
[ 1194.297067][ T9970] numa_policy                3KB          3KB
[ 1194.300121][ T9970] trace_event_file         338KB        338KB
[ 1194.308437][ T9970] ftrace_event_field        456KB        456KB
[ 1194.312214][ T9970] pool_workqueue           105KB        112KB
[ 1194.315231][ T9970] vmap_area                212KB        224KB
[ 1194.318203][ T9970] debug_objects_cache       1229KB       1229KB
[ 1194.331496][ T9970] page->ptl                 82KB        154KB
[ 1194.334643][ T9970] dma-kmalloc-512            8KB          8KB
[ 1194.337766][ T9970] kmalloc-8k              2512KB       2688KB
[ 1194.343796][ T9970] kmalloc-4k             14984KB      23136KB
[ 1194.348418][ T9970] kmalloc-2k              9548KB      10144KB
[ 1194.355889][ T9970] kmalloc-1k              3776KB       4256KB
[ 1194.359106][ T9970] kmalloc-512             2537KB       4032KB
[ 1194.365401][ T9970] kmalloc-256             3592KB       3700KB
[ 1194.368831][ T9970] kmalloc-192              451KB        876KB
[ 1194.373724][ T9970] kmalloc-128              564KB        588KB
[ 1194.376717][ T9970] kmalloc-96              1559KB       1620KB
[ 1194.379794][ T9970] kmalloc-64              2879KB       3056KB
[ 1194.385914][ T9970] kmalloc-32               163KB        252KB
[ 1194.388883][ T9970] kmalloc-16               182KB        192KB
[ 1194.393646][ T9970] kmalloc-8                372KB        382KB
[ 1194.396642][ T9970] kmem_cache_node          180KB        181KB
[ 1194.399640][ T9970] kmem_cache               300KB        300KB
[ 1194.405663][ T9970] Tasks state (memory values in pages):
[ 1194.408537][ T9970] [  pid  ]   uid  tgid total_vm      rss pgtables_bytes swapents oom_score_adj name
[ 1194.415158][ T9970] [   5950]     0  5950    17670     2041   143360        0             0 systemd-journal
[ 1194.420093][ T9970] [   5963]     0  5963    11222      558   118784        0         -1000 systemd-udevd
[ 1194.428149][ T9970] [   6036]     0  6036     5114      279    81920        0             0 dhclient
[ 1194.434660][ T9970] [   6038]   100  6038    31821      123   151552        0             0 systemd-timesyn
[ 1194.439893][ T9970] [   9610]     0  9610    63582      761   143360        0             0 rsyslogd
[ 1194.463421][ T9970] [   9611]     0  9611     6998       59    98304        0             0 cron
[ 1194.467980][ T9970] [   9618]     0  9618     3220       33    69632        0             0 agetty
[ 1194.475179][ T9970] [   9621]     0  9621     3220       32    69632        0             0 agetty
[ 1194.479986][ T9970] [   9622]     0  9622     3220       32    73728        0             0 agetty
[ 1194.487724][ T9970] [   9624]     0  9624     3220       32    65536        0             0 agetty
[ 1194.493990][ T9970] [   9625]     0  9625     3220       32    65536        0             0 agetty
[ 1194.498796][ T9970] [   9627]     0  9627     3220       32    69632        0             0 agetty
[ 1194.507029][ T9970] [   9629]     0  9629     3164       32    73728        0             0 agetty
[ 1194.513853][ T9970] [   9631]     0  9631    17489      187   176128        0         -1000 sshd
[ 1194.518589][ T9970] [   9835]     0  9835     6371       52    90112        0             0 rdma-ndd
[ 1194.526373][ T9970] [   9909]     0  9909    23216      232   217088        0             0 sshd
[ 1194.532549][ T9970] [   9915]     0  9915   203839     6386   319488        0             0 syz-fuzzer
[ 1194.537530][ T9970] [   9967]     0  9967    21239       18   122880        0             0 syz-executor.0
[ 1194.545940][ T9970] [   9970]     0  9970    23287     8650   131072        0             0 syz-executor.0
[ 1194.552859][ T9970] [  16390]     0 16389    23419     8750   143360        0          1000 syz-executor.0
[ 1194.557960][ T9970] oom-kill:constraint=CONSTRAINT_NONE,nodemask=(null),cpuset=/,mems_allowed=0-1,global_oom,task_memcg=/,task=syz-executor.0,pid=16389,uid=0
[ 1194.568189][ T9970] Out of memory: Killed process 16390 (syz-executor.0) total-vm:93676kB, anon-rss:184kB, file-rss:34816kB, shmem-rss:0kB, UID:0 pgtables:143360kB oom_score_adj:1000
[ 1194.592441][ T2006] oom_reaper: reaped process 16390 (syz-executor.0), now anon-rss:0kB, file-rss:34816kB, shmem-rss:0kB
[ 1194.598613][ T9970] syz-executor.0 invoked oom-killer: gfp_mask=0x100cca(GFP_HIGHUSER_MOVABLE), order=0, oom_score_adj=0
[ 1194.611389][ T9970] CPU: 0 PID: 9970 Comm: syz-executor.0 Not tainted 5.4.0+ #27
[ 1194.615431][ T9970] Hardware name: QEMU Standard PC (i440FX + PIIX, 1996), BIOS Ubuntu-1.8.2-1ubuntu1 04/01/2014
[ 1194.620420][ T9970] Call Trace:
[ 1194.622150][ T9970]  dump_stack+0xc6/0x11e
[ 1194.624450][ T9970]  dump_header+0x10b/0xb50
[ 1194.626715][ T9970]  ? _raw_spin_unlock_irqrestore+0x39/0x60
[ 1194.629541][ T9970]  ? ___ratelimit+0x4f/0x460
[ 1194.631767][ T9970]  oom_kill_process+0x177/0x3c0
[ 1194.634164][ T9970]  out_of_memory+0x309/0x13b0
[ 1194.636674][ T9970]  ? oom_killer_disable+0x240/0x240
[ 1194.639209][ T9970]  ? mutex_trylock+0x26f/0x300
[ 1194.641528][ T9970]  ? __alloc_pages_slowpath+0xadb/0x2480
[ 1194.644447][ T9970]  __alloc_pages_slowpath+0x205b/0x2480
[ 1194.647400][ T9970]  ? warn_alloc+0x290/0x290
[ 1194.649602][ T9970]  ? should_fail+0x197/0x700
[ 1194.651856][ T9970]  ? xas_descend+0x141/0x3a0
[ 1194.654102][ T9970]  __alloc_pages_nodemask+0x5e5/0x850
[ 1194.656866][ T9970]  ? __alloc_pages_slowpath+0x2480/0x2480
[ 1194.659679][ T9970]  ? __filemap_set_wb_err+0x250/0x250
[ 1194.662314][ T9970]  ? __page_cache_alloc+0xcf/0x2c0
[ 1194.664848][ T9970]  ? mark_held_locks+0x100/0x100
[ 1194.667438][ T9970]  alloc_pages_current+0xac/0x1e0
[ 1194.669941][ T9970]  __page_cache_alloc+0x1a0/0x2c0
[ 1194.672606][ T9970]  pagecache_get_page+0x1a2/0x640
[ 1194.675219][ T9970]  filemap_fault+0xc2a/0x1b10
[ 1194.677636][ T9970]  ext4_filemap_fault+0x80/0xa7
[ 1194.680155][ T9970]  __do_fault+0x16d/0x3cb
[ 1194.682380][ T9970]  ? __handle_mm_fault+0x2140/0x3640
[ 1194.685036][ T9970]  __handle_mm_fault+0x214c/0x3640
[ 1194.687687][ T9970]  ? __pmd_alloc+0x370/0x370
[ 1194.689940][ T9970]  ? __count_memcg_events+0x7d/0x200
[ 1194.692761][ T9970]  handle_mm_fault+0x2e5/0x8c0
[ 1194.695111][ T9970]  __do_page_fault+0x470/0xa60
[ 1194.697652][ T9970]  ? do_page_fault+0x27/0x4e4
[ 1194.700161][ T9970]  async_page_fault+0x34/0x40
[ 1194.702681][ T9970] RIP: 0033:0x45c321
[ 1194.704776][ T9970] Code: Bad RIP value.
[ 1194.706959][ T9970] RSP: 002b:00007ffcfdd52720 EFLAGS: 00010293
[ 1194.710185][ T9970] RAX: 0000000000000000 RBX: 000000000012312f RCX: 000000000045c321
[ 1194.714755][ T9970] RDX: 0000000000000000 RSI: 0000000000000000 RDI: 00007ffcfdd52730
[ 1194.718992][ T9970] RBP: 0000000000004965 R08: 0000000000000000 R09: 0000000002298940
[ 1194.723238][ T9970] R10: 0000000000000000 R11: 0000000000000293 R12: 0000000000000003
[ 1194.727468][ T9970] R13: 00007ffcfdd52780 R14: 0000000000122e06 R15: 00007ffcfdd52790
[ 1194.749284][ T9970] Mem-Info:
[ 1194.754496][ T9970] active_anon:9867 inactive_anon:11049 isolated_anon:0
[ 1194.754496][ T9970]  active_file:7 inactive_file:10 isolated_file:0
[ 1194.754496][ T9970]  unevictable:7 dirty:0 writeback:0 unstable:0
[ 1194.754496][ T9970]  slab_reclaimable:16705 slab_unreclaimable:28187
[ 1194.754496][ T9970]  mapped:10656 shmem:11232 pagetables:511 bounce:0
[ 1194.754496][ T9970]  free:10926 free_pcp:124 free_cma:0
[ 1194.774590][T16390] warn_alloc: 7 callbacks suppressed
[ 1194.774601][T16390] syz-executor.0: vmalloc: allocation failure, allocated 481116160 of 595845120 bytes, mode:0xdc0(GFP_KERNEL|__GFP_ZERO), nodemask=(null),cpuset=/,mems_allowed=0-1
[ 1194.791640][ T9970] Node 0 active_anon:37824kB inactive_anon:19604kB active_file:8kB inactive_file:24kB unevictable:28kB isolated(anon):0kB isolated(file):0kB mapped:8kB dirty:0kB writeback:0kB shmem:20316kB shmem_thp: 0kB shmem_pmdmapped: 0kB anon_thp: 4096kB writeback_tmp:0kB unstable:0kB all_unreclaimable? yes
[ 1194.808977][T16390] CPU: 0 PID: 16390 Comm: syz-executor.0 Not tainted 5.4.0+ #27
[ 1194.813158][T16390] Hardware name: QEMU Standard PC (i440FX + PIIX, 1996), BIOS Ubuntu-1.8.2-1ubuntu1 04/01/2014
[ 1194.818543][T16390] Call Trace:
[ 1194.820222][T16390]  dump_stack+0xc6/0x11e
[ 1194.822342][T16390]  warn_alloc+0x195/0x290
[ 1194.824585][T16390]  ? zone_watermark_ok_safe+0x330/0x330
[ 1194.827381][T16390]  ? __alloc_pages_slowpath+0x2480/0x2480
[ 1194.830308][T16390]  ? __sanitizer_cov_trace_pc+0x22/0x50
[ 1194.833081][T16390]  __vmalloc_node_range+0x51c/0x700
[ 1194.835874][T16390]  ? vb2_vmalloc_alloc+0xe8/0x330
[ 1194.838572][T16390]  vmalloc_user+0x6a/0x80
[ 1194.840893][T16390]  ? vb2_vmalloc_alloc+0xe8/0x330
[ 1194.843565][T16390]  vb2_vmalloc_alloc+0xe8/0x330
[ 1194.846145][T16390]  ? vb2_vmalloc_get_dmabuf+0x180/0x180
[ 1194.849108][T16390]  __vb2_queue_alloc+0x5d9/0x1270
[ 1194.851804][T16390]  vb2_core_create_bufs+0x420/0x7b0
[ 1194.854569][T16390]  ? vid_cap_buf_prepare+0xaf0/0xaf0
[ 1194.857382][T16390]  ? __vb2_queue_alloc+0x1270/0x1270
[ 1194.860169][T16390]  ? arch_stack_walk+0x87/0xd0
[ 1194.862707][T16390]  ? tomoyo_path_number_perm+0x42b/0x760
[ 1194.865698][T16390]  ? security_file_ioctl+0x52/0xa0
[ 1194.868435][T16390]  ? create_prof_cpu_mask+0x20/0x20
[ 1194.871219][T16390]  vb2_create_bufs+0x403/0x7d0
[ 1194.873755][T16390]  ? vb2_reqbufs+0x1d0/0x1d0
[ 1194.876156][T16390]  ? entry_SYSCALL_64_after_hwframe+0x49/0xbe
[ 1194.878268][T16390]  ? tomoyo_path_number_perm+0x42b/0x760
[ 1194.881293][T16390]  ? security_file_ioctl+0x52/0xa0
[ 1194.884044][T16390]  ? ksys_ioctl+0x3f/0x90
[ 1194.886335][T16390]  ? __x64_sys_ioctl+0x6f/0xb0
[ 1194.888874][T16390]  ? do_syscall_64+0x9d/0x5a0
[ 1194.891389][T16390]  ? entry_SYSCALL_64_after_hwframe+0x49/0xbe
[ 1194.894640][T16390]  ? tomoyo_supervisor+0x1de/0x11a0
[ 1194.897407][T16390]  vb2_ioctl_create_bufs+0x2df/0x420
[ 1194.900168][T16390]  ? memset+0x1f/0x40
[ 1194.902256][T16390]  v4l_create_bufs+0xa3/0x140
[ 1194.904734][T16390]  __video_do_ioctl+0x760/0xeb0
[ 1194.907322][T16390]  ? v4l_s_fmt+0xa60/0xa60
[ 1194.909737][T16390]  ? __might_fault+0x177/0x1b0
[ 1194.912313][T16390]  video_usercopy+0x118/0xf80
[ 1194.914825][T16390]  ? v4l_s_fmt+0xa60/0xa60
[ 1194.917187][T16390]  ? putname+0xd0/0x120
[ 1194.919428][T16390]  ? v4l_enumstd+0x60/0x60
[ 1194.921783][T16390]  ? __kasan_slab_free+0x11d/0x160
[ 1194.924526][T16390]  ? tomoyo_execute_permission+0x4e0/0x4e0
[ 1194.927645][T16390]  v4l2_ioctl+0x1c0/0x270
[ 1194.929931][T16390]  ? v4l2_prio_init+0x20/0x20
[ 1194.932424][T16390]  do_vfs_ioctl+0x19d/0x10d0
[ 1194.934858][T16390]  ? ioctl_preallocate+0x1f0/0x1f0
[ 1194.937536][T16390]  ? __fget+0x344/0x540
[ 1194.939781][T16390]  ? do_dup2+0x4f0/0x4f0
[ 1194.941895][T16390]  ? ktime_get_ts64+0x1e0/0x2f0
[ 1194.944332][T16390]  ksys_ioctl+0x84/0x90
[ 1194.946473][T16390]  __x64_sys_ioctl+0x6f/0xb0
[ 1194.948836][T16390]  do_syscall_64+0x9d/0x5a0
[ 1194.951185][T16390]  entry_SYSCALL_64_after_hwframe+0x49/0xbe
[ 1194.954200][T16390] RIP: 0033:0x45de59
[ 1194.956188][T16390] Code: Bad RIP value.
[ 1194.958204][T16390] RSP: 002b:00007f5d900f9c78 EFLAGS: 00000246 ORIG_RAX: 0000000000000010
[ 1194.962550][T16390] RAX: ffffffffffffffda RBX: 000000000001bb00 RCX: 000000000045de59
[ 1194.966606][T16390] RDX: 0000000020000040 RSI: 00000000c100565c RDI: 0000000000000003
[ 1194.970790][T16390] RBP: 000000000118bf60 R08: 0000000000000000 R09: 0000000000000000
[ 1194.974876][T16390] R10: 0000000000000000 R11: 0000000000000246 R12: 000000000118bf2c
[ 1194.978881][T16390] R13: 00007ffcfdd5251f R14: 00007f5d900fa9c0 R15: 000000000118bf2c
[ 1194.988101][ T9970] Node 1 active_anon:1632kB inactive_anon:24592kB active_file:20kB inactive_file:16kB unevictable:0kB isolated(anon):0kB isolated(file):0kB mapped:42616kB dirty:0kB writeback:0kB shmem:24612kB shmem_thp: 0kB shmem_pmdmapped: 0kB anon_thp: 0kB writeback_tmp:0kB unstable:0kB all_unreclaimable? yes
[ 1195.006440][ T9970] Node 0 DMA free:2152kB min:712kB low:888kB high:1064kB active_anon:4kB inactive_anon:0kB active_file:0kB inactive_file:0kB unevictable:0kB writepending:0kB present:15992kB managed:15908kB mlocked:0kB kernel_stack:0kB pagetables:24kB bounce:0kB free_pcp:0kB local_pcp:0kB free_cma:0kB
[ 1195.024418][ T9970] lowmem_reserve[]: 0 449 449 449 449
[ 1195.027142][ T9970] Node 0 DMA32 free:15400kB min:30872kB low:36028kB high:41184kB active_anon:37812kB inactive_anon:19604kB active_file:8kB inactive_file:24kB unevictable:28kB writepending:0kB present:1032192kB managed:465724kB mlocked:28kB kernel_stack:6496kB pagetables:1644kB bounce:0kB free_pcp:124kB local_pcp:124kB free_cma:0kB
[ 1195.046476][ T9970] lowmem_reserve[]: 0 0 0 0 0
[ 1195.048829][ T9970] Node 1 DMA32 free:26152kB min:52376kB low:63932kB high:75488kB active_anon:1632kB inactive_anon:24592kB active_file:20kB inactive_file:16kB unevictable:0kB writepending:0kB present:1048448kB managed:1031988kB mlocked:0kB kernel_stack:352kB pagetables:376kB bounce:0kB free_pcp:368kB local_pcp:368kB free_cma:0kB
[ 1195.068092][ T9970] lowmem_reserve[]: 0 0 0 0 0
[ 1195.070668][ T9970] Node 0 DMA: 2*4kB (UM) 2*8kB (UM) 1*16kB (M) 2*32kB (UM) 2*64kB (UM) 1*128kB (M) 1*256kB (M) 1*512kB (M) 1*1024kB (M) 0*2048kB 0*4096kB = 2152kB
[ 1195.078519][ T9970] Node 0 DMA32: 618*4kB (UMH) 248*8kB (M) 148*16kB (M) 68*32kB (MH) 24*64kB (M) 24*128kB (UM) 7*256kB (UM) 0*512kB 0*1024kB 0*2048kB 0*4096kB = 15400kB
[ 1195.090787][ T9970] Node 1 DMA32: 372*4kB (UM) 317*8kB (UME) 237*16kB (UME) 125*32kB (UME) 68*64kB (UM) 32*128kB (UME) 9*256kB (UM) 3*512kB (M) 2*1024kB (UM) 0*2048kB 0*4096kB = 26152kB
[ 1195.099230][ T9970] Node 0 hugepages_total=0 hugepages_free=0 hugepages_surp=0 hugepages_size=2048kB
[ 1195.107268][ T9970] Node 1 hugepages_total=0 hugepages_free=0 hugepages_surp=0 hugepages_size=2048kB
[ 1195.112892][ T9970] 11249 total pagecache pages
[ 1195.115255][ T9970] 0 pages in swap cache
[ 1195.117308][ T9970] Swap cache stats: add 0, delete 0, find 0/0
[ 1195.119293][ T9970] Free swap  = 0kB
[ 1195.124637][ T9970] Total swap = 0kB
[ 1195.126640][ T9970] 524158 pages RAM
[ 1195.128538][ T9970] 0 pages HighMem/MovableOnly
[ 1195.131802][ T9970] 145753 pages reserved
[ 1195.134062][ T9970] 0 pages cma reserved
[ 1195.136242][ T9970] Unreclaimable slab info:
[ 1195.138582][ T9970] Name                      Used          Total
[ 1195.145149][ T9970] pid_2                     24KB         24KB
[ 1195.148394][ T9970] rxe-mr                     3KB          3KB
[ 1195.152227][ T9970] rxe-qp                    29KB         29KB
[ 1195.155357][ T9970] bio-3                      3KB          3KB
[ 1195.158390][ T9970] batadv_tt_change_cache          4KB          4KB
[ 1195.165204][ T9970] batadv_tl_cache            4KB          4KB
[ 1195.176180][ T9970] TIPC                      15KB         15KB
[ 1195.179260][ T9970] SCTPv6                    30KB         30KB
[ 1195.186365][ T9970] DCCPv6                    30KB         30KB
[ 1195.189404][ T9970] DCCP                      30KB         30KB
[ 1195.193384][ T9970] RXRPC                     30KB         30KB
[ 1195.196484][ T9970] rxrpc_call_jar            30KB         30KB
[ 1195.199629][ T9970] bridge_fdb_cache           3KB          3KB
[ 1195.206153][T16390] Mem-Info:
[ 1195.207856][T16390] active_anon:9862 inactive_anon:11049 isolated_anon:0
[ 1195.207856][T16390]  active_file:7 inactive_file:10 isolated_file:0
[ 1195.207856][T16390]  unevictable:7 dirty:0 writeback:0 unstable:0
[ 1195.207856][T16390]  slab_reclaimable:16705 slab_unreclaimable:28187
[ 1195.207856][T16390]  mapped:10656 shmem:11232 pagetables:511 bounce:0
[ 1195.207856][T16390]  free:10926 free_pcp:121 free_cma:0
[ 1195.229818][ T9970] fib6_nodes                28KB         28KB
[ 1195.232948][ T9970] ip6_dst_cache             52KB         52KB
[ 1195.236158][ T9970] RAWv6                     30KB         30KB
[ 1195.239342][ T9970] UDPv6                     45KB         45KB
[ 1195.246881][ T9970] TCPv6                     30KB         30KB
[ 1195.250207][T16390] Node 0 active_anon:37816kB inactive_anon:19604kB active_file:8kB inactive_file:24kB unevictable:28kB isolated(anon):0kB isolated(file):0kB mapped:8kB dirty:0kB writeback:0kB shmem:20316kB shmem_thp: 0kB shmem_pmdmapped: 0kB anon_thp: 4096kB writeback_tmp:0kB unstable:0kB all_unreclaimable? yes
[ 1195.269379][ T9970] nf_conntrack               7KB          7KB
[ 1195.272773][ T9970] t10_alua_lu_gp_cache          3KB          3KB
[ 1195.276133][ T9970] scsi_sense_cache           4KB          4KB
[ 1195.278251][ T9970] sd_ext_cdb                 3KB          3KB
[ 1195.285846][ T9970] virtio_scsi_cmd           16KB         16KB
[ 1195.289403][T16390] Node 1 active_anon:1632kB inactive_anon:24592kB active_file:20kB inactive_file:16kB unevictable:0kB isolated(anon):0kB isolated(file):0kB mapped:42616kB dirty:0kB writeback:0kB shmem:24612kB shmem_thp: 0kB shmem_pmdmapped: 0kB anon_thp: 0kB writeback_tmp:0kB unstable:0kB all_unreclaimable? yes
[ 1195.308619][ T9970] sgpool-128                29KB         29KB
[ 1195.311937][ T9970] sgpool-64                 31KB         31KB
[ 1195.315258][ T9970] sgpool-32                 31KB         31KB
[ 1195.318500][ T9970] sgpool-16                 22KB         22KB
[ 1195.326141][ T9970] sgpool-8                  33KB         33KB
[ 1195.329468][ T9970] mqueue_inode_cache         15KB         15KB
[ 1195.332828][T16390] Node 0 DMA free:2152kB min:712kB low:888kB high:1064kB active_anon:4kB inactive_anon:0kB active_file:0kB inactive_file:0kB unevictable:0kB writepending:0kB present:15992kB managed:15908kB mlocked:0kB kernel_stack:0kB pagetables:24kB bounce:0kB free_pcp:0kB local_pcp:0kB free_cma:0kB
[ 1195.351547][ T9970] f2fs_bio_post_read_ctx         15KB         15KB
[ 1195.354913][ T9970] bio-2                     15KB         15KB
[ 1195.358035][ T9970] jfs_mp                     7KB          7KB
[ 1195.364024][T16390] lowmem_reserve[]: 0 449 449 449 449
[ 1195.366831][T16390] Node 0 DMA32 free:15400kB min:30872kB low:36028kB high:41184kB active_anon:37812kB inactive_anon:19604kB active_file:8kB inactive_file:24kB unevictable:28kB writepending:0kB present:1032192kB managed:465724kB mlocked:28kB kernel_stack:6496kB pagetables:1644kB bounce:0kB free_pcp:116kB local_pcp:116kB free_cma:0kB
[ 1195.385628][ T9970] cifs_small_rq             16KB         16KB
[ 1195.388801][ T9970] cifs_request              67KB         67KB
[ 1195.392151][ T9970] cifs_mpx_ids               3KB          3KB
[ 1195.395245][ T9970] nfs_commit_data            7KB          7KB
[ 1195.398371][ T9970] nfs_write_data            32KB         32KB
[ 1195.406264][ T9970] jbd2_inode                 3KB          3KB
[ 1195.409459][ T9970] ext4_system_zone           3KB          3KB
[ 1195.412525][T16390] lowmem_reserve[]: 0 0 0 0 0
[ 1195.414869][T16390] Node 1 DMA32 free:26152kB min:52376kB low:63932kB high:75488kB active_anon:1632kB inactive_anon:24592kB active_file:20kB inactive_file:16kB unevictable:0kB writepending:0kB present:1048448kB managed:1031988kB mlocked:0kB kernel_stack:352kB pagetables:376kB bounce:0kB free_pcp:368kB local_pcp:368kB free_cma:0kB
[ 1195.433703][ T9970] ext4_bio_post_read_ctx         15KB         15KB
[ 1195.437273][ T9970] bio-1                      3KB          3KB
[ 1195.440467][ T9970] pid_namespace              3KB          3KB
[ 1195.443541][ T9970] posix_timers_cache          3KB          3KB
[ 1195.446574][ T9970] rpc_buffers               31KB         31KB
[ 1195.449717][ T9970] rpc_tasks                  3KB          3KB
[ 1195.457279][T16390] lowmem_reserve[]: 0 0 0 0 0
[ 1195.459792][T16390] Node 0 DMA: 2*4kB (UM) 2*8kB (UM) 1*16kB (M) 2*32kB (UM) 2*64kB (UM) 1*128kB (M) 1*256kB (M) 1*512kB (M) 1*1024kB (M) 0*2048kB 0*4096kB = 2152kB
[ 1195.467536][ T9970] UNIX                     299KB        462KB
[ 1195.474246][ T9970] tcp_bind_bucket            4KB          4KB
[ 1195.477343][ T9970] ip_fib_trie                8KB          8KB
[ 1195.480564][T16390] Node 0 DMA32: 618*4kB (UMH) 248*8kB (M) 148*16kB (M) 69*32kB (UMH) 24*64kB (M) 24*128kB (UM) 7*256kB (UM) 0*512kB 0*1024kB 0*2048kB 0*4096kB = 15432kB
[ 1195.488245][T16390] Node 1 DMA32: 372*4kB (UM) 317*8kB (UME) 237*16kB (UME) 125*32kB (UME) 68*64kB (UM) 32*128kB (UME) 9*256kB (UM) 3*512kB (M) 2*1024kB (UM) 0*2048kB 0*4096kB = 26152kB
[ 1195.502125][ T9970] ip_fib_alias              19KB         19KB
[ 1195.505198][ T9970] ip_dst_cache               4KB          4KB
[ 1195.508341][ T9970] RAW                       15KB         15KB
[ 1195.513436][ T9970] UDP                      106KB        106KB
[ 1195.516509][ T9970] request_sock_TCP           3KB          3KB
[ 1195.519606][ T9970] TCP                       30KB         30KB
[ 1195.523485][T16390] Node 0 hugepages_total=0 hugepages_free=0 hugepages_surp=0 hugepages_size=2048kB
[ 1195.528154][T16390] Node 1 hugepages_total=0 hugepages_free=0 hugepages_surp=0 hugepages_size=2048kB
[ 1195.535452][ T9970] hugetlbfs_inode_cache         15KB         15KB
[ 1195.538916][ T9970] fscache_cookie_jar          3KB          3KB
[ 1195.544575][T16390] 11249 total pagecache pages
[ 1195.547080][T16390] 0 pages in swap cache
[ 1195.549299][T16390] Swap cache stats: add 0, delete 0, find 0/0
[ 1195.554545][ T9970] eventpoll_pwq             23KB         23KB
[ 1195.557798][ T9970] eventpoll_epi             47KB         47KB
[ 1195.562914][T16390] Free swap  = 0kB
[ 1195.564912][T16390] Total swap = 0kB
[ 1195.566919][T16390] 524158 pages RAM
[ 1195.568878][T16390] 0 pages HighMem/MovableOnly
[ 1195.573917][ T9970] inotify_inode_mark         11KB         11KB
[ 1195.577267][ T9970] request_queue            212KB        212KB
[ 1195.582855][T16390] 145753 pages reserved
[ 1195.585128][T16390] 0 pages cma reserved
[ 1195.592089][ T9970] blkdev_ioc                 7KB          7KB
[ 1195.595685][ T9970] bio-0                     65KB         75KB
[ 1195.598928][ T9970] biovec-max               773KB        773KB
[ 1195.612687][ T9970] biovec-64                 47KB        126KB
[ 1195.615992][ T9970] biovec-16                 15KB         15KB
[ 1195.619216][ T9970] bio_integrity_payload          3KB          3KB
[ 1195.641898][ T9970] khugepaged_mm_slot          7KB          7KB
[ 1195.645286][ T9970] uid_cache                  4KB          4KB
[ 1195.648494][ T9970] dmaengine-unmap-2          4KB          4KB
[ 1195.662435][ T9970] audit_buffer               3KB          3KB
[ 1195.665728][ T9970] skbuff_ext_cache           4KB          4KB
[ 1195.668929][ T9970] skbuff_fclone_cache         60KB         97KB
[ 1195.692678][ T9970] skbuff_head_cache         82KB         97KB
[ 1195.695982][ T9970] configfs_dir_cache          4KB          4KB
[ 1195.702478][ T9970] file_lock_cache           46KB         61KB
[ 1195.705596][ T9970] file_lock_ctx             11KB         11KB
[ 1195.707655][ T9970] fsnotify_mark_connector          7KB          7KB
[ 1195.752763][ T9970] net_namespace             27KB         27KB
[ 1195.763695][ T9970] task_delay_info          136KB        246KB
[ 1195.785381][ T9970] taskstats                 15KB         15KB
[ 1195.788827][ T9970] proc_dir_entry           341KB        341KB
[ 1195.820283][ T9970] pde_opener                11KB         11KB
[ 1195.823471][ T9970] seq_file                  59KB         59KB
[ 1195.826653][ T9970] sigqueue                   7KB          7KB
[ 1195.829899][ T9970] shmem_inode_cache       8263KB       8365KB
[ 1195.860401][ T9970] kernfs_iattrs_cache         11KB         11KB
[ 1195.866653][ T9970] kernfs_node_cache      16297KB      16297KB
[ 1195.868783][ T9970] mnt_cache                 67KB         67KB
[ 1195.890348][ T9970] filp                     598KB        915KB
[ 1195.893712][ T9970] names_cache             7552KB       7616KB
[ 1195.896976][ T9970] iint_cache               143KB        143KB
[ 1195.920170][ T9970] lsm_file_cache           103KB        233KB
[ 1195.923527][ T9970] key_jar                    7KB          7KB
[ 1195.926771][ T9970] uts_namespace              3KB          3KB
[ 1195.930015][ T9970] nsproxy                    3KB          3KB
[ 1195.960147][ T9970] vm_area_struct           439KB        703KB
[ 1195.963359][ T9970] mm_struct                165KB        247KB
[ 1195.966466][ T9970] fs_cache                  20KB         56KB
[ 1195.969460][ T9970] files_cache               80KB        142KB
[ 1196.000408][ T9970] signal_cache             386KB       1075KB
[ 1196.003529][ T9970] sighand_cache            478KB        541KB
[ 1196.030434][ T9970] task_struct             1880KB       3360KB
[ 1196.033790][ T9970] cred_jar                 265KB        368KB
[ 1196.037022][ T9970] anon_vma_chain           155KB        236KB
[ 1196.040036][ T9970] anon_vma                 184KB        219KB
[ 1196.060161][ T9970] pid                       75KB        208KB
[ 1196.063449][ T9970] Acpi-Operand              72KB        118KB
[ 1196.066541][ T9970] Acpi-ParseExt             15KB         15KB
[ 1196.069638][ T9970] Acpi-Parse                51KB         90KB
[ 1196.100151][ T9970] Acpi-State                15KB         55KB
[ 1196.103254][ T9970] Acpi-Namespace            24KB         24KB
[ 1196.106222][ T9970] numa_policy                3KB          3KB
[ 1196.120363][ T9970] trace_event_file         338KB        338KB
[ 1196.123452][ T9970] ftrace_event_field        456KB        456KB
[ 1196.126513][ T9970] pool_workqueue           105KB        112KB
[ 1196.129783][ T9970] vmap_area                212KB        224KB
[ 1196.150316][ T9970] debug_objects_cache       1229KB       1229KB
[ 1196.153547][ T9970] page->ptl                 73KB        154KB
[ 1196.156627][ T9970] dma-kmalloc-512            8KB          8KB
[ 1196.159883][ T9970] kmalloc-8k              2512KB       2688KB
[ 1196.180194][ T9970] kmalloc-4k              6376KB      15392KB
[ 1196.183500][ T9970] kmalloc-2k              9504KB      10144KB
[ 1196.185647][ T9970] kmalloc-1k              3714KB       4256KB
[ 1196.188895][ T9970] kmalloc-512             2514KB       4032KB
[ 1196.207439][ T9970] kmalloc-256             3579KB       3700KB
[ 1196.216396][ T9970] kmalloc-192              451KB        876KB
[ 1196.219608][ T9970] kmalloc-128              564KB        588KB
[ 1196.230361][ T9970] kmalloc-96              1561KB       1620KB
[ 1196.233533][ T9970] kmalloc-64              2795KB       3052KB
[ 1196.236764][ T9970] kmalloc-32               151KB        252KB
[ 1196.239850][ T9970] kmalloc-16               182KB        192KB
[ 1196.260189][ T9970] kmalloc-8                372KB        382KB
[ 1196.263290][ T9970] kmem_cache_node          180KB        181KB
[ 1196.266291][ T9970] kmem_cache               300KB        300KB
[ 1196.269355][ T9970] Tasks state (memory values in pages):
[ 1196.290299][ T9970] [  pid  ]   uid  tgid total_vm      rss pgtables_bytes swapents oom_score_adj name
[ 1196.295776][ T9970] [   5950]     0  5950    17670     2618   143360        0             0 systemd-journal
[ 1196.310342][ T9970] [   5963]     0  5963    11222      558   118784        0         -1000 systemd-udevd
[ 1196.315833][ T9970] [   6036]     0  6036     5114      279    81920        0             0 dhclient
[ 1196.330306][ T9970] [   6038]   100  6038    31821      123   151552        0             0 systemd-timesyn
[ 1196.335428][ T9970] [   9610]     0  9610    63582     1025   143360        0             0 rsyslogd
[ 1196.350373][ T9970] [   9611]     0  9611     6998       59    98304        0             0 cron
[ 1196.355277][ T9970] [   9618]     0  9618     3220       33    69632        0             0 agetty
[ 1196.370354][ T9970] [   9621]     0  9621     3220       32    69632        0             0 agetty
[ 1196.375434][ T9970] [   9622]     0  9622     3220       32    73728        0             0 agetty
[ 1196.390371][ T9970] [   9624]     0  9624     3220       32    65536        0             0 agetty
[ 1196.400646][ T9970] [   9625]     0  9625     3220       32    65536        0             0 agetty
[ 1196.405578][ T9970] [   9627]     0  9627     3220       32    69632        0             0 agetty
[ 1196.430328][ T9970] [   9629]     0  9629     3164       32    73728        0             0 agetty
[ 1196.435322][ T9970] [   9631]     0  9631    17489      187   176128        0         -1000 sshd
[ 1196.450384][ T9970] [   9835]     0  9835     6371       52    90112        0             0 rdma-ndd
[ 1196.455423][ T9970] [   9909]     0  9909    23216      232   217088        0             0 sshd
[ 1196.459998][ T9970] [   9915]     0  9915   203839     6386   319488        0             0 syz-fuzzer
[ 1196.470349][ T9970] [   9967]     0  9967    21239       18   122880        0             0 syz-executor.0
[ 1196.475513][ T9970] [   9970]     0  9970    23287     8650   131072        0             0 syz-executor.0
[ 1196.494128][ T9970] oom-kill:constraint=CONSTRAINT_NONE,nodemask=(null),cpuset=/,mems_allowed=0-1,global_oom,task_memcg=/,task=syz-executor.0,pid=9970,uid=0
[ 1196.501760][ T9970] Out of memory: Killed process 9970 (syz-executor.0) total-vm:93148kB, anon-rss:112kB, file-rss:34488kB, shmem-rss:0kB, UID:0 pgtables:131072kB oom_score_adj:0
[ 1196.511844][ T2006] oom_reaper: reaped process 9970 (syz-executor.0), now anon-rss:0kB, file-rss:34488kB, shmem-rss:0kB
21:13:20 executing program 0:
r0 = syz_open_dev$vivid(&(0x7f0000000200)='/dev/video#\x00', 0x0, 0x2)
ioctl$VIDIOC_CREATE_BUFS(r0, 0xc100565c, &(0x7f0000000040)={0x0, 0x1, 0x3, {0x1, @sliced={0x0, [0x0, 0x0, 0x0, 0x0, 0x0, 0x0, 0x0, 0x0, 0x0, 0x0, 0xa, 0x0, 0x0, 0x0, 0x0, 0x0, 0x0, 0x0, 0x0, 0x0, 0x0, 0x0, 0x0, 0x0, 0x0, 0x0, 0x0, 0xffff, 0x0, 0x0, 0x0, 0x0, 0x4, 0xfffc, 0x0, 0x0, 0x0, 0x0, 0x0, 0x0, 0x0, 0x0, 0x0, 0x0, 0x0, 0xffff]}}})
ioctl$VIDIOC_STREAMOFF(r0, 0x40045613, &(0x7f0000000000))

[ 1196.981927][T31127] batman_adv: batadv0: Interface deactivated: batadv_slave_0
[ 1196.985958][T31127] batman_adv: batadv0: Removing interface: batadv_slave_0
[ 1196.991663][T31127] batman_adv: batadv0: Interface deactivated: batadv_slave_1
[ 1196.995532][T31127] batman_adv: batadv0: Removing interface: batadv_slave_1
[ 1196.999764][T31127] device bridge_slave_1 left promiscuous mode
[ 1197.004272][T31127] bridge0: port 2(bridge_slave_1) entered disabled state
[ 1197.008785][T31127] device bridge_slave_0 left promiscuous mode
[ 1197.013184][T31127] bridge0: port 1(bridge_slave_0) entered disabled state
[ 1197.018439][T31127] device veth1_macvtap left promiscuous mode
[ 1197.022337][T31127] device veth0_macvtap left promiscuous mode
[ 1197.025489][T31127] device veth1_vlan left promiscuous mode
[ 1197.028502][T31127] device veth0_vlan left promiscuous mode
[ 1197.073476][T31127] device hsr_slave_0 left promiscuous mode
[ 1197.076603][T31127] device hsr_slave_1 left promiscuous mode
[ 1197.087920][T31127] team0 (unregistering): Port device team_slave_1 removed
[ 1197.096682][T31127] team0 (unregistering): Port device team_slave_0 removed
[ 1197.104045][T31127] bond0 (unregistering): (slave bond_slave_1): Releasing backup interface
[ 1197.111317][T31127] bond0 (unregistering): (slave bond_slave_0): Releasing backup interface
[ 1197.127180][T31127] bond0 (unregistering): Released all slaves
[ 1199.245219][T16417] IPVS: ftp: loaded support on port[0] = 21
[ 1199.416336][T16417] chnl_net:caif_netlink_parms(): no params data found
[ 1199.467037][T16417] bridge0: port 1(bridge_slave_0) entered blocking state
[ 1199.471570][T16417] bridge0: port 1(bridge_slave_0) entered disabled state
[ 1199.475924][T16417] device bridge_slave_0 entered promiscuous mode
[ 1199.482121][T16417] bridge0: port 2(bridge_slave_1) entered blocking state
[ 1199.486002][T16417] bridge0: port 2(bridge_slave_1) entered disabled state
[ 1199.491308][T16417] device bridge_slave_1 entered promiscuous mode
[ 1199.504982][T16417] bond0: (slave bond_slave_0): Enslaving as an active interface with an up link
[ 1199.511305][T16417] bond0: (slave bond_slave_1): Enslaving as an active interface with an up link
[ 1199.526585][T16417] team0: Port device team_slave_0 added
[ 1199.531580][T16417] team0: Port device team_slave_1 added
[ 1199.543834][T16417] batman_adv: batadv0: Adding interface: batadv_slave_0
[ 1199.547609][T16417] batman_adv: batadv0: The MTU of interface batadv_slave_0 is too small (1500) to handle the transport of batman-adv packets. Packets going over this interface will be fragmented on layer2 which could impact the performance. Setting the MTU to 1560 would solve the problem.
[ 1199.562583][T16417] batman_adv: batadv0: Not using interface batadv_slave_0 (retrying later): interface not active
[ 1199.568809][T16417] batman_adv: batadv0: Adding interface: batadv_slave_1
[ 1199.573599][T16417] batman_adv: batadv0: The MTU of interface batadv_slave_1 is too small (1500) to handle the transport of batman-adv packets. Packets going over this interface will be fragmented on layer2 which could impact the performance. Setting the MTU to 1560 would solve the problem.
[ 1199.588508][T16417] batman_adv: batadv0: Not using interface batadv_slave_1 (retrying later): interface not active
[ 1199.606760][T16417] device hsr_slave_0 entered promiscuous mode
[ 1199.610682][T16417] device hsr_slave_1 entered promiscuous mode
[ 1199.667447][T16417] bridge0: port 2(bridge_slave_1) entered blocking state
[ 1199.671386][T16417] bridge0: port 2(bridge_slave_1) entered forwarding state
[ 1199.675351][T16417] bridge0: port 1(bridge_slave_0) entered blocking state
[ 1199.679204][T16417] bridge0: port 1(bridge_slave_0) entered forwarding state
[ 1199.704608][T16417] 8021q: adding VLAN 0 to HW filter on device bond0
[ 1199.713295][ T1841] IPv6: ADDRCONF(NETDEV_CHANGE): veth0: link becomes ready
[ 1199.717811][ T1841] bridge0: port 1(bridge_slave_0) entered disabled state
[ 1199.724085][ T1841] bridge0: port 2(bridge_slave_1) entered disabled state
[ 1199.728495][ T1841] IPv6: ADDRCONF(NETDEV_CHANGE): bond0: link becomes ready
[ 1199.736134][T16417] 8021q: adding VLAN 0 to HW filter on device team0
[ 1199.743316][ T1841] IPv6: ADDRCONF(NETDEV_CHANGE): bridge_slave_0: link becomes ready
[ 1199.747858][ T1841] bridge0: port 1(bridge_slave_0) entered blocking state
[ 1199.752100][ T1841] bridge0: port 1(bridge_slave_0) entered forwarding state
[ 1199.760570][ T1841] IPv6: ADDRCONF(NETDEV_CHANGE): bridge_slave_1: link becomes ready
[ 1199.765047][ T1841] bridge0: port 2(bridge_slave_1) entered blocking state
[ 1199.768878][ T1841] bridge0: port 2(bridge_slave_1) entered forwarding state
[ 1199.782069][T16402] IPv6: ADDRCONF(NETDEV_CHANGE): team_slave_0: link becomes ready
[ 1199.787042][T16402] IPv6: ADDRCONF(NETDEV_CHANGE): team_slave_1: link becomes ready
[ 1199.792806][T16402] IPv6: ADDRCONF(NETDEV_CHANGE): hsr_slave_0: link becomes ready
[ 1199.797140][T16402] IPv6: ADDRCONF(NETDEV_CHANGE): hsr_slave_1: link becomes ready
[ 1199.803850][T16417] IPv6: ADDRCONF(NETDEV_CHANGE): hsr0: link becomes ready
[ 1199.811680][T16402] IPv6: ADDRCONF(NETDEV_CHANGE): team0: link becomes ready
[ 1199.819174][ T1841] IPv6: ADDRCONF(NETDEV_CHANGE): vxcan0: link becomes ready
[ 1199.824675][ T1841] IPv6: ADDRCONF(NETDEV_CHANGE): vxcan1: link becomes ready
[ 1199.830283][T16417] 8021q: adding VLAN 0 to HW filter on device batadv0
[ 1199.862450][ T1841] IPv6: ADDRCONF(NETDEV_CHANGE): veth0_virt_wifi: link becomes ready
[ 1199.873759][ T1841] IPv6: ADDRCONF(NETDEV_CHANGE): veth0_vlan: link becomes ready
[ 1199.878635][ T1841] IPv6: ADDRCONF(NETDEV_CHANGE): vlan0: link becomes ready
[ 1199.883952][ T1841] IPv6: ADDRCONF(NETDEV_CHANGE): vlan1: link becomes ready
[ 1199.887457][T16417] device veth0_vlan entered promiscuous mode
[ 1199.894917][T16417] device veth1_vlan entered promiscuous mode
[ 1199.903936][ T1841] IPv6: ADDRCONF(NETDEV_CHANGE): macvlan0: link becomes ready
[ 1199.906658][ T1841] IPv6: ADDRCONF(NETDEV_CHANGE): macvlan1: link becomes ready
[ 1199.909570][ T1841] IPv6: ADDRCONF(NETDEV_CHANGE): veth0_macvtap: link becomes ready
[ 1199.914689][T16417] device veth0_macvtap entered promiscuous mode
[ 1199.917897][T16417] device veth1_macvtap entered promiscuous mode
[ 1199.926792][T16417] batman_adv: batadv0: Interface activated: batadv_slave_0
[ 1199.929146][ T1841] IPv6: ADDRCONF(NETDEV_CHANGE): veth0_to_batadv: link becomes ready
[ 1199.933507][ T1841] IPv6: ADDRCONF(NETDEV_CHANGE): macvtap0: link becomes ready
[ 1199.937839][T16417] batman_adv: batadv0: Interface activated: batadv_slave_1
[ 1199.941945][T19502] IPv6: ADDRCONF(NETDEV_CHANGE): veth1_to_batadv: link becomes ready
[ 1200.026973][T16417] ieee80211 phy5: Selected rate control algorithm 'minstrel_ht'
[ 1200.050345][   T16] wlan0: Created IBSS using preconfigured BSSID 50:50:50:50:50:50
[ 1200.054734][   T16] wlan0: Creating new IBSS network, BSSID 50:50:50:50:50:50
[ 1200.058985][ T1841] IPv6: ADDRCONF(NETDEV_CHANGE): wlan0: link becomes ready
[ 1200.073778][T16417] ieee80211 phy6: Selected rate control algorithm 'minstrel_ht'
[ 1200.095962][ T5169] wlan1: Created IBSS using preconfigured BSSID 50:50:50:50:50:50
[ 1200.103380][ T5169] wlan1: Creating new IBSS network, BSSID 50:50:50:50:50:50
[ 1200.106232][ T1841] IPv6: ADDRCONF(NETDEV_CHANGE): wlan1: link becomes ready
21:13:23 executing program 0:
r0 = openat$vicodec1(0xffffffffffffff9c, &(0x7f0000000140)='/dev/video37\x00', 0x2, 0x0)
ioctl$VIDIOC_DBG_G_REGISTER(r0, 0xc0385650, &(0x7f0000000180)={{0x1, @name="1cd920121aeba7752168705500c06214984043f99164f8bbf49b466474f3718d"}, 0x8, 0x4, 0x4})
r1 = syz_open_dev$vivid(&(0x7f0000000200)='/dev/video#\x00', 0x0, 0x2)
ioctl$VIDIOC_CREATE_BUFS(r1, 0xc100565c, &(0x7f0000000040)={0x0, 0x1, 0x1, {0x1, @sliced={0x0, [0x0, 0x0, 0x0, 0x0, 0x0, 0x0, 0x0, 0x0, 0x0, 0x0, 0x8]}}})
ioctl$VIDIOC_S_OUTPUT(r0, 0xc004562f, &(0x7f00000001c0)=0x1)
ioctl$VIDIOC_STREAMOFF(r1, 0x40045613, &(0x7f0000000000))

21:13:23 executing program 0:
r0 = syz_open_dev$vivid(&(0x7f0000000200)='/dev/video#\x00', 0x0, 0x2)
r1 = syz_open_dev$vbi(&(0x7f00000000c0)='/dev/vbi#\x00', 0x2, 0x2)
ioctl$VIDIOC_SUBDEV_S_CROP(r1, 0xc038563c, &(0x7f0000000040)={0x0, 0x0, {0x4, 0x8, 0xb51, 0xfff}})
r2 = syz_open_dev$vbi(&(0x7f00000000c0)='/dev/vbi#\x00', 0x2, 0x2)
ioctl$VIDIOC_S_PRIORITY(r2, 0x40045644, 0x0)
ioctl$VIDIOC_G_OUTPUT(r2, 0x8004562e, &(0x7f0000000080))
ioctl$VIDIOC_S_PRIORITY(r1, 0x40045644, 0x0)
ioctl$VIDIOC_SUBDEV_ENUM_MBUS_CODE(r2, 0xc0305602, &(0x7f0000000100)={0x0, 0x9, 0x2009})
ioctl$VIDIOC_CREATE_BUFS(r1, 0xc100565c, &(0x7f0000000240)={0x1, 0x1, 0x3, {0x1, @sliced={0x0, [0x0, 0x0, 0x2, 0x0, 0x0, 0x0, 0x81, 0x3, 0x0, 0x0, 0x8, 0x0, 0x0, 0x0, 0x0, 0x0, 0x0, 0x10, 0x0, 0x0, 0x0, 0x4, 0x0, 0x0, 0x0, 0x0, 0x0, 0x0, 0x0, 0x0, 0x0, 0x0, 0x0, 0x0, 0x0, 0x4]}}, 0x9})
ioctl$VIDIOC_STREAMOFF(r0, 0x40045613, &(0x7f0000000000))

21:13:23 executing program 0:
r0 = syz_open_dev$vivid(&(0x7f0000000200)='/dev/video#\x00', 0x0, 0x2)
ioctl$VIDIOC_CREATE_BUFS(r0, 0xc100565c, &(0x7f0000000040)={0x0, 0x1, 0x1, {0x1, @sliced={0x0, [0x0, 0x0, 0x0, 0x0, 0x0, 0x0, 0x0, 0x0, 0x0, 0x0, 0x8]}}})
ioctl$VIDIOC_STREAMOFF(r0, 0x40045613, &(0x7f0000000000))
r1 = syz_open_dev$vivid(&(0x7f0000000140)='/dev/video#\x00', 0x3, 0x2)
ioctl$VIDIOC_S_OUTPUT(r1, 0xc004562f, &(0x7f0000000180)=0x7fff)

21:13:23 executing program 0:
r0 = syz_open_dev$vivid(&(0x7f0000000200)='/dev/video#\x00', 0x0, 0x2)
ioctl$VIDIOC_CREATE_BUFS(r0, 0xc100565c, &(0x7f0000000040)={0x0, 0x1, 0x1, {0x1, @sliced={0x0, [0x0, 0x0, 0x0, 0x0, 0x0, 0x0, 0x0, 0x0, 0x0, 0x0, 0x8]}}})
ioctl$VIDIOC_STREAMOFF(r0, 0x40045613, &(0x7f0000000000))
r1 = syz_open_dev$vbi(&(0x7f00000000c0)='/dev/vbi#\x00', 0x2, 0x2)
ioctl$VIDIOC_S_PRIORITY(r1, 0x40045644, 0x0)
ioctl$VIDIOC_G_DV_TIMINGS(r1, 0xc0845658, &(0x7f0000000140)={0x0, @reserved})

21:13:23 executing program 0:
r0 = syz_open_dev$vivid(&(0x7f0000000200)='/dev/video#\x00', 0x0, 0x2)
ioctl$VIDIOC_G_FMT(r0, 0xc0d05604, &(0x7f0000000240)={0x4, @pix_mp={0x8, 0xfffffcfe, 0x56544943, 0x8, 0xa, [{0x20, 0xf7}, {0x0, 0x1fc0}, {0x1, 0x4}, {0x7fff, 0x2}, {0x1, 0x7}, {0xdb87, 0xb6}, {0x3, 0x6fe}, {0x2, 0x81}], 0x2, 0x7, 0x7, 0x1, 0x5}})
ioctl$VIDIOC_CREATE_BUFS(r0, 0xc100565c, &(0x7f0000000040)={0x0, 0x1, 0x1, {0x1, @sliced={0x0, [0x0, 0x0, 0x0, 0x0, 0x0, 0x0, 0x0, 0x0, 0x0, 0x0, 0x8]}}})
ioctl$VIDIOC_STREAMOFF(r0, 0x40045613, &(0x7f0000000000))

21:13:23 executing program 0:
r0 = syz_open_dev$vivid(&(0x7f0000000200)='/dev/video#\x00', 0x0, 0x2)
r1 = syz_open_dev$vbi(&(0x7f00000000c0)='/dev/vbi#\x00', 0x2, 0x2)
ioctl$VIDIOC_S_PRIORITY(r1, 0x40045644, 0x0)
ioctl$VIDIOC_QUERYCAP(r1, 0x80685600, &(0x7f0000000140))
r2 = syz_open_dev$vbi(&(0x7f00000000c0)='/dev/vbi#\x00', 0x2, 0x2)
ioctl$VIDIOC_S_PRIORITY(r2, 0x40045644, 0x0)
ioctl$VIDIOC_QUERYCAP(r2, 0x80685600, &(0x7f0000000240))
ioctl$VIDIOC_CREATE_BUFS(r0, 0xc100565c, &(0x7f0000000040)={0x0, 0x1, 0x1, {0x1, @sliced={0x0, [0x0, 0x0, 0x0, 0x0, 0x0, 0x0, 0x0, 0x0, 0x0, 0x0, 0x8]}}})
ioctl$VIDIOC_STREAMOFF(r0, 0x40045613, &(0x7f0000000000))

21:13:23 executing program 0:
r0 = syz_open_dev$vivid(&(0x7f0000000200)='/dev/video#\x00', 0x0, 0x2)
ioctl$VIDIOC_CREATE_BUFS(r0, 0xc100565c, &(0x7f0000000040)={0x0, 0x1, 0x1, {0x1, @sliced={0x0, [0x0, 0x0, 0x0, 0x0, 0x0, 0x0, 0x0, 0x0, 0x0, 0x0, 0x8]}}})
ioctl$VIDIOC_STREAMOFF(r0, 0x40045613, &(0x7f0000000000))
ioctl$VIDIOC_STREAMOFF(r0, 0x40045613, &(0x7f0000000140)=0x8)

21:13:23 executing program 0:
r0 = syz_open_dev$vivid(&(0x7f0000000200)='/dev/video#\x00', 0x0, 0x2)
ioctl$VIDIOC_CREATE_BUFS(r0, 0xc100565c, &(0x7f0000000040)={0x0, 0x1, 0x3, {0x1, @vbi={0x0, 0x6, 0x515, 0x39555659, [0x8001000, 0x8], [0x6, 0x7], 0x2}}})
ioctl$VIDIOC_STREAMOFF(r0, 0x40045613, &(0x7f0000000000))

21:13:23 executing program 0:
r0 = syz_open_dev$vivid(&(0x7f0000000200)='/dev/video#\x00', 0x0, 0x2)
ioctl$VIDIOC_CREATE_BUFS(r0, 0xc100565c, &(0x7f0000000040)={0x0, 0x1, 0x1, {0x1, @sliced={0x0, [0x0, 0x0, 0x0, 0x0, 0x0, 0x0, 0x0, 0x0, 0x0, 0x0, 0x8, 0x0, 0xfffc]}}})
ioctl$VIDIOC_STREAMOFF(r0, 0x40045613, &(0x7f0000000000))

21:13:23 executing program 0:
r0 = syz_open_dev$vivid(&(0x7f0000000200)='/dev/video#\x00', 0x0, 0x2)
ioctl$VIDIOC_CREATE_BUFS(r0, 0xc100565c, &(0x7f0000000040)={0x3, 0x1, 0x1, {0x1, @sliced={0x0, [0xfffe, 0x0, 0x0, 0x0, 0x26a, 0xfffc, 0x0, 0x0, 0x0, 0x0, 0x8, 0x0, 0x0, 0x0, 0x2, 0x0, 0x0, 0x0, 0x0, 0x0, 0x8000, 0x0, 0x0, 0x0, 0x0, 0x101, 0x0, 0x0, 0x0, 0x0, 0x0, 0x0, 0x0, 0x0, 0x0, 0x0, 0x0, 0x0, 0x0, 0x0, 0x0, 0x0, 0x0, 0x0, 0x9dd, 0x0, 0xffff]}}})
ioctl$VIDIOC_STREAMOFF(r0, 0x40045613, &(0x7f0000000000))

21:13:23 executing program 0:
r0 = syz_open_dev$vivid(&(0x7f0000000200)='/dev/video#\x00', 0x0, 0x2)
r1 = syz_open_dev$swradio(&(0x7f0000000140)='/dev/swradio#\x00', 0x0, 0x2)
ioctl$VIDIOC_SUBDEV_G_CROP(r1, 0xc038563b, &(0x7f0000000180)={0x1, 0x0, {0x6, 0x5, 0x800, 0x9}})
ioctl$VIDIOC_STREAMOFF(r0, 0x40045613, &(0x7f00000001c0)=0x3)
ioctl$VIDIOC_CREATE_BUFS(r0, 0xc100565c, &(0x7f0000000040)={0x0, 0x1, 0x1, {0x1, @sliced={0x0, [0x0, 0x0, 0x0, 0x0, 0x0, 0x0, 0x0, 0x0, 0x0, 0x0, 0x8, 0x100, 0x0, 0x1, 0x0, 0x0, 0x0, 0x0, 0x0, 0x0, 0x0, 0x0, 0x0, 0x0, 0x0, 0x0, 0x0, 0x0, 0x0, 0x0, 0x0, 0x0, 0x6, 0x0, 0x0, 0x0, 0x0, 0x0, 0x0, 0x0, 0x0, 0x0, 0x0, 0x0, 0x9, 0xfffd]}}})
ioctl$VIDIOC_STREAMOFF(r0, 0x40045613, &(0x7f0000000000))

21:13:23 executing program 0:
ioctl$VIDIOC_S_PRIORITY(0xffffffffffffffff, 0x40045644, 0x3)
r0 = syz_open_dev$vivid(&(0x7f0000000200)='/dev/video#\x00', 0x0, 0x2)
ioctl$VIDIOC_CREATE_BUFS(r0, 0xc100565c, &(0x7f0000000040)={0x0, 0x1, 0x1, {0x1, @vbi={0x101, 0x0, 0x2, 0x31303453, [0x80000000, 0x1], [0x81, 0x5], 0x2}}, 0x4})
ioctl$VIDIOC_STREAMOFF(r0, 0x40045613, &(0x7f0000000000))

21:13:23 executing program 0:
r0 = syz_open_dev$vivid(&(0x7f0000000200)='/dev/video#\x00', 0x0, 0x2)
ioctl$VIDIOC_SUBDEV_G_SELECTION(r0, 0xc040563d, &(0x7f00000001c0)={0x0, 0x0, 0x101, 0x4, {0x5, 0x6, 0x7, 0x3ff}})
ioctl$VIDIOC_CREATE_BUFS(r0, 0xc100565c, &(0x7f0000000040)={0x0, 0x1, 0x1, {0x1, @sliced={0x0, [0x0, 0x0, 0x0, 0x0, 0x0, 0x0, 0x0, 0x0, 0x0, 0x0, 0x8]}}})
ioctl$VIDIOC_STREAMOFF(r0, 0x40045613, &(0x7f0000000000))
ioctl$VIDIOC_SUBDEV_G_FMT(r0, 0xc0585604, &(0x7f0000000140)={0x1, 0x0, {0x2, 0xfffffffa, 0x3012, 0x7, 0x2, 0x7, 0x0, 0x4}})

21:13:23 executing program 0:
r0 = syz_open_dev$vivid(&(0x7f0000000200)='/dev/video#\x00', 0x0, 0x2)
ioctl$VIDIOC_CREATE_BUFS(r0, 0xc100565c, &(0x7f0000000040)={0x0, 0x1, 0x1, {0x1, @sliced={0x0, [0x0, 0x0, 0x0, 0x0, 0x0, 0x0, 0x0, 0x0, 0x0, 0x0, 0x8, 0x0, 0x0, 0x0, 0x0, 0x0, 0x0, 0x0, 0x0, 0x0, 0x0, 0x0, 0x0, 0x0, 0x0, 0x0, 0x0, 0x0, 0x2000]}}})
ioctl$VIDIOC_STREAMOFF(r0, 0x40045613, &(0x7f0000000000))
r1 = openat$vimc0(0xffffffffffffff9c, &(0x7f0000000140)='/dev/video0\x00', 0x2, 0x0)
ioctl$VIDIOC_ENUM_FREQ_BANDS(r1, 0xc0405665, &(0x7f0000000180)={0x8, 0x4, 0x1, 0x11, 0xd8, 0x101})

21:13:24 executing program 0:
r0 = syz_open_dev$vivid(&(0x7f0000000200)='/dev/video#\x00', 0x0, 0x2)
r1 = syz_open_dev$vbi(&(0x7f00000000c0)='/dev/vbi#\x00', 0x2, 0x2)
ioctl$VIDIOC_S_PRIORITY(r1, 0x40045644, 0x0)
ioctl$VIDIOC_SUBDEV_G_DV_TIMINGS(r1, 0xc0845658, &(0x7f0000000140)={0x0, @reserved})
ioctl$VIDIOC_CREATE_BUFS(r0, 0xc100565c, &(0x7f0000000040)={0x0, 0x1, 0x1, {0x1, @sliced={0x0, [0x0, 0x0, 0x0, 0x0, 0x0, 0x0, 0x0, 0x0, 0x0, 0x0, 0x8]}}})
ioctl$VIDIOC_STREAMOFF(r0, 0x40045613, &(0x7f0000000000))

21:13:24 executing program 0:
r0 = syz_open_dev$vivid(&(0x7f0000000200)='/dev/video#\x00', 0x0, 0x2)
ioctl$VIDIOC_CREATE_BUFS(r0, 0xc100565c, &(0x7f0000000040)={0x0, 0x1, 0x1, {0x1, @sliced={0x0, [0x0, 0x0, 0x0, 0x0, 0x0, 0x0, 0x0, 0x0, 0x0, 0x0, 0x8]}}})
ioctl$VIDIOC_S_INPUT(r0, 0xc0045627, &(0x7f0000000140)=0x3ff)
r1 = syz_open_dev$vbi(&(0x7f00000000c0)='/dev/vbi#\x00', 0x2, 0x2)
ioctl$VIDIOC_S_PRIORITY(r1, 0x40045644, 0x0)
ioctl$VIDIOC_G_PRIORITY(r0, 0x80045643, 0x2)
ioctl$VIDIOC_STREAMOFF(r0, 0x40045613, &(0x7f0000000000))

21:13:24 executing program 0:
r0 = syz_open_dev$vivid(&(0x7f0000000200)='/dev/video#\x00', 0x0, 0x2)
ioctl$VIDIOC_CREATE_BUFS(r0, 0xc100565c, &(0x7f0000000040)={0x0, 0x1, 0x1, {0x1, @sliced={0x0, [0x0, 0x0, 0x0, 0x0, 0x0, 0x0, 0x0, 0x0, 0x0, 0x0, 0x8]}}})
ioctl$VIDIOC_STREAMOFF(r0, 0x40045613, &(0x7f0000000000))
ioctl$VIDIOC_DBG_S_REGISTER(r0, 0x4038564f, &(0x7f0000000240)={{0x4, @addr=0x3}, 0x8, 0x7ff, 0x7ff})
r1 = syz_open_dev$vbi(&(0x7f00000000c0)='/dev/vbi#\x00', 0x2, 0x2)
ioctl$VIDIOC_S_PRIORITY(r1, 0x40045644, 0x0)
ioctl$VIDIOC_SUBDEV_G_DV_TIMINGS(r1, 0xc0845658, &(0x7f0000000140)={0x0, @bt={0x80000001, 0x5, 0x0, 0x7, 0x8, 0x4, 0x6a, 0x401, 0x0, 0x3, 0x3, 0x0, 0x9, 0x5, 0x12, 0x1a, {0x8cfc, 0x8}, 0x9, 0x40}})

21:13:24 executing program 0:
r0 = syz_open_dev$vbi(&(0x7f00000000c0)='/dev/vbi#\x00', 0x2, 0x2)
ioctl$VIDIOC_S_PRIORITY(r0, 0x40045644, 0x0)
ioctl$VIDIOC_ENUM_DV_TIMINGS(r0, 0xc0945662, &(0x7f0000000140)={0x9, 0x0, [], {0x0, @reserved}})
r1 = syz_open_dev$vivid(&(0x7f0000000200)='/dev/video#\x00', 0x0, 0x2)
ioctl$VIDIOC_CREATE_BUFS(r1, 0xc100565c, &(0x7f0000000040)={0x0, 0x1, 0x1, {0x1, @sliced={0x0, [0x0, 0x0, 0x0, 0x0, 0x0, 0x0, 0x0, 0x0, 0x0, 0x8, 0x8, 0x0, 0x0, 0x0, 0x0, 0x0, 0x0, 0x0, 0x0, 0x0, 0x0, 0x0, 0x0, 0x0, 0x0, 0x0, 0x0, 0x0, 0x0, 0x0, 0x0, 0x0, 0x0, 0x0, 0x0, 0x0, 0x0, 0x0, 0x0, 0x0, 0x0, 0x0, 0x2]}}})
ioctl$VIDIOC_STREAMOFF(r1, 0x40045613, &(0x7f0000000000))
r2 = syz_open_dev$vivid(&(0x7f0000000240)='/dev/video#\x00', 0x2, 0x2)
ioctl$VIDIOC_ENUMINPUT(r2, 0xc050561a, &(0x7f0000000280)={0x1, "16e292fb21201461554ed3b3e2baae88ccaae69c02e283356284ee41e97c88cd", 0x2, 0x1, 0x2, 0x4, 0x2030c33, 0x2})

21:13:24 executing program 0:
r0 = syz_open_dev$vivid(&(0x7f0000000200)='/dev/video#\x00', 0x0, 0x2)
r1 = syz_open_dev$vbi(&(0x7f00000000c0)='/dev/vbi#\x00', 0x2, 0x2)
r2 = syz_open_dev$radio(&(0x7f00000001c0)='/dev/radio#\x00', 0x0, 0x2)
ioctl$VIDIOC_G_EDID(r2, 0xc0285628, &(0x7f0000000400)={0x0, 0x7, 0x3074, [], &(0x7f00000003c0)})
ioctl$VIDIOC_S_PRIORITY(r1, 0x40045644, 0x0)
ioctl$VIDIOC_S_EDID(r0, 0xc0285629, &(0x7f0000000480)={0x0, 0x1, 0x5, [], &(0x7f0000000440)=0x5a})
r3 = syz_open_dev$vbi(&(0x7f00000000c0)='/dev/vbi#\x00', 0x2, 0x2)
ioctl$VIDIOC_S_PRIORITY(r3, 0x40045644, 0x0)
ioctl$VIDIOC_G_AUDOUT(r3, 0x80345631, &(0x7f00000004c0))
openat$vicodec1(0xffffffffffffff9c, &(0x7f0000000500)='/dev/video37\x00', 0x2, 0x0)
ioctl$VIDIOC_SUBDEV_ENUM_FRAME_SIZE(r3, 0xc040564a, &(0x7f0000000180)={0x5, 0x0, 0x1010, 0x7f, 0x8001, 0x200, 0x6})
ioctl$VIDIOC_ENUMSTD(r3, 0xc0485619, &(0x7f0000000340)={0x7ff, 0xb000, "15098e2fe34e0b18a5b04ab67528176292001303148e371a", {0x1, 0x9}, 0xf92})
ioctl$VIDIOC_S_PARM(r1, 0xc0cc5616, &(0x7f0000000240)={0x1, @raw_data="f67e37eebccb4fc151567e356fda0f855a0c73256bc34a9531542b8c1dd8be2fcd3cceab7ccc7479ba91b641bd5781534f022bd3d61c0cc2857c9b0f3ec5cfd27e1d4340defa1476315b7637550813dd6022c61f38dda29f1096c0d4a585fc778c9fe8a4bfbc4c1559fb56791797de2add38becd8546a974c76d4f33f91ad4771207a07e52d7dbc861a7671de60a6b3445c2ea9ad5ab835b6c46c51ce5a52883f405fbcea4eb995de895eacf3e062a16dbf70ee7c93ebe6eaa0ff67e2a96708e6045cd3bae412e4d"})
ioctl$VIDIOC_CREATE_BUFS(r0, 0xc100565c, &(0x7f0000000040)={0x0, 0x1, 0x4, {0x5, @sliced={0x1, [0x0, 0x0, 0x0, 0x0, 0x0, 0x0, 0x0, 0x0, 0x0, 0x0, 0xc, 0x0, 0x0, 0x0, 0x0, 0x0, 0x0, 0x0, 0x2, 0x6, 0x0, 0x0, 0x0, 0x0, 0x0, 0x0, 0x0, 0x0, 0x0, 0x0, 0x34f2, 0x0, 0x8000]}}})
ioctl$VIDIOC_STREAMOFF(r0, 0x40045613, &(0x7f0000000000))
ioctl$VIDIOC_SUBDEV_S_SELECTION(r0, 0xc040563e, &(0x7f0000000140)={0x0, 0x0, 0x100, 0x0, {0x4, 0x9, 0x4db2, 0x8}})

21:13:24 executing program 0:
r0 = syz_open_dev$vivid(&(0x7f0000000200)='/dev/video#\x00', 0x0, 0x2)
ioctl$VIDIOC_QUERY_DV_TIMINGS(r0, 0x80845663, &(0x7f0000000140))
openat$vicodec1(0xffffffffffffff9c, &(0x7f0000000080)='/dev/video37\x00', 0x2, 0x0)
r1 = syz_open_dev$vbi(&(0x7f00000000c0)='/dev/vbi#\x00', 0x2, 0x2)
ioctl$VIDIOC_S_PRIORITY(r1, 0x40045644, 0x0)
ioctl$VIDIOC_S_CROP(r1, 0x4014563c, &(0x7f00000000c0)={0x1})
r2 = openat$vimc2(0xffffffffffffff9c, &(0x7f0000000300)='/dev/video2\x00', 0x2, 0x0)
ioctl$VIDIOC_G_AUDIO(r2, 0x80345621, &(0x7f0000000340))
ioctl$VIDIOC_CREATE_BUFS(r0, 0xc100565c, &(0x7f0000000040)={0x0, 0x1, 0x1, {0x1, @sliced={0x0, [0x0, 0x0, 0x0, 0x0, 0x0, 0x0, 0x0, 0x0, 0x0, 0x0, 0x8, 0x0, 0x533, 0x2000, 0x0, 0x0, 0x0, 0x0, 0x0, 0x0, 0x917, 0x1, 0x0, 0x0, 0x0, 0x0, 0x0, 0x0, 0x0, 0x0, 0x0, 0x0, 0x0, 0x0, 0x0, 0x0, 0x0, 0x0, 0x0, 0x0, 0x0, 0x0, 0x0, 0x0, 0x0, 0x0, 0x5]}}})
ioctl$VIDIOC_STREAMOFF(r0, 0x40045613, &(0x7f0000000000))
r3 = openat$vicodec1(0xffffffffffffff9c, &(0x7f0000000240)='/dev/video37\x00', 0x2, 0x0)
ioctl$VIDIOC_ENUMAUDOUT(r3, 0xc0345642, &(0x7f0000000280)={0x2, "c0758dd4e43ec3b1d28e86ed4bf1eaac16b9fc341faa5c4ba31d56d2e89246dc", 0x2})
ioctl$VIDIOC_ENUM_FRAMESIZES(0xffffffffffffffff, 0xc02c564a, &(0x7f00000002c0)={0x10001, 0x20385655, 0x3, @stepwise={0xfffffffd, 0x8, 0x8, 0x100, 0x9, 0x620}})

21:13:24 executing program 0:
r0 = syz_open_dev$vivid(&(0x7f0000000140)='/dev/video#\x00', 0x0, 0x2)
ioctl$VIDIOC_S_INPUT(r0, 0xc0045627, &(0x7f0000000180)=0x9)
r1 = syz_open_dev$vivid(&(0x7f0000000200)='/dev/video#\x00', 0x0, 0x2)
ioctl$VIDIOC_S_PRIORITY(r1, 0x40045644, 0x0)
ioctl$VIDIOC_CREATE_BUFS(r1, 0xc100565c, &(0x7f0000000040)={0x0, 0x1, 0x1, {0x1, @sliced={0x0, [0x0, 0x0, 0x0, 0x0, 0x0, 0x0, 0x0, 0x0, 0x0, 0x0, 0x8, 0x0, 0x0, 0x0, 0x200, 0x0, 0x0, 0x0, 0x0, 0x0, 0x0, 0x0, 0x0, 0x0, 0x0, 0x0, 0x0, 0x0, 0x0, 0x0, 0x0, 0x0, 0x0, 0x0, 0x0, 0x0, 0x0, 0x0, 0x0, 0x0, 0x0, 0x8001]}}})
ioctl$VIDIOC_STREAMOFF(r1, 0x40045613, &(0x7f0000000000))

21:13:24 executing program 0:
r0 = syz_open_dev$vivid(&(0x7f0000000200)='/dev/video#\x00', 0x0, 0x2)
r1 = syz_open_dev$vbi(&(0x7f00000000c0)='/dev/vbi#\x00', 0x2, 0x2)
ioctl$VIDIOC_S_PRIORITY(r1, 0x40045644, 0x0)
ioctl$VIDIOC_G_SLICED_VBI_CAP(r1, 0xc0745645, &(0x7f0000000140)={0x9, [0x37bc, 0x9, 0x1, 0x8, 0xc73, 0x7fff, 0xffe1, 0x3, 0xffff, 0x40, 0x81, 0x1, 0x2, 0xffff, 0x1, 0xfff8, 0xff2, 0x6, 0x401, 0xffc1, 0x0, 0x8, 0x400, 0x3, 0x8, 0x7, 0x5, 0x8, 0x97, 0xbc1, 0x40, 0x67, 0xf812, 0x0, 0x5, 0x3f, 0x6e, 0xfbb3, 0x7fff, 0x2, 0x2, 0xff, 0x1ba, 0x6, 0x1, 0x6c08, 0x1, 0x8], 0x1})
ioctl$VIDIOC_CREATE_BUFS(r0, 0xc100565c, &(0x7f0000000040)={0x0, 0x1, 0x1, {0x1, @sliced={0x0, [0x0, 0x0, 0x0, 0x0, 0x0, 0x0, 0x0, 0x0, 0x0, 0x0, 0x8]}}})
ioctl$VIDIOC_SUBDEV_ENUM_FRAME_INTERVAL(r0, 0xc040564b, &(0x7f0000000240)={0x4, 0x0, 0x2009, 0x3f71, 0x8, {0xfffff801, 0x3}, 0x1})
ioctl$VIDIOC_EXPBUF(r1, 0xc0405610, &(0x7f00000001c0)={0xc, 0x8, 0x4, 0x80000})
ioctl$VIDIOC_STREAMOFF(r0, 0x40045613, &(0x7f0000000000))

21:13:24 executing program 0:
syz_open_dev$swradio(&(0x7f0000000280)='/dev/swradio#\x00', 0x0, 0x2)
r0 = syz_open_dev$vivid(&(0x7f0000000200)='/dev/video#\x00', 0x0, 0x2)
ioctl$VIDIOC_CREATE_BUFS(r0, 0xc100565c, &(0x7f0000000040)={0x0, 0x1, 0x1, {0x1, @sliced={0x0, [0x0, 0x0, 0x0, 0x0, 0x0, 0x0, 0x0, 0x0, 0x0, 0x0, 0x8]}}})
r1 = syz_open_dev$vbi(&(0x7f00000000c0)='/dev/vbi#\x00', 0x2, 0x2)
ioctl$VIDIOC_TRY_EXT_CTRLS(0xffffffffffffffff, 0xc0205649, &(0x7f0000000340)={0x9e0000, 0x1, 0x1, r1, 0x0, &(0x7f0000000300)={0x9b0941, 0x100, [], @p_u8=&(0x7f00000002c0)=0x7}})
ioctl$VIDIOC_S_PRIORITY(r1, 0x40045644, 0x0)
ioctl$VIDIOC_S_FBUF(r1, 0x4030560b, &(0x7f0000000240)={0x0, 0x24, &(0x7f0000000140)="322d6ea544946eb64f2f9bf5aee953a5e8ba856c2e086b241f53fff4ee9ce564568d8d1d066415b93e0787e123962af95c076706273da10f16e920b5d0a7f2e311ec72ea421c66a1cfef5991c342f85d9556f750c092e2577471661cb94e33963328261e5c6bf65980b0e21c1e131e40290e23a9b6716049886ab4506d221cf367209dadde2ba926", {0x0, 0x100, 0x51424752, 0x2, 0x1, 0x0, 0x5, 0x32f6}})
ioctl$VIDIOC_STREAMOFF(r0, 0x40045613, &(0x7f0000000000))

21:13:24 executing program 0:
r0 = syz_open_dev$vivid(&(0x7f0000000200)='/dev/video#\x00', 0x0, 0x2)
ioctl$VIDIOC_CREATE_BUFS(r0, 0xc100565c, &(0x7f0000000040)={0x0, 0x1, 0x1, {0xa, @sliced={0x0, [0x0, 0x0, 0x0, 0x0, 0x0, 0x0, 0x0, 0x0, 0x0, 0x0, 0x8, 0x0, 0x0, 0x0, 0x0, 0x0, 0x0, 0x0, 0x0, 0x0, 0x0, 0x0, 0x0, 0x0, 0x0, 0x0, 0x0, 0x0, 0x0, 0x0, 0x0, 0x0, 0x0, 0x0, 0xfffc]}}})
ioctl$VIDIOC_STREAMOFF(r0, 0x40045613, &(0x7f0000000000))
syz_open_dev$cec(&(0x7f0000000140)='/dev/cec#\x00', 0x0, 0x2)
ioctl$VIDIOC_TRY_ENCODER_CMD(r0, 0xc028564e, &(0x7f0000000180)={0x3, 0x0, [0xf776, 0x7, 0xff, 0x7ff, 0x4, 0x102, 0x21, 0x5]})

21:13:24 executing program 0:
r0 = syz_open_dev$vivid(&(0x7f0000000200)='/dev/video#\x00', 0x0, 0x2)
ioctl$VIDIOC_CREATE_BUFS(r0, 0xc100565c, &(0x7f0000000040)={0x0, 0x1, 0x1, {0x1, @sliced={0x0, [0x8, 0x0, 0x0, 0x0, 0x0, 0x0, 0x0, 0x0, 0x0, 0x0, 0x8, 0x0, 0x0, 0x0, 0x0, 0x0, 0x0, 0x0, 0x0, 0x0, 0x0, 0x0, 0x0, 0x0, 0x0, 0x0, 0x0, 0x0, 0x0, 0x0, 0x0, 0x0, 0x0, 0x0, 0x0, 0x0, 0x4, 0x0, 0x0, 0x0, 0x0, 0x8]}}})
ioctl$VIDIOC_STREAMOFF(r0, 0x40045613, &(0x7f0000000000))
ioctl$VIDIOC_ENUMINPUT(r0, 0xc050561a, &(0x7f0000000140)={0x5, "87085b1d4cc9189f83c34a7d8bd0fbfecf4b20e7531fee89541d733cca4509db", 0x1, 0x3, 0x1, 0x80008, 0x120, 0x8})

21:13:24 executing program 0:
ioctl$VIDIOC_G_EXT_CTRLS(0xffffffffffffffff, 0xc0205647, &(0x7f0000000180)={0x4, 0x7fff, 0x9, 0xffffffffffffffff, 0x0, &(0x7f0000000140)={0x990a6b, 0x8, [], @value=0xfff}})
openat$vimc2(0xffffffffffffff9c, &(0x7f00000001c0)='/dev/video2\x00', 0x2, 0x0)
r0 = syz_open_dev$vbi(&(0x7f0000000100)='/dev/vbi#\x00', 0x0, 0x2)
ioctl$VIDIOC_CREATE_BUFS(r0, 0xc100565c, &(0x7f00000003c0)={0x0, 0x49, 0x1, {0x4, @sliced={0x0, [0x0, 0x0, 0x0, 0xde0, 0x0, 0x0, 0x0, 0x0, 0x0, 0x0, 0x0, 0x1]}}})
r1 = syz_open_dev$vivid(&(0x7f0000000200)='/dev/video#\x00', 0x0, 0x2)
