 0xc0445624, &(0x7f0000000140)={0x81, 0x6, "e193a3075d2f66ff8f78287ed12cf50170ed54fd40617d706260ac3de955fe27", 0xda, 0x20, 0x400, 0x81, 0xaa})
ioctl$VIDIOC_S_CROP(r0, 0x4014563c, &(0x7f0000000080)={0x0, {0x9, 0x401, 0x7fffffff, 0x8000}})

18:43:00 executing program 0:
r0 = syz_open_dev$radio(&(0x7f0000000040)='/dev/radio#\x00', 0x2, 0x2)
r1 = openat$vicodec0(0xffffffffffffff9c, &(0x7f00000000c0)='/dev/video36\x00', 0x2, 0x0)
ioctl$VIDIOC_EXPBUF(r1, 0xc0405610, &(0x7f0000000100)={0x4, 0x79, 0x5, 0x4000})
ioctl$VIDIOC_LOG_STATUS(r0, 0x5646, 0x0)
ioctl$VIDIOC_S_CROP(r0, 0x4014563c, &(0x7f0000000080)={0xb, {0x1, 0x5, 0x5, 0x4}})
ioctl$VIDIOC_SUBDEV_S_SELECTION(r0, 0xc040563e, &(0x7f0000000000)={0x0, 0x0, 0x103, 0x1, {0x2, 0x3f, 0x4, 0x99}})

[  458.345349][  T852] vivid-001: =================  START STATUS  =================
[  458.353844][  T852] v4l2-ctrls: vivid-001: Radio HW Seek Mode: Bounded
[  458.360159][  T852] v4l2-ctrls: vivid-001: Radio Programmable HW Seek: false
[  458.363732][  T852] v4l2-ctrls: vivid-001: RDS Rx I/O Mode: Block I/O
[  458.371911][  T852] v4l2-ctrls: vivid-001: Generate RBDS Instead of RDS: false
[  458.376510][  T852] v4l2-ctrls: vivid-001: RDS Reception: true
[  458.381797][  T852] v4l2-ctrls: vivid-001: RDS Program Type: 0 inactive
[  458.385885][  T852] v4l2-ctrls: vivid-001: RDS PS Name:  inactive
[  458.388062][  T852] v4l2-ctrls: vivid-001: RDS Radio Text:  inactive
[  458.391673][  T852] v4l2-ctrls: vivid-001: RDS Traffic Announcement: false inactive
[  458.394439][  T852] v4l2-ctrls: vivid-001: RDS Traffic Program: false inactive
[  458.399115][  T852] v4l2-ctrls: vivid-001: RDS Music: false inactive
[  458.401287][  T852] vivid-001: ==================  END STATUS  ==================
[  458.407680][  T855] vivid-001: =================  START STATUS  =================
[  458.411260][  T855] v4l2-ctrls: vivid-001: Radio HW Seek Mode: Bounded
[  458.413873][  T855] v4l2-ctrls: vivid-001: Radio Programmable HW Seek: false
[  458.416199][  T855] v4l2-ctrls: vivid-001: RDS Rx I/O Mode: Block I/O
[  458.419153][  T855] v4l2-ctrls: vivid-001: Generate RBDS Instead of RDS: false
[  458.421515][  T855] v4l2-ctrls: vivid-001: RDS Reception: true
[  458.423430][  T855] v4l2-ctrls: vivid-001: RDS Program Type: 0 inactive
[  458.425583][  T855] v4l2-ctrls: vivid-001: RDS PS Name:  inactive
[  458.427638][  T855] v4l2-ctrls: vivid-001: RDS Radio Text:  inactive
[  458.431272][  T855] v4l2-ctrls: vivid-001: RDS Traffic Announcement: false inactive
[  458.433765][  T855] v4l2-ctrls: vivid-001: RDS Traffic Program: false inactive
[  458.436356][  T855] v4l2-ctrls: vivid-001: RDS Music: false inactive
[  458.439444][  T855] vivid-001: ==================  END STATUS  ==================
18:43:00 executing program 0:
r0 = openat$vicodec1(0xffffffffffffff9c, &(0x7f0000000240)='/dev/video37\x00', 0x2, 0x0)
ioctl$VIDIOC_ENUM_FMT(r0, 0xc0405602, &(0x7f0000000280)={0x0, 0x1, 0x0, "3043f786da3bfa00022ef3ffffff0000493900"})

18:43:00 executing program 0:
r0 = openat$vicodec1(0xffffffffffffff9c, &(0x7f0000000000)='/dev/video37\x00', 0x2, 0x0)
ioctl$VIDIOC_SUBSCRIBE_EVENT(0xffffffffffffffff, 0x4020565a, &(0x7f0000000040)={0x5, 0x3, 0x1})
ioctl$VIDIOC_S_EXT_CTRLS(r0, 0xc0205648, &(0x7f0000000100)={0x0, 0x1, 0x0, 0xffffffffffffffff, 0x0, &(0x7f00000000c0)={0x9909cb, 0x0, [], @p_u32=&(0x7f0000000080)}})

18:43:00 executing program 0:
r0 = syz_open_dev$vbi(&(0x7f0000000140)='/dev/vbi#\x00', 0x0, 0x2)
ioctl$VIDIOC_QUERYMENU(r0, 0xc02c5625, &(0x7f00000001c0)={0x7fffffff, 0x0, @name="691e8afc1d376da551181f1ba56a56719d5410c645ffd22559094c5747abed42"})
r1 = syz_open_dev$vivid(&(0x7f0000000280)='/dev/video#\x00', 0x0, 0x2)
r2 = syz_open_dev$vbi(&(0x7f0000000140)='/dev/vbi#\x00', 0x0, 0x2)
ioctl$VIDIOC_QUERYMENU(r2, 0xc02c5625, &(0x7f00000001c0)={0x7fffffff, 0x0, @name="691e8afc1d376da551181f1ba56a56719d5410c645ffd22559094c5747abed42"})
ioctl$VIDIOC_TRY_ENCODER_CMD(r2, 0xc028564e, &(0x7f00000003c0)={0x2, 0x0, [0x10001, 0x3ff, 0x3, 0x6, 0x7fff, 0x0, 0x8, 0x80000000]})
ioctl$VIDIOC_ENUMINPUT(r1, 0xc050561a, &(0x7f00000002c0)={0x0, "e453f6c7881bedd575598b0108000000926f03af8d6872fcc031bae8fb6ae601"})
ioctl$VIDIOC_G_JPEGCOMP(r0, 0x808c563d, &(0x7f00000004c0))
ioctl$VIDIOC_REQBUFS(r1, 0xc0145608, &(0x7f0000000240)={0x80000000, 0x5, 0x4})
r3 = syz_open_dev$vbi(&(0x7f0000000140)='/dev/vbi#\x00', 0x0, 0x2)
ioctl$VIDIOC_QUERYMENU(r3, 0xc02c5625, &(0x7f00000001c0)={0x7fffffff, 0x0, @name="691e8afc1d376da551181f1ba56a56719d5410c645ffd22559094c5747abed42"})
ioctl$VIDIOC_S_PARM(0xffffffffffffffff, 0xc0cc5616, &(0x7f0000000580)={0x0, @output={0xd4166d18b57d64ee, 0x0, {0x3, 0xffff8001}, 0xfffffffd}})
r4 = syz_open_dev$vbi(&(0x7f0000000140)='/dev/vbi#\x00', 0x0, 0x2)
ioctl$VIDIOC_ENUMINPUT(r0, 0xc050561a, &(0x7f0000000340)={0x4, "73fd0bd8ce58a27be1ff145cd04f25a9cd08b45c3b0c05ae5333966e3cd9fc3d", 0x2, 0x86, 0x4, 0x50007, 0x4000003, 0xe})
ioctl$VIDIOC_QUERYMENU(r4, 0xc02c5625, &(0x7f00000001c0)={0x7fffffff, 0x0, @name="691e8afc1d376da551181f1ba56a56719d5410c645ffd22559094c5747abed42"})
ioctl$VIDIOC_SUBDEV_S_CROP(r4, 0xc038563c, &(0x7f0000000200)={0x0, 0x0, {0x7fffffff, 0x1000, 0xf1e8, 0x8}})
ioctl$VIDIOC_S_CROP(r0, 0x4014563c, &(0x7f0000000180)={0x7, {0x6, 0xe9f, 0x6, 0x7}})
ioctl$VIDIOC_OVERLAY(0xffffffffffffffff, 0x4004560e, &(0x7f0000000000)=0x88)
r5 = syz_open_dev$vivid(&(0x7f0000000040)='/dev/video#\x00', 0x0, 0x2)
ioctl$VIDIOC_REQBUFS(r5, 0xc0145608, &(0x7f0000000080)={0x0, 0x1, 0x1})

18:43:00 executing program 0:
syz_open_dev$vivid(&(0x7f00000000c0)='/dev/video#\x00', 0x2, 0x2)
syz_open_dev$vbi(&(0x7f0000000000)='/dev/vbi#\x00', 0x2, 0x2)
syz_open_dev$radio(&(0x7f0000000080)='/dev/radio#\x00', 0x2, 0x2)
ioctl$VIDIOC_G_FREQUENCY(0xffffffffffffffff, 0xc02c5638, &(0x7f0000000040)={0x1, 0x2, 0x3})
r0 = openat$vicodec1(0xffffffffffffff9c, &(0x7f0000000100)='/dev/video37\x00', 0x2, 0x0)
ioctl$VIDIOC_S_INPUT(r0, 0xc0045627, &(0x7f0000000140))

18:43:00 executing program 0:
r0 = syz_open_dev$vivid(&(0x7f0000000040)='/dev/video#\x00', 0x2, 0x2)
ioctl$VIDIOC_S_INPUT(r0, 0xc0045627, &(0x7f0000000000)=0x2abd)
ioctl$VIDIOC_S_FMT(r0, 0xc0d05605, &(0x7f0000000180)={0x9, @sliced={0x0, [0x0, 0xfffd]}})
ioctl$VIDIOC_SUBDEV_G_FRAME_INTERVAL(r0, 0xc0305615, &(0x7f0000000080)={0x0, {0x8000, 0x7fff}})

18:43:00 executing program 0:
r0 = syz_open_dev$vivid(&(0x7f0000000040)='/dev/video#\x00', 0x0, 0x2)
r1 = syz_open_dev$vbi(&(0x7f0000000140)='/dev/vbi#\x00', 0x0, 0x2)
ioctl$VIDIOC_QUERYMENU(r1, 0xc02c5625, &(0x7f00000001c0)={0x7fffffff, 0x0, @name="691e8afc1d376da551181f1ba56a56719d5410c645ffd22559094c5747abed42"})
ioctl$VIDIOC_S_STD(r1, 0x40085618, &(0x7f0000000080))
ioctl$VIDIOC_ENUM_FRAMEINTERVALS(r1, 0xc034564b, &(0x7f0000000100)={0x3, 0x31303553, 0x2, 0xb5, 0x3, @discrete={0x4, 0x3}})
ioctl$VIDIOC_S_EDID(r0, 0xc0285629, &(0x7f00000000c0)={0x0, 0x0, 0x3f})

18:43:00 executing program 0:
r0 = syz_open_dev$swradio(&(0x7f0000000240)='/dev/swradio#\x00', 0x0, 0x2)
ioctl$VIDIOC_G_FREQUENCY(0xffffffffffffffff, 0xc02c5638, &(0x7f0000000040)={0x5, 0x2, 0x31})
ioctl$VIDIOC_SUBDEV_G_SELECTION(r0, 0xc040563d, &(0x7f0000000000)={0x1, 0x0, 0x101, 0x2, {0x1, 0x8000, 0x3, 0xfffffff9}})

18:43:00 executing program 0:
r0 = syz_open_dev$vbi(&(0x7f0000000000)='/dev/vbi#\x00', 0x2, 0x2)
ioctl$VIDIOC_S_FMT(r0, 0xc0d05605, &(0x7f0000000040)={0x6, @vbi={0xffff}})
ioctl$VIDIOC_G_SLICED_VBI_CAP(r0, 0xc0745645, &(0x7f0000000140)={0x2, [0x5, 0x1000, 0x5, 0x4, 0xdfc, 0x21a, 0x7, 0x84, 0x2, 0x1000, 0x401, 0x694e, 0x1, 0x8, 0xfe00, 0x8, 0x101, 0x1, 0x2, 0x1, 0x9, 0x200, 0x3, 0x870, 0x1, 0x81, 0x5, 0x7ff, 0x2, 0x4, 0x1, 0x7f, 0x40, 0x9818, 0x0, 0x6, 0x64, 0x1, 0x3, 0x3, 0x6, 0x9, 0x8c, 0x2, 0x49, 0xffff, 0x8, 0x1e59], 0x12})

18:43:00 executing program 0:
r0 = syz_open_dev$swradio(&(0x7f0000000000)='/dev/swradio#\x00', 0x0, 0x2)
ioctl$VIDIOC_EXPBUF(r0, 0xc0405610, &(0x7f0000000040))
r1 = syz_open_dev$vbi(&(0x7f0000000140)='/dev/vbi#\x00', 0x0, 0x2)
ioctl$VIDIOC_QUERYMENU(r1, 0xc02c5625, &(0x7f00000001c0)={0x7fffffff, 0x0, @name="691e8afc1d376da551181f1ba56a56719d5410c645ffd22559094c5747abed42"})
ioctl$VIDIOC_G_FMT(r1, 0xc0d05604, &(0x7f0000000080)={0xa, @pix_mp={0x10001, 0x9, 0x32344d59, 0x7, 0x1, [{0x80000000, 0x40e7}, {0xfffff6b4}, {0x3, 0x1}, {0x4, 0x3}, {0x93, 0x7}, {0x3ff, 0x9}, {0x3, 0x2}, {0x400, 0xa5ca0000}], 0x20, 0xb, 0x3, 0x1, 0x1}})
ioctl$VIDIOC_ENUM_FREQ_BANDS(r1, 0xc0405665, &(0x7f0000000180)={0x3, 0x5, 0x0, 0x1000, 0x7, 0x90, 0x4})

18:43:00 executing program 0:
r0 = syz_open_dev$vivid(&(0x7f0000000040)='/dev/video#\x00', 0x3, 0x2)
ioctl$VIDIOC_QUERY_EXT_CTRL(r0, 0xc0e85667, &(0x7f0000000180)={0x40000000, 0x3, "a0ce1f2079f77440592a4bc42c0beae80397ffae8a0a64a9405ee61e5a8b8f72", 0x1, 0x8, 0x21a, 0x0, 0x92, 0x3, 0xff, 0x9, [0x0, 0x9, 0x8c2, 0x101]})
ioctl$VIDIOC_TRY_FMT(r0, 0xc0d05640, &(0x7f0000000080)={0xa, @pix_mp={0x0, 0x0, 0x0, 0x0, 0x0, [{0x0, 0x200}]}})

18:43:00 executing program 0:
r0 = openat$vimc2(0xffffffffffffff9c, &(0x7f0000000640)='/dev/video2\x00', 0x2, 0x0)
ioctl$VIDIOC_G_INPUT(r0, 0x80045626, &(0x7f0000000000))
ioctl$VIDIOC_TRY_EXT_CTRLS(r0, 0xc0205649, &(0x7f0000000100)={0x0, 0x101, 0x0, 0xffffffffffffffff, 0x0, 0x0})

18:43:00 executing program 0:
r0 = syz_open_dev$vivid(&(0x7f0000000040)='/dev/video#\x00', 0x2, 0x2)
ioctl$VIDIOC_LOG_STATUS(r0, 0x5646, 0x0)
ioctl$VIDIOC_CREATE_BUFS(r0, 0xc100565c, &(0x7f0000000240)={0x0, 0xffffffff, 0x1, {0x1, @raw_data="e3246d7c42f58a11d8098672547495e2cf4348d65d03996af8eb5a882d48aa34e80acd75d608e79e33f73efe0056dca7ba387028589cb46033f11d32e2cc3c942741960954793ef189222fc6dd25608f35991e8504d7ce292fe02eb4d40834e943b41fe96743f6b8912e35a059158198b400dd25adea0ae92342d3578bf13f4f1aa8c8a1c9af8693ff90c0b2f0a6439fcbb1bfd9ec2964a5b304cd826266e721ef3982e231ed1d7f03120c4e0ecae5816c7cfe63fb9f7b460a18a135007e58723eb7ea2ada17b5dc"}})
r1 = syz_open_dev$vbi(&(0x7f0000000140)='/dev/vbi#\x00', 0x0, 0x2)
ioctl$VIDIOC_QUERYMENU(r1, 0xc02c5625, &(0x7f00000001c0)={0x7ffffff8, 0x10001, @value=0x3})
ioctl$VIDIOC_G_FBUF(r1, 0x8030560a, &(0x7f00000000c0)={0x10, 0x6c, &(0x7f0000000340)="a1fd924f3ddb2a41b9083e7c5fa40b362326c166c169f6fd0c73db1a50dba72a4813c07e11c40cb045120f20fb9b8f9bac7445fb74f2eabc9e283aadd77744c3e2e6eb65dac3b8719c5c4e6dd97004bf2cbf3678350800a3c420c73454f0d5aa307c5b1ee2ff81fc285cd3ba07f67998e30f1dfa0060e88bb0771f5aefe7a6d46ffb549611661280329ae249dd480000000000ff00000000000000005d1966c9888d8cfb6eb8f30753093828267fa1ee4bd5eb03316b2ce641124884b7d397773ee12ea27b3470edde3be813da22496d91bdea99041da06938479d171449f85bdd5df9349157c430966e7821e8a33146191ee2a6f91e59ae6e4bd96e18f5a10bee11e035ed", {0xff, 0x200, 0x33424752, 0x9, 0x3, 0xffffff80, 0x6, 0x6}})

[  458.865076][  T900] vivid-001: =================  START STATUS  =================
[  458.871131][  T900] v4l2-ctrls: vivid-001: Test Pattern: 75% Colorbar
[  458.875609][  T900] v4l2-ctrls: vivid-001: Fill Percentage of Frame: 100
[  458.880978][  T900] v4l2-ctrls: vivid-001: Horizontal Movement: No Movement
[  458.885658][  T900] v4l2-ctrls: vivid-001: Vertical Movement: No Movement
[  458.896638][  T900] v4l2-ctrls: vivid-001: OSD Text Mode: All
[  458.901445][  T900] v4l2-ctrls: vivid-001: Show Border: false
[  458.905637][  T900] v4l2-ctrls: vivid-001: Show Square: false
[  458.911209][  T900] v4l2-ctrls: vivid-001: Sensor Flipped Horizontally: false
[  458.913902][  T900] v4l2-ctrls: vivid-001: Sensor Flipped Vertically: false
[  458.916255][  T900] v4l2-ctrls: vivid-001: Insert SAV Code in Image: false
[  458.920005][  T900] v4l2-ctrls: vivid-001: Insert EAV Code in Image: false
[  458.922423][  T900] v4l2-ctrls: vivid-001: Reduced Framerate: false
[  458.925089][  T900] v4l2-ctrls: vivid-001: Enable Capture Cropping: true
[  458.928496][  T900] v4l2-ctrls: vivid-001: Enable Capture Composing: true
[  458.932308][  T900] v4l2-ctrls: vivid-001: Enable Capture Scaler: true
[  458.935972][  T900] v4l2-ctrls: vivid-001: Timestamp Source: End of Frame
[  458.940857][  T900] v4l2-ctrls: vivid-001: Colorspace: sRGB
[  458.944132][  T900] v4l2-ctrls: vivid-001: Transfer Function: Default
[  458.950593][  T900] v4l2-ctrls: vivid-001: Y'CbCr Encoding: Default
[  458.954112][  T900] v4l2-ctrls: vivid-001: HSV Encoding: Hue 0-179
[  458.958876][  T900] v4l2-ctrls: vivid-001: Quantization: Default
[  458.962828][  T900] v4l2-ctrls: vivid-001: Apply Alpha To Red Only: false
[  458.966610][  T900] v4l2-ctrls: vivid-001: Standard Aspect Ratio: 4x3
[  458.971049][  T900] v4l2-ctrls: vivid-001: DV Timings Signal Mode: Current DV Timings inactive
[  458.975814][  T900] v4l2-ctrls: vivid-001: DV Timings: 640x480p59 inactive
[  458.980538][  T900] v4l2-ctrls: vivid-001: DV Timings Aspect Ratio: Source Width x Height
[  458.985220][  T900] v4l2-ctrls: vivid-001: Maximum EDID Blocks: 2
[  458.993367][  T900] v4l2-ctrls: vivid-001: Limited RGB Range (16-235): true
[  459.002848][  T900] v4l2-ctrls: vivid-001: Rx RGB Quantization Range: Automatic
[  459.008955][  T900] v4l2-ctrls: vivid-001: Power Present: 0x00000001
[  459.012700][  T900] tpg source WxH: 320x180 (Y'CbCr)
[  459.015492][  T900] tpg field: 1
[  459.018418][  T900] tpg crop: 320x180@0x0
[  459.020771][  T900] tpg compose: 320x180@0x0
[  459.022387][  T900] tpg colorspace: 8
[  459.023808][  T900] tpg transfer function: 0/0
[  459.025540][  T900] tpg Y'CbCr encoding: 0/0
[  459.028511][  T900] tpg quantization: 0/0
[  459.030092][  T900] tpg RGB range: 0/1
[  459.031571][  T900] vivid-001: ==================  END STATUS  ==================
18:43:00 executing program 0:
r0 = syz_open_dev$vivid(&(0x7f0000000000)='/dev/video#\x00', 0x1, 0x2)
ioctl$VIDIOC_REQBUFS(r0, 0xc0145608, &(0x7f0000000040)={0x1ff, 0x2, 0x1})
r1 = syz_open_dev$vbi(&(0x7f0000000140)='/dev/vbi#\x00', 0x0, 0x2)
ioctl$VIDIOC_QUERYMENU(r1, 0xc02c5625, &(0x7f00000001c0)={0x7fffffff, 0x0, @name="691e8afc1d376da551181f1ba56a56719d5410c645ffd22559094c5747abed42"})
ioctl$VIDIOC_QUERYCAP(r1, 0x80685600, &(0x7f0000000200))
ioctl$VIDIOC_REQBUFS(r0, 0xc0145608, 0x0)

18:43:00 executing program 0:
ioctl$VIDIOC_S_MODULATOR(0xffffffffffffffff, 0x40445637, &(0x7f0000000000)={0xfffffffb, "2c78f5579aa54fbf95801a484e3b933d8ebc55506154dceefc59617ca02c273b", 0x20, 0x8001, 0x6, 0x4, 0x5})
r0 = syz_open_dev$vivid(&(0x7f0000000080)='/dev/video#\x00', 0x3, 0x2)
ioctl$VIDIOC_S_PRIORITY(r0, 0x40045644, 0x2)
r1 = openat$vimc1(0xffffffffffffff9c, &(0x7f00000000c0)='/dev/video1\x00', 0x2, 0x0)
ioctl$VIDIOC_S_JPEGCOMP(r1, 0x408c563e, &(0x7f0000000100)={0x4eac9e0e, 0xf, 0x8, "9af2eb3223a38d0f5eb4b61f24844402e7c2c98a2030a60924593acb4ec21d8681c39ab65e28b544d5381f513b63a4ef4809c2a3ce1c574a8978a0c9", 0x22, "598cb2e8abd8e6ac8e4ef23fe88144e7db6dccc3d8702610a49ab06eb9e0322c5715ce57ed1b12007167b47e99edb580ce797c0fe07a264b596e12d6", 0xa8})
r2 = openat$vicodec0(0xffffffffffffff9c, &(0x7f00000001c0)='/dev/video36\x00', 0x2, 0x0)
ioctl$VIDIOC_G_EXT_CTRLS(r0, 0xc0205647, &(0x7f0000000240)={0x9f0000, 0xf1, 0x80000001, r2, 0x0, &(0x7f0000000200)={0x9909e0, 0x3b6, [], @value=0x5}})
r3 = syz_open_dev$vivid(&(0x7f0000000280)='/dev/video#\x00', 0x3, 0x2)
ioctl$VIDIOC_S_EXT_CTRLS(r3, 0xc0205648, &(0x7f0000000340)={0x9f0000, 0x2, 0x2, 0xffffffffffffffff, 0x0, &(0x7f0000000300)={0x980910, 0x5, [], @p_u8=&(0x7f00000002c0)=0x9}})
r4 = syz_open_dev$cec(&(0x7f0000000380)='/dev/cec#\x00', 0x1, 0x2)
ioctl$VIDIOC_G_AUDIO(r4, 0x80345621, &(0x7f00000003c0))
r5 = syz_open_dev$cec(&(0x7f0000000400)='/dev/cec#\x00', 0x2, 0x2)
ioctl$VIDIOC_TRY_ENCODER_CMD(r5, 0xc028564e, &(0x7f0000000440)={0x3, 0x0, [0x200, 0x3ff, 0xc162, 0x5, 0x1c6, 0x20, 0x7f, 0x1]})
r6 = openat$vimc1(0xffffffffffffff9c, &(0x7f0000000480)='/dev/video1\x00', 0x2, 0x0)
ioctl$VIDIOC_DBG_S_REGISTER(r6, 0x4038564f, &(0x7f00000004c0)={{0x4, @name="167c3feda41ab267161fc12a5218a41fe1c3e24ededb9a46c4cca37d06778aa7"}, 0x8, 0xdcba, 0x1000000000})
ioctl$VIDIOC_DQEVENT(r2, 0x80885659, &(0x7f0000000500)={0x0, @motion_det})
ioctl$VIDIOC_SUBDEV_ENUM_MBUS_CODE(r1, 0xc0305602, &(0x7f00000005c0)={0x0, 0x80000001, 0x300f, 0x1})
syz_open_dev$swradio(&(0x7f0000000600)='/dev/swradio#\x00', 0x1, 0x2)
r7 = openat$vimc2(0xffffffffffffff9c, &(0x7f0000000640)='/dev/video2\x00', 0x2, 0x0)
ioctl$VIDIOC_S_SELECTION(r7, 0xc040565f, &(0x7f0000000680)={0xb, 0x102, 0x3, {0x81, 0x2, 0x0, 0x4}})

18:43:01 executing program 0:
r0 = syz_open_dev$vivid(&(0x7f0000000000)='/dev/video#\x00', 0x0, 0x2)
ioctl$VIDIOC_S_FMT(r0, 0xc0d05605, &(0x7f0000000040)={0x3, @pix_mp={0x0, 0x0, 0x0, 0x0, 0x3, [{0x0, 0xbde1}, {0x0, 0x9}, {}, {0x0, 0x5}, {0x80}], 0x0, 0x3}})

18:43:01 executing program 0:
r0 = syz_open_dev$vivid(&(0x7f0000000040)='/dev/video#\x00', 0x2, 0x2)
r1 = syz_open_dev$vivid(&(0x7f0000000040)='/dev/video#\x00', 0x3, 0x2)
ioctl$VIDIOC_S_FMT(r1, 0xc0d05605, &(0x7f00000000c0)={0xa, @pix_mp={0x0, 0x0, 0x0, 0x9}})
ioctl$VIDIOC_REQBUFS(r0, 0xc0145608, &(0x7f0000000000)={0xffff, 0x9, 0x4})
ioctl$VIDIOC_G_DV_TIMINGS(r0, 0xc0845658, &(0x7f0000000100)={0x0, @bt={0x8, 0xffffffff, 0x1, 0x2, 0x1000, 0x2, 0x7ff, 0x90, 0x3, 0x101, 0x9, 0x7ff, 0x3, 0x6, 0xa8f1e7b61e1f6c59, 0x6, {0x8, 0x5}, 0x4, 0x4}})
ioctl$VIDIOC_S_CROP(r0, 0x4014563c, &(0x7f00000000c0)={0x9, {0x7ff, 0x0, 0x7fff, 0x2}})

18:43:01 executing program 0:
syz_open_dev$swradio(&(0x7f0000000480)='/dev/swradio#\x00', 0x0, 0x2)
r0 = syz_open_dev$radio(&(0x7f0000000000)='/dev/radio#\x00', 0x2, 0x2)
ioctl$VIDIOC_S_PARM(r0, 0xc0cc5616, &(0x7f0000000040)={0x9, @output={0x1000, 0x1, {0x800, 0xff}, 0x2, 0x1f}})

18:43:01 executing program 0:
r0 = syz_open_dev$vivid(&(0x7f0000000000)='/dev/video#\x00', 0x2, 0x2)
r1 = syz_open_dev$vbi(&(0x7f0000000140)='/dev/vbi#\x00', 0x0, 0x2)
ioctl$VIDIOC_QUERYMENU(r1, 0xc02c5625, &(0x7f00000001c0)={0x7fffffff, 0x0, @name="691e8afc1d376da551181f1ba56a56719d5410c645ffd22559094c5747abed42"})
ioctl$VIDIOC_G_AUDIO(r1, 0x80345621, &(0x7f0000000080))
ioctl$VIDIOC_G_CTRL(r0, 0xc008561b, &(0x7f0000000040))

18:43:01 executing program 0:
r0 = syz_open_dev$vivid(&(0x7f0000000200)='/dev/video#\x00', 0x2, 0x2)
ioctl$VIDIOC_CREATE_BUFS(r0, 0xc100565c, &(0x7f0000000240)={0x0, 0x0, 0x0, {0x1, @sliced}})
r1 = syz_open_dev$vbi(&(0x7f0000000140)='/dev/vbi#\x00', 0x0, 0x2)
ioctl$VIDIOC_QUERYMENU(r0, 0xc02c5625, &(0x7f00000001c0)={0x7fffffff, 0x0, @name="691e8afcc47bf1ff51181f0045fbf22500004c6b72fbc24200"})
ioctl$VIDIOC_S_CROP(r1, 0x4014563c, &(0x7f0000000000)={0xc, {0x0, 0x0, 0x80, 0x101}})
r2 = syz_open_dev$vbi(&(0x7f0000000140)='/dev/vbi#\x00', 0x0, 0x2)
ioctl$VIDIOC_QUERYMENU(r2, 0xc02c5625, &(0x7f00000001c0)={0x7fffffff, 0x0, @name="691e8afc1d376da551181f1ba56a56719d5410c645ffd22559094c5747abed42"})
ioctl$VIDIOC_ENUM_DV_TIMINGS(r2, 0xc0945662, &(0x7f0000000040)={0x8000, 0x0, [], {0x0, @bt={0xffff0000, 0x2, 0x1, 0x1, 0x8, 0x2, 0xff, 0x1, 0x5, 0x1f, 0x9, 0x5, 0x1, 0x0, 0x2, 0x21, {0x8, 0x4}, 0x9, 0x81}}})

18:43:01 executing program 0:
r0 = syz_open_dev$vivid(&(0x7f0000000000)='/dev/video#\x00', 0x2, 0x2)
r1 = syz_open_dev$vbi(&(0x7f0000000140)='/dev/vbi#\x00', 0x0, 0x2)
ioctl$VIDIOC_QUERYMENU(r1, 0xc02c5625, &(0x7f00000001c0)={0x7fffffff, 0x0, @name="691e8afc1d376da551181f1ba56a56719d5410c645ffd22559094c5747abed42"})
ioctl$VIDIOC_REQBUFS(r1, 0xc0145608, &(0x7f00000002c0)={0x2, 0xddd397b081ca131c, 0x3})
r2 = syz_open_dev$vbi(&(0x7f0000000040)='/dev/vbi#\x00', 0x3, 0x2)
ioctl$VIDIOC_SUBDEV_ENUM_DV_TIMINGS(r2, 0xc0945662, &(0x7f00000001c0)={0x7, 0x0, [], {0x0, @bt={0xffffffff, 0x9, 0x1, 0x0, 0x0, 0x2, 0x3, 0xaa, 0x1a0, 0x2, 0xffffffff, 0xe563, 0x8, 0x3cd, 0x0, 0x27, {0x7000000, 0x7ff}, 0x7f, 0xfc}}})
ioctl$VIDIOC_SUBDEV_ENUM_MBUS_CODE(r1, 0xc0305602, &(0x7f0000000300)={0x0, 0xc6b, 0x1015, 0x1})
r3 = openat$vimc2(0xffffffffffffff9c, &(0x7f0000000080)='/dev/video2\x00', 0x2, 0x0)
ioctl$VIDIOC_G_AUDIO(r3, 0x80345621, &(0x7f0000000280))
ioctl$VIDIOC_S_FMT(r0, 0xc0d05605, &(0x7f00000000c0)={0x9, @sliced={0x0, [0x0, 0x0, 0x0, 0x0, 0x0, 0x0, 0x0, 0x0, 0x0, 0x0, 0x0, 0x0, 0x0, 0x0, 0x0, 0x0, 0x0, 0x0, 0x0, 0x0, 0x0, 0x0, 0x0, 0x0, 0x0, 0x0, 0x0, 0x0, 0x0, 0x0, 0x0, 0x0, 0xf5f]}})
syz_open_dev$vbi(&(0x7f0000000340)='/dev/vbi#\x00', 0x0, 0x2)

18:43:01 executing program 0:
r0 = openat$vicodec1(0xffffffffffffff9c, &(0x7f0000000280)='/dev/video37\x00', 0x2, 0x0)
ioctl$VIDIOC_S_FMT(r0, 0xc0d05605, &(0x7f0000000000)={0xa, @pix_mp})
ioctl$VIDIOC_SUBSCRIBE_EVENT(r0, 0x4020565a, &(0x7f0000000100)={0x1, 0x9, 0x2})

18:43:01 executing program 0:
r0 = syz_open_dev$swradio(&(0x7f0000000000)='/dev/swradio#\x00', 0x1, 0x2)
ioctl$VIDIOC_G_SELECTION(r0, 0xc040565e, &(0x7f0000000040)={0x1, 0x3, 0x1, {0x3f, 0x6, 0xffff0001, 0xde4}})
r1 = syz_open_dev$radio(&(0x7f0000000080)='/dev/radio#\x00', 0x2, 0x2)
ioctl$VIDIOC_S_FREQUENCY(r1, 0x402c5639, &(0x7f00000000c0)={0x0, 0x1, 0xfffffffe})

18:43:01 executing program 0:
r0 = openat$vicodec0(0xffffffffffffff9c, &(0x7f0000000200)='/dev/video36\x00', 0x2, 0x0)
ioctl$VIDIOC_DV_TIMINGS_CAP(r0, 0xc0905664, &(0x7f0000000000)={0x0, 0x0, [], @raw_data=[0x4, 0x7f, 0x0, 0x6, 0x5, 0x0, 0x4, 0xbc, 0x5, 0x5, 0xab3, 0x1a, 0x5, 0x6, 0x3, 0x8b800000, 0xd9, 0x5, 0x101, 0x1000, 0x80, 0x4, 0x39f, 0x1, 0x81, 0x1, 0x1, 0x6, 0x4, 0x7ff, 0x57a, 0xfff]})
ioctl$VIDIOC_ENUM_FMT(r0, 0xc0405602, &(0x7f00000003c0)={0x0, 0x2, 0x0, "3361f28817e6e41cd5fb3742f6b48a5957d7fc4fed23f0fce571ecc5e8a15cf0"})

18:43:02 executing program 0:
r0 = syz_open_dev$vivid(&(0x7f0000000000)='/dev/video#\x00', 0x3, 0x2)
ioctl$VIDIOC_G_FMT(r0, 0xc0d05604, &(0x7f0000000040)={0xa, @sliced={0x0, [0x0, 0x0, 0x0, 0x0, 0x0, 0x0, 0x0, 0x0, 0x0, 0x0, 0x0, 0x0, 0x0, 0x0, 0x0, 0x0, 0x0, 0xfffc, 0x0, 0x0, 0x0, 0x0, 0x0, 0x0, 0x0, 0x0, 0x0, 0x0, 0x0, 0x0, 0x0, 0x9], 0x6}})

18:43:02 executing program 0:
ioctl$VIDIOC_G_JPEGCOMP(0xffffffffffffffff, 0x808c563d, 0x0)
r0 = openat$vimc0(0xffffffffffffff9c, &(0x7f0000000000)='/dev/video0\x00', 0x2, 0x0)
r1 = openat$vimc0(0xffffffffffffff9c, &(0x7f0000000080)='/dev/video0\x00', 0x2, 0x0)
ioctl$VIDIOC_G_AUDOUT(r0, 0x80345631, &(0x7f0000000040))
ioctl$VIDIOC_REQBUFS(r1, 0xc0145608, &(0x7f00000000c0)={0x1, 0xc, 0x1})
r2 = openat$vimc1(0xffffffffffffff9c, &(0x7f0000000100)='/dev/video1\x00', 0x2, 0x0)
ioctl$VIDIOC_TRY_FMT(r2, 0xc0d05640, &(0x7f0000000140)={0x8, @sliced={0x5, [0x3, 0xc94, 0x0, 0x4, 0xa6a1, 0x0, 0x0, 0x9, 0xff, 0x8000, 0x0, 0x2, 0x1, 0x29bc, 0x5, 0x1000, 0x4, 0x6, 0x7, 0x7242, 0x8, 0x9, 0x20, 0x1f, 0x200, 0xfff, 0xff, 0x7, 0x7, 0x3, 0x2, 0x7ff, 0x4, 0x401, 0x1f, 0x20, 0x4, 0x9, 0x7a, 0x1, 0x0, 0xfbff, 0x6, 0xfe, 0x5, 0x2f1, 0xaf0, 0x5], 0x7fffffff}})
ioctl$VIDIOC_ENUM_FRAMESIZES(r1, 0xc02c564a, &(0x7f0000000240)={0x80, 0x32315258, 0x0, @discrete={0x7ff, 0xa72}})

18:43:02 executing program 0:
r0 = syz_open_dev$swradio(&(0x7f00000000c0)='/dev/swradio#\x00', 0x0, 0x2)
ioctl$VIDIOC_TRY_FMT(r0, 0xc0d05640, &(0x7f0000000100)={0xb, @pix={0x8000}})

18:43:02 executing program 0:
r0 = openat$vicodec1(0xffffffffffffff9c, &(0x7f0000000000)='/dev/video37\x00', 0x2, 0x0)
ioctl$VIDIOC_CREATE_BUFS(r0, 0xc100565c, &(0x7f0000000080)={0x0, 0x7fffffff, 0x0, {0x0, @pix_mp={0xffffff01, 0xff, 0x34343459, 0x6, 0xfad24bb65df73894, [{0x4, 0x3}, {0x0, 0x8001}, {0xc4, 0x7}, {0x0, 0xbd}, {0x7, 0x8577}, {0x4, 0x2}, {0x2, 0x40}, {0x3, 0x4}], 0x5, 0x7, 0x0, 0x2}}, 0x80000000})
ioctl$VIDIOC_SUBSCRIBE_EVENT(r0, 0x4020565a, &(0x7f0000000040)={0x5})

18:43:02 executing program 0:
syz_open_dev$vbi(0xffffffffffffffff, 0x3, 0x2)

18:43:02 executing program 0:
r0 = syz_open_dev$cec(&(0x7f0000000000)='/dev/cec#\x00', 0x0, 0x2)
r1 = syz_open_dev$vbi(&(0x7f0000000140)='/dev/vbi#\x00', 0x0, 0x2)
ioctl$VIDIOC_QUERYMENU(r1, 0xc02c5625, &(0x7f00000001c0)={0x7fffffff, 0x0, @name="691e8afc1d376da551181f1ba56a56719d5410c645ffd22559094c5747abed42"})
r2 = syz_open_dev$cec(&(0x7f0000000100)='/dev/cec#\x00', 0x0, 0x2)
ioctl$VIDIOC_G_EXT_CTRLS(r0, 0xc0205647, &(0x7f00000000c0)={0x9b0000, 0xfffffffb, 0xfff, r2, 0x0, &(0x7f0000000080)={0x98090c, 0x1, [], @p_u16=&(0x7f0000000040)=0x1f}})

18:43:02 executing program 0:
r0 = openat$vicodec0(0xffffffffffffff9c, &(0x7f0000000000)='/dev/video36\x00', 0x2, 0x0)
ioctl$VIDIOC_TRY_ENCODER_CMD(r0, 0xc028564e, &(0x7f0000000040)={0x0, 0x0, [0x0, 0xfffffffc, 0x4, 0x0, 0x0, 0x0, 0x2, 0x4]})

18:43:02 executing program 0:
r0 = openat$vimc0(0xffffffffffffff9c, &(0x7f0000000100)='/dev/video0\x00', 0x2, 0x0)
ioctl$VIDIOC_CREATE_BUFS(r0, 0xc100565c, &(0x7f0000000000)={0x8, 0xff64, 0x3, {0xc, @pix={0x7, 0xfffff001, 0x43564548, 0x8, 0x1, 0x7, 0x8, 0x8, 0x0, 0x8, 0x1, 0x2}}, 0x7})
ioctl$VIDIOC_CREATE_BUFS(r0, 0xc100565c, &(0x7f0000000180)={0x0, 0x2, 0x1, {0x1, @pix_mp={0x0, 0x0, 0x0, 0x0, 0x0, [{0x7fffffff}]}}})

[  460.480782][  T975] warn_alloc: 5 callbacks suppressed
[  460.480814][  T975] syz-executor.0: vmalloc: allocation failure: 2147483648 bytes, mode:0xdc0(GFP_KERNEL|__GFP_ZERO), nodemask=(null),cpuset=/,mems_allowed=0-1
[  460.505688][  T975] CPU: 0 PID: 975 Comm: syz-executor.0 Not tainted 5.4.0+ #27
[  460.509562][  T975] Hardware name: QEMU Standard PC (i440FX + PIIX, 1996), BIOS Ubuntu-1.8.2-1ubuntu1 04/01/2014
[  460.514908][  T975] Call Trace:
[  460.516739][  T975]  dump_stack+0xc6/0x11e
[  460.519034][  T975]  warn_alloc+0x195/0x290
[  460.521134][  T975]  ? zone_watermark_ok_safe+0x330/0x330
[  460.523876][  T975]  ? do_syscall_64+0x9d/0x5a0
[  460.526239][  T975]  ? vb2_vmalloc_alloc+0xac/0x330
[  460.527894][  T975]  __vmalloc_node_range+0x5b7/0x700
[  460.530467][  T975]  ? kasan_unpoison_shadow+0x30/0x40
[  460.533175][  T975]  ? vb2_vmalloc_alloc+0xe8/0x330
[  460.535718][  T975]  vmalloc_user+0x6a/0x80
[  460.537837][  T975]  ? vb2_vmalloc_alloc+0xe8/0x330
[  460.540487][  T975]  vb2_vmalloc_alloc+0xe8/0x330
[  460.542892][  T975]  ? vb2_vmalloc_get_dmabuf+0x180/0x180
[  460.545731][  T975]  __vb2_queue_alloc+0x5d9/0x1270
[  460.548246][  T975]  vb2_core_create_bufs+0x420/0x7b0
[  460.550831][  T975]  ? vimc_cap_get_format+0x120/0x120
[  460.553578][  T975]  ? __vb2_queue_alloc+0x1270/0x1270
[  460.556287][  T975]  ? arch_stack_walk+0x87/0xd0
[  460.558645][  T975]  ? tomoyo_path_number_perm+0x42b/0x760
[  460.561407][  T975]  ? security_file_ioctl+0x52/0xa0
[  460.564072][  T975]  ? create_prof_cpu_mask+0x20/0x20
[  460.566850][  T975]  vb2_create_bufs+0x403/0x7d0
[  460.569395][  T975]  ? vb2_reqbufs+0x1d0/0x1d0
[  460.571797][  T975]  ? entry_SYSCALL_64_after_hwframe+0x49/0xbe
[  460.575113][  T975]  ? tomoyo_path_number_perm+0x42b/0x760
[  460.578208][  T975]  ? security_file_ioctl+0x52/0xa0
[  460.581016][  T975]  ? ksys_ioctl+0x3f/0x90
[  460.583526][  T975]  ? __x64_sys_ioctl+0x6f/0xb0
[  460.586166][  T975]  ? do_syscall_64+0x9d/0x5a0
[  460.588715][  T975]  ? entry_SYSCALL_64_after_hwframe+0x49/0xbe
[  460.592014][  T975]  ? tomoyo_supervisor+0x1de/0x11a0
[  460.594833][  T975]  vb2_ioctl_create_bufs+0x2df/0x420
[  460.597760][  T975]  ? memset+0x1f/0x40
[  460.600099][  T975]  v4l_create_bufs+0xa3/0x140
[  460.602655][  T975]  __video_do_ioctl+0x760/0xeb0
[  460.605303][  T975]  ? v4l_s_fmt+0xa60/0xa60
[  460.607828][  T975]  ? __might_fault+0x177/0x1b0
[  460.610431][  T975]  video_usercopy+0x118/0xf80
[  460.612976][  T975]  ? v4l_s_fmt+0xa60/0xa60
[  460.615468][  T975]  ? putname+0xd0/0x120
[  460.617810][  T975]  ? v4l_enumstd+0x60/0x60
[  460.620425][  T975]  ? __kasan_slab_free+0x11d/0x160
[  460.623253][  T975]  ? tomoyo_execute_permission+0x4e0/0x4e0
[  460.626476][  T975]  v4l2_ioctl+0x1c0/0x270
[  460.628831][  T975]  ? v4l2_prio_init+0x20/0x20
[  460.631387][  T975]  do_vfs_ioctl+0x19d/0x10d0
[  460.633874][  T975]  ? ioctl_preallocate+0x1f0/0x1f0
[  460.636704][  T975]  ? __fget+0x344/0x540
[  460.638969][  T975]  ? do_dup2+0x4f0/0x4f0
[  460.641262][  T975]  ? ktime_get_ts64+0x1e0/0x2f0
[  460.643867][  T975]  ksys_ioctl+0x84/0x90
[  460.645950][  T975]  __x64_sys_ioctl+0x6f/0xb0
[  460.648432][  T975]  do_syscall_64+0x9d/0x5a0
[  460.650708][  T975]  entry_SYSCALL_64_after_hwframe+0x49/0xbe
[  460.653831][  T975] RIP: 0033:0x45de59
[  460.655816][  T975] Code: 0d b4 fb ff c3 66 2e 0f 1f 84 00 00 00 00 00 66 90 48 89 f8 48 89 f7 48 89 d6 48 89 ca 4d 89 c2 4d 89 c8 4c 8b 4c 24 08 0f 05 <48> 3d 01 f0 ff ff 0f 83 db b3 fb ff c3 66 2e 0f 1f 84 00 00 00 00
[  460.668030][  T975] RSP: 002b:00007fe26a95dc78 EFLAGS: 00000246 ORIG_RAX: 0000000000000010
[  460.672277][  T975] RAX: ffffffffffffffda RBX: 000000000001bb00 RCX: 000000000045de59
[  460.679351][  T975] RDX: 0000000020000180 RSI: 00000000c100565c RDI: 0000000000000003
[  460.685629][  T975] RBP: 000000000118bf60 R08: 0000000000000000 R09: 0000000000000000
[  460.689553][  T975] R10: 0000000000000000 R11: 0000000000000246 R12: 000000000118bf2c
[  460.693458][  T975] R13: 00007ffc07d7d80f R14: 00007fe26a95e9c0 R15: 000000000118bf2c
[  460.723098][  T975] Mem-Info:
[  460.725097][  T975] active_anon:11024 inactive_anon:9003 isolated_anon:0
[  460.725097][  T975]  active_file:1994 inactive_file:7332 isolated_file:0
[  460.725097][  T975]  unevictable:8 dirty:40 writeback:0 unstable:0
[  460.725097][  T975]  slab_reclaimable:9806 slab_unreclaimable:33450
[  460.725097][  T975]  mapped:14770 shmem:9184 pagetables:550 bounce:0
[  460.725097][  T975]  free:267023 free_pcp:370 free_cma:0
[  460.738781][  T975] Node 0 active_anon:43084kB inactive_anon:36008kB active_file:7952kB inactive_file:29328kB unevictable:32kB isolated(anon):0kB isolated(file):0kB mapped:59080kB dirty:156kB writeback:0kB shmem:36728kB shmem_thp: 0kB shmem_pmdmapped: 0kB anon_thp: 10240kB writeback_tmp:0kB unstable:0kB all_unreclaimable? no
[  460.749133][  T975] Node 1 active_anon:1012kB inactive_anon:4kB active_file:24kB inactive_file:0kB unevictable:0kB isolated(anon):0kB isolated(file):0kB mapped:0kB dirty:4kB writeback:0kB shmem:8kB shmem_thp: 0kB shmem_pmdmapped: 0kB anon_thp: 0kB writeback_tmp:0kB unstable:0kB all_unreclaimable? yes
[  460.758576][  T975] Node 0 DMA free:15812kB min:712kB low:888kB high:1064kB active_anon:0kB inactive_anon:0kB active_file:12kB inactive_file:0kB unevictable:0kB writepending:0kB present:15992kB managed:15908kB mlocked:0kB kernel_stack:0kB pagetables:28kB bounce:0kB free_pcp:0kB local_pcp:0kB free_cma:0kB
[  460.768191][  T975] lowmem_reserve[]: 0 449 449 449 449
[  460.770024][  T975] Node 0 DMA32 free:108816kB min:20632kB low:25788kB high:30944kB active_anon:43084kB inactive_anon:36008kB active_file:7940kB inactive_file:29328kB unevictable:32kB writepending:160kB present:1032192kB managed:465724kB mlocked:32kB kernel_stack:6848kB pagetables:2016kB bounce:0kB free_pcp:384kB local_pcp:384kB free_cma:0kB
[  460.780804][  T975] lowmem_reserve[]: 0 0 0 0 0
[  460.782404][  T975] Node 1 DMA32 free:943784kB min:46232kB low:57788kB high:69344kB active_anon:1012kB inactive_anon:4kB active_file:24kB inactive_file:0kB unevictable:0kB writepending:4kB present:1048448kB managed:1031988kB mlocked:0kB kernel_stack:96kB pagetables:156kB bounce:0kB free_pcp:1088kB local_pcp:1088kB free_cma:0kB
[  460.792938][  T975] lowmem_reserve[]: 0 0 0 0 0
[  460.795046][  T975] Node 0 DMA: 5*4kB (UM) 6*8kB (UM) 4*16kB (U) 6*32kB (UM) 6*64kB (UM) 6*128kB (UM) 6*256kB (UM) 5*512kB (UM) 4*1024kB (UM) 3*2048kB (U) 0*4096kB = 15812kB
[  460.800245][  T975] Node 0 DMA32: 588*4kB (UME) 314*8kB (UME) 209*16kB (UE) 114*32kB (UE) 195*64kB (UE) 172*128kB (UME) 116*256kB (U) 42*512kB (U) 9*1024kB (U) 1*2048kB (U) 0*4096kB = 108816kB
[  460.807291][  T975] Node 1 DMA32: 496*4kB (UME) 387*8kB (UME) 269*16kB (UME) 248*32kB (UME) 144*64kB (UME) 94*128kB (UM) 64*256kB (UME) 50*512kB (UM) 45*1024kB (UM) 37*2048kB (UM) 181*4096kB (UM) = 943784kB
[  460.814444][  T975] Node 0 hugepages_total=0 hugepages_free=0 hugepages_surp=0 hugepages_size=2048kB
[  460.817676][  T975] Node 1 hugepages_total=0 hugepages_free=0 hugepages_surp=0 hugepages_size=2048kB
[  460.820953][  T975] 17261 total pagecache pages
[  460.822702][  T975] 0 pages in swap cache
[  460.825521][  T975] Swap cache stats: add 0, delete 0, find 0/0
[  460.827765][  T975] Free swap  = 0kB
[  460.829087][  T975] Total swap = 0kB
[  460.830486][  T975] 524158 pages RAM
[  460.831862][  T975] 0 pages HighMem/MovableOnly
[  460.834978][  T975] 145753 pages reserved
[  460.836454][  T975] 0 pages cma reserved
18:43:02 executing program 0:
r0 = syz_open_dev$cec(0xfffffffffffffffe, 0x3, 0x2)
ioctl$VIDIOC_SUBDEV_ENUM_FRAME_SIZE(r0, 0xc040564a, &(0x7f0000000000)={0x3, 0x0, 0x1010, 0x66c, 0x10002, 0x0, 0x7})

18:43:02 executing program 0:
syz_open_dev$radio(&(0x7f0000000140)='/dev/radio#\x00', 0x0, 0x2)
r0 = syz_open_dev$radio(&(0x7f0000000000)='/dev/radio#\x00', 0x3, 0x2)
ioctl$VIDIOC_SUBDEV_S_CROP(r0, 0xc038563c, &(0x7f0000000040)={0x0, 0x0, {0x0, 0x401, 0x3bd16577, 0x1}})
ioctl$VIDIOC_ENUM_FREQ_BANDS(r0, 0xc0405665, &(0x7f0000000180)={0x0, 0x1, 0x0, 0x8})

18:43:02 executing program 0:
r0 = openat$vimc1(0xffffffffffffff9c, &(0x7f0000000040)='/dev/video1\x00', 0x2, 0x0)
ioctl$VIDIOC_CREATE_BUFS(r0, 0xc100565c, &(0x7f0000000140)={0x4, 0x1, 0x4, {0x1, @pix={0x0, 0x0, 0x0, 0x0, 0x0, 0x4, 0x7}}})

18:43:02 executing program 0:
r0 = syz_open_dev$vivid(&(0x7f0000000040)='/dev/video#\x00', 0x0, 0x2)
ioctl$VIDIOC_ENUMINPUT(r0, 0xc050561a, &(0x7f0000000140)={0x3, "feb49428f6f046cf00af2bb67f5ed5c8ac8ad57577a1c39d6c8e4fed4dce454f", 0x0, 0x9707, 0x0, 0xb700, 0x0, 0x2})
r1 = openat$vicodec0(0xffffffffffffff9c, &(0x7f0000000000)='/dev/video36\x00', 0x2, 0x0)
ioctl$VIDIOC_G_JPEGCOMP(r1, 0x808c563d, &(0x7f0000000080))

18:43:02 executing program 0:
r0 = syz_open_dev$vivid(&(0x7f0000000080)='/dev/video#\x00', 0x0, 0x2)
ioctl$VIDIOC_S_AUDIO(r0, 0x40345622, &(0x7f0000000000)={0x7, "3ae07aae877c835217993c71de448c91cf82b8f3d5c2dc5a293900", 0x3})
r1 = syz_open_dev$radio(&(0x7f0000000140)='/dev/radio#\x00', 0x2, 0x2)
ioctl$VIDIOC_SUBDEV_ENUM_MBUS_CODE(r1, 0xc0305602, &(0x7f0000000180)={0x0, 0x6, 0x2005})
syz_open_dev$radio(&(0x7f0000000040)='/dev/radio#\x00', 0x3, 0x2)
r2 = syz_open_dev$radio(&(0x7f00000000c0)='/dev/radio#\x00', 0x3, 0x2)
ioctl$VIDIOC_UNSUBSCRIBE_EVENT(r2, 0x4020565b, &(0x7f0000000100)={0x8000000, 0x8, 0x2})

18:43:02 executing program 0:
r0 = openat$vicodec1(0xffffffffffffff9c, &(0x7f00000001c0)='/dev/video37\x00', 0x2, 0x0)
ioctl$VIDIOC_ENUM_FMT(r0, 0xc0405602, &(0x7f0000000040)={0x0, 0x1, 0x0, "362567fcd5bed613803c3d1061e0dc0dd2f1fa5d3b03f751016acd7e1fbf58c8"})
ioctl$VIDIOC_S_HW_FREQ_SEEK(r0, 0x40305652, &(0x7f0000000080)={0xffffffff, 0x5, 0x1, 0x800, 0x2, 0x0, 0x7})
syz_open_dev$radio(&(0x7f0000000000)='/dev/radio#\x00', 0x2, 0x2)

18:43:02 executing program 0:
ioctl$VIDIOC_CREATE_BUFS(0xffffffffffffffff, 0xc100565c, &(0x7f0000000000)={0x2215, 0x80000001, 0x1, {0x9, @raw_data="360fa57ead7abeae5fcc852e70da6e57f42379efb16f3a2305db49eb380e79f82ec1f29f67284dd76362dbe0a7fcd10cb40c3d5ee539e6332cf8f8baecee5341b698b3962781441f7f6c44ba02a3d5ef0b77712d034b53e319393cd46e8f164c2098e99c8c2901d39c623178dafc8cd4bba76a6d43f4da2401c8271155c98ec14f2a786c3b9bd6281507941bc6a67865dac97942a192f9ee955cc2d177b35a6da8ca32c4982068bbfeb6837c8904ffcbdedbbf165ef96e32d51141fa68ccf9a6afcf012f41d84217"}, 0x90})
r0 = syz_open_dev$vivid(&(0x7f0000000100)='/dev/video#\x00', 0x1, 0x2)
ioctl$VIDIOC_LOG_STATUS(r0, 0x5646, 0x0)
r1 = syz_open_dev$vbi(&(0x7f0000000140)='/dev/vbi#\x00', 0x0, 0x2)
ioctl$VIDIOC_QUERYMENU(r1, 0xc02c5625, &(0x7f00000001c0)={0x7fffffff, 0x0, @name="691e8afc1d376da551181f1ba56a56719d5410c645ffd22559094c5747abed42"})
ioctl$VIDIOC_ENUM_FMT(r1, 0xc0405602, &(0x7f0000000180)={0x202, 0x8, 0x1, "9b4c38a685554d07be40e2bb65f586c04737e09826c7b75ab86920e49e9f9282", 0x20363059})
ioctl$VIDIOC_G_PRIORITY(r0, 0x80045643, 0x0)
r2 = syz_open_dev$vbi(&(0x7f0000000400)='/dev/vbi#\x00', 0x2, 0x2)
r3 = syz_open_dev$vbi(&(0x7f0000000140)='/dev/vbi#\x00', 0x0, 0x2)
ioctl$VIDIOC_QUERYMENU(r3, 0xc02c5625, &(0x7f00000001c0)={0x7fffffff, 0x0, @name="691e8afc1d376da551181f1ba56a56719d5410c645ffd22559094c5747abed42"})
ioctl$VIDIOC_DQEVENT(r3, 0x80885659, &(0x7f0000000540)={0x0, @ctrl={0x0, 0x0, @value64}})
ioctl$VIDIOC_S_FMT(r2, 0xc0d05605, &(0x7f0000000440)={0x4, @vbi={0x5, 0x1, 0x7, 0x41414270, [0x1, 0x7f], [0x993a, 0xc33a], 0x108}})
ioctl$VIDIOC_STREAMON(0xffffffffffffffff, 0x40045612, &(0x7f0000000140)=0x8)
r4 = openat$vimc2(0xffffffffffffff9c, &(0x7f0000000200)='/dev/video2\x00', 0x2, 0x0)
ioctl$VIDIOC_G_INPUT(r1, 0x80045626, &(0x7f00000003c0))
r5 = syz_open_dev$swradio(&(0x7f0000000280)='/dev/swradio#\x00', 0x0, 0x2)
ioctl$VIDIOC_S_PARM(r5, 0xc0cc5616, &(0x7f00000002c0)={0x3, @capture={0x1000, 0x0, {0x9, 0x80000001}, 0x1, 0x7ff}})
ioctl$VIDIOC_G_INPUT(r4, 0x80045626, &(0x7f0000000240))

[  461.119371][ T1002] vivid-000: =================  START STATUS  =================
[  461.126532][ T1002] v4l2-ctrls: vivid-000: Enable Output Cropping: true
[  461.131329][ T1002] v4l2-ctrls: vivid-000: Enable Output Composing: true
[  461.140344][ T1002] v4l2-ctrls: vivid-000: Enable Output Scaler: true
[  461.148156][ T1002] v4l2-ctrls: vivid-000: Tx RGB Quantization Range: Automatic
[  461.154390][ T1002] v4l2-ctrls: vivid-000: Transmit Mode: HDMI
[  461.158635][ T1002] v4l2-ctrls: vivid-000: Display Present: true inactive
[  461.164152][ T1002] v4l2-ctrls: vivid-000: Hotplug Present: 0x00000001
[  461.169625][ T1002] v4l2-ctrls: vivid-000: RxSense Present: 0x00000001
[  461.172020][ T1002] v4l2-ctrls: vivid-000: EDID Present: 0x00000001
[  461.175205][ T1002] vivid-000: ==================  END STATUS  ==================
[  461.916247][ T1006] vivid-000: =================  START STATUS  =================
[  461.924028][ T1006] v4l2-ctrls: vivid-000: Enable Output Cropping: true
[  461.928414][ T1006] v4l2-ctrls: vivid-000: Enable Output Composing: true
[  461.934748][ T1006] v4l2-ctrls: vivid-000: Enable Output Scaler: true
[  461.937964][ T1006] v4l2-ctrls: vivid-000: Tx RGB Quantization Range: Automatic
[  461.942961][ T1006] v4l2-ctrls: vivid-000: Transmit Mode: HDMI
[  461.945085][ T1006] v4l2-ctrls: vivid-000: Display Present: true inactive
[  461.947662][ T1006] v4l2-ctrls: vivid-000: Hotplug Present: 0x00000001
[  461.949943][ T1006] v4l2-ctrls: vivid-000: RxSense Present: 0x00000001
[  461.953387][ T1006] v4l2-ctrls: vivid-000: EDID Present: 0x00000001
[  461.955615][ T1006] vivid-000: ==================  END STATUS  ==================
18:43:03 executing program 0:
ioctl$VIDIOC_SUBDEV_S_EDID(0xffffffffffffffff, 0xc0285629, &(0x7f0000000040)={0x0, 0x82ed, 0x200, [], &(0x7f0000000000)=0x6})
r0 = openat$vicodec0(0xffffffffffffff9c, &(0x7f0000000080)='/dev/video36\x00', 0x2, 0x0)
ioctl$VIDIOC_CREATE_BUFS(r0, 0xc100565c, &(0x7f00000000c0)={0x0, 0x9, 0x1, {0x2, @sliced={0x0, [0x0, 0x0, 0x0, 0x0, 0x0, 0x0, 0x0, 0x0, 0x0, 0x0, 0x80]}}})

18:43:04 executing program 0:
r0 = openat$vimc2(0xffffffffffffff9c, &(0x7f0000000000)='/dev/video2\x00', 0x2, 0x0)
ioctl$VIDIOC_TRY_DECODER_CMD(r0, 0xc0485661, &(0x7f0000000040)={0x3, 0x1, @stop_pts=0x3f})
syz_open_dev$radio(0xfffffffffffffffd, 0x0, 0x2)

18:43:04 executing program 0:
r0 = syz_open_dev$cec(0xfffffffffffffffe, 0x0, 0x2)
ioctl$VIDIOC_ENUMINPUT(r0, 0xc050561a, &(0x7f0000000000)={0x80000001, "3eeb79f0706845cf944fd69765a861efb2cbcaaaf32ca05e80044adffd8f58df", 0x3, 0xf87, 0x5, 0xff06ff, 0x6000800, 0x8})

18:43:04 executing program 0:
r0 = openat$vicodec0(0xffffffffffffff9c, &(0x7f0000000000)='/dev/video36\x00', 0x2, 0x0)
ioctl$VIDIOC_STREAMON(r0, 0x40045612, &(0x7f00000001c0)=0x2)
r1 = syz_open_dev$vbi(&(0x7f0000000140)='/dev/vbi#\x00', 0x0, 0x2)
ioctl$VIDIOC_QUERYMENU(r1, 0xc02c5625, &(0x7f00000001c0)={0x7fffffff, 0x0, @name="691e8afc1d376da551181f1ba56a56719d5410c645ffd22559094c5747abed42"})
r2 = syz_open_dev$vbi(&(0x7f0000000140)='/dev/vbi#\x00', 0x0, 0x2)
ioctl$VIDIOC_QUERYMENU(r2, 0xc02c5625, &(0x7f00000001c0)={0x7fffffff, 0x0, @name="691e8afc1d376da551181f1ba56a56719d5410c645ffd22559094c5747abed42"})
ioctl$VIDIOC_LOG_STATUS(r2, 0x5646, 0x0)
ioctl$VIDIOC_ENUMOUTPUT(r1, 0xc0485630, &(0x7f0000000040)={0x9, "19f05ce8081e99b37d8c5314f0acdc6bfc133375c2bed30bae0107f32ef30985", 0x1, 0x8, 0x7f, 0x80, 0x2})

[  462.318764][ T1020] vivid-000: =================  START STATUS  =================
[  462.322434][ T1020] v4l2-ctrls: vivid-000: Interlaced VBI Format: false
[  462.326731][ T1020] vivid-000: ==================  END STATUS  ==================
[  462.339752][ T1022] vivid-000: =================  START STATUS  =================
[  462.346346][ T1022] v4l2-ctrls: vivid-000: Interlaced VBI Format: false
[  462.352211][ T1022] vivid-000: ==================  END STATUS  ==================
18:43:04 executing program 0:
r0 = syz_open_dev$vivid(&(0x7f0000000040)='/dev/video#\x00', 0x0, 0x2)
r1 = syz_open_dev$vbi(&(0x7f0000000140)='/dev/vbi#\x00', 0x0, 0x2)
ioctl$VIDIOC_QUERYMENU(r1, 0xc02c5625, &(0x7f00000001c0)={0x7fffffff, 0x0, @name="691e8afc1d376da551181f1ba56a56719d5410c645ffd22559094c5747abed42"})
ioctl$VIDIOC_TRY_EXT_CTRLS(r1, 0xc0205649, &(0x7f00000000c0)={0xa20000, 0x2, 0x71, r0, 0x0, &(0x7f0000000080)={0x990a72, 0x81, [], @string=&(0x7f0000000000)=0xae}})
ioctl$VIDIOC_S_SELECTION(r0, 0xc040565f, &(0x7f00000001c0)={0x1, 0x0, 0x5, {0x0, 0x0, 0x0, 0x4}})

18:43:04 executing program 0:
openat$vicodec1(0xffffffffffffff9c, &(0x7f0000000000)='/dev/video37\x00', 0x2, 0x0)
r0 = syz_open_dev$radio(&(0x7f0000000040)='/dev/radio#\x00', 0x2, 0x2)
ioctl$VIDIOC_S_FMT(r0, 0xc0d05605, &(0x7f0000000080)={0x5, @sliced={0x80, [0x8, 0x400, 0x7, 0x5, 0x40, 0x1, 0xf9d3, 0x3, 0xf8c, 0x6, 0x9fa8, 0x0, 0x0, 0x8, 0x80, 0x7, 0x92c0, 0x4, 0x401, 0x1c, 0x1, 0x7fff, 0x20, 0x3, 0x1, 0x2, 0x5c, 0x970, 0x8001, 0x0, 0x81, 0xfffa, 0x0, 0x3, 0x5, 0x0, 0x800, 0x101, 0x5, 0x2, 0x8000, 0x6, 0x6, 0x5, 0x2, 0x1, 0x8, 0x94], 0x3f}})

18:43:04 executing program 0:
r0 = syz_open_dev$vivid(&(0x7f0000000040)='/dev/video#\x00', 0x0, 0x2)
ioctl$VIDIOC_S_FMT(r0, 0xc0d05605, &(0x7f00000000c0)={0x4, @sliced={0x8ba, [0x0, 0x3f76, 0x8, 0x3, 0x5, 0x7, 0x7, 0xcf5, 0x8, 0x3, 0xc5, 0x8, 0x2dcb, 0x0, 0x2, 0x4, 0xba, 0xff00, 0xf887, 0xfe12, 0x401, 0xa42, 0x2, 0x2, 0x7fff, 0xb3d, 0x2, 0x40, 0x3, 0x7fff, 0x5, 0x1, 0x2, 0x20, 0x8000, 0x1, 0x3, 0xff, 0x9, 0x9, 0x8, 0x200, 0x9, 0x51b9, 0xa71, 0x6, 0x18, 0xfffe], 0x6}})
ioctl$VIDIOC_REQBUFS(r0, 0xc0145608, &(0x7f0000000080)={0x20, 0x1, 0x1})

[  463.457119][ T9965] syz-fuzzer invoked oom-killer: gfp_mask=0x100cca(GFP_HIGHUSER_MOVABLE), order=0, oom_score_adj=0
[  463.470927][ T9965] CPU: 0 PID: 9965 Comm: syz-fuzzer Not tainted 5.4.0+ #27
[  463.473122][ T9965] Hardware name: QEMU Standard PC (i440FX + PIIX, 1996), BIOS Ubuntu-1.8.2-1ubuntu1 04/01/2014
[  463.476210][ T9965] Call Trace:
[  463.477203][ T9965]  dump_stack+0xc6/0x11e
[  463.478502][ T9965]  dump_header+0x10b/0xb50
[  463.479890][ T9965]  ? _raw_spin_unlock_irqrestore+0x39/0x60
[  463.481763][ T9965]  ? ___ratelimit+0x4f/0x460
[  463.483193][ T9965]  oom_kill_process+0x177/0x3c0
[  463.484714][ T9965]  out_of_memory+0x309/0x13b0
[  463.486185][ T9965]  ? oom_killer_disable+0x240/0x240
[  463.487816][ T9965]  ? mutex_trylock+0x26f/0x300
[  463.489306][ T9965]  ? __alloc_pages_slowpath+0xadb/0x2480
[  463.497619][ T9965]  __alloc_pages_slowpath+0x205b/0x2480
[  463.499413][ T9965]  ? warn_alloc+0x290/0x290
[  463.500819][ T9965]  ? should_fail+0x197/0x700
[  463.502254][ T9965]  ? xas_descend+0x141/0x3a0
[  463.503680][ T9965]  __alloc_pages_nodemask+0x5e5/0x850
[  463.505385][ T9965]  ? __alloc_pages_slowpath+0x2480/0x2480
[  463.507268][ T9965]  ? __filemap_set_wb_err+0x250/0x250
[  463.509818][ T9965]  ? __page_cache_alloc+0xcf/0x2c0
[  463.511494][ T9965]  ? mark_held_locks+0x100/0x100
[  463.513043][ T9965]  alloc_pages_current+0xac/0x1e0
[  463.514688][ T9965]  __page_cache_alloc+0x1a0/0x2c0
[  463.516235][ T9965]  pagecache_get_page+0x1a2/0x640
[  463.517874][ T9965]  filemap_fault+0xc2a/0x1b10
[  463.519341][ T9965]  ? lock_downgrade+0x6d0/0x6d0
[  463.520835][ T9965]  ext4_filemap_fault+0x80/0xa7
[  463.522445][ T9965]  __do_fault+0x16d/0x3cb
[  463.523784][ T9965]  ? __handle_mm_fault+0x2140/0x3640
[  463.525477][ T9965]  __handle_mm_fault+0x214c/0x3640
[  463.527101][ T9965]  ? __pmd_alloc+0x370/0x370
[  463.528534][ T9965]  ? __count_memcg_events+0x7d/0x200
[  463.530300][ T9965]  handle_mm_fault+0x2e5/0x8c0
[  463.531882][ T9965]  __do_page_fault+0x470/0xa60
[  463.533957][ T9965]  ? do_page_fault+0x27/0x4e4
[  463.535523][ T9965]  async_page_fault+0x34/0x40
[  463.537091][ T9965] RIP: 0033:0x469180
[  463.538556][ T9965] Code: Bad RIP value.
[  463.539894][ T9965] RSP: 002b:000000c00004b8d8 EFLAGS: 00010246
[  463.541775][ T9965] RAX: 000000c00004b928 RBX: 0000000000000000 RCX: 0000000000000000
[  463.544388][ T9965] RDX: 0000000000000000 RSI: 0000006bf3780a56 RDI: 000000c00004bf28
[  463.546873][ T9965] RBP: 000000c00004bf28 R08: 0000006bfe918210 R09: 00007ffe94bf7090
[  463.549451][ T9965] R10: 00000000000001cf R11: 0000000000000202 R12: 00000000004393d0
[  463.551984][ T9965] R13: 0000000000000000 R14: 0000000000aff908 R15: 0000000000000000
[  463.768480][ T9965] Mem-Info:
[  463.769599][ T9965] active_anon:11913 inactive_anon:9003 isolated_anon:0
[  463.769599][ T9965]  active_file:7 inactive_file:7 isolated_file:0
[  463.769599][ T9965]  unevictable:8 dirty:0 writeback:0 unstable:0
[  463.769599][ T9965]  slab_reclaimable:9806 slab_unreclaimable:33192
[  463.769599][ T9965]  mapped:10059 shmem:9184 pagetables:550 bounce:0
[  463.769599][ T9965]  free:17298 free_pcp:231 free_cma:0
[  463.783471][ T9965] Node 0 active_anon:46636kB inactive_anon:36008kB active_file:24kB inactive_file:20kB unevictable:32kB isolated(anon):0kB isolated(file):0kB mapped:40236kB dirty:0kB writeback:0kB shmem:36728kB shmem_thp: 0kB shmem_pmdmapped: 0kB anon_thp: 10240kB writeback_tmp:0kB unstable:0kB all_unreclaimable? yes
[  463.794202][ T9965] Node 1 active_anon:1016kB inactive_anon:4kB active_file:4kB inactive_file:8kB unevictable:0kB isolated(anon):0kB isolated(file):0kB mapped:0kB dirty:0kB writeback:0kB shmem:8kB shmem_thp: 0kB shmem_pmdmapped: 0kB anon_thp: 0kB writeback_tmp:0kB unstable:0kB all_unreclaimable? yes
[  463.803426][ T9965] Node 0 DMA free:2500kB min:712kB low:888kB high:1064kB active_anon:0kB inactive_anon:0kB active_file:0kB inactive_file:4kB unevictable:0kB writepending:0kB present:15992kB managed:15908kB mlocked:0kB kernel_stack:0kB pagetables:28kB bounce:0kB free_pcp:0kB local_pcp:0kB free_cma:0kB
[  463.811902][ T9965] lowmem_reserve[]: 0 449 449 449 449
[  463.813672][ T9965] Node 0 DMA32 free:20568kB min:20632kB low:25788kB high:30944kB active_anon:46636kB inactive_anon:36008kB active_file:48kB inactive_file:20kB unevictable:32kB writepending:0kB present:1032192kB managed:465724kB mlocked:32kB kernel_stack:6848kB pagetables:2016kB bounce:0kB free_pcp:676kB local_pcp:676kB free_cma:0kB
[  463.825311][ T9965] lowmem_reserve[]: 0 0 0 0 0
[  463.826901][ T9965] Node 1 DMA32 free:46124kB min:46232kB low:57788kB high:69344kB active_anon:1016kB inactive_anon:4kB active_file:4kB inactive_file:8kB unevictable:0kB writepending:0kB present:1048448kB managed:1031988kB mlocked:0kB kernel_stack:96kB pagetables:156kB bounce:0kB free_pcp:248kB local_pcp:248kB free_cma:0kB
[  463.836642][ T9965] lowmem_reserve[]: 0 0 0 0 0
[  463.839008][ T9965] Node 0 DMA: 1*4kB (M) 2*8kB (UM) 1*16kB (M) 1*32kB (M) 2*64kB (UM) 2*128kB (UM) 2*256kB (UM) 1*512kB (M) 1*1024kB (M) 0*2048kB 0*4096kB = 2500kB
[  463.844036][ T9965] Node 0 DMA32: 472*4kB (ME) 383*8kB (ME) 252*16kB (UME) 130*32kB (ME) 50*64kB (UME) 15*128kB (UME) 7*256kB (UM) 1*512kB (U) 0*1024kB 0*2048kB 0*4096kB = 20568kB
[  463.849544][ T9965] Node 1 DMA32: 155*4kB (UME) 172*8kB (ME) 104*16kB (UME) 39*32kB (UME) 28*64kB (ME) 14*128kB (M) 9*256kB (UME) 5*512kB (UM) 4*1024kB (UM) 2*2048kB (M) 6*4096kB (UM) = 46124kB
[  463.855584][ T9965] Node 0 hugepages_total=0 hugepages_free=0 hugepages_surp=0 hugepages_size=2048kB
[  463.858775][ T9965] Node 1 hugepages_total=0 hugepages_free=0 hugepages_surp=0 hugepages_size=2048kB
[  463.864851][ T9965] 9207 total pagecache pages
[  463.905262][ T9965] 0 pages in swap cache
[  463.906730][ T9965] Swap cache stats: add 0, delete 0, find 0/0
[  463.936479][ T9965] Free swap  = 0kB
[  463.942716][ T9965] Total swap = 0kB
[  463.943975][ T9965] 524158 pages RAM
[  463.945146][ T9965] 0 pages HighMem/MovableOnly
[  463.946623][ T9965] 145753 pages reserved
[  463.975663][ T9965] 0 pages cma reserved
[  464.023563][ T9965] Unreclaimable slab info:
[  464.025910][ T9965] Name                      Used          Total
[  464.066588][ T9965] pid_2                     24KB         24KB
[  464.069914][ T9965] rxe-mr                     3KB          3KB
[  464.073035][ T9965] rxe-qp                    29KB         29KB
[  464.076144][ T9965] bio-3                      3KB          3KB
[  464.112895][ T9965] batadv_tt_change_cache          4KB          4KB
[  464.116319][ T9965] batadv_tl_cache            4KB          4KB
[  464.131947][ T9965] TIPC                      15KB         15KB
[  464.135082][ T9965] SCTPv6                    30KB         30KB
[  464.145013][ T9965] DCCPv6                    30KB         30KB
[  464.186901][ T9965] DCCP                      30KB         30KB
[  464.191386][ T9965] RXRPC                     30KB         30KB
[  464.194655][ T9965] rxrpc_call_jar            46KB         46KB
[  464.208278][ T9965] bridge_fdb_cache           3KB          3KB
[  464.211436][ T9965] fib6_nodes                36KB         36KB
[  464.214593][ T9965] ip6_dst_cache             49KB        105KB
[  464.218659][ T9965] RAWv6                     30KB         30KB
[  464.221782][ T9965] UDPv6                     45KB         45KB
[  464.224889][ T9965] TCPv6                     30KB         30KB
[  464.228256][ T9965] nf_conntrack               7KB          7KB
[  464.231419][ T9965] t10_alua_lu_gp_cache          3KB          3KB
[  464.234645][ T9965] scsi_sense_cache           4KB          4KB
[  464.247055][ T9965] sd_ext_cdb                 3KB          3KB
[  464.250234][ T9965] virtio_scsi_cmd           16KB         16KB
[  464.253312][ T9965] sgpool-128                29KB         29KB
[  464.256313][ T9965] sgpool-64                 31KB         31KB
[  464.260372][ T9965] sgpool-32                141KB        141KB
[  464.263644][ T9965] sgpool-16                 90KB         90KB
[  464.267137][ T9965] sgpool-8                  30KB         45KB
[  464.270280][ T9965] mqueue_inode_cache         15KB         15KB
[  464.273469][ T9965] f2fs_bio_post_read_ctx         15KB         15KB
[  464.276760][ T9965] bio-2                     15KB         15KB
[  464.280659][ T9965] jfs_mp                     7KB          7KB
[  464.283772][ T9965] cifs_small_rq             16KB         16KB
[  464.287140][ T9965] cifs_request              67KB         67KB
[  464.290190][ T9965] cifs_mpx_ids               3KB          3KB
[  464.293175][ T9965] nfs_commit_data            7KB          7KB
[  464.296182][ T9965] nfs_write_data            32KB         32KB
[  464.300099][ T9965] jbd2_inode                 3KB          3KB
[  464.303217][ T9965] ext4_system_zone           3KB          3KB
[  464.306182][ T9965] ext4_bio_post_read_ctx         15KB         15KB
[  464.309967][ T9965] bio-1                      3KB          3KB
[  464.313158][ T9965] pid_namespace              3KB          3KB
[  464.316220][ T9965] posix_timers_cache          3KB          3KB
[  464.320646][ T9965] rpc_buffers               31KB         31KB
[  464.323998][ T9965] rpc_tasks                  3KB          3KB
[  464.328101][ T9965] UNIX                     255KB        431KB
[  464.332512][ T9965] tcp_bind_bucket            4KB          4KB
[  464.343382][ T9965] ip_fib_trie               12KB         12KB
[  464.355112][ T9965] ip_fib_alias              39KB         39KB
[  464.358584][ T9965] ip_dst_cache               4KB          4KB
[  464.361337][ T9965] RAW                       15KB         15KB
[  464.364084][ T9965] UDP                      106KB        106KB
[  464.366101][ T9965] request_sock_TCP           3KB          3KB
[  464.370909][ T9965] TCP                       30KB         30KB
[  464.372925][ T9965] hugetlbfs_inode_cache         15KB         15KB
[  464.375026][ T9965] fscache_cookie_jar          3KB          3KB
[  464.377770][ T9965] eventpoll_pwq             23KB         23KB
[  464.379844][ T9965] eventpoll_epi             51KB         51KB
[  464.381827][ T9965] inotify_inode_mark         11KB         11KB
[  464.383955][ T9965] request_queue            212KB        212KB
[  464.385944][ T9965] blkdev_ioc                11KB         11KB
[  464.390628][ T9965] bio-0                    155KB        165KB
[  464.392950][ T9965] biovec-max               803KB        803KB
[  464.394956][ T9965] biovec-64                189KB        223KB
[  464.397883][ T9965] biovec-16                 26KB         45KB
[  464.399904][ T9965] bio_integrity_payload          3KB          3KB
[  464.402032][ T9965] khugepaged_mm_slot          7KB          7KB
[  464.404061][ T9965] uid_cache                  4KB          4KB
[  464.406052][ T9965] dmaengine-unmap-2          4KB          4KB
[  464.410672][ T9965] audit_buffer               3KB          3KB
[  464.412723][ T9965] skbuff_ext_cache           8KB          8KB
[  464.414718][ T9965] skbuff_fclone_cache         67KB         97KB
[  464.417709][ T9965] skbuff_head_cache        105KB        123KB
[  464.419723][ T9965] configfs_dir_cache          4KB          4KB
[  464.421735][ T9965] file_lock_cache           50KB         69KB
[  464.423729][ T9965] file_lock_ctx             11KB         11KB
[  464.425736][ T9965] fsnotify_mark_connector          7KB          7KB
[  464.430633][ T9965] net_namespace             27KB         27KB
[  464.432661][ T9965] task_delay_info          139KB        257KB
[  464.434655][ T9965] taskstats                 11KB         11KB
[  464.437341][ T9965] proc_dir_entry           356KB        378KB
[  464.439295][ T9965] pde_opener                11KB         11KB
[  464.441135][ T9965] seq_file                  59KB         59KB
[  464.442984][ T9965] sigqueue                  11KB         11KB
[  464.445191][ T9965] shmem_inode_cache       8287KB       8317KB
[  464.449646][ T9965] kernfs_iattrs_cache         11KB         11KB
[  464.451569][ T9965] kernfs_node_cache      16296KB      16305KB
[  464.453412][ T9965] mnt_cache                 82KB         82KB
[  464.455405][ T9965] filp                     857KB        945KB
[  464.457983][ T9965] names_cache            15682KB      16630KB
[  464.474199][ T9965] iint_cache                47KB         71KB
[  464.476249][ T9965] lsm_file_cache           172KB        225KB
[  464.479412][ T9965] key_jar                    7KB          7KB
[  464.481369][ T9965] uts_namespace              3KB          3KB
[  464.483345][ T9965] nsproxy                    3KB          3KB
[  464.485422][ T9965] vm_area_struct           719KB        773KB
[  464.489939][ T9965] mm_struct                167KB        185KB
[  464.491906][ T9965] fs_cache                  20KB         44KB
[  464.493905][ T9965] files_cache               70KB        165KB
[  464.495863][ T9965] signal_cache             379KB       1027KB
[  464.498736][ T9965] sighand_cache            610KB        661KB
[  464.500754][ T9965] task_struct             2384KB       3520KB
[  464.502825][ T9965] cred_jar                 201KB        364KB
[  464.504787][ T9965] anon_vma_chain           228KB        248KB
[  464.509229][ T9965] anon_vma                 151KB        171KB
[  464.511193][ T9965] pid                       74KB        232KB
[  464.513205][ T9965] Acpi-Operand              72KB        126KB
[  464.515155][ T9965] Acpi-ParseExt             15KB         15KB
[  464.518139][ T9965] Acpi-Parse                51KB         90KB
[  464.520085][ T9965] Acpi-State                15KB         55KB
[  464.522006][ T9965] Acpi-Namespace            24KB         24KB
[  464.523927][ T9965] numa_policy                3KB          3KB
[  464.525847][ T9965] trace_event_file         338KB        338KB
[  464.530421][ T9965] ftrace_event_field        456KB        456KB
[  464.532512][ T9965] pool_workqueue           104KB        112KB
[  464.534439][ T9965] vmap_area                212KB        224KB
[  464.537023][ T9965] debug_objects_cache        797KB        930KB
[  464.539028][ T9965] page->ptl                145KB        146KB
[  464.541071][ T9965] dma-kmalloc-512            8KB          8KB
[  464.543010][ T9965] kmalloc-8k              2528KB       2848KB
[  464.544951][ T9965] kmalloc-4k             29864KB      31168KB
[  464.549359][ T9965] kmalloc-2k              9668KB      10688KB
[  464.551528][ T9965] kmalloc-1k              3872KB       4576KB
[  464.553629][ T9965] kmalloc-512             2687KB       4352KB
[  464.555588][ T9965] kmalloc-256             3623KB       3932KB
[  464.558325][ T9965] kmalloc-192              451KB        888KB
[  464.560272][ T9965] kmalloc-128              561KB        672KB
[  464.562322][ T9965] kmalloc-96              1608KB       1660KB
[  464.564294][ T9965] kmalloc-64              2969KB       3056KB
[  464.568996][ T9965] kmalloc-32               219KB        256KB
[  464.570960][ T9965] kmalloc-16               181KB        188KB
[  464.572881][ T9965] kmalloc-8                393KB        450KB
[  464.574808][ T9965] kmem_cache_node          180KB        181KB
[  464.577537][ T9965] kmem_cache               300KB        300KB
[  464.579543][ T9965] Tasks state (memory values in pages):
[  464.581298][ T9965] [  pid  ]   uid  tgid total_vm      rss pgtables_bytes swapents oom_score_adj name
[  464.585456][ T9965] [   5953]     0  5953    17670     1486   139264        0             0 systemd-journal
[  464.591383][ T9965] [   5957]     0  5957    11222      547   118784        0         -1000 systemd-udevd
[  464.594627][ T9965] [   6035]     0  6035     5114      279    77824        0             0 dhclient
[  464.598487][ T9965] [   6054]   100  6054    31821      132   151552        0             0 systemd-timesyn
[  464.601676][ T9965] [   9631]     0  9631    63582      257   147456        0             0 rsyslogd
[  464.604602][ T9965] [   9632]     0  9632     6998       59    98304        0             0 cron
[  464.610261][ T9965] [   9640]     0  9640     3220       32    65536        0             0 agetty
[  464.613290][ T9965] [   9641]     0  9641     3220       32    69632        0             0 agetty
[  464.616953][ T9965] [   9642]     0  9642     3220       32    73728        0             0 agetty
[  464.619949][ T9965] [   9644]     0  9644     3220       33    69632        0             0 agetty
[  464.622936][ T9965] [   9645]     0  9645     3220       33    73728        0             0 agetty
[  464.626150][ T9965] [   9647]     0  9647     3164       31    73728        0             0 agetty
[  464.631701][ T9965] [   9649]     0  9649     3220       32    73728        0             0 agetty
[  464.634638][ T9965] [   9651]     0  9651    17489      188   176128        0         -1000 sshd
[  464.638376][ T9965] [   9789]     0  9789     6371       53    90112        0             0 rdma-ndd
[  464.641476][ T9965] [   9929]     0  9929    23215      251   217088        0             0 sshd
[  464.644424][ T9965] [   9935]     0  9935   221016     8023   471040        0             0 syz-fuzzer
[  464.650138][ T9965] [  24696]     0 24696    21239      417   118784        0             0 syz-executor.0
[  464.653247][ T9965] [  24697]     0 24697    23287     8774   131072        0             0 syz-executor.0
[  464.657363][ T9965] [   1033]     0  1031    23386     9655   143360        0          1000 syz-executor.0
[  464.660563][ T9965] oom-kill:constraint=CONSTRAINT_NONE,nodemask=(null),cpuset=/,mems_allowed=0-1,global_oom,task_memcg=/,task=syz-executor.0,pid=1031,uid=0
[  464.665417][ T9965] Out of memory: Killed process 1033 (syz-executor.0) total-vm:93544kB, anon-rss:3804kB, file-rss:34816kB, shmem-rss:0kB, UID:0 pgtables:143360kB oom_score_adj:1000
[  464.675262][ T2006] oom_reaper: reaped process 1033 (syz-executor.0), now anon-rss:0kB, file-rss:34816kB, shmem-rss:0kB
[  464.692093][ T9965] syz-fuzzer invoked oom-killer: gfp_mask=0x100cca(GFP_HIGHUSER_MOVABLE), order=0, oom_score_adj=0
[  464.696067][ T9965] CPU: 0 PID: 9965 Comm: syz-fuzzer Not tainted 5.4.0+ #27
[  464.698566][ T9965] Hardware name: QEMU Standard PC (i440FX + PIIX, 1996), BIOS Ubuntu-1.8.2-1ubuntu1 04/01/2014
[  464.702101][ T9965] Call Trace:
[  464.703245][ T9965]  dump_stack+0xc6/0x11e
[  464.704701][ T9965]  dump_header+0x10b/0xb50
[  464.706267][ T9965]  ? _raw_spin_unlock_irqrestore+0x39/0x60
[  464.708251][ T9965]  ? ___ratelimit+0x4f/0x460
[  464.709825][ T9965]  oom_kill_process+0x177/0x3c0
[  464.711495][ T9965]  out_of_memory+0x309/0x13b0
[  464.713098][ T9965]  ? oom_killer_disable+0x240/0x240
[  464.714888][ T9965]  ? mutex_trylock+0x26f/0x300
[  464.716518][ T9965]  ? __alloc_pages_slowpath+0xadb/0x2480
[  464.718458][ T9965]  __alloc_pages_slowpath+0x205b/0x2480
[  464.720358][ T9965]  ? warn_alloc+0x290/0x290
[  464.721901][ T9965]  ? should_fail+0x197/0x700
[  464.723465][ T9965]  ? xas_descend+0x141/0x3a0
[  464.724974][ T9965]  __alloc_pages_nodemask+0x5e5/0x850
[  464.726767][ T9965]  ? __alloc_pages_slowpath+0x2480/0x2480
[  464.728572][ T9965]  ? __filemap_set_wb_err+0x250/0x250
[  464.730412][ T9965]  ? __page_cache_alloc+0xcf/0x2c0
[  464.732138][ T9965]  ? mark_held_locks+0x100/0x100
[  464.733778][ T9965]  alloc_pages_current+0xac/0x1e0
[  464.735437][ T9965]  __page_cache_alloc+0x1a0/0x2c0
[  464.737265][ T9965]  pagecache_get_page+0x1a2/0x640
[  464.738972][ T9965]  filemap_fault+0xc2a/0x1b10
[  464.740452][ T9965]  ? lock_downgrade+0x6d0/0x6d0
[  464.742105][ T9965]  ext4_filemap_fault+0x80/0xa7
[  464.743647][ T9965]  __do_fault+0x16d/0x3cb
[  464.745044][ T9965]  ? __handle_mm_fault+0x2140/0x3640
[  464.746859][ T9965]  __handle_mm_fault+0x214c/0x3640
[  464.748521][ T9965]  ? __pmd_alloc+0x370/0x370
[  464.750095][ T9965]  ? __count_memcg_events+0x7d/0x200
[  464.751780][ T9965]  handle_mm_fault+0x2e5/0x8c0
[  464.753341][ T9965]  __do_page_fault+0x470/0xa60
[  464.754916][ T9965]  ? do_page_fault+0x27/0x4e4
[  464.756409][ T9965]  async_page_fault+0x34/0x40
[  464.757986][ T9965] RIP: 0033:0x469180
[  464.759335][ T9965] Code: Bad RIP value.
[  464.760627][ T9965] RSP: 002b:000000c00004b8d8 EFLAGS: 00010246
[  464.762660][ T9965] RAX: 000000c00004b928 RBX: 0000000000000000 RCX: 0000000000000000
[  464.765181][ T9965] RDX: 0000000000000000 RSI: 0000006bf3780a56 RDI: 000000c00004bf28
[  464.767710][ T9965] RBP: 000000c00004bf28 R08: 0000006bfe918210 R09: 00007ffe94bf7090
[  464.770446][ T9965] R10: 00000000000001cf R11: 0000000000000202 R12: 00000000004393d0
[  464.773024][ T9965] R13: 0000000000000000 R14: 0000000000aff908 R15: 0000000000000000
[  464.822100][ T9965] Mem-Info:
[  464.823174][ T9965] active_anon:11375 inactive_anon:9003 isolated_anon:0
[  464.823174][ T9965]  active_file:8 inactive_file:14 isolated_file:0
[  464.823174][ T9965]  unevictable:8 dirty:0 writeback:0 unstable:0
[  464.823174][ T9965]  slab_reclaimable:9806 slab_unreclaimable:33202
[  464.823174][ T9965]  mapped:10055 shmem:9184 pagetables:550 bounce:0
[  464.823174][ T9965]  free:9855 free_pcp:217 free_cma:0
[  464.835358][ T9965] Node 0 active_anon:44488kB inactive_anon:36008kB active_file:28kB inactive_file:48kB unevictable:32kB isolated(anon):0kB isolated(file):0kB mapped:40220kB dirty:0kB writeback:0kB shmem:36728kB shmem_thp: 0kB shmem_pmdmapped: 0kB anon_thp: 10240kB writeback_tmp:0kB unstable:0kB all_unreclaimable? yes
[  464.855895][ T9965] Node 1 active_anon:1012kB inactive_anon:4kB active_file:4kB inactive_file:8kB unevictable:0kB isolated(anon):0kB isolated(file):0kB mapped:0kB dirty:0kB writeback:0kB shmem:8kB shmem_thp: 0kB shmem_pmdmapped: 0kB anon_thp: 0kB writeback_tmp:0kB unstable:0kB all_unreclaimable? yes
[  464.864491][ T9965] Node 0 DMA free:2500kB min:712kB low:888kB high:1064kB active_anon:0kB inactive_anon:0kB active_file:4kB inactive_file:0kB unevictable:0kB writepending:0kB present:15992kB managed:15908kB mlocked:0kB kernel_stack:0kB pagetables:28kB bounce:0kB free_pcp:0kB local_pcp:0kB free_cma:0kB
[  464.897466][ T9965] lowmem_reserve[]: 0 449 449 449 449
[  464.900429][ T9965] Node 0 DMA32 free:36948kB min:28824kB low:33980kB high:39136kB active_anon:44488kB inactive_anon:36008kB active_file:52kB inactive_file:160kB unevictable:32kB writepending:0kB present:1032192kB managed:465724kB mlocked:32kB kernel_stack:6816kB pagetables:2016kB bounce:0kB free_pcp:768kB local_pcp:768kB free_cma:0kB
[  464.997894][ T9965] lowmem_reserve[]: 0 0 0 0 0
[  465.004619][ T9965] Node 1 DMA32 free:45096kB min:46232kB low:57788kB high:69344kB active_anon:1012kB inactive_anon:4kB active_file:4kB inactive_file:8kB unevictable:0kB writepending:0kB present:1048448kB managed:1031988kB mlocked:0kB kernel_stack:96kB pagetables:156kB bounce:0kB free_pcp:1268kB local_pcp:1268kB free_cma:0kB
[  465.047395][ T9965] lowmem_reserve[]: 0 0 0 0 0
[  465.053369][ T9965] Node 0 DMA: 4*4kB (UM) 6*8kB (UM) 5*16kB (UM) 6*32kB (UM) 7*64kB (UM) 7*128kB (UM) 7*256kB (UM) 5*512kB (UM) 2*1024kB (UM) 0*2048kB 0*4096kB = 8080kB
[  465.070404][ T9965] Node 0 DMA32: 690*4kB (UME) 360*8kB (UME) 254*16kB (UME) 167*32kB (UE) 229*64kB (UME) 183*128kB (UME) 115*256kB (U) 22*512kB (U) 0*1024kB 0*2048kB 0*4096kB = 93832kB
[  465.087859][ T9965] Node 1 DMA32: 495*4kB (UME) 385*8kB (UME) 269*16kB (UME) 246*32kB (UME) 140*64kB (UME) 72*128kB (UM) 11*256kB (UME) 7*512kB (UM) 4*1024kB (UM) 2*2048kB (M) 6*4096kB (U) = 74580kB
[  465.109124][ T9965] Node 0 hugepages_total=0 hugepages_free=0 hugepages_surp=0 hugepages_size=2048kB
[  465.119017][ T9965] Node 1 hugepages_total=0 hugepages_free=0 hugepages_surp=0 hugepages_size=2048kB
[  465.128508][ T9965] 11036 total pagecache pages
[  465.133390][ T9965] 0 pages in swap cache
[  465.138169][ T9965] Swap cache stats: add 0, delete 0, find 0/0
[  465.144665][ T9965] Free swap  = 0kB
[  465.149394][ T9965] Total swap = 0kB
[  465.152818][ T9965] 524158 pages RAM
[  465.156282][ T9965] 0 pages HighMem/MovableOnly
[  465.162470][ T9965] 145753 pages reserved
[  465.166209][ T9965] 0 pages cma reserved
[  465.170795][ T9965] Unreclaimable slab info:
[  465.175843][ T9965] Name                      Used          Total
[  465.182333][ T9965] pid_2                     24KB         24KB
[  465.188777][ T9965] rxe-mr                     3KB          3KB
[  465.195219][ T9965] rxe-qp                    29KB         29KB
[  465.200639][ T9965] bio-3                      3KB          3KB
[  465.208216][ T9965] batadv_tt_change_cache          4KB          4KB
[  465.214692][ T9965] batadv_tl_cache            4KB          4KB
[  465.221359][ T9965] TIPC                      15KB         15KB
[  465.227839][ T9965] SCTPv6                    30KB         30KB
[  465.233148][ T9965] DCCPv6                    30KB         30KB
[  465.240120][ T9965] DCCP                      30KB         30KB
[  465.244303][ T9965] RXRPC                     30KB         30KB
[  465.249278][ T9965] rxrpc_call_jar            46KB         46KB
[  465.253435][ T9965] bridge_fdb_cache           3KB          3KB
[  465.258733][ T9965] fib6_nodes                36KB         36KB
[  465.262982][ T9965] ip6_dst_cache             49KB        105KB
[  465.267116][ T9965] RAWv6                     30KB         30KB
[  465.271208][ T9965] UDPv6                     45KB         45KB
[  465.276122][ T9965] TCPv6                     30KB         30KB
[  465.280340][ T9965] nf_conntrack               7KB          7KB
[  465.285050][ T9965] t10_alua_lu_gp_cache          3KB          3KB
[  465.290238][ T9965] scsi_sense_cache           4KB          4KB
[  465.294503][ T9965] sd_ext_cdb                 3KB          3KB
[  465.299366][ T9965] virtio_scsi_cmd           16KB         16KB
[  465.303762][ T9965] sgpool-128                29KB         29KB
[  465.308140][ T9965] sgpool-64                 31KB         31KB
[  465.312336][ T9965] sgpool-32                157KB        157KB
[  465.317137][ T9965] sgpool-16                 90KB         90KB
[  465.321266][ T9965] sgpool-8                  41KB         45KB
[  465.326096][ T9965] mqueue_inode_cache         15KB         15KB
[  465.330297][ T9965] f2fs_bio_post_read_ctx         15KB         15KB
[  465.334653][ T9965] bio-2                     15KB         15KB
[  465.339641][ T9965] jfs_mp                     7KB          7KB
[  465.343819][ T9965] cifs_small_rq             16KB         16KB
[  465.349338][ T9965] cifs_request              67KB         67KB
[  465.352425][ T9965] cifs_mpx_ids               3KB          3KB
[  465.358171][ T9965] nfs_commit_data            7KB          7KB
[  465.362283][ T9965] nfs_write_data            32KB         32KB
[  465.366937][ T9965] jbd2_inode                 3KB          3KB
[  465.387105][ T9965] ext4_system_zone           3KB          3KB
[  465.392072][ T9965] ext4_bio_post_read_ctx         15KB         15KB
[  465.399506][ T9965] bio-1                      3KB          3KB
[  465.403862][ T9965] pid_namespace              3KB          3KB
[  465.408185][ T9965] posix_timers_cache          3KB          3KB
[  465.412521][ T9965] rpc_buffers               31KB         31KB
[  465.421557][ T9965] rpc_tasks                  3KB          3KB
[  465.438321][ T9965] UNIX                     255KB        431KB
[  465.442952][ T9965] tcp_bind_bucket            4KB          4KB
[  465.451189][ T9965] ip_fib_trie               12KB         12KB
[  465.456887][ T9965] ip_fib_alias              39KB         39KB
[  465.461598][ T9965] ip_dst_cache               4KB          4KB
[  465.466568][ T9965] RAW                       15KB         15KB
[  465.470992][ T9965] UDP                      106KB        106KB
[  465.476957][ T9965] request_sock_TCP           3KB          3KB
[  465.481416][ T9965] TCP                       30KB         30KB
[  465.487113][ T9965] hugetlbfs_inode_cache         15KB         15KB
[  465.491643][ T9965] fscache_cookie_jar          3KB          3KB
[  465.498376][ T9965] eventpoll_pwq             23KB         23KB
[  465.502813][ T9965] eventpoll_epi             51KB         51KB
[  465.508860][ T9965] inotify_inode_mark         11KB         11KB
[  465.512266][ T9965] request_queue            212KB        212KB
[  465.518165][ T9965] blkdev_ioc                11KB         11KB
[  465.522579][ T9965] bio-0                    181KB        191KB
[  465.530546][ T9965] biovec-max               803KB        803KB
[  465.535602][ T9965] biovec-64                252KB        271KB
[  465.540057][ T9965] biovec-16                 30KB         45KB
[  465.545567][ T9965] bio_integrity_payload          3KB          3KB
[  465.551268][ T9965] khugepaged_mm_slot          7KB          7KB
[  465.556983][ T9965] uid_cache                  4KB          4KB
[  465.561662][ T9965] dmaengine-unmap-2          4KB          4KB
[  465.566780][ T9965] audit_buffer               3KB          3KB
[  465.575855][ T9965] skbuff_ext_cache           8KB          8KB
[  465.580352][ T9965] skbuff_fclone_cache         67KB         97KB
[  465.588640][ T9965] skbuff_head_cache        112KB        131KB
[  465.598512][ T9965] configfs_dir_cache          4KB          4KB
[  465.605774][ T9965] file_lock_cache           50KB         69KB
[  465.615430][ T9965] file_lock_ctx             11KB         11KB
[  465.617490][ T9965] fsnotify_mark_connector          7KB          7KB
[  465.620587][ T9965] net_namespace             27KB         27KB
[  465.622521][ T9965] task_delay_info          139KB        257KB
[  465.657589][ T9965] taskstats                 11KB         11KB
[  465.661801][ T9965] proc_dir_entry           356KB        378KB
[  465.685348][ T9965] pde_opener                11KB         11KB
[  465.687470][ T9965] seq_file                  59KB         59KB
[  465.689346][ T9965] sigqueue                  11KB         11KB
[  465.691628][ T9965] shmem_inode_cache       8287KB       8317KB
[  465.693652][ T9965] kernfs_iattrs_cache         11KB         11KB
[  465.704526][ T9965] kernfs_node_cache      16296KB      16305KB
[  465.706606][ T9965] mnt_cache                 82KB         82KB
[  465.708658][ T9965] filp                    1128KB       1245KB
[  465.710787][ T9965] names_cache            20816KB      21122KB
[  465.713052][ T9965] iint_cache                47KB         71KB
[  465.724671][ T9965] lsm_file_cache           188KB        225KB
[  465.726677][ T9965] key_jar                    7KB          7KB
[  465.728588][ T9965] uts_namespace              3KB          3KB
[  465.730605][ T9965] nsproxy                    3KB          3KB
[  465.732583][ T9965] vm_area_struct           619KB        765KB
[  465.755891][ T9965] mm_struct                167KB        185KB
[  465.757784][ T9965] fs_cache                  20KB         44KB
[  465.759691][ T9965] files_cache               70KB        165KB
[  465.761613][ T9965] signal_cache             379KB       1027KB
[  465.763598][ T9965] sighand_cache            610KB        661KB
[  465.774638][ T9965] task_struct             2264KB       3520KB
[  465.776633][ T9965] cred_jar                 346KB        364KB
[  465.778511][ T9965] anon_vma_chain           180KB        248KB
[  465.780409][ T9965] anon_vma                 151KB        171KB
[  465.782392][ T9965] pid                       74KB        232KB
[  465.793093][ T9965] Acpi-Operand              72KB        126KB
[  465.795981][ T9965] Acpi-ParseExt             15KB         15KB
[  465.797928][ T9965] Acpi-Parse                51KB         90KB
[  465.799965][ T9965] Acpi-State                15KB         55KB
[  465.802075][ T9965] Acpi-Namespace            24KB         24KB
[  465.804097][ T9965] numa_policy                3KB          3KB
[  465.824410][ T9965] trace_event_file         338KB        338KB
[  465.826483][ T9965] ftrace_event_field        456KB        456KB
[  465.828483][ T9965] pool_workqueue           104KB        112KB
[  465.830523][ T9965] vmap_area                212KB        224KB
[  465.832535][ T9965] debug_objects_cache        797KB        930KB
[  465.844317][ T9965] page->ptl                145KB        146KB
[  465.846419][ T9965] dma-kmalloc-512            8KB          8KB
[  465.848438][ T9965] kmalloc-8k              2528KB       2848KB
[  465.850495][ T9965] kmalloc-4k             24160KB      27840KB
[  465.852513][ T9965] kmalloc-2k              9620KB      10688KB
[  465.864369][ T9965] kmalloc-1k              3978KB       4576KB
[  465.868900][ T9965] kmalloc-512             2684KB       4352KB
[  465.870793][ T9965] kmalloc-256             3623KB       3932KB
[  465.872792][ T9965] kmalloc-192              451KB        888KB
[  465.894482][ T9965] kmalloc-128              561KB        672KB
[  465.896666][ T9965] kmalloc-96              1612KB       1660KB
[  465.898660][ T9965] kmalloc-64              2920KB       3056KB
[  465.900536][ T9965] kmalloc-32               219KB        256KB
[  465.902451][ T9965] kmalloc-16               181KB        188KB
[  465.905791][ T9965] kmalloc-8                393KB        450KB
[  465.907742][ T9965] kmem_cache_node          180KB        181KB
[  465.909606][ T9965] kmem_cache               300KB        300KB
[  465.911477][ T9965] Tasks state (memory values in pages):
[  465.913183][ T9965] [  pid  ]   uid  tgid total_vm      rss pgtables_bytes swapents oom_score_adj name
[  465.941394][ T9965] [   5953]     0  5953    17670     1916   139264        0             0 systemd-journal
[  465.953126][ T9965] [   5957]     0  5957    11222      547   118784        0         -1000 systemd-udevd
[  465.979075][ T9965] [   6035]     0  6035     5114      279    77824        0             0 dhclient
[  465.983070][ T9965] [   6054]   100  6054    31821      132   151552        0             0 systemd-timesyn
18:43:07 executing program 0:
r0 = syz_open_dev$vivid(&(0x7f0000000040)='/dev/video#\x00', 0x0, 0x2)
ioctl$VIDIOC_G_CTRL(r0, 0xc008561b, &(0x7f0000000000)={0x7, 0x3})
ioctl$VIDIOC_LOG_STATUS(r0, 0x5646, 0x0)
ioctl$VIDIOC_ENUM_FREQ_BANDS(r0, 0xc0405665, &(0x7f0000000080))

[  466.006422][ T9965] [   9631]     0  9631    63582      325   147456        0             0 rsyslogd
[  466.013335][ T9965] [   9632]     0  9632     6998       59    98304        0             0 cron
[  466.024843][ T1037] vivid-000: =================  START STATUS  =================
[  466.027427][ T9965] [   9640]     0  9640     3220       32    65536        0             0 agetty
[  466.033627][ T1037] v4l2-ctrls: vivid-000: Test Pattern: 75% Colorbar
[  466.036948][ T9965] [   9641]     0  9641     3220       32    69632        0             0 agetty
[  466.041974][ T1037] v4l2-ctrls: vivid-000: Fill Percentage of Frame: 100
[  466.047221][ T9965] [   9642]     0  9642     3220       32    73728        0             0 agetty
[  466.051869][ T1037] v4l2-ctrls: vivid-000: Horizontal Movement: No Movement
[  466.056241][ T1037] v4l2-ctrls: vivid-000: Vertical Movement: No Movement
[  466.060329][ T9965] [   9644]     0  9644     3220       33    69632        0             0 agetty
[  466.065572][ T1037] v4l2-ctrls: vivid-000: OSD Text Mode: All
[  466.069131][ T9965] [   9645]     0  9645     3220       33    73728        0             0 agetty
[  466.075532][ T1037] v4l2-ctrls: vivid-000: Show Border: false
[  466.088423][ T1037] v4l2-ctrls: vivid-000: Show Square: false
[  466.090859][ T9965] [   9647]     0  9647     3164       31    73728        0             0 agetty
[  466.097073][ T1037] v4l2-ctrls: vivid-000: Sensor Flipped Horizontally: false
[  466.099821][ T9965] [   9649]     0  9649     3220       32    73728        0             0 agetty
[  466.104613][ T1037] v4l2-ctrls: vivid-000: Sensor Flipped Vertically: false
[  466.111184][ T9965] [   9651]     0  9651    17489      188   176128        0         -1000 sshd
[  466.118407][ T1037] v4l2-ctrls: vivid-000: Insert SAV Code in Image: false
[  466.121181][ T1037] v4l2-ctrls: vivid-000: Insert EAV Code in Image: false
[  466.126208][ T1037] v4l2-ctrls: vivid-000: Reduced Framerate: false
[  466.129102][ T9965] [   9789]     0  9789     6371       53    90112        0             0 rdma-ndd
[  466.133241][ T1037] v4l2-ctrls: vivid-000: Enable Capture Cropping: true
[  466.137662][ T9965] [   9929]     0  9929    23215      251   217088        0             0 sshd
[  466.145636][ T1037] v4l2-ctrls: vivid-000: Enable Capture Composing: true
[  466.149085][ T9965] [   9935]     0  9935   221016     8756   471040        0             0 syz-fuzzer
[  466.153316][ T1037] v4l2-ctrls: vivid-000: Enable Capture Scaler: true
[  466.160342][ T1037] v4l2-ctrls: vivid-000: Timestamp Source: End of Frame
[  466.166176][ T9965] [  24696]     0 24696    21239      417   118784        0             0 syz-executor.0
[  466.175365][ T1037] v4l2-ctrls: vivid-000: Colorspace: sRGB
[  466.177655][ T9965] [  24697]     0 24697    23287     9232   131072        0             0 syz-executor.0
[  466.180880][ T1037] v4l2-ctrls: vivid-000: Transfer Function: Default
[  466.182991][ T1037] v4l2-ctrls: vivid-000: Y'CbCr Encoding: Default
[  466.186075][ T9965] [   1036]     0  1036    23353     9640   143360        0          1000 syz-executor.0
[  466.189329][ T1037] v4l2-ctrls: vivid-000: HSV Encoding: Hue 0-179
[  466.191533][ T9965] oom-kill:constraint=CONSTRAINT_NONE,nodemask=(null),cpuset=/,mems_allowed=0-1,global_oom,task_memcg=/,task=syz-executor.0,pid=24697,uid=0
[  466.197776][ T1037] v4l2-ctrls: vivid-000: Quantization: Default
[  466.199816][ T1037] v4l2-ctrls: vivid-000: Apply Alpha To Red Only: false
[  466.202322][ T9965] Out of memory: Killed process 24697 (syz-executor.0) total-vm:93148kB, anon-rss:1696kB, file-rss:35232kB, shmem-rss:0kB, UID:0 pgtables:131072kB oom_score_adj:0
[  466.214429][ T1037] v4l2-ctrls: vivid-000: Standard Aspect Ratio: 4x3
[  466.216613][ T1037] v4l2-ctrls: vivid-000: DV Timings Signal Mode: Current DV Timings inactive
[  466.219402][ T1037] v4l2-ctrls: vivid-000: DV Timings: 640x480p59 inactive
[  466.221645][ T1037] v4l2-ctrls: vivid-000: DV Timings Aspect Ratio: Source Width x Height
[  466.225874][ T1037] v4l2-ctrls: vivid-000: Maximum EDID Blocks: 2
[  466.227956][ T1037] v4l2-ctrls: vivid-000: Limited RGB Range (16-235): true
[  466.231189][ T1037] v4l2-ctrls: vivid-000: Rx RGB Quantization Range: Automatic
[  466.233492][ T1037] v4l2-ctrls: vivid-000: Power Present: 0x00000001
[  466.237101][ T1037] tpg source WxH: 3840x2160 (Y'CbCr)
[  466.238901][ T1037] tpg field: 1
[  466.240022][ T1037] tpg crop: 3840x2160@0x0
[  466.241464][ T1037] tpg compose: 3840x2160@0x0
[  466.243114][ T1037] tpg colorspace: 8
[  466.245807][ T1037] tpg transfer function: 0/0
[  466.247374][ T1037] tpg Y'CbCr encoding: 0/0
[  466.248837][ T1037] tpg quantization: 0/0
[  466.250126][ T1037] tpg RGB range: 0/1
[  466.251374][ T1037] vivid-000: ==================  END STATUS  ==================
18:43:08 executing program 0:
r0 = syz_open_dev$vivid(&(0x7f0000000000)='/dev/video#\x00', 0x0, 0x2)
ioctl$VIDIOC_DQEVENT(0xffffffffffffffff, 0x80885659, &(0x7f0000000080)={0x0, @frame_sync})
ioctl$VIDIOC_ENUM_FREQ_BANDS(r0, 0xc0405665, &(0x7f0000000040)={0x1000, 0x2, 0x0, 0x800, 0x0, 0x0, 0x8})

[  466.865988][  T113] batman_adv: batadv0: Interface deactivated: batadv_slave_0
[  466.893038][  T113] batman_adv: batadv0: Removing interface: batadv_slave_0
[  466.899931][  T113] batman_adv: batadv0: Interface deactivated: batadv_slave_1
[  466.907154][  T113] batman_adv: batadv0: Removing interface: batadv_slave_1
[  466.911020][  T113] device bridge_slave_1 left promiscuous mode
[  466.915680][  T113] bridge0: port 2(bridge_slave_1) entered disabled state
[  466.920236][  T113] device bridge_slave_0 left promiscuous mode
[  466.925843][  T113] bridge0: port 1(bridge_slave_0) entered disabled state
[  466.940347][  T113] device veth1_macvtap left promiscuous mode
[  466.944694][  T113] device veth0_macvtap left promiscuous mode
[  466.947055][  T113] device veth1_vlan left promiscuous mode
[  466.949346][  T113] device veth0_vlan left promiscuous mode
[  467.251033][  T113] device hsr_slave_0 left promiscuous mode
[  467.267377][  T113] device hsr_slave_1 left promiscuous mode
[  467.281228][  T113] team0 (unregistering): Port device team_slave_1 removed
[  467.285851][  T113] team0 (unregistering): Port device team_slave_0 removed
[  467.290028][  T113] bond0 (unregistering): (slave bond_slave_1): Releasing backup interface
[  467.297139][  T113] bond0 (unregistering): (slave bond_slave_0): Releasing backup interface
[  467.313540][  T113] bond0 (unregistering): Released all slaves
[  468.862644][ T1062] IPVS: ftp: loaded support on port[0] = 21
[  469.103734][ T1062] chnl_net:caif_netlink_parms(): no params data found
[  469.176763][ T1062] bridge0: port 1(bridge_slave_0) entered blocking state
[  469.181173][ T1062] bridge0: port 1(bridge_slave_0) entered disabled state
[  469.184958][ T1062] device bridge_slave_0 entered promiscuous mode
[  469.188236][ T1062] bridge0: port 2(bridge_slave_1) entered blocking state
[  469.192785][ T1062] bridge0: port 2(bridge_slave_1) entered disabled state
[  469.195737][ T1062] device bridge_slave_1 entered promiscuous mode
[  469.211592][ T1062] bond0: (slave bond_slave_0): Enslaving as an active interface with an up link
[  469.216147][ T1062] bond0: (slave bond_slave_1): Enslaving as an active interface with an up link
[  469.232328][ T1062] team0: Port device team_slave_0 added
[  469.235488][ T1062] team0: Port device team_slave_1 added
[  469.248156][ T1062] batman_adv: batadv0: Adding interface: batadv_slave_0
[  469.251182][ T1062] batman_adv: batadv0: The MTU of interface batadv_slave_0 is too small (1500) to handle the transport of batman-adv packets. Packets going over this interface will be fragmented on layer2 which could impact the performance. Setting the MTU to 1560 would solve the problem.
[  469.263456][ T1062] batman_adv: batadv0: Not using interface batadv_slave_0 (retrying later): interface not active
[  469.267965][ T1062] batman_adv: batadv0: Adding interface: batadv_slave_1
[  469.271776][ T1062] batman_adv: batadv0: The MTU of interface batadv_slave_1 is too small (1500) to handle the transport of batman-adv packets. Packets going over this interface will be fragmented on layer2 which could impact the performance. Setting the MTU to 1560 would solve the problem.
[  469.282586][ T1062] batman_adv: batadv0: Not using interface batadv_slave_1 (retrying later): interface not active
[  469.299600][ T1062] device hsr_slave_0 entered promiscuous mode
[  469.302470][ T1062] device hsr_slave_1 entered promiscuous mode
[  469.386922][ T1062] bridge0: port 2(bridge_slave_1) entered blocking state
[  469.390829][ T1062] bridge0: port 2(bridge_slave_1) entered forwarding state
[  469.393725][ T1062] bridge0: port 1(bridge_slave_0) entered blocking state
[  469.396324][ T1062] bridge0: port 1(bridge_slave_0) entered forwarding state
[  469.423955][ T1062] 8021q: adding VLAN 0 to HW filter on device bond0
[  469.433828][ T5956] IPv6: ADDRCONF(NETDEV_CHANGE): veth0: link becomes ready
[  469.440313][ T5956] bridge0: port 1(bridge_slave_0) entered disabled state
[  469.455394][ T5956] bridge0: port 2(bridge_slave_1) entered disabled state
[  469.458265][ T5956] IPv6: ADDRCONF(NETDEV_CHANGE): bond0: link becomes ready
[  469.470132][ T1062] 8021q: adding VLAN 0 to HW filter on device team0
[  469.554166][ T5956] IPv6: ADDRCONF(NETDEV_CHANGE): bridge_slave_0: link becomes ready
[  469.558296][ T5956] bridge0: port 1(bridge_slave_0) entered blocking state
[  469.560703][ T5956] bridge0: port 1(bridge_slave_0) entered forwarding state
[  469.569632][ T4054] IPv6: ADDRCONF(NETDEV_CHANGE): bridge_slave_1: link becomes ready
[  469.573379][ T4054] bridge0: port 2(bridge_slave_1) entered blocking state
[  469.575781][ T4054] bridge0: port 2(bridge_slave_1) entered forwarding state
[  469.585363][ T1062] hsr0: Slave A (hsr_slave_0) is not up; please bring it up to get a fully working HSR network
[  469.591663][ T1062] hsr0: Slave B (hsr_slave_1) is not up; please bring it up to get a fully working HSR network
[  469.596518][    T5] IPv6: ADDRCONF(NETDEV_CHANGE): team_slave_0: link becomes ready
[  469.601811][    T5] IPv6: ADDRCONF(NETDEV_CHANGE): team_slave_1: link becomes ready
[  469.604689][    T5] IPv6: ADDRCONF(NETDEV_CHANGE): hsr_slave_0: link becomes ready
[  469.608406][    T5] IPv6: ADDRCONF(NETDEV_CHANGE): hsr_slave_1: link becomes ready
[  469.634901][    T5] IPv6: ADDRCONF(NETDEV_CHANGE): hsr0: link becomes ready
[  469.663012][    T5] IPv6: ADDRCONF(NETDEV_CHANGE): team0: link becomes ready
[  469.686795][    T5] IPv6: ADDRCONF(NETDEV_CHANGE): vxcan0: link becomes ready
[  469.694109][    T5] IPv6: ADDRCONF(NETDEV_CHANGE): vxcan1: link becomes ready
[  469.703396][ T1062] 8021q: adding VLAN 0 to HW filter on device batadv0
[  469.748822][    T5] IPv6: ADDRCONF(NETDEV_CHANGE): veth0_virt_wifi: link becomes ready
[  469.755184][    T5] IPv6: ADDRCONF(NETDEV_CHANGE): veth0_vlan: link becomes ready
[  469.761326][    T5] IPv6: ADDRCONF(NETDEV_CHANGE): vlan0: link becomes ready
[  469.764342][    T5] IPv6: ADDRCONF(NETDEV_CHANGE): vlan1: link becomes ready
[  469.810630][ T1062] device veth0_vlan entered promiscuous mode
[  469.827451][ T1062] device veth1_vlan entered promiscuous mode
[  469.838211][    T5] IPv6: ADDRCONF(NETDEV_CHANGE): macvlan0: link becomes ready
[  469.842275][    T5] IPv6: ADDRCONF(NETDEV_CHANGE): macvlan1: link becomes ready
[  469.845282][    T5] IPv6: ADDRCONF(NETDEV_CHANGE): veth0_macvtap: link becomes ready
[  469.851940][ T1062] device veth0_macvtap entered promiscuous mode
[  469.855258][ T1062] device veth1_macvtap entered promiscuous mode
[  469.863986][ T1062] batman_adv: batadv0: Interface activated: batadv_slave_0
[  469.866274][    T5] IPv6: ADDRCONF(NETDEV_CHANGE): veth0_to_batadv: link becomes ready
[  469.871564][    T5] IPv6: ADDRCONF(NETDEV_CHANGE): macvtap0: link becomes ready
[  469.875617][ T1062] batman_adv: batadv0: Interface activated: batadv_slave_1
[  469.879837][    T5] IPv6: ADDRCONF(NETDEV_CHANGE): veth1_to_batadv: link becomes ready
[  470.013511][ T1062] ieee80211 phy7: Selected rate control algorithm 'minstrel_ht'
[  470.059929][  T113] wlan0: Created IBSS using preconfigured BSSID 50:50:50:50:50:50
[  470.062570][  T113] wlan0: Creating new IBSS network, BSSID 50:50:50:50:50:50
[  470.065279][ T4054] IPv6: ADDRCONF(NETDEV_CHANGE): wlan0: link becomes ready
[  470.082308][ T1062] ieee80211 phy8: Selected rate control algorithm 'minstrel_ht'
[  470.099805][   T16] wlan1: Created IBSS using preconfigured BSSID 50:50:50:50:50:50
[  470.102603][   T16] wlan1: Creating new IBSS network, BSSID 50:50:50:50:50:50
[  470.105029][ T4054] IPv6: ADDRCONF(NETDEV_CHANGE): wlan1: link becomes ready
18:43:11 executing program 0:
r0 = syz_open_dev$vivid(&(0x7f0000000040)='/dev/video#\x00', 0x2, 0x2)
r1 = openat$vimc1(0xffffffffffffff9c, &(0x7f00000001c0)='/dev/video1\x00', 0x2, 0x0)
ioctl$VIDIOC_S_FMT(r1, 0xc0d05605, &(0x7f0000000240)={0x1, @pix_mp={0x0, 0x0, 0x0, 0x2, 0x0, [{0x0, 0x4}]}})
ioctl$VIDIOC_G_EDID(r0, 0xc0285628, &(0x7f0000000080)={0x0, 0x2, 0x80000001, [], &(0x7f0000000000)=0x9})
r2 = syz_open_dev$cec(0xfffffffffffffffd, 0x2, 0x2)
r3 = syz_open_dev$vbi(&(0x7f0000000140)='/dev/vbi#\x00', 0x0, 0x2)
ioctl$VIDIOC_QUERYMENU(r3, 0xc02c5625, &(0x7f00000001c0)={0x7fffffff, 0x0, @name="691e8afc1d376da551181f1ba56a56719d5410c645ffd22559094c5747abed42"})
ioctl$VIDIOC_S_SELECTION(r3, 0xc040565f, &(0x7f0000000100)={0xc, 0x103, 0x2, {0x8000, 0x2, 0x1f, 0x5}})
ioctl$VIDIOC_ENUM_FRAMEINTERVALS(r2, 0xc034564b, &(0x7f00000000c0)={0x0, 0x3132564e, 0xad, 0x0, 0x0, @discrete={0x1}})

18:43:12 executing program 0:
r0 = openat$vicodec0(0xffffffffffffff9c, &(0x7f0000000700)='/dev/video36\x00', 0x2, 0x0)
ioctl$VIDIOC_DV_TIMINGS_CAP(r0, 0xc0905664, &(0x7f0000000000)={0x0, 0x0, [], @raw_data=[0x4, 0xfffffff9, 0x7f, 0x20, 0xa92a, 0x2, 0x3, 0x6, 0x7, 0x4, 0x4, 0x1, 0x2, 0xffff, 0x8000000, 0x9, 0x8000, 0xb5, 0xd3b, 0x3, 0x86, 0x5, 0x7ff, 0x7, 0x7fffffff, 0x3ff, 0x48b1, 0x4, 0xffff, 0xd15, 0x20, 0x69]})
r1 = openat$vicodec0(0xffffffffffffff9c, &(0x7f00000000c0)='/dev/video36\x00', 0x2, 0x0)
ioctl$VIDIOC_SUBDEV_S_CROP(r1, 0xc038563c, &(0x7f0000000100)={0x0, 0x0, {0x5, 0x8, 0x10000, 0x6}})
openat$vimc0(0xffffffffffffff9c, &(0x7f0000000140)='/dev/video0\x00', 0x2, 0x0)
ioctl$VIDIOC_QUERYMENU(r1, 0xc02c5625, &(0x7f0000000180)={0x7ff, 0x587a6eac, @name="457f08612305803a8380dd229823404c99d12d13a34371296ac60f41c745de8a"})

18:43:12 executing program 0:
r0 = syz_open_dev$vivid(&(0x7f00000001c0)='/dev/video#\x00', 0x2, 0x2)
ioctl$VIDIOC_LOG_STATUS(r0, 0x5646, 0x0)
ioctl$VIDIOC_QUERYCAP(r0, 0x80685600, &(0x7f0000000140))
r1 = openat$vimc1(0xffffffffffffff9c, &(0x7f00000000c0)='/dev/video1\x00', 0x2, 0x0)
ioctl$VIDIOC_S_OUTPUT(r1, 0xc004562f, &(0x7f0000000100)=0x5)
ioctl$VIDIOC_SUBDEV_S_DV_TIMINGS(r0, 0xc0845657, &(0x7f0000000000))

[  470.273159][ T1319] vivid-001: =================  START STATUS  =================
[  470.279083][ T1319] v4l2-ctrls: vivid-001: Test Pattern: 75% Colorbar
[  470.283463][ T1319] v4l2-ctrls: vivid-001: Fill Percentage of Frame: 100
[  470.289250][ T1319] v4l2-ctrls: vivid-001: Horizontal Movement: No Movement
[  470.293541][ T1319] v4l2-ctrls: vivid-001: Vertical Movement: No Movement
[  470.300240][ T1319] v4l2-ctrls: vivid-001: OSD Text Mode: All
[  470.307424][ T1319] v4l2-ctrls: vivid-001: Show Border: false
[  470.314411][ T1319] v4l2-ctrls: vivid-001: Show Square: false
[  470.320537][ T1319] v4l2-ctrls: vivid-001: Sensor Flipped Horizontally: false
[  470.325994][ T1319] v4l2-ctrls: vivid-001: Sensor Flipped Vertically: false
[  470.329828][ T1319] v4l2-ctrls: vivid-001: Insert SAV Code in Image: false
[  470.332284][ T1319] v4l2-ctrls: vivid-001: Insert EAV Code in Image: false
[  470.334737][ T1319] v4l2-ctrls: vivid-001: Reduced Framerate: false
[  470.336966][ T1319] v4l2-ctrls: vivid-001: Enable Capture Cropping: true
[  470.341753][ T1319] v4l2-ctrls: vivid-001: Enable Capture Composing: true
[  470.344360][ T1319] v4l2-ctrls: vivid-001: Enable Capture Scaler: true
[  470.346441][ T1319] v4l2-ctrls: vivid-001: Timestamp Source: End of Frame
[  470.349469][ T1319] v4l2-ctrls: vivid-001: Colorspace: sRGB
[  470.351612][ T1319] v4l2-ctrls: vivid-001: Transfer Function: Default
[  470.353707][ T1319] v4l2-ctrls: vivid-001: Y'CbCr Encoding: Default
[  470.355722][ T1319] v4l2-ctrls: vivid-001: HSV Encoding: Hue 0-179
[  470.357681][ T1319] v4l2-ctrls: vivid-001: Quantization: Default
[  470.361254][ T1319] v4l2-ctrls: vivid-001: Apply Alpha To Red Only: false
[  470.363604][ T1319] v4l2-ctrls: vivid-001: Standard Aspect Ratio: 4x3
[  470.366006][ T1319] v4l2-ctrls: vivid-001: DV Timings Signal Mode: Current DV Timings inactive
[  470.370528][ T1319] v4l2-ctrls: vivid-001: DV Timings: 640x480p59 inactive
[  470.372788][ T1319] v4l2-ctrls: vivid-001: DV Timings Aspect Ratio: Source Width x Height
[  470.375581][ T1319] v4l2-ctrls: vivid-001: Maximum EDID Blocks: 2
[  470.379380][ T1319] v4l2-ctrls: vivid-001: Limited RGB Range (16-235): true
[  470.383148][ T1319] v4l2-ctrls: vivid-001: Rx RGB Quantization Range: Automatic
[  470.385898][ T1319] v4l2-ctrls: vivid-001: Power Present: 0x00000001
[  470.390219][ T1319] tpg source WxH: 320x180 (Y'CbCr)
[  470.391859][ T1319] tpg field: 1
[  470.392894][ T1319] tpg crop: 320x180@0x0
[  470.394582][ T1319] tpg compose: 320x180@0x0
[  470.395993][ T1319] tpg colorspace: 8
[  470.397234][ T1319] tpg transfer function: 0/0
[  470.400500][ T1319] tpg Y'CbCr encoding: 0/0
[  470.402052][ T1319] tpg quantization: 0/0
[  470.403354][ T1319] tpg RGB range: 0/1
[  470.404588][ T1319] vivid-001: ==================  END STATUS  ==================
18:43:12 executing program 0:
r0 = syz_open_dev$vivid(&(0x7f0000000040)='/dev/video#\x00', 0x2, 0x2)
r1 = syz_open_dev$vbi(&(0x7f0000000140)='/dev/vbi#\x00', 0x0, 0x2)
ioctl$VIDIOC_QUERYMENU(r1, 0xc02c5625, &(0x7f00000001c0)={0x7fffffff, 0x0, @name="691e8afc1d376da551181f1ba56a56719d5410c645ffd22559094c5747abed42"})
ioctl$VIDIOC_CREATE_BUFS(r1, 0xc100565c, &(0x7f0000000100)={0x80000001, 0x7, 0x2, {0x9, @vbi={0xfffffff7, 0x7, 0x3ff, 0x35315258, [], [0x5, 0x3], 0x1}}, 0x800})
r2 = openat$vimc2(0xffffffffffffff9c, &(0x7f0000000080)='/dev/video2\x00', 0x2, 0x0)
ioctl$VIDIOC_ENUM_FREQ_BANDS(r2, 0xc0405665, &(0x7f00000000c0)={0x3, 0x1, 0x4, 0x800, 0x3, 0x7, 0x8})
ioctl$VIDIOC_S_SELECTION(r0, 0xc040565f, &(0x7f0000000000)={0x9})

18:43:12 executing program 0:
r0 = syz_open_dev$vivid(&(0x7f00000002c0)='/dev/video#\x00', 0x3, 0x2)
r1 = syz_open_dev$vbi(&(0x7f0000000140)='/dev/vbi#\x00', 0x0, 0x2)
ioctl$VIDIOC_QUERYMENU(r1, 0xc02c5625, &(0x7f00000001c0)={0x7fffffff, 0x0, @name="691e8afc1d376da551181f1ba56a56719d5410c645ffd22559094c5747abed42"})
ioctl$VIDIOC_TRY_ENCODER_CMD(r1, 0xc028564e, &(0x7f0000000040)={0x0, 0x0, [0x1, 0xffff, 0x81, 0x0, 0xd5f, 0x0, 0x3, 0x5]})
ioctl$VIDIOC_S_CROP(r0, 0x4014563c, &(0x7f0000000000)={0x6, {0x8000, 0x0, 0x0, 0x40000000}})

18:43:12 executing program 0:
r0 = syz_open_dev$vbi(&(0x7f00000000c0)='/dev/vbi#\x00', 0x1, 0x2)
ioctl$VIDIOC_TRY_FMT(r0, 0xc0d05640, &(0x7f0000000300)={0x7, @pix={0x4dfa}})
r1 = syz_open_dev$vbi(&(0x7f0000000140)='/dev/vbi#\x00', 0x0, 0x2)
ioctl$VIDIOC_QUERYMENU(r1, 0xc02c5625, &(0x7f00000001c0)={0x7fffffff, 0x0, @name="691e8afc1d376da551181f1ba56a56719d5410c645ffd22559094c5747abed42"})
ioctl$VIDIOC_STREAMOFF(r1, 0x40045613, &(0x7f0000000000)=0x3)
r2 = syz_open_dev$vbi(&(0x7f0000000140)='/dev/vbi#\x00', 0x0, 0x2)
ioctl$VIDIOC_QUERYMENU(r2, 0xc02c5625, &(0x7f00000001c0)={0x7fffffff, 0x0, @name="691e8afc1d376da551181f1ba56a56719d5410c645ffd22559094c5747abed42"})
ioctl$VIDIOC_SUBSCRIBE_EVENT(r2, 0x4020565a, &(0x7f0000000040)={0x3, 0x8})

18:43:12 executing program 0:
ioctl$VIDIOC_SUBDEV_ENUM_DV_TIMINGS(0xffffffffffffffff, 0xc0945662, &(0x7f0000000040)={0x4, 0x0, [], {0x0, @reserved}})
r0 = syz_open_dev$vivid(&(0x7f0000000000)='/dev/video#\x00', 0x0, 0x2)
ioctl$VIDIOC_G_SELECTION(r0, 0xc040565e, &(0x7f0000000240))
ioctl$VIDIOC_DECODER_CMD(r0, 0xc0485660, &(0x7f0000000280)={0x1, 0x2, @start={0x16}})
ioctl$VIDIOC_G_FBUF(r0, 0x8030560a, &(0x7f0000000180)={0x0, 0x10, &(0x7f0000000300)="bfd8e780bb3e8ce01ddf262bc6dd803f05d682e5102d17335baa2f0ab50dc91affad88b88634d34e07648fd1d55da93b0a3fe5e7ec22af24f58b8af16a4a4b9bce1c278b7b0721dccbc06f762054eb42aac8a4cf1e7c116eab09af23ce18030847a67ffd4128ace42e860b61ab0bfe2b3ffe3ca6c7fea529561624e57e68cd4aa3a2ed4e45d155c9e4fd4fd1f0", {0x48d7, 0x80000001, 0x55595659, 0x9, 0x7, 0x3, 0x0, 0x4}})
r1 = syz_open_dev$vbi(&(0x7f0000000140)='/dev/vbi#\x00', 0x0, 0x2)
ioctl$VIDIOC_QUERYMENU(r1, 0xc02c5625, &(0x7f00000001c0)={0x7fffffff, 0x0, @name="691e8afc1d376da551181f1ba56a56719d5410c645ffd22559094c5747abed42"})
r2 = syz_open_dev$vbi(&(0x7f0000000200)='/dev/vbi#\x00', 0x2, 0x2)
ioctl$VIDIOC_S_PRIORITY(r2, 0x40045644, 0x0)
ioctl$VIDIOC_DBG_G_REGISTER(r1, 0xc0385650, &(0x7f0000000100)={{0x0, @name="177a1b26a42cf06d9db41ee2a40eee57e1c014a9b0cdbc97f2078c7a86b61599"}, 0x8, 0xffffffffffffffe0})

18:43:12 executing program 0:
r0 = syz_open_dev$vivid(&(0x7f0000000000)='/dev/video#\x00', 0x2, 0x2)
ioctl$VIDIOC_SUBDEV_ENUM_DV_TIMINGS(r0, 0xc0945662, &(0x7f0000000040)={0x0, 0x0, [], {0x0, @bt={0x2, 0x821, 0x0, 0x3, 0x29a, 0x3ff, 0xffffff6b, 0x4, 0x1, 0x100, 0x326a0000, 0xfffffffe, 0x2, 0x1f, 0xb, 0x32, {0x8, 0x1}, 0x77}}})

18:43:12 executing program 0:
r0 = syz_open_dev$vivid(&(0x7f0000000040)='/dev/video#\x00', 0x3, 0x2)
ioctl$VIDIOC_S_FMT(r0, 0xc0d05605, &(0x7f00000002c0)={0xa, @win={{}, 0x0, 0x0, 0x0, 0x0, 0x0}})

18:43:12 executing program 0:
r0 = syz_open_dev$vivid(&(0x7f0000000080)='/dev/video#\x00', 0x2, 0x2)
ioctl$VIDIOC_S_STD(r0, 0x40085618, &(0x7f00000000c0))
ioctl$VIDIOC_G_AUDOUT(r0, 0x80345631, &(0x7f0000000000))

18:43:12 executing program 0:
r0 = openat$vicodec0(0xffffffffffffff9c, &(0x7f0000000000)='/dev/video36\x00', 0x2, 0x0)
r1 = syz_open_dev$vbi(&(0x7f0000000040)='/dev/vbi#\x00', 0x2, 0x2)
ioctl$VIDIOC_CROPCAP(r1, 0xc02c563a, &(0x7f0000000080)={0x7, {0x10001, 0x4, 0x2, 0x1e62}, {0x7ff, 0xffffff1d, 0x5, 0x80000000}, {0x8, 0xfffffff9}})
ioctl$VIDIOC_CREATE_BUFS(r0, 0xc100565c, &(0x7f0000000300)={0x0, 0x4, 0x1, {0x2, @pix={0x0, 0x0, 0x0, 0x0, 0x0, 0x80000000}}})

[  470.694407][ T1351] warn_alloc: 2 callbacks suppressed
[  470.694491][ T1351] syz-executor.0: vmalloc: allocation failure: 2147483648 bytes, mode:0xdc0(GFP_KERNEL|__GFP_ZERO), nodemask=(null),cpuset=/,mems_allowed=0-1
[  470.703550][ T1351] CPU: 0 PID: 1351 Comm: syz-executor.0 Not tainted 5.4.0+ #27
[  470.706330][ T1351] Hardware name: QEMU Standard PC (i440FX + PIIX, 1996), BIOS Ubuntu-1.8.2-1ubuntu1 04/01/2014
[  470.709727][ T1351] Call Trace:
[  470.710975][ T1351]  dump_stack+0xc6/0x11e
[  470.712376][ T1351]  warn_alloc+0x195/0x290
[  470.713945][ T1351]  ? zone_watermark_ok_safe+0x330/0x330
[  470.715862][ T1351]  ? entry_SYSCALL_64_after_hwframe+0x49/0xbe
[  470.718189][ T1351]  ? deref_stack_reg+0xa8/0xe0
[  470.719953][ T1351]  ? mark_held_locks+0x100/0x100
[  470.721667][ T1351]  ? mark_held_locks+0x100/0x100
[  470.723307][ T1351]  ? should_fail+0x197/0x700
[  470.724811][ T1351]  ? lock_downgrade+0x6d0/0x6d0
[  470.726413][ T1351]  __vmalloc_node_range+0x5b7/0x700
[  470.728084][ T1351]  ? kasan_unpoison_shadow+0x30/0x40
[  470.729850][ T1351]  ? vb2_vmalloc_alloc+0xe8/0x330
[  470.731503][ T1351]  vmalloc_user+0x6a/0x80
[  470.732875][ T1351]  ? vb2_vmalloc_alloc+0xe8/0x330
[  470.734490][ T1351]  vb2_vmalloc_alloc+0xe8/0x330
[  470.735980][ T1351]  ? vb2_vmalloc_get_dmabuf+0x180/0x180
[  470.737670][ T1351]  __vb2_queue_alloc+0x5d9/0x1270
[  470.739244][ T1351]  vb2_core_create_bufs+0x420/0x7b0
[  470.740855][ T1351]  ? vicodec_dev_release+0x10/0x10
[  470.742574][ T1351]  ? __vb2_queue_alloc+0x1270/0x1270
[  470.744189][ T1351]  ? lock_acquire+0x12e/0x3a0
[  470.746040][ T1351]  ? create_prof_cpu_mask+0x20/0x20
