ure Scaler: true
[  103.442240][T12348] v4l2-ctrls: vivid-000: Timestamp Source: End of Frame
[  103.445616][T12348] v4l2-ctrls: vivid-000: Colorspace: sRGB
[  103.447520][T12348] v4l2-ctrls: vivid-000: Transfer Function: Default
[  103.449678][T12348] v4l2-ctrls: vivid-000: Y'CbCr Encoding: Default
[  103.452835][T12348] v4l2-ctrls: vivid-000: HSV Encoding: Hue 0-179
[  103.456309][T12348] v4l2-ctrls: vivid-000: Quantization: Default
[  103.458357][T12348] v4l2-ctrls: vivid-000: Apply Alpha To Red Only: false
[  103.460600][T12348] v4l2-ctrls: vivid-000: Standard Aspect Ratio: 4x3
[  103.462923][T12348] v4l2-ctrls: vivid-000: DV Timings Signal Mode: Current DV Timings inactive
[  103.467596][T12348] v4l2-ctrls: vivid-000: DV Timings: 640x480p59 inactive
[  103.470414][T12348] v4l2-ctrls: vivid-000: DV Timings Aspect Ratio: Source Width x Height
[  103.474190][T12348] v4l2-ctrls: vivid-000: Maximum EDID Blocks: 2
[  103.476423][T12348] v4l2-ctrls: vivid-000: Limited RGB Range (16-235): false
[  103.479180][T12348] v4l2-ctrls: vivid-000: Rx RGB Quantization Range: Automatic
[  103.481743][T12348] v4l2-ctrls: vivid-000: Power Present: 0x00000001
[  103.486273][T12348] tpg source WxH: 320x180 (Y'CbCr)
[  103.488084][T12348] tpg field: 1
[  103.489327][T12348] tpg crop: 320x180@0x0
[  103.490753][T12348] tpg compose: 320x180@0x0
[  103.492257][T12348] tpg colorspace: 8
[  103.495233][T12348] tpg transfer function: 0/0
[  103.496801][T12348] tpg Y'CbCr encoding: 0/0
[  103.498331][T12348] tpg quantization: 0/0
[  103.499736][T12348] tpg RGB range: 0/2
[  103.501276][T12348] vivid-000: ==================  END STATUS  ==================
17:30:24 executing program 0:
openat$vicodec0(0xffffffffffffff9c, &(0x7f0000000340)='/dev/video36\x00', 0x2, 0x0)
r0 = syz_open_dev$radio(&(0x7f0000000000)='/dev/radio#\x00', 0x1, 0x2)
ioctl$VIDIOC_G_FREQUENCY(r0, 0xc02c5638, &(0x7f0000000040))
ioctl$VIDIOC_S_PRIORITY(r0, 0x40045644, 0x3)

17:30:24 executing program 0:
r0 = openat$vimc0(0xffffffffffffff9c, &(0x7f0000000040)='/dev/video0\x00', 0x2, 0x0)
ioctl$VIDIOC_G_PARM(r0, 0xc0cc5615, &(0x7f0000000080)={0x6, @capture={0x1000, 0x1, {0x8, 0x1}, 0x101, 0xffffffc1}})
ioctl$VIDIOC_CREATE_BUFS(r0, 0xc100565c, &(0x7f0000000280)={0x0, 0x4, 0x2, {0x1, @raw_data="564b7a2b7b8288d0255257a105a5efe3173e194af64f4fd92446edfdc6059ad948b7bd00d8db588ce01aaf618e3fe7475c0871791c7e28e38f7d72afbbda270faaa74bcd50d7414fef90c69116134de2a8d363fd63bad8c1c68f2897161d65cd0d073f52149ae8a975a54b16dd55c3e8988c6da84813097c38749d3c7347d122743f725293ccaad6b0e754b884a18b1ebf5c14dbb57f4bd88721f1f7ebba99952ef5e5635c85e342ad226f6c3c214f4c357d47fd1238ae9d2c42c637a78881e8915ef1f1a66a4b17"}})
r1 = syz_open_dev$swradio(&(0x7f0000000000)='/dev/swradio#\x00', 0x0, 0x2)
ioctl$VIDIOC_S_SELECTION(r1, 0xc040565f, &(0x7f0000000180)={0xe77063ec69eb603f, 0x103, 0x6, {0x2, 0xffff7fff, 0x2, 0x7fffffff}})

17:30:24 executing program 0:
ioctl$VIDIOC_REQBUFS(0xffffffffffffffff, 0xc0145608, &(0x7f0000000040)={0x1ff, 0x2, 0x1})
r0 = openat$vicodec0(0xffffffffffffff9c, &(0x7f0000000080)='/dev/video36\x00', 0x2, 0x0)
openat$vicodec0(0xffffffffffffff9c, &(0x7f00000000c0)='/dev/video36\x00', 0x2, 0x0)
ioctl$VIDIOC_CREATE_BUFS(r0, 0xc100565c, &(0x7f0000000100)={0x1, 0x3, 0x2, {0x9, @sdr={0x3ea41b8b, 0x4}}, 0x72ae041d})
r1 = syz_open_dev$radio(&(0x7f0000000000)='/dev/radio#\x00', 0x1, 0x2)
ioctl$VIDIOC_G_FREQUENCY(r1, 0xc02c5638, &(0x7f0000000040))
ioctl$VIDIOC_S_TUNER(r1, 0x4054561e, &(0x7f0000000200)={0x7f, "1649259fe6a058941ad60c6bd2bd5a1fbc3449817df3aa02f530404caa7dc865", 0x1, 0x100, 0x0, 0x0, 0x4, 0x3, 0x1, 0x4})
ioctl$VIDIOC_REQBUFS(r0, 0xc0145608, 0x0)

17:30:24 executing program 0:
r0 = openat$vimc0(0xffffffffffffff9c, &(0x7f00000000c0)='/dev/video0\x00', 0x2, 0x0)
ioctl$VIDIOC_CREATE_BUFS(r0, 0xc100565c, &(0x7f0000000140)={0x6, 0x8001, 0x1, {0x1, @sliced={0x400, [0x0, 0x0, 0x0, 0x0, 0x0, 0x8000, 0xffff, 0x0, 0x0, 0x0, 0x12, 0x0, 0xff, 0x0, 0x0, 0x0, 0x20, 0x6, 0x0, 0x0, 0x0, 0x0, 0x0, 0x0, 0x0, 0x0, 0x7, 0x80, 0x0, 0x0, 0x0, 0x1f, 0x0, 0x0, 0x100, 0x800, 0x28d4, 0x0, 0x6c30, 0x0, 0x9, 0x0, 0x0, 0x0, 0x0, 0x9]}}})

17:30:24 executing program 0:
r0 = openat$vimc1(0xffffffffffffff9c, &(0x7f0000000040)='/dev/video1\x00', 0x2, 0x0)
r1 = syz_open_dev$radio(&(0x7f0000000000)='/dev/radio#\x00', 0x2, 0x2)
ioctl$VIDIOC_G_PARM(r1, 0xc0cc5615, &(0x7f0000000240)={0x8, @capture={0x1000, 0x1, {0xc8, 0x10001}, 0x4000000, 0xc4}})
ioctl$VIDIOC_CREATE_BUFS(r0, 0xc100565c, &(0x7f0000000140)={0x0, 0x1, 0x4, {0x1, @pix={0x0, 0x0, 0x0, 0x0, 0x0, 0x4}}})

17:30:24 executing program 0:
r0 = openat$vicodec1(0xffffffffffffff9c, &(0x7f0000000440)='/dev/video37\x00', 0x2, 0x0)
r1 = openat$vimc0(0xffffffffffffff9c, &(0x7f0000000200)='/dev/video0\x00', 0x2, 0x0)
ioctl$VIDIOC_ENUM_FMT(r1, 0xc0405602, &(0x7f0000000240)={0x9, 0x8, 0x0, "976f5b6417789efb28e220d36b3324726d4352c9cf932d006de00e95bab53871", 0x38416761})
r2 = syz_open_dev$radio(&(0x7f0000000340)='/dev/radio#\x00', 0x3, 0x2)
r3 = openat$vicodec1(0xffffffffffffff9c, &(0x7f00000003c0)='/dev/video37\x00', 0x2, 0x0)
ioctl$VIDIOC_S_FREQUENCY(r3, 0x402c5639, &(0x7f0000000400)={0x800, 0x6})
ioctl$VIDIOC_S_CROP(r2, 0x4014563c, &(0x7f0000000380)={0xb, {0x3, 0xa26, 0x9, 0x5}})
ioctl$VIDIOC_CREATE_BUFS(r0, 0xc100565c, &(0x7f00000000c0)={0x0, 0x1bc, 0x2, {0x1, @raw_data="58148cdb59dd74b9138a314262940038eb1824be7fe872669de2ed035c0dfe5657997460bc90ad9c23d360925fde40cf72b2e6d3aae725636a11c8bee8406adab9c72331d1f03ea1c412bb5f2611b6eb2c8304e762e2de6ef635cca6d7e6f679b1dc825fb4c0107562c37e32d303ea823eab8fbb72ed0d2eb280b4349f07a673ac9c8340f51209a1b120a580646fa71859ff9a4c632a12c320173d9630b7c4f7b568bd9e839a3e253815c7eda3691c35c69f00"}})
ioctl$VIDIOC_STREAMON(r0, 0x40045612, &(0x7f0000000080)=0x1)
r4 = syz_open_dev$radio(&(0x7f0000000000)='/dev/radio#\x00', 0x1, 0x2)
ioctl$VIDIOC_S_DV_TIMINGS(0xffffffffffffffff, 0xc0845657, &(0x7f0000000280)={0x0, @reserved})
ioctl$VIDIOC_G_FREQUENCY(r4, 0xc02c5638, &(0x7f0000000040))
ioctl$VIDIOC_G_SELECTION(r4, 0xc040565e, &(0x7f00000001c0)={0xc, 0x3, 0x87c682d60544fb69, {0x10000, 0xa0, 0x9, 0x76df5edf}})
ioctl$VIDIOC_ENUM_FMT(r0, 0xc0405602, &(0x7f0000000000)={0x3, 0x1, 0x0, "5e0bf827b3388271cc703107a2541af85379f00700000000000000882763ad7f"})

17:30:24 executing program 0:
ioctl$VIDIOC_STREAMOFF(0xffffffffffffffff, 0x40045613, &(0x7f0000000000)=0xff)
syz_open_dev$vivid(0xfffffffffffffffe, 0x1, 0x2)

17:30:24 executing program 0:
r0 = openat$vimc2(0xffffffffffffff9c, &(0x7f0000000000)='/dev/video2\x00', 0x2, 0x0)
ioctl$VIDIOC_QUERYMENU(r0, 0xc02c5625, &(0x7f0000000040)={0x3f, 0x2, @name="8f9d7f6fa7c4afa41f45605e432b20ca5d5fe9a88dac509009c83e0e3f5613cc"})
openat$vimc1(0xffffffffffffff9c, &(0x7f0000000080)='/dev/video1\x00', 0x2, 0x0)
ioctl$VIDIOC_ENUM_FRAMESIZES(r0, 0xc02c564a, &(0x7f0000000180)={0x0, 0x0, 0x0, @stepwise})

17:30:24 executing program 0:
r0 = syz_open_dev$vivid(&(0x7f0000000140)='/dev/video#\x00', 0x0, 0x2)
ioctl$VIDIOC_LOG_STATUS(r0, 0x5646, 0x0)
ioctl$VIDIOC_G_EDID(r0, 0xc0285628, &(0x7f0000000180)={0x0, 0x6, 0x3, [], &(0x7f0000000100)=0x81})
r1 = syz_open_dev$vbi(&(0x7f00000001c0)='/dev/vbi#\x00', 0x1, 0x2)
ioctl$VIDIOC_DBG_G_CHIP_INFO(r1, 0xc0c85666, &(0x7f0000000000)={{0x0, @name="1e970cf3bad3d7ce53c4bf02646bf98c5abc3ce87343689c8e4c280830ee7608"}, "c40b7aa7a52dc8ffffdb61f43adf12f37479e4a3a813a44e51c905be7bf5c217"})

[  103.932748][T12381] vivid-000: =================  START STATUS  =================
[  103.939812][T12381] v4l2-ctrls: vivid-000: Test Pattern: 75% Colorbar
[  103.947767][T12381] v4l2-ctrls: vivid-000: Fill Percentage of Frame: 100
[  103.952177][T12381] v4l2-ctrls: vivid-000: Horizontal Movement: No Movement
[  103.958379][T12381] v4l2-ctrls: vivid-000: Vertical Movement: No Movement
[  103.967262][T12381] v4l2-ctrls: vivid-000: OSD Text Mode: All
[  103.971410][T12381] v4l2-ctrls: vivid-000: Show Border: false
[  103.975607][T12381] v4l2-ctrls: vivid-000: Show Square: false
[  103.979875][T12381] v4l2-ctrls: vivid-000: Sensor Flipped Horizontally: false
[  103.984368][T12381] v4l2-ctrls: vivid-000: Sensor Flipped Vertically: false
[  103.986750][T12381] v4l2-ctrls: vivid-000: Insert SAV Code in Image: false
[  103.989083][T12381] v4l2-ctrls: vivid-000: Insert EAV Code in Image: false
[  103.991427][T12381] v4l2-ctrls: vivid-000: Reduced Framerate: false
[  103.995164][T12381] v4l2-ctrls: vivid-000: Enable Capture Cropping: true
[  103.997377][T12381] v4l2-ctrls: vivid-000: Enable Capture Composing: true
[  103.999616][T12381] v4l2-ctrls: vivid-000: Enable Capture Scaler: true
[  104.001718][T12381] v4l2-ctrls: vivid-000: Timestamp Source: End of Frame
[  104.005008][T12381] v4l2-ctrls: vivid-000: Colorspace: sRGB
[  104.007015][T12381] v4l2-ctrls: vivid-000: Transfer Function: Default
[  104.009281][T12381] v4l2-ctrls: vivid-000: Y'CbCr Encoding: Default
[  104.011336][T12381] v4l2-ctrls: vivid-000: HSV Encoding: Hue 0-179
[  104.014842][T12381] v4l2-ctrls: vivid-000: Quantization: Default
[  104.016931][T12381] v4l2-ctrls: vivid-000: Apply Alpha To Red Only: false
[  104.019164][T12381] v4l2-ctrls: vivid-000: Standard Aspect Ratio: 4x3
[  104.021430][T12381] v4l2-ctrls: vivid-000: DV Timings Signal Mode: Current DV Timings inactive
[  104.026457][T12381] v4l2-ctrls: vivid-000: DV Timings: 640x480p59 inactive
[  104.029336][T12381] v4l2-ctrls: vivid-000: DV Timings Aspect Ratio: Source Width x Height
[  104.032226][T12381] v4l2-ctrls: vivid-000: Maximum EDID Blocks: 2
[  104.035357][T12381] v4l2-ctrls: vivid-000: Limited RGB Range (16-235): false
[  104.037886][T12381] v4l2-ctrls: vivid-000: Rx RGB Quantization Range: Automatic
[  104.040481][T12381] v4l2-ctrls: vivid-000: Power Present: 0x00000001
[  104.042716][T12381] tpg source WxH: 320x180 (Y'CbCr)
[  104.045679][T12381] tpg field: 1
[  104.046911][T12381] tpg crop: 320x180@0x0
[  104.048367][T12381] tpg compose: 320x180@0x0
[  104.049940][T12381] tpg colorspace: 8
[  104.051272][T12381] tpg transfer function: 0/0
[  104.052785][T12381] tpg Y'CbCr encoding: 0/0
[  104.056111][T12381] tpg quantization: 0/0
[  104.057620][T12381] tpg RGB range: 0/2
[  104.058992][T12381] vivid-000: ==================  END STATUS  ==================
17:30:24 executing program 0:
ioctl$VIDIOC_ENUMAUDOUT(0xffffffffffffffff, 0xc0345642, &(0x7f0000000000)={0x3dac4e7d, "2b1249b8f16fc64cfc8d93422898bb90e8f00dc2aff1a88903ad615e2ce75d89", 0x5, 0x1})
r0 = syz_open_dev$vivid(&(0x7f0000000040)='/dev/video#\x00', 0x1, 0x2)
ioctl$VIDIOC_LOG_STATUS(r0, 0x5646, 0x0)

[  104.089033][T12386] vivid-000: =================  START STATUS  =================
[  104.094781][T12386] v4l2-ctrls: vivid-000: Enable Output Cropping: true
[  104.105531][T12386] v4l2-ctrls: vivid-000: Enable Output Composing: true
[  104.109104][T12386] v4l2-ctrls: vivid-000: Enable Output Scaler: true
[  104.112377][T12386] v4l2-ctrls: vivid-000: Tx RGB Quantization Range: Automatic
[  104.121784][T12386] v4l2-ctrls: vivid-000: Transmit Mode: HDMI
[  104.126158][T12386] v4l2-ctrls: vivid-000: Display Present: true inactive
[  104.130632][T12386] v4l2-ctrls: vivid-000: Hotplug Present: 0x00000001
[  104.136723][T12386] v4l2-ctrls: vivid-000: RxSense Present: 0x00000001
[  104.139357][T12386] v4l2-ctrls: vivid-000: EDID Present: 0x00000001
[  104.141466][T12386] vivid-000: ==================  END STATUS  ==================
[  104.146148][T12389] vivid-000: =================  START STATUS  =================
[  104.148634][T12389] v4l2-ctrls: vivid-000: Enable Output Cropping: true
[  104.150820][T12389] v4l2-ctrls: vivid-000: Enable Output Composing: true
[  104.153953][T12389] v4l2-ctrls: vivid-000: Enable Output Scaler: true
[  104.156218][T12389] v4l2-ctrls: vivid-000: Tx RGB Quantization Range: Automatic
[  104.158779][T12389] v4l2-ctrls: vivid-000: Transmit Mode: HDMI
[  104.160864][T12389] v4l2-ctrls: vivid-000: Display Present: true inactive
[  104.165153][T12389] v4l2-ctrls: vivid-000: Hotplug Present: 0x00000001
[  104.167596][T12389] v4l2-ctrls: vivid-000: RxSense Present: 0x00000001
[  104.169895][T12389] v4l2-ctrls: vivid-000: EDID Present: 0x00000001
[  104.171978][T12389] vivid-000: ==================  END STATUS  ==================
17:30:24 executing program 0:
r0 = syz_open_dev$vivid(&(0x7f0000000000)='/dev/video#\x00', 0x1, 0x2)
ioctl$VIDIOC_REQBUFS(r0, 0xc0145608, &(0x7f0000000040)={0x1ff, 0x2, 0x1})
ioctl$VIDIOC_REQBUFS(r0, 0xc0145608, &(0x7f0000000240)={0x81, 0x2, 0x1})
r1 = syz_open_dev$swradio(&(0x7f0000000080)='/dev/swradio#\x00', 0x0, 0x2)
ioctl$VIDIOC_CREATE_BUFS(r0, 0xc100565c, &(0x7f0000000100)={0x9a, 0x8, 0x4, {0x8, @vbi={0x6, 0x3, 0x101, 0x47314356, [0x0, 0x401], [0x0, 0x4], 0x1}}, 0x8})
ioctl$VIDIOC_OVERLAY(r1, 0x4004560e, &(0x7f00000000c0)=0x40)

17:30:24 executing program 0:
r0 = syz_open_dev$vivid(&(0x7f00000003c0)='/dev/video#\x00', 0x0, 0x2)
r1 = syz_open_dev$radio(&(0x7f0000000000)='/dev/radio#\x00', 0x1, 0x2)
ioctl$VIDIOC_G_FREQUENCY(r1, 0xc02c5638, &(0x7f0000000040))
ioctl$VIDIOC_S_FMT(r1, 0xc0d05605, &(0x7f0000000000)={0x3, @raw_data="f33a1ba53bd7a9008f62d21de99246327263c79b75b78adc98f73f31bea30938f43d297df27cc6c857f7b911bd22739d580c0a1c81e142384bf8836a56817e0a8eb7ab2062dcc0efcbc1948ec874f518df460f90468dfdea42c52568b5060d52ffb3d31b2cd7824971120420da62c5af167dc17aecb4f11c9e80205e66b4678ddd59655e65b73698be97771030a8ae2726d7db94fa696f5cfe916ccf45e4a89f0d27d810d339bfbce491cb82931b3002bd9b945a2991eac1d76e42595a760c4b651737238fce7483"})
r2 = syz_open_dev$radio(&(0x7f0000000000)='/dev/radio#\x00', 0x1, 0x2)
ioctl$VIDIOC_G_FREQUENCY(r2, 0xc02c5638, &(0x7f0000000040))
ioctl$VIDIOC_SUBDEV_S_FMT(r2, 0xc0585605, &(0x7f0000000100)={0x0, 0x0, {0xfffff000, 0x5, 0x2009, 0x3, 0x9, 0x2, 0x0, 0x4}})
ioctl$VIDIOC_S_FBUF(r0, 0x4030560b, &(0x7f0000000240)={0x0, 0x0, &(0x7f00000001c0), {0x53}})

17:30:24 executing program 0:
ioctl$VIDIOC_G_FMT(0xffffffffffffffff, 0xc0d05604, &(0x7f00000001c0)={0x0, @sliced={0x4, [0x5, 0x4, 0x5, 0x2, 0x401, 0x9, 0x2, 0xfff, 0x4, 0xfff, 0x0, 0x473, 0x25, 0x7, 0x20, 0x0, 0x61e, 0x9f2, 0xfff9, 0xf6f, 0x8000, 0x8, 0x9, 0x2, 0x9, 0x81, 0x7, 0x40, 0x9287, 0x0, 0x7, 0x4, 0x80, 0x0, 0x1, 0x60b4, 0x81, 0x1c0, 0x4, 0x9, 0x7, 0x5, 0x101, 0x20, 0x1, 0x88, 0x12d2, 0x5], 0x9}})
r0 = syz_open_dev$vivid(&(0x7f0000000080)='/dev/video#\x00', 0x2, 0x2)
ioctl$VIDIOC_LOG_STATUS(r0, 0x5646, 0x0)
ioctl$VIDIOC_S_FBUF(r0, 0x4030560b, &(0x7f0000000180)={0x48, 0x0, 0x0, {0x8, 0x0, 0x30323953, 0x0, 0x0, 0x0, 0x1, 0x7fff}})
ioctl$VIDIOC_ENUMAUDOUT(0xffffffffffffffff, 0xc0345642, &(0x7f0000000000)={0x7ff, "6e03faefb5a2ccb4898fd88337b0a3946457c249f052b3eaab61ba42d1fd5780", 0x2})

[  104.275699][T12399] vivid-001: =================  START STATUS  =================
[  104.280503][T12399] v4l2-ctrls: vivid-001: Test Pattern: 75% Colorbar
[  104.286153][T12399] v4l2-ctrls: vivid-001: Fill Percentage of Frame: 100
[  104.290551][T12399] v4l2-ctrls: vivid-001: Horizontal Movement: No Movement
[  104.296442][T12399] v4l2-ctrls: vivid-001: Vertical Movement: No Movement
[  104.303719][T12399] v4l2-ctrls: vivid-001: OSD Text Mode: All
[  104.307845][T12399] v4l2-ctrls: vivid-001: Show Border: false
[  104.310807][T12399] v4l2-ctrls: vivid-001: Show Square: false
[  104.319995][T12399] v4l2-ctrls: vivid-001: Sensor Flipped Horizontally: false
[  104.325964][T12399] v4l2-ctrls: vivid-001: Sensor Flipped Vertically: false
[  104.330893][T12399] v4l2-ctrls: vivid-001: Insert SAV Code in Image: false
[  104.334026][T12399] v4l2-ctrls: vivid-001: Insert EAV Code in Image: false
[  104.336446][T12399] v4l2-ctrls: vivid-001: Reduced Framerate: false
[  104.338524][T12399] v4l2-ctrls: vivid-001: Enable Capture Cropping: true
[  104.340678][T12399] v4l2-ctrls: vivid-001: Enable Capture Composing: true
[  104.342932][T12399] v4l2-ctrls: vivid-001: Enable Capture Scaler: true
[  104.346986][T12399] v4l2-ctrls: vivid-001: Timestamp Source: End of Frame
[  104.349258][T12399] v4l2-ctrls: vivid-001: Colorspace: sRGB
[  104.351183][T12399] v4l2-ctrls: vivid-001: Transfer Function: Default
[  104.354582][T12399] v4l2-ctrls: vivid-001: Y'CbCr Encoding: Default
[  104.356753][T12399] v4l2-ctrls: vivid-001: HSV Encoding: Hue 0-179
[  104.358913][T12399] v4l2-ctrls: vivid-001: Quantization: Default
[  104.360922][T12399] v4l2-ctrls: vivid-001: Apply Alpha To Red Only: false
[  104.364360][T12399] v4l2-ctrls: vivid-001: Standard Aspect Ratio: 4x3
[  104.366703][T12399] v4l2-ctrls: vivid-001: DV Timings Signal Mode: Current DV Timings inactive
[  104.370017][T12399] v4l2-ctrls: vivid-001: DV Timings: 640x480p59 inactive
[  104.372445][T12399] v4l2-ctrls: vivid-001: DV Timings Aspect Ratio: Source Width x Height
[  104.376544][T12399] v4l2-ctrls: vivid-001: Maximum EDID Blocks: 2
[  104.378587][T12399] v4l2-ctrls: vivid-001: Limited RGB Range (16-235): false
[  104.380901][T12399] v4l2-ctrls: vivid-001: Rx RGB Quantization Range: Automatic
[  104.384272][T12399] v4l2-ctrls: vivid-001: Power Present: 0x00000001
[  104.386545][T12399] tpg source WxH: 320x180 (R'G'B)
[  104.388254][T12399] tpg field: 1
[  104.389413][T12399] tpg crop: 320x180@0x0
[  104.390773][T12399] tpg compose: 320x180@0x0
[  104.392215][T12399] tpg colorspace: 8
[  104.394886][T12399] tpg transfer function: 0/0
[  104.396507][T12399] tpg quantization: 0/0
[  104.397895][T12399] tpg RGB range: 0/2
[  104.399172][T12399] vivid-001: ==================  END STATUS  ==================
17:30:24 executing program 0:
r0 = syz_open_dev$vivid(&(0x7f0000000000)='/dev/video#\x00', 0x2, 0x2)
ioctl$VIDIOC_G_EDID(r0, 0xc0285628, &(0x7f00000000c0)={0x0, 0x3f, 0x5, [], &(0x7f0000000080)=0x1})
ioctl$VIDIOC_S_INPUT(r0, 0xc0045627, &(0x7f0000000040))
ioctl$VIDIOC_S_INPUT(0xffffffffffffffff, 0xc0045627, &(0x7f0000000380)=0x1)

17:30:24 executing program 0:
r0 = syz_open_dev$vivid(&(0x7f0000000000)='/dev/video#\x00', 0x2, 0x2)
ioctl$VIDIOC_S_EXT_CTRLS(r0, 0xc0205648, &(0x7f00000001c0)={0x0, 0x3, 0x0, 0xffffffffffffffff, 0x0, &(0x7f0000000080)={0x0, 0x0, [], @p_u32=0x0}})
r1 = syz_open_dev$swradio(&(0x7f0000000040)='/dev/swradio#\x00', 0x1, 0x2)
ioctl$VIDIOC_S_FMT(r1, 0xc0d05605, &(0x7f0000000200)={0x1, @win={{0x1c, 0x101, 0x100}, 0x4, 0x1ff, &(0x7f0000000100)={{0x1, 0x81, 0x1db9, 0x7ff}, &(0x7f00000000c0)={{0x6, 0x9, 0x6, 0x1c7e0135}}}, 0x6, &(0x7f0000000140)="bce65f60a3e91c7926d175b8551c7ba93af7", 0x1}})

17:30:25 executing program 0:
r0 = openat$vimc2(0xffffffffffffff9c, &(0x7f0000000040)='/dev/video2\x00', 0x2, 0x0)
ioctl$VIDIOC_SUBDEV_S_SELECTION(r0, 0xc040563e, &(0x7f0000000080)={0x0, 0x0, 0x103, 0x4, {0x0, 0xe0000000, 0xfffffff8, 0x97e4}})
syz_open_dev$swradio(&(0x7f0000000000)='/dev/swradio#\x00', 0x0, 0x2)

17:30:25 executing program 0:
r0 = openat$vimc2(0xffffffffffffff9c, &(0x7f0000000080)='/dev/video2\x00', 0x2, 0x0)
ioctl$VIDIOC_QUERYCAP(r0, 0x80685600, &(0x7f0000000000))
r1 = openat$vicodec0(0xffffffffffffff9c, &(0x7f0000000180)='/dev/video36\x00', 0x2, 0x0)
ioctl$VIDIOC_ENUM_FMT(r1, 0xc0405602, &(0x7f0000000280)={0x0, 0x9, 0x0, "d154576f45c5abf4c009fa7be89820cb253d55636a4d94c825f1c2046eba059e"})

17:30:25 executing program 0:
r0 = openat$vimc0(0xffffffffffffff9c, &(0x7f0000000100)='/dev/video0\x00', 0x2, 0x0)
ioctl$VIDIOC_S_EDID(r0, 0xc0285629, &(0x7f0000000080)={0x0, 0x3ff, 0x8010, [], &(0x7f0000000040)=0x4})
ioctl$VIDIOC_CREATE_BUFS(r0, 0xc100565c, &(0x7f0000000180)={0x3, 0x2, 0x1, {0x9, @pix={0x9, 0x8, 0x32314d56, 0x0, 0x1, 0x80, 0x3, 0xd9, 0x1, 0x6, 0x2, 0x6}}})
syz_open_dev$radio(&(0x7f0000000000)='/dev/radio#\x00', 0x0, 0x2)

17:30:25 executing program 0:
r0 = openat$vicodec0(0xffffffffffffff9c, &(0x7f0000000100)='/dev/video36\x00', 0x2, 0x0)
ioctl$VIDIOC_ENCODER_CMD(r0, 0xc028564d, &(0x7f0000000140))
ioctl$VIDIOC_ENUM_FREQ_BANDS(0xffffffffffffffff, 0xc0405665, &(0x7f0000000000)={0x8f8e, 0x2, 0x2, 0x10, 0x1000, 0xffff8000, 0x1a})

17:30:25 executing program 0:
syz_open_dev$vivid(0x0, 0x3, 0x2)

17:30:25 executing program 0:
syz_open_dev$cec(&(0x7f00000000c0)='/dev/cec#\x00', 0x2, 0x2)
openat$vicodec0(0xffffffffffffff9c, &(0x7f0000000000)='/dev/video36\x00', 0x2, 0x0)
syz_open_dev$swradio(&(0x7f0000000040)='/dev/swradio#\x00', 0x0, 0x2)
r0 = syz_open_dev$radio(&(0x7f0000000000)='/dev/radio#\x00', 0x1, 0x2)
ioctl$VIDIOC_G_FREQUENCY(r0, 0xc02c5638, &(0x7f0000000040))
r1 = syz_open_dev$radio(&(0x7f0000000000)='/dev/radio#\x00', 0x1, 0x2)
ioctl$VIDIOC_G_FREQUENCY(r1, 0xc02c5638, &(0x7f0000000040))
ioctl$VIDIOC_G_FBUF(r1, 0x8030560a, 0x0)

17:30:25 executing program 0:
r0 = syz_open_dev$vivid(&(0x7f0000000000)='/dev/video#\x00', 0x2, 0x2)
ioctl$VIDIOC_S_STD(r0, 0x40085618, &(0x7f0000000040)=0x10)
r1 = syz_open_dev$vivid(&(0x7f0000000080)='/dev/video#\x00', 0x1, 0x2)
ioctl$VIDIOC_S_STD(r1, 0x40085618, &(0x7f00000000c0)=0x200)

17:30:25 executing program 0:
syz_open_dev$vbi(&(0x7f0000000140)='/dev/vbi#\x00', 0x3, 0x2)
r0 = syz_open_dev$vbi(&(0x7f0000000000)='/dev/vbi#\x00', 0x1, 0x2)
ioctl$VIDIOC_G_MODULATOR(r0, 0xc0445636, &(0x7f0000000040)={0x6c1, "69b54e0595f1f23e6bf0765d999c117a96f12900fa1c0d9c8f785a9828bb57ad", 0x1000, 0x80000001, 0x7d7, 0x9, 0x5})

17:30:25 executing program 0:
r0 = openat$vicodec1(0xffffffffffffff9c, &(0x7f0000000040)='/dev/video37\x00', 0x2, 0x0)
ioctl$VIDIOC_SUBDEV_S_CROP(r0, 0xc038563c, &(0x7f0000000080)={0x0, 0x0, {0x8, 0xfffeffff, 0x12, 0xff}})
openat$vicodec0(0xffffffffffffff9c, &(0x7f0000000000)='/dev/video36\x00', 0x2, 0x0)

17:30:25 executing program 0:
ioctl$VIDIOC_QUERYSTD(0xffffffffffffffff, 0x8008563f, &(0x7f0000000000))
r0 = openat$vimc2(0xffffffffffffff9c, &(0x7f0000000040)='/dev/video2\x00', 0x2, 0x0)
ioctl$VIDIOC_DV_TIMINGS_CAP(r0, 0xc0905664, &(0x7f0000000080)={0x0, 0x0, [], @raw_data=[0xa7, 0x6, 0x1, 0x0, 0x5, 0x6, 0x9, 0xb0, 0x8001, 0x8000, 0x8, 0x6bc, 0xffffffff, 0x7, 0x3ff, 0x9, 0x20, 0x2, 0x2, 0x1f, 0x29c7, 0x100, 0x1, 0x6, 0x6f, 0x9, 0x80000001, 0x17, 0x5c9d, 0x4, 0xff]})

17:30:25 executing program 0:
r0 = syz_open_dev$vivid(&(0x7f0000000000)='/dev/video#\x00', 0x1, 0x2)
ioctl$VIDIOC_S_CROP(r0, 0x4014563c, &(0x7f0000000080)={0x2})
r1 = syz_open_dev$radio(&(0x7f0000000000)='/dev/radio#\x00', 0x1, 0x2)
ioctl$VIDIOC_G_FREQUENCY(r1, 0xc02c5638, &(0x7f0000000040)={0x3, 0x2})
ioctl$VIDIOC_S_PRIORITY(r1, 0x40045644, 0x0)
ioctl$VIDIOC_G_SELECTION(r1, 0xc040565e, &(0x7f0000000040)={0x6, 0x103, 0x1, {0x6, 0x0, 0x2e14800, 0x63}})
r2 = openat$vicodec0(0xffffffffffffff9c, &(0x7f00000000c0)='/dev/video36\x00', 0x2, 0x0)
ioctl$VIDIOC_G_PARM(r2, 0xc0cc5615, &(0x7f0000000100)={0x9, @output={0x0, 0x1, {0x7ff, 0x10001}, 0x327f3a7, 0x400}})

17:30:25 executing program 0:
r0 = syz_open_dev$vivid(&(0x7f0000000040)='/dev/video#\x00', 0x3, 0x2)
ioctl$VIDIOC_S_CROP(r0, 0x4014563c, &(0x7f00000000c0)={0x5})
openat$vimc0(0xffffffffffffff9c, &(0x7f0000000080)='/dev/video0\x00', 0x2, 0x0)
r1 = openat$vimc0(0xffffffffffffff9c, &(0x7f0000000100)='/dev/video0\x00', 0x2, 0x0)
ioctl$VIDIOC_REQBUFS(r1, 0xc0145608, &(0x7f0000000140)={0x9, 0x3, 0x3})
ioctl$VIDIOC_S_OUTPUT(r0, 0xc004562f, &(0x7f0000000000)=0x5)

17:30:25 executing program 0:
r0 = syz_open_dev$swradio(&(0x7f0000000080)='/dev/swradio#\x00', 0x0, 0x2)
ioctl$VIDIOC_REQBUFS(r0, 0xc0145608, &(0x7f0000000240)={0x0, 0x4, 0x4})
ioctl$VIDIOC_ENUM_FREQ_BANDS(r0, 0xc0405665, &(0x7f0000000100)={0x0, 0x4, 0x400})
openat$vicodec0(0xffffffffffffff9c, &(0x7f00000000c0)='/dev/video36\x00', 0x2, 0x0)
r1 = openat$vicodec1(0xffffffffffffff9c, &(0x7f0000000000)='/dev/video37\x00', 0x2, 0x0)
ioctl$VIDIOC_S_FBUF(r1, 0x4030560b, &(0x7f0000000040)={0x80, 0x60, &(0x7f0000000140)="aad7d35c348ca549d5a278940db19bf40e739211e4414df3e867efa1f3526c55f8ddae0f276208f66e820f127dce6ff5eb99abeda93da2d27a92628b0a7a85e9101e858d8603ff3308d3fd4df296065d40403a24e23ae7578baebdc005fb911001ba9f0e3df488b36d990b9615fb7383f5fb4bebd85d096a3e7a8820c2549a0733e3bd176ea98864989c8be4bec87910ec38edc7532cc31917c2067658c85f902735d24a8ee26e7d4de529f70b44e385ebddc255ac769508dab9bcc25f108d3cab8f7cb59898445e9825dddc02f2718b03c43cbf1bb527e54243fb2ad8c2b19266f5c76553e58e5c623a83ed117b0f4e4851ff89f1", {0x7, 0x80000001, 0x3247504d, 0x5, 0x5, 0x0, 0x4, 0x3}})

17:30:25 executing program 0:
r0 = syz_open_dev$radio(&(0x7f0000000000)='/dev/radio#\x00', 0x3, 0x2)
ioctl$VIDIOC_ENUM_FRAMESIZES(r0, 0xc02c564a, &(0x7f0000000040)={0x7, 0x30314742, 0x2, @stepwise={0x5, 0x401, 0x7, 0xca, 0x2, 0x3}})
syz_open_dev$vbi(0x0, 0x2, 0x2)

17:30:25 executing program 0:
r0 = syz_open_dev$vivid(&(0x7f0000000100)='/dev/video#\x00', 0x2, 0x2)
r1 = syz_open_dev$radio(&(0x7f0000000000)='/dev/radio#\x00', 0x1, 0x2)
ioctl$VIDIOC_STREAMOFF(r1, 0x40045613, &(0x7f0000000040))
ioctl$VIDIOC_S_SELECTION(r0, 0xc040565f, &(0x7f00000000c0)={0x1, 0x0, 0x3, {0x9, 0xfffffffc}})
ioctl$VIDIOC_G_EXT_CTRLS(r1, 0xc0205647, &(0x7f0000000180)={0x9d0000, 0x1, 0x401, 0xffffffffffffffff, 0x0, &(0x7f0000000140)={0x98091b, 0x8001, [], @p_u32=&(0x7f0000000080)=0x1}})

17:30:25 executing program 0:
r0 = openat$vimc1(0xffffffffffffff9c, &(0x7f0000000040)='/dev/video1\x00', 0x2, 0x0)
ioctl$VIDIOC_CREATE_BUFS(r0, 0xc100565c, &(0x7f0000000140)={0x0, 0x1, 0x4, {0x1, @pix={0x0, 0x0, 0x0, 0x0, 0x0, 0x4}}})
r1 = syz_open_dev$radio(&(0x7f0000000000)='/dev/radio#\x00', 0x1, 0x2)
ioctl$VIDIOC_ENUM_FMT(r1, 0xc0405602, &(0x7f0000000080)={0x1ff, 0x1, 0x5, "a5b1ac98f3c55b874e95046238fcfaa500854b19a49a8d80106a52ddeda3a401", 0x59555956})
syz_open_dev$radio(&(0x7f00000000c0)='/dev/radio#\x00', 0x3, 0x2)

17:30:25 executing program 0:
r0 = syz_open_dev$radio(&(0x7f0000000000)='/dev/radio#\x00', 0x1, 0x2)
ioctl$VIDIOC_G_FREQUENCY(r0, 0xc02c5638, &(0x7f0000000040))
ioctl$VIDIOC_SUBDEV_S_DV_TIMINGS(r0, 0xc0845657, &(0x7f0000000080)={0x0, @bt={0x8, 0x101, 0x0, 0x2, 0x7, 0xffffffff, 0x3, 0x1f, 0x7fffffff, 0x4f50, 0x7ff, 0x20, 0x2, 0x80000000, 0x2, 0x20, {0x9, 0x8}, 0x81, 0x1f}})
r1 = syz_open_dev$radio(&(0x7f0000000000)='/dev/radio#\x00', 0x0, 0x2)
ioctl$VIDIOC_S_HW_FREQ_SEEK(r1, 0x40305652, &(0x7f0000000040)={0x0, 0x1, 0x0, 0x7})

17:30:25 executing program 0:
r0 = syz_open_dev$cec(&(0x7f00000002c0)='/dev/cec#\x00', 0x2, 0x2)
syz_open_dev$cec(&(0x7f0000000000)='/dev/cec#\x00', 0x2, 0x2)
ioctl$VIDIOC_TRY_EXT_CTRLS(r0, 0xc0205649, &(0x7f0000000080)={0xa30000, 0x6, 0x5, 0xffffffffffffffff, 0x0, &(0x7f0000000040)={0x980919, 0x3, [], @value64}})
ioctl$VIDIOC_S_OUTPUT(r0, 0xc004562f, &(0x7f00000000c0)=0x200)

17:30:25 executing program 0:
r0 = openat$vicodec0(0xffffffffffffff9c, &(0x7f0000000040)='/dev/video36\x00', 0x2, 0x0)
ioctl$VIDIOC_OVERLAY(r0, 0x4004560e, &(0x7f0000000080)=0x1)
r1 = syz_open_dev$vivid(&(0x7f0000000000)='/dev/video#\x00', 0x0, 0x2)
ioctl$VIDIOC_S_FMT(r1, 0xc0d05605, &(0x7f0000000300)={0x1, @pix_mp={0x0, 0x0, 0x0, 0x0, 0x0, [{0x103, 0xfffffffb}, {0x3, 0xfffffff8}], 0x1c, 0x5, 0x0, 0x2, 0x4}})

17:30:25 executing program 0:
r0 = syz_open_dev$radio(&(0x7f0000000000)='/dev/radio#\x00', 0x1, 0x2)
r1 = syz_open_dev$radio(&(0x7f0000000240)='/dev/radio#\x00', 0x1, 0x2)
ioctl$VIDIOC_QUERYSTD(r1, 0x8008563f, &(0x7f0000000280))
ioctl$VIDIOC_G_FREQUENCY(r0, 0xc02c5638, &(0x7f0000000040)={0x0, 0x4, 0x1f8})
r2 = openat$vicodec0(0xffffffffffffff9c, &(0x7f0000000300)='/dev/video36\x00', 0x2, 0x0)
ioctl$VIDIOC_S_PARM(r2, 0xc0cc5616, &(0x7f0000000340)={0x6, @raw_data="29908b9c05fb4f364067fcda484a3101e52342be2f3e2fa53c5b918da3173775cd9c56f00aefb3b5d466a79d85933ea6e29352f24a38d704255adf09cf4e11e07fffff9f20b174304553caf3b1c44bc976c299dec444018b10dbeefcfb9e4d29de1c2214ea752e1f6736aacfbaa328a0f5ea9b3adaa052344f815f6cb66443058772db4b21c8f5d45e1badb7b64fc73650056f00574d1f44265d683bd5ed78abf7529274651c1e2a27c661eb1f899d805bbfe3b7d078cae67f24326956283a82b238375f793fa721"})
ioctl$VIDIOC_S_DV_TIMINGS(r0, 0xc0845657, &(0x7f0000000080)={0x0, @reserved})
openat$vimc1(0xffffffffffffff9c, &(0x7f00000002c0)='/dev/video1\x00', 0x2, 0x0)
r3 = syz_open_dev$radio(&(0x7f0000000000)='/dev/radio#\x00', 0x1, 0x2)
ioctl$VIDIOC_G_FREQUENCY(r3, 0xc02c5638, &(0x7f0000000040))
ioctl$VIDIOC_G_ENC_INDEX(r2, 0x8818564c, &(0x7f0000000740))
r4 = syz_open_dev$swradio(&(0x7f0000000140)='/dev/swradio#\x00', 0x0, 0x2)
ioctl$VIDIOC_SUBDEV_ENUM_DV_TIMINGS(r4, 0xc0945662, &(0x7f0000000180)={0x33, 0x0, [], {0x0, @reserved}})
ioctl$VIDIOC_ENUMAUDOUT(r0, 0xc0345642, &(0x7f0000000000)={0x7, "661f4d1f91f9f4aefb45c7fd1ff1ccb17eea58a51c25091d6d0be0d32acaf7f5", 0x2, 0x1})
openat$vicodec0(0xffffffffffffff9c, &(0x7f0000000700)='/dev/video36\x00', 0x2, 0x0)

17:30:25 executing program 0:
r0 = syz_open_dev$vivid(&(0x7f0000000040)='/dev/video#\x00', 0x2, 0x2)
ioctl$VIDIOC_LOG_STATUS(r0, 0x5646, 0x0)
r1 = syz_open_dev$radio(&(0x7f0000000000)='/dev/radio#\x00', 0x1, 0x2)
ioctl$VIDIOC_G_FREQUENCY(r1, 0xc02c5638, &(0x7f0000000040))
ioctl$VIDIOC_S_OUTPUT(r1, 0xc004562f, &(0x7f0000000100)=0x2)
syz_open_dev$swradio(&(0x7f0000000000)='/dev/swradio#\x00', 0x0, 0x2)
ioctl$VIDIOC_SUBDEV_G_FMT(r0, 0xc0585604, &(0x7f0000000080)={0x0, 0x0, {0xce0, 0x1, 0x7004, 0x1, 0x7, 0x0, 0x0, 0x4}})

[  105.170460][T12490] vivid-001: =================  START STATUS  =================
[  105.176591][T12490] v4l2-ctrls: vivid-001: Test Pattern: 75% Colorbar
[  105.180958][T12490] v4l2-ctrls: vivid-001: Fill Percentage of Frame: 100
[  105.186628][T12490] v4l2-ctrls: vivid-001: Horizontal Movement: No Movement
[  105.196014][T12490] v4l2-ctrls: vivid-001: Vertical Movement: No Movement
[  105.200388][T12490] v4l2-ctrls: vivid-001: OSD Text Mode: All
[  105.205307][T12490] v4l2-ctrls: vivid-001: Show Border: false
[  105.207226][T12490] v4l2-ctrls: vivid-001: Show Square: false
[  105.209185][T12490] v4l2-ctrls: vivid-001: Sensor Flipped Horizontally: false
[  105.211446][T12490] v4l2-ctrls: vivid-001: Sensor Flipped Vertically: false
[  105.215168][T12490] v4l2-ctrls: vivid-001: Insert SAV Code in Image: false
[  105.217710][T12490] v4l2-ctrls: vivid-001: Insert EAV Code in Image: false
[  105.220867][T12490] v4l2-ctrls: vivid-001: Reduced Framerate: false
[  105.222917][T12490] v4l2-ctrls: vivid-001: Enable Capture Cropping: true
[  105.226714][T12490] v4l2-ctrls: vivid-001: Enable Capture Composing: true
[  105.229030][T12490] v4l2-ctrls: vivid-001: Enable Capture Scaler: true
[  105.231116][T12490] v4l2-ctrls: vivid-001: Timestamp Source: End of Frame
[  105.234455][T12490] v4l2-ctrls: vivid-001: Colorspace: sRGB
[  105.236380][T12490] v4l2-ctrls: vivid-001: Transfer Function: Default
[  105.238621][T12490] v4l2-ctrls: vivid-001: Y'CbCr Encoding: Default
[  105.240953][T12490] v4l2-ctrls: vivid-001: HSV Encoding: Hue 0-179
[  105.242926][T12490] v4l2-ctrls: vivid-001: Quantization: Default
[  105.246046][T12490] v4l2-ctrls: vivid-001: Apply Alpha To Red Only: false
[  105.248285][T12490] v4l2-ctrls: vivid-001: Standard Aspect Ratio: 4x3
[  105.250393][T12490] v4l2-ctrls: vivid-001: DV Timings Signal Mode: Current DV Timings inactive
[  105.254203][T12490] v4l2-ctrls: vivid-001: DV Timings: 640x480p59 inactive
[  105.256525][T12490] v4l2-ctrls: vivid-001: DV Timings Aspect Ratio: Source Width x Height
[  105.259232][T12490] v4l2-ctrls: vivid-001: Maximum EDID Blocks: 2
[  105.261222][T12490] v4l2-ctrls: vivid-001: Limited RGB Range (16-235): false
[  105.264707][T12490] v4l2-ctrls: vivid-001: Rx RGB Quantization Range: Automatic
[  105.267254][T12490] v4l2-ctrls: vivid-001: Power Present: 0x00000001
[  105.269375][T12490] tpg source WxH: 320x180 (R'G'B)
[  105.270958][T12490] tpg field: 1
[  105.272202][T12490] tpg crop: 320x180@0x0
[  105.275087][T12490] tpg compose: 320x180@0x0
[  105.276711][T12490] tpg colorspace: 8
[  105.278061][T12490] tpg transfer function: 0/0
[  105.279685][T12490] tpg quantization: 0/0
[  105.281184][T12490] tpg RGB range: 0/2
[  105.282571][T12490] vivid-001: ==================  END STATUS  ==================
[  105.288688][T12490] vivid-001: =================  START STATUS  =================
[  105.291846][T12490] v4l2-ctrls: vivid-001: Test Pattern: 75% Colorbar
[  105.295083][T12490] v4l2-ctrls: vivid-001: Fill Percentage of Frame: 100
[  105.297507][T12490] v4l2-ctrls: vivid-001: Horizontal Movement: No Movement
[  105.299894][T12490] v4l2-ctrls: vivid-001: Vertical Movement: No Movement
[  105.302321][T12490] v4l2-ctrls: vivid-001: OSD Text Mode: All
[  105.305620][T12490] v4l2-ctrls: vivid-001: Show Border: false
[  105.307734][T12490] v4l2-ctrls: vivid-001: Show Square: false
[  105.309830][T12490] v4l2-ctrls: vivid-001: Sensor Flipped Horizontally: false
[  105.312279][T12490] v4l2-ctrls: vivid-001: Sensor Flipped Vertically: false
[  105.316039][T12490] v4l2-ctrls: vivid-001: Insert SAV Code in Image: false
[  105.318496][T12490] v4l2-ctrls: vivid-001: Insert EAV Code in Image: false
[  105.320842][T12490] v4l2-ctrls: vivid-001: Reduced Framerate: false
[  105.322864][T12490] v4l2-ctrls: vivid-001: Enable Capture Cropping: true
[  105.326128][T12490] v4l2-ctrls: vivid-001: Enable Capture Composing: true
[  105.328604][T12490] v4l2-ctrls: vivid-001: Enable Capture Scaler: true
[  105.330828][T12490] v4l2-ctrls: vivid-001: Timestamp Source: End of Frame
[  105.334171][T12490] v4l2-ctrls: vivid-001: Colorspace: sRGB
[  105.336146][T12490] v4l2-ctrls: vivid-001: Transfer Function: Default
[  105.338774][T12490] v4l2-ctrls: vivid-001: Y'CbCr Encoding: Default
[  105.340889][T12490] v4l2-ctrls: vivid-001: HSV Encoding: Hue 0-179
[  105.342845][T12490] v4l2-ctrls: vivid-001: Quantization: Default
[  105.346287][T12490] v4l2-ctrls: vivid-001: Apply Alpha To Red Only: false
[  105.348720][T12490] v4l2-ctrls: vivid-001: Standard Aspect Ratio: 4x3
[  105.350881][T12490] v4l2-ctrls: vivid-001: DV Timings Signal Mode: Current DV Timings inactive
[  105.354748][T12490] v4l2-ctrls: vivid-001: DV Timings: 640x480p59 inactive
[  105.357054][T12490] v4l2-ctrls: vivid-001: DV Timings Aspect Ratio: Source Width x Height
[  105.359856][T12490] v4l2-ctrls: vivid-001: Maximum EDID Blocks: 2
[  105.362003][T12490] v4l2-ctrls: vivid-001: Limited RGB Range (16-235): false
[  105.365571][T12490] v4l2-ctrls: vivid-001: Rx RGB Quantization Range: Automatic
[  105.368069][T12490] v4l2-ctrls: vivid-001: Power Present: 0x00000001
[  105.370282][T12490] tpg source WxH: 320x180 (R'G'B)
[  105.371943][T12490] tpg field: 1
[  105.374259][T12490] tpg crop: 320x180@0x0
[  105.375656][T12490] tpg compose: 320x180@0x0
[  105.377112][T12490] tpg colorspace: 8
[  105.378388][T12490] tpg transfer function: 0/0
[  105.379973][T12490] tpg quantization: 0/0
[  105.381351][T12490] tpg RGB range: 0/2
[  105.382629][T12490] vivid-001: ==================  END STATUS  ==================
17:30:25 executing program 0:
r0 = syz_open_dev$swradio(&(0x7f0000000480)='/dev/swradio#\x00', 0x1, 0x2)
ioctl$VIDIOC_SUBSCRIBE_EVENT(r0, 0x4020565a, &(0x7f00000004c0)={0x3, 0x28000000, 0x1})
r1 = syz_open_dev$radio(&(0x7f0000000000)='/dev/radio#\x00', 0x1, 0x2)
ioctl$VIDIOC_STREAMOFF(r1, 0x40045613, &(0x7f0000000100)=0xadc0)
ioctl$VIDIOC_QUERY_EXT_CTRL(r1, 0xc0e85667, &(0x7f0000000000)={0x40000000, 0x6, "d10272a467dfa2231f3fc3beb272e925cc079697fc4c8b0159e1ee802d8ccd1d", 0x3c2, 0x8, 0x1ff, 0xff, 0x101, 0x40, 0x9, 0x5, [0x1, 0x8a37, 0x9]})

17:30:25 executing program 0:
r0 = syz_open_dev$vbi(&(0x7f0000000040)='/dev/vbi#\x00', 0x1, 0x2)
ioctl$VIDIOC_REQBUFS(r0, 0xc0145608, &(0x7f0000000080)={0x7, 0x5, 0x1})
r1 = syz_open_dev$vbi(&(0x7f0000000180)='/dev/vbi#\x00', 0x0, 0x2)
ioctl$VIDIOC_SUBDEV_ENUM_FRAME_INTERVAL(r1, 0xc040564b, &(0x7f00000001c0)={0x46, 0x0, 0x2023, 0x9, 0x6, {0x1, 0xffff}})
ioctl$VIDIOC_REQBUFS(r0, 0xc0145608, &(0x7f0000000000)={0x0, 0x5, 0x1})
r2 = syz_open_dev$radio(&(0x7f0000000000)='/dev/radio#\x00', 0x1, 0x2)
ioctl$VIDIOC_G_FREQUENCY(r2, 0xc02c5638, &(0x7f0000000040))
ioctl$VIDIOC_OVERLAY(r2, 0x4004560e, &(0x7f0000000140)=0x1)
r3 = syz_open_dev$radio(&(0x7f0000000000)='/dev/radio#\x00', 0x1, 0x2)
ioctl$VIDIOC_G_FREQUENCY(r3, 0xc02c5638, &(0x7f0000000040))
ioctl$VIDIOC_QUERYCAP(r3, 0x80685600, &(0x7f00000000c0))

17:30:25 executing program 0:
openat$vicodec1(0xffffffffffffff9c, &(0x7f0000000040)='/dev/video37\x00', 0x2, 0x0)
r0 = openat$vimc1(0xffffffffffffff9c, &(0x7f0000000000)='/dev/video1\x00', 0x2, 0x0)
ioctl$VIDIOC_DQEVENT(r0, 0x80885659, &(0x7f0000000080)={0x0, @src_change})
r1 = syz_open_dev$vivid(&(0x7f0000000140)='/dev/video#\x00', 0x0, 0x2)
ioctl$VIDIOC_S_FREQUENCY(r1, 0x402c5639, &(0x7f0000000180)={0x8000, 0x1, 0x101})

17:30:26 executing program 0:
syz_open_dev$vivid(&(0x7f0000000000)='/dev/video#\x00', 0x0, 0x2)
ioctl$VIDIOC_REQBUFS(0xffffffffffffffff, 0xc0145608, &(0x7f0000000140)={0x400, 0x1, 0x4})

17:30:26 executing program 0:
r0 = openat$vicodec0(0xffffffffffffff9c, &(0x7f0000000040)='/dev/video36\x00', 0x2, 0x0)
ioctl$VIDIOC_G_FMT(r0, 0xc0d05604, &(0x7f0000000240)={0x8, @pix_mp={0x0, 0x0, 0x0, 0x0, 0x0, [{}, {}, {0x0, 0xffffffff}, {}, {0x0, 0xfffffffe}, {0xfffffffe}]}})

17:30:26 executing program 0:
r0 = openat$vicodec0(0xffffffffffffff9c, &(0x7f0000000000)='/dev/video36\x00', 0x2, 0x0)
ioctl$VIDIOC_REQBUFS(r0, 0xc0145608, &(0x7f0000000080)={0x3f, 0x2, 0x1})
ioctl$VIDIOC_ENUM_FRAMEINTERVALS(r0, 0xc034564b, &(0x7f0000000040)={0x7, 0x42303159, 0x3ff, 0x0, 0x3, @stepwise={{}, {0x9a0, 0x4}, {0x0, 0x100}}})

17:30:26 executing program 0:
r0 = syz_open_dev$vivid(&(0x7f0000000100)='/dev/video#\x00', 0x2, 0x2)
ioctl$VIDIOC_S_FMT(r0, 0xc0d05605, &(0x7f0000000000)={0x9, @pix_mp={0x0, 0x0, 0x33524742}})
r1 = syz_open_dev$radio(&(0x7f0000000000)='/dev/radio#\x00', 0x1, 0x2)
r2 = syz_open_dev$radio(&(0x7f0000000000)='/dev/radio#\x00', 0x1, 0x2)
ioctl$VIDIOC_G_FREQUENCY(r2, 0xc02c5638, &(0x7f0000000040))
ioctl$VIDIOC_G_FREQUENCY(r2, 0xc02c5638, &(0x7f0000000180)={0x1, 0x5, 0x4})
ioctl$VIDIOC_G_FREQUENCY(r1, 0xc02c5638, &(0x7f0000000040))
r3 = syz_open_dev$radio(&(0x7f0000000000)='/dev/radio#\x00', 0x1, 0x2)
ioctl$VIDIOC_G_FREQUENCY(r3, 0xc02c5638, &(0x7f0000000040))
ioctl$VIDIOC_G_FMT(r3, 0xc0d05604, &(0x7f00000001c0)={0xb, @sliced={0xe168, [0x1f, 0x3, 0xf1f, 0x0, 0x36b, 0xfdf0, 0x7, 0x1ff, 0x20, 0x1, 0x19c5, 0x8498, 0x9, 0x4, 0x1, 0x0, 0x8, 0x0, 0x3, 0x9, 0x1, 0x1f, 0x20, 0x7, 0x0, 0xd6a7, 0x9, 0x18, 0xfffd, 0x1f, 0xc265, 0xde9, 0x1, 0x7, 0x81, 0x4, 0xf0e2, 0x1, 0x1, 0x5, 0xfff8, 0x7, 0x401, 0x9, 0x4, 0x9, 0x2, 0x6], 0x8}})
ioctl$VIDIOC_S_SELECTION(r1, 0xc040565f, &(0x7f0000000140)={0x5, 0x102, 0x7, {0x100, 0x0, 0x10000, 0xb1ff}})

17:30:26 executing program 0:
r0 = syz_open_dev$vivid(&(0x7f0000000040)='/dev/video#\x00', 0x2, 0x2)
ioctl$VIDIOC_G_CROP(r0, 0xc014563b, &(0x7f0000000000)={0xe9b90e9ef45a83a0})
r1 = syz_open_dev$vivid(&(0x7f0000000080)='/dev/video#\x00', 0x0, 0x2)
r2 = syz_open_dev$radio(&(0x7f0000000000)='/dev/radio#\x00', 0x1, 0x2)
ioctl$VIDIOC_G_FREQUENCY(r2, 0xc02c5638, &(0x7f0000000040))
ioctl$VIDIOC_TRY_EXT_CTRLS(r2, 0xc0205649, &(0x7f0000000180)={0xa20000, 0x6, 0x2, 0xffffffffffffffff, 0x0, &(0x7f0000000140)={0x9b0970, 0xfffffff9, [], @p_u16=&(0x7f0000000100)}})
ioctl$VIDIOC_SUBDEV_G_SELECTION(r1, 0xc040563d, &(0x7f00000000c0)={0x0, 0x0, 0x101, 0x2, {0x1, 0x3, 0xffffffff, 0x6}})

17:30:26 executing program 0:
syz_open_dev$radio(&(0x7f0000000100)='/dev/radio#\x00', 0x2, 0x2)
openat$vicodec1(0xffffffffffffff9c, &(0x7f0000000000)='/dev/video37\x00', 0x2, 0x0)
r0 = syz_open_dev$radio(&(0x7f0000000000)='/dev/radio#\x00', 0x1, 0x2)
ioctl$VIDIOC_G_FREQUENCY(r0, 0xc02c5638, &(0x7f0000000040))
r1 = syz_open_dev$radio(&(0x7f0000000000)='/dev/radio#\x00', 0x1, 0x2)
ioctl$VIDIOC_G_FREQUENCY(r1, 0xc02c5638, &(0x7f0000000040))
r2 = syz_open_dev$radio(&(0x7f0000000080)='/dev/radio#\x00', 0x2, 0x2)
ioctl$VIDIOC_LOG_STATUS(r2, 0x5646, 0x0)

[  105.755823][T12525] vivid-001: =================  START STATUS  =================
[  105.761616][T12525] v4l2-ctrls: vivid-001: Radio HW Seek Mode: Bounded
[  105.765984][T12525] v4l2-ctrls: vivid-001: Radio Programmable HW Seek: false
[  105.768858][T12525] v4l2-ctrls: vivid-001: RDS Rx I/O Mode: Block I/O
[  105.770936][T12525] v4l2-ctrls: vivid-001: Generate RBDS Instead of RDS: false
[  105.774495][T12525] v4l2-ctrls: vivid-001: RDS Reception: true
[  105.776482][T12525] v4l2-ctrls: vivid-001: RDS Program Type: 0 inactive
[  105.778633][T12525] v4l2-ctrls: vivid-001: RDS PS Name:  inactive
[  105.780610][T12525] v4l2-ctrls: vivid-001: RDS Radio Text:  inactive
[  105.782676][T12525] v4l2-ctrls: vivid-001: RDS Traffic Announcement: false inactive
[  105.786365][T12525] v4l2-ctrls: vivid-001: RDS Traffic Program: false inactive
[  105.788828][T12525] v4l2-ctrls: vivid-001: RDS Music: false inactive
[  105.790945][T12525] vivid-001: ==================  END STATUS  ==================
17:30:26 executing program 0:
r0 = syz_open_dev$vivid(&(0x7f0000000000)='/dev/video#\x00', 0x0, 0x2)
ioctl$VIDIOC_S_FMT(r0, 0xc0d05605, &(0x7f00000001c0)={0x1, @pix={0x0, 0x0, 0x0, 0x3}})
r1 = syz_open_dev$radio(&(0x7f0000000000)='/dev/radio#\x00', 0x1, 0x2)
ioctl$VIDIOC_G_FREQUENCY(r1, 0xc02c5638, &(0x7f0000000040))
ioctl$VIDIOC_ENUM_FRAMESIZES(r1, 0xc02c564a, &(0x7f0000000040)={0x80000000, 0x3136564e, 0x2, @stepwise={0x7ff, 0x8, 0x851dfc0a, 0x9, 0x9, 0x1}})
r2 = syz_open_dev$vivid(&(0x7f0000000080)='/dev/video#\x00', 0x3, 0x2)
ioctl$VIDIOC_SUBDEV_ENUM_FRAME_SIZE(r2, 0xc040564a, &(0x7f00000000c0)={0x7, 0x0, 0x0, 0x3, 0x400, 0x3, 0x0, 0x1})

17:30:26 executing program 0:
syz_open_dev$vivid(&(0x7f0000000000)='/dev/video#\x00', 0x3, 0x2)
r0 = syz_open_dev$radio(&(0x7f0000000240)='/dev/radio#\x00', 0x0, 0x2)
ioctl$VIDIOC_S_STD(r0, 0x40085618, &(0x7f00000002c0)=0x3200e0)
ioctl$VIDIOC_LOG_STATUS(r0, 0x5646, 0x0)
r1 = syz_open_dev$vivid(&(0x7f0000000300)='/dev/video#\x00', 0x2, 0x2)
ioctl$VIDIOC_G_SELECTION(r1, 0xc040565e, &(0x7f0000000340)={0x6, 0x0, 0x4, {0x0, 0x8ef, 0x8, 0x2}})
ioctl$VIDIOC_G_CROP(r0, 0xc014563b, &(0x7f0000000280)={0x9, {0x4, 0x1f, 0x3, 0x101}})
r2 = syz_open_dev$vbi(&(0x7f0000000140)='/dev/vbi#\x00', 0x0, 0x2)
ioctl$VIDIOC_G_DV_TIMINGS(r2, 0xc0845658, &(0x7f0000000180)={0x0, @bt={0x32, 0x8000, 0x1, 0x2715e10e822f05b7, 0x5, 0x56a, 0x7, 0xffffffff, 0x7, 0x3, 0x2, 0x4, 0x3f, 0x6, 0x0, 0x22, {0x6, 0xfffffff7}, 0x10, 0x4}})
r3 = syz_open_dev$radio(&(0x7f0000000000)='/dev/radio#\x00', 0x1, 0x2)
ioctl$VIDIOC_G_FREQUENCY(r3, 0xc02c5638, &(0x7f0000000040))
ioctl$VIDIOC_S_FBUF(r3, 0x4030560b, &(0x7f0000000440)={0x14, 0x2, &(0x7f0000000380)="7586e1a10a3a59c3e8287f69b1e5c169e1f310bcb4d304d651d3ef3bdd650d0ab63f15681ca52dacb98777161a6b547cfd5ce3d45b1fd6fd79fefb1ac6ec623bd0191e3b6bc780e5d4d2ab4f24f200ea5cea45ce650ac8289daf674cd6fa430f9deb17d064381d80e28f89252bede10a5810b87546cca7259958bfbe791b979cc9bc940953e42e83b530acc2df7b33af25d50adec71708790f3afa77daae1884cdb3a0466f13ba86c2d1bad264eaa529", {0xfff, 0x4, 0x41495043, 0x7, 0xfffffff7, 0x7ff, 0x0, 0x4}})
r4 = syz_open_dev$radio(&(0x7f0000000000)='/dev/radio#\x00', 0x1, 0x2)
ioctl$VIDIOC_G_FREQUENCY(r4, 0xc02c5638, &(0x7f0000000040))
ioctl$VIDIOC_S_FMT(r4, 0xc0d05605, &(0x7f0000000040)={0xa, @pix={0x5, 0x9, 0x50424752, 0x9a255c1b0f608996, 0xffff0000, 0x2ccfde33, 0x2, 0x5, 0x0, 0x6, 0x2, 0x4}})

[  105.862166][T12534] vivid-000: =================  START STATUS  =================
[  105.869260][T12534] v4l2-ctrls: vivid-000: Radio HW Seek Mode: Bounded
[  105.876312][T12534] v4l2-ctrls: vivid-000: Radio Programmable HW Seek: false
[  105.880938][T12534] v4l2-ctrls: vivid-000: RDS Rx I/O Mode: Block I/O
[  105.886529][T12534] v4l2-ctrls: vivid-000: Generate RBDS Instead of RDS: false
[  105.896334][T12534] v4l2-ctrls: vivid-000: RDS Reception: true
[  105.900574][T12534] v4l2-ctrls: vivid-000: RDS Program Type: 0 inactive
[  105.905302][T12534] v4l2-ctrls: vivid-000: RDS PS Name:  inactive
[  105.910692][T12534] v4l2-ctrls: vivid-000: RDS Radio Text:  inactive
[  105.912927][T12534] v4l2-ctrls: vivid-000: RDS Traffic Announcement: false inactive
[  105.918343][T12534] v4l2-ctrls: vivid-000: RDS Traffic Program: false inactive
[  105.926334][T12534] v4l2-ctrls: vivid-000: RDS Music: false inactive
[  105.929743][T12534] vivid-000: ==================  END STATUS  ==================
17:30:26 executing program 0:
r0 = syz_open_dev$radio(&(0x7f0000000240)='/dev/radio#\x00', 0x2, 0x2)
ioctl$VIDIOC_G_FREQUENCY(r0, 0xc02c5638, &(0x7f0000000280))
r1 = openat$vicodec1(0xffffffffffffff9c, &(0x7f0000000000)='/dev/video37\x00', 0x2, 0x0)
r2 = syz_open_dev$vbi(&(0x7f0000000080)='/dev/vbi#\x00', 0x1, 0x2)
ioctl$VIDIOC_SUBDEV_G_EDID(r2, 0xc0285628, &(0x7f0000000100)={0x0, 0x4, 0x5, [], &(0x7f00000000c0)=0x81})
ioctl$VIDIOC_G_FREQUENCY(r1, 0xc02c5638, &(0x7f0000000040)={0x9, 0x3, 0x3})

17:30:26 executing program 0:
r0 = openat$vicodec0(0xffffffffffffff9c, &(0x7f0000000040)='/dev/video36\x00', 0x2, 0x0)
r1 = syz_open_dev$radio(&(0x7f0000000000)='/dev/radio#\x00', 0x1, 0x2)
ioctl$VIDIOC_G_FREQUENCY(r1, 0xc02c5638, &(0x7f0000000040))
ioctl$VIDIOC_S_HW_FREQ_SEEK(r0, 0x40305652, &(0x7f00000000c0)={0x5, 0x2, 0x6, 0x4, 0x7f0f5804, 0x7f, 0x9})
r2 = syz_open_dev$radio(&(0x7f0000000000)='/dev/radio#\x00', 0x1, 0x2)
r3 = syz_open_dev$radio(&(0x7f0000000000)='/dev/radio#\x00', 0x1, 0x2)
ioctl$VIDIOC_G_FREQUENCY(r3, 0xc02c5638, &(0x7f0000000040))
ioctl$VIDIOC_G_OUTPUT(r3, 0x8004562e, &(0x7f0000000180))
ioctl$VIDIOC_G_FREQUENCY(r2, 0xc02c5638, &(0x7f0000000040))
ioctl$VIDIOC_REQBUFS(r2, 0xc0145608, &(0x7f0000000140)={0x8, 0x2, 0x3})
r4 = openat$vicodec1(0xffffffffffffff9c, &(0x7f0000000080)='/dev/video37\x00', 0x2, 0x0)
ioctl$VIDIOC_TRY_ENCODER_CMD(r0, 0xc028564e, &(0x7f0000000100)={0x2, 0x0, [0xb93, 0x100, 0x9, 0x2, 0x8000, 0xfffffbff, 0x8, 0x8]})
ioctl$VIDIOC_REQBUFS(r4, 0xc0145608, &(0x7f0000000340)={0x210000, 0x1, 0x4})

17:30:26 executing program 0:
r0 = syz_open_dev$vbi(&(0x7f0000000040)='/dev/vbi#\x00', 0x0, 0x2)
ioctl$VIDIOC_SUBDEV_S_DV_TIMINGS(r0, 0xc0845657, &(0x7f0000000140)={0x0, @reserved})

17:30:26 executing program 0:
r0 = syz_open_dev$vivid(&(0x7f0000000000)='/dev/video#\x00', 0x3, 0x2)
ioctl$VIDIOC_REQBUFS(r0, 0xc0145608, &(0x7f0000000040)={0x8, 0xa, 0x4})
r1 = openat$vimc0(0xffffffffffffff9c, &(0x7f0000000080)='/dev/video0\x00', 0x2, 0x0)
ioctl$VIDIOC_UNSUBSCRIBE_EVENT(r0, 0x4020565b, &(0x7f00000001c0)={0x1, 0x7fff, 0x1})
r2 = syz_open_dev$radio(&(0x7f0000000000)='/dev/radio#\x00', 0x1, 0x2)
ioctl$VIDIOC_G_FREQUENCY(r2, 0xc02c5638, &(0x7f0000000040))
ioctl$VIDIOC_S_FMT(r2, 0xc0d05605, &(0x7f0000000200)={0x8, @vbi={0x1c37, 0x9, 0xa499, 0x3631564e, [0x9], [0x1000, 0x1ff], 0x1}})
ioctl$VIDIOC_TRY_EXT_CTRLS(r1, 0xc0205649, &(0x7f0000000180)={0x9d0000, 0x64f, 0x7fff, r0, 0x0, &(0x7f0000000140)={0x9b090e, 0x33c3, [], @string=&(0x7f0000000100)=0x6}})
r3 = syz_open_dev$radio(&(0x7f0000000000)='/dev/radio#\x00', 0x1, 0x2)
ioctl$VIDIOC_G_FREQUENCY(r3, 0xc02c5638, &(0x7f0000000040))
ioctl$VIDIOC_G_FMT(r3, 0xc0d05604, &(0x7f0000000380)={0x1, @pix_mp={0x9, 0xffffff74, 0x59565955, 0x8, 0x0, [{0x80ac, 0xd}, {0x9, 0x80000001}, {0x7, 0x20}, {0x401, 0x800}, {0x8, 0x400}, {0x8, 0x75}, {0x7ff, 0x413a}, {0x0, 0x8}], 0x0, 0x62, 0x0, 0x0, 0x2}})
ioctl$VIDIOC_S_CROP(r0, 0x4014563c, &(0x7f00000000c0)={0x2, {0x3, 0x48, 0x0, 0x2}})
ioctl$VIDIOC_G_EDID(r2, 0xc0285628, &(0x7f0000000340)={0x0, 0x10001, 0xce6, [], &(0x7f0000000300)=0x1})

17:30:26 executing program 0:
r0 = openat$vicodec0(0xffffffffffffff9c, &(0x7f0000000040)='/dev/video36\x00', 0x2, 0x0)
ioctl$VIDIOC_SUBDEV_ENUM_FRAME_INTERVAL(r0, 0xc040564b, &(0x7f0000000080)={0xd9, 0x0, 0x3016, 0x3, 0x8000, {0xff, 0x1}})
r1 = openat$vicodec1(0xffffffffffffff9c, &(0x7f0000000000)='/dev/video37\x00', 0x2, 0x0)
ioctl$VIDIOC_REQBUFS(r1, 0xc0145608, &(0x7f00000000c0)={0x7, 0x1, 0x1})

17:30:26 executing program 0:
r0 = syz_open_dev$radio(&(0x7f0000000140)='/dev/radio#\x00', 0x1, 0x2)
ioctl$VIDIOC_S_DV_TIMINGS(r0, 0xc0845657, &(0x7f0000000180)={0x0, @bt={0x7fffffff, 0x0, 0x1, 0x1, 0x8d71, 0x4, 0x3f, 0x4, 0x7, 0x0, 0x40, 0x75a3dea8, 0x7, 0x7, 0x0, 0x8, {0x5, 0x6}, 0x7, 0x4}})
r1 = syz_open_dev$vbi(&(0x7f0000000080)='/dev/vbi#\x00', 0x2, 0x2)
ioctl$VIDIOC_S_TUNER(r1, 0x4054561e, &(0x7f0000000000)={0x9fe6, "1de96d11c6c398cf1e0abc226843746261142ea59bb419d9f8822e7c629c2bf1", 0x1, 0x0, 0x0, 0x0, 0x0, 0x0, 0xfffffffd, 0x7})
ioctl$VIDIOC_G_AUDOUT(r1, 0x80345631, &(0x7f00000000c0))
r2 = syz_open_dev$radio(&(0x7f0000000000)='/dev/radio#\x00', 0x1, 0x2)
ioctl$VIDIOC_G_FREQUENCY(r2, 0xc02c5638, &(0x7f0000000040))
ioctl$VIDIOC_DBG_S_REGISTER(r2, 0x4038564f, &(0x7f0000000100)={{0x2, @addr=0x3}, 0x8, 0x3f, 0xfb})
ioctl$VIDIOC_TRY_ENCODER_CMD(r2, 0xc028564e, &(0x7f0000000240)={0x0, 0x1, [0x7ff, 0x401, 0x5, 0x3ff, 0x1b9, 0x400, 0x7f, 0x800]})

17:30:26 executing program 0:
r0 = syz_open_dev$vivid(&(0x7f0000000040)='/dev/video#\x00', 0x2, 0x2)
ioctl$VIDIOC_S_STD(r0, 0x40085618, &(0x7f0000000000)=0xff06ff)
ioctl$VIDIOC_SUBDEV_ENUM_MBUS_CODE(r0, 0xc0305602, &(0x7f0000000080)={0x0, 0x7f, 0x3016})

17:30:26 executing program 0:
r0 = syz_open_dev$radio(&(0x7f0000000000)='/dev/radio#\x00', 0x1, 0x2)
ioctl$VIDIOC_G_FREQUENCY(r0, 0xc02c5638, &(0x7f0000000040))
ioctl$VIDIOC_UNSUBSCRIBE_EVENT(r0, 0x4020565b, &(0x7f0000000000)={0x2, 0x6, 0x1})
r1 = syz_open_dev$vbi(&(0x7f0000000040)='/dev/vbi#\x00', 0x2, 0x2)
ioctl$VIDIOC_S_FMT(r1, 0xc0d05605, &(0x7f00000000c0)={0x5, @raw_data="57c2be62e28906c5a6c1af2131dc32067d8ce704c4cd32c4f3c79d8c480cbbfdbf0815db7442b18150302984605c68d6ba2e82ad3524a9dc5b18b00f77e964de244dc234aeac4bdf5746899aad6473222467d7a6fa38a795a65ce490080e940aa8ce84d183b2c16864aed47ec7b3c956adaf7ccc5de2fa5249081adfc378b8620585999cabcddbb38673dd9add462b3b793358682fe2eeb8d76daa72ea0d61e4715aa747031deec7f0766278239e400c842c56e178423790959561f75f2ce299f9728a912a6e4e6b"})

17:30:26 executing program 0:
r0 = syz_open_dev$swradio(&(0x7f00000002c0)='/dev/swradio#\x00', 0x1, 0x2)
r1 = openat$vimc1(0xffffffffffffff9c, &(0x7f0000000040)='/dev/video1\x00', 0x2, 0x0)
ioctl$VIDIOC_QUERYSTD(r0, 0x8008563f, &(0x7f0000000080))
ioctl$VIDIOC_REQBUFS(r1, 0xc0145608, &(0x7f0000000000)={0x0, 0xc, 0x1})

17:30:26 executing program 0:
r0 = syz_open_dev$vivid(&(0x7f0000000100)='/dev/video#\x00', 0x0, 0x2)
ioctl$VIDIOC_G_PRIORITY(r0, 0x80045643, 0x0)
r1 = syz_open_dev$vbi(&(0x7f0000000000)='/dev/vbi#\x00', 0x2, 0x2)
ioctl$VIDIOC_G_ENC_INDEX(r1, 0x8818564c, &(0x7f0000000d40))
ioctl$VIDIOC_SUBDEV_QUERY_DV_TIMINGS(r1, 0x80845663, &(0x7f0000000140))
ioctl$VIDIOC_S_FMT(r0, 0xc0d05605, &(0x7f0000000400)={0x3, @win={{}, 0x0, 0x0, 0x0, 0x0, &(0x7f0000000300)}})
ioctl$VIDIOC_SUBDEV_S_EDID(0xffffffffffffffff, 0xc0285629, &(0x7f0000000080)={0x0, 0xfffff9cc, 0x400, [], &(0x7f0000000040)=0x3f})

17:30:26 executing program 0:
r0 = syz_open_dev$vivid(&(0x7f0000000080)='/dev/video#\x00', 0x2, 0x2)
ioctl$VIDIOC_S_STD(r0, 0x40085618, &(0x7f00000000c0))
r1 = syz_open_dev$radio(&(0x7f0000000000)='/dev/radio#\x00', 0x1, 0x2)
ioctl$VIDIOC_G_FREQUENCY(r1, 0xc02c5638, &(0x7f0000000040))
ioctl$VIDIOC_TRY_FMT(r1, 0xc0d05640, &(0x7f0000000100)={0x2, @sdr={0x3136564e, 0xfff}})

17:30:26 executing program 0:
r0 = syz_open_dev$cec(&(0x7f0000000000)='/dev/cec#\x00', 0x2, 0x2)
ioctl$VIDIOC_G_FBUF(r0, 0x8030560a, 0x0)
ioctl$VIDIOC_DBG_G_CHIP_INFO(r0, 0xc0c85666, &(0x7f0000000040)={{0x2, @name="0dfb3eabca8bdd26f247ee8e84101858e0d2a51333bafade1e3c32f8e9e8d502"}, "8b6c3f051cb0994d0ae3e33b8e431087099e55256d465510512bc6b116a665e4", 0x3})
r1 = syz_open_dev$radio(&(0x7f0000000000)='/dev/radio#\x00', 0x1, 0x2)
ioctl$VIDIOC_G_FREQUENCY(r1, 0xc02c5638, &(0x7f0000000040))
ioctl$VIDIOC_S_TUNER(r1, 0x4054561e, &(0x7f0000000200)={0xff2, "e6e05b912a3431204e786b4deed490bc87ae0d7214e2c6a27c461f5fdd58f8b7", 0x4, 0x40, 0xffff0001, 0x1e9e, 0x2, 0x4, 0x80, 0x10001})
ioctl$VIDIOC_DV_TIMINGS_CAP(r0, 0xc0905664, &(0x7f0000000140)={0x0, 0x0, [], @bt={0xffff, 0xb1bd, 0x3, 0x0, 0x1f, 0x0, 0x5, 0x2}})

17:30:26 executing program 0:
r0 = syz_open_dev$vivid(&(0x7f0000000080)='/dev/video#\x00', 0x2, 0x2)
r1 = openat$vimc1(0xffffffffffffff9c, &(0x7f0000000000)='/dev/video1\x00', 0x2, 0x0)
ioctl$VIDIOC_LOG_STATUS(r1, 0x5646, 0x0)
ioctl$VIDIOC_S_STD(r0, 0x40085618, &(0x7f00000000c0))

17:30:27 executing program 0:
r0 = syz_open_dev$vivid(&(0x7f0000000200)='/dev/video#\x00', 0x2, 0x2)
ioctl$VIDIOC_TRY_FMT(r0, 0xc0d05640, &(0x7f00000000c0)={0x2, @sdr={0x34363248, 0x9}})
ioctl$VIDIOC_S_FBUF(r0, 0x4030560b, &(0x7f0000000080)={0x0, 0x0, 0x0})
r1 = syz_open_dev$vivid(&(0x7f0000000000)='/dev/video#\x00', 0x3, 0x2)
syz_open_dev$vivid(&(0x7f00000001c0)='/dev/video#\x00', 0x3, 0x2)
ioctl$VIDIOC_EXPBUF(r1, 0xc0405610, &(0x7f0000000040)={0xc, 0x6, 0xed, 0x4000})

17:30:27 executing program 0:
syz_open_dev$swradio(&(0x7f0000000000)='/dev/swradio#\x00', 0x0, 0x2)

17:30:27 executing program 0:
r0 = syz_open_dev$vbi(&(0x7f0000000100)='/dev/vbi#\x00', 0x2, 0x2)
ioctl$VIDIOC_CREATE_BUFS(r0, 0xc100565c, &(0x7f0000000300)={0x0, 0x40, 0x4, {0x4, @win={{0x0, 0x0, 0x1}, 0x0, 0x0, &(0x7f00000001c0), 0x0, 0x0}}})
ioctl$VIDIOC_REQBUFS(r0, 0xc0145608, &(0x7f0000000000)={0x6, 0xc})

17:30:27 executing program 0:
ioctl$VIDIOC_ENUM_FREQ_BANDS(0xffffffffffffffff, 0xc0405665, &(0x7f0000000000)={0x4, 0x2, 0x7, 0x4, 0x7fffffff, 0x2, 0x2})
ioctl$VIDIOC_STREAMON(0xffffffffffffffff, 0x40045612, &(0x7f0000000040)=0x6)
ioctl$VIDIOC_S_AUDIO(0xffffffffffffffff, 0x40345622, &(0x7f0000000080)={0x4, "cd67fb70b1bf0480d346d040697106d6eb331865a7a5885ec459145a1fd2e31d", 0x1, 0x1})
ioctl$VIDIOC_DQEVENT(0xffffffffffffffff, 0x80885659, &(0x7f00000000c0))
ioctl$VIDIOC_S_OUTPUT(0xffffffffffffffff, 0xc004562f, &(0x7f0000000180)=0x200)
ioctl$VIDIOC_G_OUTPUT(0xffffffffffffffff, 0x8004562e, &(0x7f00000001c0))
ioctl$VIDIOC_TRY_ENCODER_CMD(0xffffffffffffffff, 0xc028564e, &(0x7f0000000200)={0x2, 0x1, [0x9, 0x0, 0x0, 0x9, 0x9c7e, 0x9, 0x0, 0x100]})
r0 = openat$vimc1(0xffffffffffffff9c, &(0x7f0000000240)='/dev/video1\x00', 0x2, 0x0)
ioctl$VIDIOC_LOG_STATUS(r0, 0x5646, 0x0)
r1 = openat$vicodec1(0xffffffffffffff9c, &(0x7f0000000280)='/dev/video37\x00', 0x2, 0x0)
ioctl$VIDIOC_SUBDEV_DV_TIMINGS_CAP(r0, 0xc0905664, &(0x7f00000002c0)={0x0, 0x0, [], @bt={0xffff, 0x5, 0x2, 0x1, 0x0, 0x1f, 0x0, 0x2}})
ioctl$VIDIOC_ENUMOUTPUT(r0, 0xc0485630, &(0x7f0000000380)={0xff, "126001a185df0d08e50516a66a0366f9f893c9aeb436efb209d7f6b136ac577e", 0x3, 0x80000001, 0x10001, 0x1000, 0x2})
r2 = openat$vicodec1(0xffffffffffffff9c, &(0x7f0000000400)='/dev/video37\x00', 0x2, 0x0)
ioctl$VIDIOC_ENUM_FRAMEINTERVALS(r2, 0xc034564b, &(0x7f0000000440)={0xc0000000, 0x36314d4e, 0x1000, 0x17, 0x1, @discrete={0x1, 0x1ff}})
ioctl$VIDIOC_SUBDEV_G_FRAME_INTERVAL(r1, 0xc0305615, &(0x7f0000000480)={0x0, {0x7, 0x7}})
ioctl$VIDIOC_ENUMINPUT(r2, 0xc050561a, &(0x7f00000004c0)={0x5, "5863f2f807bb9a79cfa9233f6a9a7f222f61a8b554f5c4569b3e181dc87362c7", 0x3, 0xeb, 0x6, 0xff0004, 0x2000004})
ioctl$VIDIOC_S_FREQUENCY(0xffffffffffffffff, 0x402c5639, &(0x7f0000000540)={0x4, 0x4, 0x246c})
ioctl$VIDIOC_SUBDEV_QUERY_DV_TIMINGS(r1, 0x80845663, &(0x7f0000000580)={0x0, @reserved})
ioctl$VIDIOC_G_TUNER(r0, 0xc054561d, &(0x7f0000000640)={0x7fffffff, "4f28a6e8971a26a69200bccfb7479f37e93cb7b76a057a20b49f2368e2516e0a", 0x4, 0x20, 0x1, 0x101, 0x8, 0x3, 0xc50b, 0x4})
ioctl$VIDIOC_ENUM_FREQ_BANDS(0xffffffffffffffff, 0xc0405665, &(0x7f0000000700)={0x80000000, 0x1, 0xf8, 0x800, 0x10001, 0xfffff801})

17:30:27 executing program 0:
r0 = syz_open_dev$vivid(&(0x7f0000000080)='/dev/video#\x00', 0x1, 0x2)
ioctl$VIDIOC_S_FMT(r0, 0xc0d05605, &(0x7f00000002c0)={0x2, @pix={0x5, 0xb1d, 0x41415270, 0x6, 0x4, 0x1, 0x7, 0x19, 0x1, 0x6, 0x6, 0x5}})

17:30:27 executing program 0:
r0 = syz_open_dev$vbi(&(0x7f0000000080)='/dev/vbi#\x00', 0x2, 0x2)
ioctl$VIDIOC_G_FMT(r0, 0xc0d05604, &(0x7f00000000c0)={0x4, @pix_mp={0x0, 0x0, 0x0, 0x0, 0x0, [{}, {}, {}, {}, {}, {}, {}, {0x20}]}})

17:30:27 executing program 0:
r0 = syz_open_dev$vivid(&(0x7f0000000040)='/dev/video#\x00', 0x0, 0x2)
r1 = syz_open_dev$radio(&(0x7f0000000000)='/dev/radio#\x00', 0x1, 0x2)
r2 = openat$vicodec0(0xffffffffffffff9c, &(0x7f00000000c0)='/dev/video36\x00', 0x2, 0x0)
ioctl$VIDIOC_G_FREQUENCY(r2, 0xc02c5638, &(0x7f0000000040)={0x1, 0x9})
ioctl$VIDIOC_S_CROP(r1, 0x4014563c, &(0x7f0000000000)={0xa, {0x9, 0x3, 0x638, 0x1}})
ioctl$VIDIOC_REQBUFS(r0, 0xc0145608, &(0x7f0000000080)={0x0, 0x1, 0x1})

17:30:27 executing program 0:
r0 = syz_open_dev$cec(&(0x7f0000000040)='/dev/cec#\x00', 0x2, 0x2)
ioctl$VIDIOC_G_SELECTION(r0, 0xc040565e, 0x0)
ioctl$VIDIOC_STREAMOFF(r0, 0x40045613, &(0x7f0000000000)=0x80)
ioctl$VIDIOC_G_CTRL(r0, 0xc008561b, &(0x7f0000000080)={0x689, 0x7})

17:30:27 executing program 0:
r0 = syz_open_dev$vivid(&(0x7f0000000080)='/dev/video#\x00', 0x0, 0x2)
r1 = syz_open_dev$radio(&(0x7f0000000000)='/dev/radio#\x00', 0x1, 0x2)
ioctl$VIDIOC_G_FREQUENCY(r1, 0xc02c5638, &(0x7f0000000040))
ioctl$VIDIOC_S_SELECTION(r1, 0xc040565f, &(0x7f0000000000)={0x7, 0x0, 0x4, {0x7c80, 0x15, 0x16a, 0x3}})
ioctl$VIDIOC_S_SELECTION(r0, 0xc040565f, &(0x7f00000001c0)={0x1, 0x0, 0x4, {0x0, 0x1ff, 0x200}})

17:30:27 executing program 0:
ioctl$VIDIOC_S_DV_TIMINGS(0xffffffffffffffff, 0xc0845657, &(0x7f0000000100)={0x0, @reserved})
r0 = syz_open_dev$vivid(&(0x7f0000000040)='/dev/video#\x00', 0x0, 0x2)
ioctl$VIDIOC_S_INPUT(r0, 0xc0045627, &(0x7f0000000000)=0x4e0)

17:30:27 executing program 0:
r0 = openat$vicodec0(0xffffffffffffff9c, &(0x7f0000000040)='/dev/video36\x00', 0x2, 0x0)
ioctl$VIDIOC_REQBUFS(r0, 0xc0145608, &(0x7f0000000240)={0x0, 0x1})
r1 = syz_open_dev$cec(&(0x7f0000000000)='/dev/cec#\x00', 0x3, 0x2)
ioctl$VIDIOC_S_FBUF(r0, 0x4030560b, &(0x7f00000001c0)={0x7a, 0x44, &(0x7f00000000c0)="2f2dd23bfaa4081c34bb73a5ee2fe3d020d03cd787acc0d99a3683f03adc56cfb9535b1bd06dddb4f35baa60714c46091e850061cc055e3048246e2714cf829de5159c4f344dab6a7141cedf2b463ae4d0b19febab1bcd489b524c820ced616eaf9dc07b26ba3f7d9dd2ba7d31e214efa782ab564701757aa85efda405625e318ad38036ba084159e841cdf072a84477adfc465888d3465cf62a782cf3cc2838aaeec7ac16d4a70db581e06df250582d785b52d827dea1f79d9a7ca601ad466a01e4ba625ad2011e6c42d011dfc8fec73536263625dd5ffc54f80ea435f0a2ad350759731ce195", {0x5, 0x1, 0x49433553, 0x1, 0x101, 0x8, 0x4, 0xfffffffb}})
ioctl$VIDIOC_SUBDEV_S_CROP(r1, 0xc038563c, &(0x7f0000000080)={0x1, 0x0, {0x0, 0x9, 0x5, 0x9}})

17:30:27 executing program 0:
r0 = syz_open_dev$radio(&(0x7f0000000000)='/dev/radio#\x00', 0x1, 0x2)
ioctl$VIDIOC_G_FREQUENCY(r0, 0xc02c5638, &(0x7f0000000040))
ioctl$VIDIOC_S_AUDIO(r0, 0x40345622, &(0x7f0000000100)={0x2, "35bad66eec554ce9c14909d8e07fe2570b1257c81608f2c7e02fbf66fa8ce368", 0x2})
r1 = syz_open_dev$vivid(&(0x7f0000000080)='/dev/video#\x00', 0x3, 0x2)
r2 = syz_open_dev$swradio(&(0x7f0000000140)='/dev/swradio#\x00', 0x0, 0x2)
ioctl$VIDIOC_S_FREQUENCY(r2, 0x402c5639, &(0x7f0000000180)={0x2, 0x4, 0x2})
r3 = syz_open_dev$radio(&(0x7f0000000000)='/dev/radio#\x00', 0x1, 0x2)
ioctl$VIDIOC_G_FREQUENCY(r3, 0xc02c5638, &(0x7f0000000040))
ioctl$VIDIOC_S_FREQUENCY(r3, 0x402c5639, &(0x7f00000000c0)={0x6, 0x1, 0x8})
ioctl$VIDIOC_CREATE_BUFS(r1, 0xc100565c, &(0x7f0000000240)={0x0, 0x2, 0x1, {0x1, @raw_data="5f6758d54a744736cf491a858bf23606c3dcf82f93000f993de74113bfd6bcedafa1cd3e4f03310cb96e36aa6ce656bc8fc4dadb77afc2d9a866a1ec0a95bb82edca73bdb256d4b371716928a7603e7799f6adae0486f29d4b91870bf4132c7685459bda94aa28fde29b6e00d8b468a8a4ba8488863e2a2208ed842207d4f09f71b08239d9efc1a477fa90c8a4d93073f5001cd9fb046a85d1accc8cfbd6c929626af016931fcb59dbc01375468158b347d444b6a896d1f87a650f7baf3164a48cbce549e34cba01"}})
r4 = syz_open_dev$radio(&(0x7f0000000000)='/dev/radio#\x00', 0x1, 0x2)
ioctl$VIDIOC_G_FREQUENCY(r4, 0xc02c5638, &(0x7f0000000040))
ioctl$VIDIOC_DECODER_CMD(r4, 0xc0485660, &(0x7f0000000000)={0x2, 0x1, @start={0x6}})

17:30:27 executing program 0:
r0 = syz_open_dev$vivid(&(0x7f0000000080)='/dev/video#\x00', 0x1, 0x2)
r1 = openat$vicodec0(0xffffffffffffff9c, &(0x7f0000000000)='/dev/video36\x00', 0x2, 0x0)
ioctl$VIDIOC_DECODER_CMD(r1, 0xc0485660, &(0x7f00000000c0)={0x0, 0x1, @start={0xd79, 0x1}})
ioctl$VIDIOC_ENUMAUDOUT(r0, 0xc0345642, &(0x7f0000000180)={0x0, "34d65a0925a17d46297d5374fbd481cd7d8634ecf3e876ff827f8dd80f7197d4"})

17:30:27 executing program 0:
r0 = openat$vicodec0(0xffffffffffffff9c, &(0x7f0000000040)='/dev/video36\x00', 0x2, 0x0)
ioctl$VIDIOC_REQBUFS(r0, 0xc0145608, &(0x7f0000000000)={0xffff, 0x1, 0x1})

17:30:27 executing program 0:
ioctl$VIDIOC_G_SELECTION(0xffffffffffffffff, 0xc040565e, &(0x7f0000000000)={0x3, 0x101, 0x2, {0xf0dd506, 0x1, 0x1000, 0x5}})
syz_open_dev$vbi(&(0x7f00000001c0)='/dev/vbi#\x00', 0x3, 0x2)

17:30:27 executing program 0:
ioctl$VIDIOC_CREATE_BUFS(0xffffffffffffffff, 0xc100565c, &(0x7f0000000140)={0x9, 0xdac8, 0x3, {0x9, @pix_mp={0x200, 0xbf2, 0x41564e57, 0x9, 0x4, [{0x8001, 0x1}, {0xa561, 0x3}, {0x4748, 0x3}, {0x401, 0x3}, {0x36}, {0x9, 0x4}, {0x5, 0xffff32b8}, {0x53dd, 0x6}], 0x1f, 0x64, 0x6, 0x1, 0x2}}, 0x6})
r0 = syz_open_dev$radio(&(0x7f0000000000)='/dev/radio#\x00', 0x1, 0x2)
ioctl$VIDIOC_G_FREQUENCY(r0, 0xc02c5638, &(0x7f0000000040)={0x0, 0x0, 0xf2c})
ioctl$VIDIOC_ENUM_FMT(r0, 0xc0405602, &(0x7f0000000080)={0x17, 0xb, 0x3, "7195c00e72bdaa94a2e0e917ca0d0a346dfb00e4577216ea0c10ea3147ff13d4", 0x568676d})
r1 = syz_open_dev$vivid(&(0x7f0000000000)='/dev/video#\x00', 0x2, 0x2)
ioctl$VIDIOC_OVERLAY(r1, 0x4004560e, &(0x7f0000000040))
r2 = syz_open_dev$radio(&(0x7f0000000000)='/dev/radio#\x00', 0x1, 0x2)
ioctl$VIDIOC_G_FREQUENCY(r2, 0xc02c5638, &(0x7f0000000040))
ioctl$VIDIOC_S_MODULATOR(r2, 0x40445637, &(0x7f00000000c0)={0xffffff00, "40795c6e7b9b89eb8e47d45fc205ef5bb70522d00984e87624457007bab91601", 0x480, 0x8000, 0x7fff, 0x10, 0x1})

17:30:27 executing program 0:
r0 = syz_open_dev$vbi(&(0x7f00000000c0)='/dev/vbi#\x00', 0x1, 0x2)
ioctl$VIDIOC_S_STD(r0, 0x40085618, &(0x7f0000000000)=0xb000)
ioctl$VIDIOC_SUBDEV_G_DV_TIMINGS(r0, 0xc0845658, &(0x7f0000000100)={0x0, @bt={0x2, 0x7, 0x1, 0x3, 0x6, 0x7fff, 0x0, 0xffff, 0x80000001, 0x800, 0x3, 0xff, 0x6, 0x7f, 0x2, 0x20, {0x8000, 0x9}, 0xff, 0x8}})
syz_open_dev$vbi(&(0x7f0000000040)='/dev/vbi#\x00', 0x2, 0x2)
ioctl$VIDIOC_S_SELECTION(r0, 0xc040565f, &(0x7f0000000080)={0x3, 0x3, 0x4, {0x6, 0x0, 0x3ff, 0x6}})
r1 = syz_open_dev$radio(&(0x7f0000000000)='/dev/radio#\x00', 0x1, 0x2)
ioctl$VIDIOC_G_FREQUENCY(r1, 0xc02c5638, &(0x7f0000000040))
ioctl$VIDIOC_ENUM_DV_TIMINGS(r1, 0xc0945662, &(0x7f0000000380)={0x1f, 0x0, [], {0x0, @bt={0x1, 0x80, 0x1, 0x2, 0x9, 0x5, 0x4, 0x1, 0x9, 0x7f, 0x2, 0xfff, 0x20, 0x80000001, 0x10, 0x16, {0x8, 0x5ec}, 0x9, 0x80}}})
r2 = syz_open_dev$radio(&(0x7f0000000000)='/dev/radio#\x00', 0x1, 0x2)
ioctl$VIDIOC_G_FREQUENCY(r2, 0xc02c5638, &(0x7f0000000040))
ioctl$VIDIOC_QUERYCAP(r2, 0x80685600, &(0x7f0000000300))
ioctl$VIDIOC_SUBDEV_G_SELECTION(r0, 0xc040563d, &(0x7f00000001c0)={0x0, 0x0, 0x100, 0xc, {0x0, 0x8, 0x4, 0xa44d}})
r3 = syz_open_dev$radio(&(0x7f0000000000)='/dev/radio#\x00', 0x1, 0x2)
ioctl$VIDIOC_G_FREQUENCY(r3, 0xc02c5638, &(0x7f0000000040))
ioctl$VIDIOC_CREATE_BUFS(r3, 0xc100565c, &(0x7f0000000200)={0x9, 0x8, 0x4, {0x1, @pix_mp={0x2, 0xff, 0x49323159, 0x1, 0xc, [{0x2, 0x9}, {0x2, 0xfffffffd}, {0x3, 0xfffffff9}, {0x9, 0x908}, {0x40, 0xa47}, {0x100, 0x3}, {0x9, 0x7}, {0x7, 0x8}], 0x81, 0xa6, 0x4, 0x2, 0x6}}, 0x40})

17:30:27 executing program 0:
r0 = syz_open_dev$vivid(&(0x7f0000000080)='/dev/video#\x00', 0x0, 0x2)
ioctl$VIDIOC_S_SELECTION(r0, 0xc040565f, &(0x7f0000000000)={0x5, 0x100})

17:30:27 executing program 0:
r0 = openat$vicodec0(0xffffffffffffff9c, &(0x7f0000000000)='/dev/video36\x00', 0x2, 0x0)
ioctl$VIDIOC_SUBSCRIBE_EVENT(r0, 0x4020565a, &(0x7f0000000040)={0x6, 0x80000000, 0x1})
ioctl$VIDIOC_REQBUFS(r0, 0xc0145608, &(0x7f0000000080)={0x3f, 0x2, 0x1})

17:30:27 executing program 0:
r0 = syz_open_dev$vivid(&(0x7f0000000000)='/dev/video#\x00', 0x0, 0x2)
ioctl$VIDIOC_TRY_FMT(r0, 0xc0d05640, &(0x7f0000000240)={0x3, @win={{}, 0x0, 0x1, 0x0, 0x82fe, 0x0}})
r1 = openat$vicodec1(0xffffffffffffff9c, &(0x7f0000000040)='/dev/video37\x00', 0x2, 0x0)
ioctl$VIDIOC_G_FMT(r1, 0xc0d05604, &(0x7f0000000580)={0x7, @sliced={0x5, [0x1, 0x8, 0x0, 0x40, 0x288f, 0x7ff, 0xb7, 0x8, 0x2, 0x8, 0x40, 0x9, 0x40, 0x5, 0x1, 0xf000, 0x0, 0x5, 0x40, 0x1, 0x400, 0xffff, 0x9696, 0x4f, 0x6, 0x2, 0x7, 0xffff, 0x400, 0x101, 0x23c, 0x8000, 0x3, 0x7, 0x7fff, 0x3, 0x5, 0x8, 0x8, 0x82, 0x8, 0x80, 0x7, 0x3, 0xfff, 0xb9, 0x800, 0x56], 0x7}})
r2 = syz_open_dev$vbi(&(0x7f00000000c0)='/dev/vbi#\x00', 0x3, 0x2)
ioctl$VIDIOC_S_STD(r2, 0x40085618, &(0x7f0000000300))
syz_open_dev$vivid(&(0x7f0000000180)='/dev/video#\x00', 0x0, 0x2)
r3 = syz_open_dev$radio(&(0x7f0000000000)='/dev/radio#\x00', 0x1, 0x2)
ioctl$VIDIOC_G_FREQUENCY(r3, 0xc02c5638, &(0x7f0000000040))
ioctl$VIDIOC_G_FMT(r3, 0xc0d05604, &(0x7f0000000480)={0x12ecd18474743263, @pix_mp={0x5, 0x2, 0x34325258, 0x1, 0x0, [{0x7f, 0x80}, {0x6, 0x4}, {0x4}, {0xe98, 0x3}, {0x6, 0x7ff}, {0xd6, 0x4c6}, {0x1, 0x4}, {0x3, 0x8001}], 0x0, 0x1, 0x3, 0x1, 0x6}})
r4 = openat$vicodec0(0xffffffffffffff9c, &(0x7f00000001c0)='/dev/video36\x00', 0x2, 0x0)
ioctl$VIDIOC_TRY_DECODER_CMD(r4, 0xc0485661, &(0x7f0000000400)={0x0, 0x1, @start={0x3, 0x1}})
ioctl$VIDIOC_ENUM_DV_TIMINGS(r1, 0xc0945662, &(0x7f0000000340)={0x7, 0x0, [], {0x0, @bt={0x1, 0x7ff, 0x0, 0x0, 0x8, 0x0, 0x7f, 0x5, 0x2, 0x2, 0x2, 0x1f, 0x9, 0x1ff, 0x2, 0x9, {0x8, 0x5}, 0x6, 0x40}}})

17:30:27 executing program 0:
ioctl$VIDIOC_STREAMON(0xffffffffffffffff, 0x40045612, &(0x7f00000000c0)=0x2)
r0 = syz_open_dev$swradio(&(0x7f00000001c0)='/dev/swradio#\x00', 0x0, 0x2)
ioctl$VIDIOC_G_TUNER(r0, 0xc054561d, &(0x7f0000000000)={0x0, "9538c9286de19066881e7d3fa6cb5c07154279f6ca88d2ff60dfd949491696f4"})
ioctl$VIDIOC_G_FREQUENCY(r0, 0xc02c5638, &(0x7f0000000080)={0x6, 0x1, 0x2})

17:30:27 executing program 0:
r0 = syz_open_dev$vivid(&(0x7f0000000180)='/dev/video#\x00', 0x1, 0x2)
r1 = syz_open_dev$radio(&(0x7f0000000000)='/dev/radio#\x00', 0x1, 0x2)
ioctl$VIDIOC_G_FREQUENCY(r1, 0xc02c5638, &(0x7f0000000040))
ioctl$VIDIOC_REQBUFS(r1, 0xc0145608, &(0x7f00000000c0)={0x7, 0x7, 0x3})
ioctl$VIDIOC_S_DV_TIMINGS(r0, 0xc0845657, &(0x7f0000000000)={0x0, @bt={0x0, 0x0, 0x0, 0x0, 0x3, 0x0, 0x0, 0x0, 0xffffffff, 0x0, 0x0, 0x0, 0x0, 0x0, 0x0, 0x10}})
ioctl$VIDIOC_S_FMT(r0, 0xc0d05605, &(0x7f00000001c0)={0xc, @sdr={0x3831354f, 0x8}})

17:30:27 executing program 0:
r0 = syz_open_dev$swradio(&(0x7f0000000080)='/dev/swradio#\x00', 0x0, 0x2)
ioctl$VIDIOC_REQBUFS(r0, 0xc0145608, &(0x7f0000000040)={0x10001, 0xb, 0x4})
r1 = openat$vimc2(0xffffffffffffff9c, &(0x7f0000001680)='/dev/video2\x00', 0x2, 0x0)
ioctl$VIDIOC_G_OUTPUT(r1, 0x8004562e, &(0x7f0000000100))
r2 = syz_open_dev$swradio(0x0, 0x0, 0x2)
ioctl$VIDIOC_EXPBUF(r2, 0xc0405610, &(0x7f0000000140)={0x3, 0x0, 0x0, 0x80000})
ioctl$VIDIOC_S_FBUF(r0, 0x4030560b, &(0x7f00000000c0)={0x1, 0x69, 0x0, {0x800, 0x0, 0x30314142, 0x4, 0x5, 0xf6d3, 0x0, 0x7}})

17:30:28 executing program 0:
r0 = syz_open_dev$vivid(&(0x7f0000000040)='/dev/video#\x00', 0x2, 0x2)
ioctl$VIDIOC_S_FMT(r0, 0xc0d05605, &(0x7f0000000080)={0x9, @pix_mp={0x0, 0x0, 0x36314d59, 0x0, 0x0, [{}, {}, {}, {0x0, 0xfffffffe}], 0x72}})

17:30:28 executing program 0:
r0 = openat$vicodec0(0xffffffffffffff9c, &(0x7f0000000000)='/dev/video36\x00', 0x2, 0x0)
r1 = openat$vicodec1(0xffffffffffffff9c, &(0x7f00000000c0)='/dev/video37\x00', 0x2, 0x0)
ioctl$VIDIOC_S_FMT(r1, 0xc0d05605, &(0x7f0000000380)={0x1, @sliced={0x0, [0x0, 0x0, 0x0, 0x0, 0x0, 0x0, 0x0, 0x0, 0x0, 0x0, 0x0, 0x0, 0x0, 0x0, 0x0, 0x0, 0x0, 0x0, 0x0, 0x0, 0x0, 0xfffd, 0x0, 0x0, 0x0, 0x0, 0x0, 0x0, 0x0, 0x0, 0x0, 0x0, 0x0, 0x1]}})
ioctl$VIDIOC_REQBUFS(r0, 0xc0145608, &(0x7f0000000640)={0x400000, 0x1, 0x4})
ioctl$VIDIOC_G_CROP(r0, 0xc014563b, &(0x7f0000000040)={0x7, {0x1, 0x4, 0x8f6, 0x750}})

17:30:28 executing program 0:
r0 = openat$vicodec0(0xffffffffffffff9c, &(0x7f0000000000)='/dev/video36\x00', 0x2, 0x0)
ioctl$VIDIOC_CREATE_BUFS(r0, 0xc100565c, &(0x7f0000000300)={0x0, 0x4, 0x1, {0x2, @pix={0x0, 0x0, 0x0, 0x0, 0x0, 0x80000000}}, 0x3})
r1 = syz_open_dev$radio(&(0x7f0000000000)='/dev/radio#\x00', 0x1, 0x2)
ioctl$VIDIOC_G_FREQUENCY(r1, 0xc02c5638, &(0x7f0000000040))
ioctl$VIDIOC_G_STD(r1, 0x80085617, &(0x7f0000000040))

[  107.595658][T12678] syz-executor.0: vmalloc: allocation failure: 2147483648 bytes, mode:0xdc0(GFP_KERNEL|__GFP_ZERO), nodemask=(null),cpuset=/,mems_allowed=0-1
[  107.604999][T12678] CPU: 0 PID: 12678 Comm: syz-executor.0 Not tainted 5.4.0+ #27
[  107.607424][T12678] Hardware name: QEMU Standard PC (i440FX + PIIX, 1996), BIOS Ubuntu-1.8.2-1ubuntu1 04/01/2014
[  107.610832][T12678] Call Trace:
[  107.611950][T12678]  dump_stack+0xc6/0x11e
[  107.613370][T12678]  warn_alloc+0x195/0x290
[  107.614749][T12678]  ? zone_watermark_ok_safe+0x330/0x330
[  107.616533][T12678]  ? entry_SYSCALL_64_after_hwframe+0x49/0xbe
[  107.618433][T12678]  ? deref_stack_reg+0xa8/0xe0
[  107.620000][T12678]  ? mark_held_locks+0x100/0x100
[  107.621601][T12678]  ? mark_held_locks+0x100/0x100
[  107.623231][T12678]  ? should_fail+0x197/0x700
[  107.624733][T12678]  ? lock_downgrade+0x6d0/0x6d0
[  107.626322][T12678]  __vmalloc_node_range+0x5b7/0x700
[  107.627942][T12678]  ? kasan_unpoison_shadow+0x30/0x40
[  107.629650][T12678]  ? vb2_vmalloc_alloc+0xe8/0x330
[  107.631242][T12678]  vmalloc_user+0x6a/0x80
[  107.632687][T12678]  ? vb2_vmalloc_alloc+0xe8/0x330
[  107.634304][T12678]  vb2_vmalloc_alloc+0xe8/0x330
[  107.635868][T12678]  ? vb2_vmalloc_get_dmabuf+0x180/0x180
[  107.637705][T12678]  __vb2_queue_alloc+0x5d9/0x1270
[  107.639343][T12678]  vb2_core_create_bufs+0x420/0x7b0
[  107.641052][T12678]  ? vicodec_dev_release+0x10/0x10
[  107.642621][T12678]  ? __vb2_queue_alloc+0x1270/0x1270
[  107.644394][T12678]  ? lock_acquire+0x12e/0x3a0
[  107.645947][T12678]  ? create_prof_cpu_mask+0x20/0x20
[  107.647660][T12678]  ? __mutex_lock+0x682/0x1560
[  107.649208][T12678]  vb2_create_bufs+0x403/0x7d0
[  107.650732][T12678]  ? ksys_ioctl+0x3f/0x90
[  107.652105][T12678]  ? __x64_sys_ioctl+0x6f/0xb0
[  107.653645][T12678]  ? vb2_reqbufs+0x1d0/0x1d0
[  107.655135][T12678]  ? video_devdata+0x9/0x100
[  107.656614][T12678]  ? check_fmt+0x148/0x650
[  107.658004][T12678]  v4l_create_bufs+0xa3/0x140
[  107.659577][T12678]  __video_do_ioctl+0x760/0xeb0
[  107.661200][T12678]  ? v4l_s_fmt+0xa60/0xa60
[  107.662666][T12678]  ? __might_fault+0x177/0x1b0
[  107.664240][T12678]  video_usercopy+0x118/0xf80
[  107.665795][T12678]  ? v4l_s_fmt+0xa60/0xa60
[  107.667257][T12678]  ? putname+0xd0/0x120
[  107.668646][T12678]  ? v4l_enumstd+0x60/0x60
[  107.670061][T12678]  ? __kasan_slab_free+0x11d/0x160
[  107.671707][T12678]  ? tomoyo_execute_permission+0x4e0/0x4e0
[  107.673619][T12678]  v4l2_ioctl+0x1c0/0x270
[  107.675060][T12678]  ? v4l2_prio_init+0x20/0x20
[  107.676578][T12678]  do_vfs_ioctl+0x19d/0x10d0
[  107.678027][T12678]  ? ioctl_preallocate+0x1f0/0x1f0
[  107.679595][T12678]  ? __fget+0x344/0x540
[  107.681069][T12678]  ? do_dup2+0x4f0/0x4f0
[  107.682482][T12678]  ? ktime_get_ts64+0x1e0/0x2f0
[  107.684107][T12678]  ksys_ioctl+0x84/0x90
[  107.685428][T12678]  __x64_sys_ioctl+0x6f/0xb0
[  107.686955][T12678]  do_syscall_64+0x9d/0x5a0
[  107.688350][T12678]  entry_SYSCALL_64_after_hwframe+0x49/0xbe
[  107.690213][T12678] RIP: 0033:0x45de59
[  107.691420][T12678] Code: 0d b4 fb ff c3 66 2e 0f 1f 84 00 00 00 00 00 66 90 48 89 f8 48 89 f7 48 89 d6 48 89 ca 4d 89 c2 4d 89 c8 4c 8b 4c 24 08 0f 05 <48> 3d 01 f0 ff ff 0f 83 db b3 fb ff c3 66 2e 0f 1f 84 00 00 00 00
[  107.697669][T12678] RSP: 002b:00007f207236ec78 EFLAGS: 00000246 ORIG_RAX: 0000000000000010
[  107.700250][T12678] RAX: ffffffffffffffda RBX: 000000000001bb00 RCX: 000000000045de59
[  107.702741][T12678] RDX: 0000000020000300 RSI: 00000000c100565c RDI: 0000000000000003
[  107.705303][T12678] RBP: 000000000118bf60 R08: 0000000000000000 R09: 0000000000000000
[  107.707940][T12678] R10: 0000000000000000 R11: 0000000000000246 R12: 000000000118bf2c
[  107.710498][T12678] R13: 00007ffdcc74d5af R14: 00007f207236f9c0 R15: 000000000118bf2c
[  107.739007][T12678] Mem-Info:
[  107.740125][T12678] active_anon:10286 inactive_anon:4909 isolated_anon:0
[  107.740125][T12678]  active_file:7795 inactive_file:2414 isolated_file:0
[  107.740125][T12678]  unevictable:8 dirty:116 writeback:0 unstable:0
[  107.740125][T12678]  slab_reclaimable:10339 slab_unreclaimable:32830
[  107.740125][T12678]  mapped:16558 shmem:5089 pagetables:540 bounce:0
[  107.740125][T12678]  free:271055 free_pcp:419 free_cma:0
[  107.754154][T12678] Node 0 active_anon:37144kB inactive_anon:19616kB active_file:31152kB inactive_file:9652kB unevictable:28kB isolated(anon):0kB isolated(file):0kB mapped:31416kB dirty:444kB writeback:0kB shmem:20316kB shmem_thp: 0kB shmem_pmdmapped: 0kB anon_thp: 8192kB writeback_tmp:0kB unstable:0kB all_unreclaimable? yes
[  107.764515][T12678] Node 1 active_anon:4000kB inactive_anon:20kB active_file:28kB inactive_file:4kB unevictable:4kB isolated(anon):0kB isolated(file):0kB mapped:34816kB dirty:20kB writeback:0kB shmem:40kB shmem_thp: 0kB shmem_pmdmapped: 0kB anon_thp: 0kB writeback_tmp:0kB unstable:0kB all_unreclaimable? yes
[  107.774310][T12678] Node 0 DMA free:15836kB min:712kB low:888kB high:1064kB active_anon:0kB inactive_anon:0kB active_file:0kB inactive_file:0kB unevictable:0kB writepending:0kB present:15992kB managed:15908kB mlocked:0kB kernel_stack:0kB pagetables:32kB bounce:0kB free_pcp:0kB local_pcp:0kB free_cma:0kB
[  107.783857][T12678] lowmem_reserve[]: 0 449 449 449 449
[  107.785712][T12678] Node 0 DMA32 free:169588kB min:32920kB low:38076kB high:43232kB active_anon:37144kB inactive_anon:19616kB active_file:31152kB inactive_file:9652kB unevictable:28kB writepending:444kB present:1032192kB managed:465724kB mlocked:28kB kernel_stack:6848kB pagetables:1784kB bounce:0kB free_pcp:572kB local_pcp:572kB free_cma:0kB
[  107.796584][T12678] lowmem_reserve[]: 0 0 0 0 0
[  107.798254][T12678] Node 1 DMA32 free:898796kB min:46232kB low:57788kB high:69344kB active_anon:4000kB inactive_anon:20kB active_file:28kB inactive_file:4kB unevictable:4kB writepending:20kB present:1048448kB managed:1031988kB mlocked:4kB kernel_stack:192kB pagetables:344kB bounce:0kB free_pcp:1100kB local_pcp:1100kB free_cma:0kB
[  107.808705][T12678] lowmem_reserve[]: 0 0 0 0 0
[  107.810304][T12678] Node 0 DMA: 1*4kB (U) 1*8kB (U) 1*16kB (U) 0*32kB 1*64kB (U) 1*128kB (U) 1*256kB (U) 0*512kB 1*1024kB (U) 1*2048kB (U) 3*4096kB (U) = 15836kB
[  107.815972][T12678] Node 0 DMA32: 893*4kB (UME) 700*8kB (UME) 466*16kB (UME) 256*32kB (UME) 246*64kB (UME) 154*128kB (UME) 75*256kB (UME) 54*512kB (U) 13*1024kB (U) 6*2048kB (U) 9*4096kB (U) = 169588kB
[  107.821989][T12678] Node 1 DMA32: 501*4kB (UME) 255*8kB (UME) 128*16kB (UME) 141*32kB (UME) 110*64kB (UME) 88*128kB (UM) 78*256kB (UM) 74*512kB (UM) 61*1024kB (UME) 38*2048kB (UM) 164*4096kB (UM) = 898796kB
[  107.828762][T12678] Node 0 hugepages_total=0 hugepages_free=0 hugepages_surp=0 hugepages_size=2048kB
[  107.831881][T12678] Node 1 hugepages_total=0 hugepages_free=0 hugepages_surp=0 hugepages_size=2048kB
[  107.835810][T12678] 14333 total pagecache pages
[  107.837505][T12678] 0 pages in swap cache
[  107.838960][T12678] Swap cache stats: add 0, delete 0, find 0/0
[  107.840975][T12678] Free swap  = 0kB
[  107.842224][T12678] Total swap = 0kB
[  107.844617][T12678] 524158 pages RAM
[  107.845970][T12678] 0 pages HighMem/MovableOnly
[  107.847521][T12678] 145753 pages reserved
[  107.848960][T12678] 0 pages cma reserved
17:30:28 executing program 0:
r0 = syz_open_dev$swradio(&(0x7f0000000040)='/dev/swradio#\x00', 0x1, 0x2)
ioctl$VIDIOC_S_FREQUENCY(r0, 0x402c5639, &(0x7f0000000080)={0x0, 0x4})
ioctl$VIDIOC_SUBDEV_S_SELECTION(r0, 0xc040563e, &(0x7f0000000000)={0x1, 0x0, 0x103, 0x1, {0x0, 0x7, 0x3, 0x20000000}})

17:30:28 executing program 0:
syz_open_dev$vivid(&(0x7f0000000080)='/dev/video#\x00', 0x1, 0x2)
r0 = openat$vicodec1(0xffffffffffffff9c, &(0x7f0000000280)='/dev/video37\x00', 0x2, 0x0)
ioctl$VIDIOC_STREAMON(r0, 0x40045612, &(0x7f0000000ec0))
ioctl$VIDIOC_STREAMOFF(r0, 0x40045613, &(0x7f0000000000)=0x100075)
r1 = openat$vicodec1(0xffffffffffffff9c, &(0x7f0000000280)='/dev/video37\x00', 0x2, 0x0)
ioctl$VIDIOC_ENUMOUTPUT(r1, 0xc0485630, &(0x7f0000000100)={0xfffffffd, "d0bc230c4339de2e19ed290c05a4aba27d1618ae70267d732cf24ad741f337f0", 0x1, 0x81, 0x10001, 0xff06ff, 0x4})
ioctl$VIDIOC_STREAMON(0xffffffffffffffff, 0x40045612, &(0x7f0000000ec0))
ioctl$VIDIOC_G_STD(r1, 0x80085617, &(0x7f00000000c0))
r2 = openat$vicodec1(0xffffffffffffff9c, &(0x7f0000000280)='/dev/video37\x00', 0x2, 0x0)
ioctl$VIDIOC_STREAMON(r2, 0x40045612, &(0x7f0000000ec0))

17:30:28 executing program 0:
r0 = syz_open_dev$radio(&(0x7f0000000000)='/dev/radio#\x00', 0x1, 0x2)
ioctl$VIDIOC_G_FREQUENCY(r0, 0xc02c5638, &(0x7f0000000040))
ioctl$VIDIOC_TRY_FMT(r0, 0xc0d05640, &(0x7f0000000080)={0xc, @sdr={0x37303250, 0x800}})
r1 = openat$vicodec1(0xffffffffffffff9c, &(0x7f0000000040)='/dev/video37\x00', 0x2, 0x0)
ioctl$VIDIOC_SUBDEV_ENUM_MBUS_CODE(r1, 0xc0305602, &(0x7f0000000000)={0x0, 0x0, 0x2004, 0x1})

17:30:28 executing program 0:
r0 = syz_open_dev$vivid(&(0x7f0000000000)='/dev/video#\x00', 0x2, 0x2)
r1 = openat$vicodec1(0xffffffffffffff9c, &(0x7f0000000080)='/dev/video37\x00', 0x2, 0x0)
ioctl$VIDIOC_S_STD(r1, 0x40085618, &(0x7f0000000040)=0x2000000)
ioctl$VIDIOC_ENUM_FRAMEINTERVALS(r0, 0xc034564b, &(0x7f00000000c0)={0x6c68, 0x34424752, 0x1, 0x3f4a, 0x3, @stepwise={{0x7, 0x2}, {0x40, 0x7}, {0x33ad4736, 0xbb}}})

17:30:28 executing program 0:
r0 = syz_open_dev$vbi(&(0x7f0000000040)='/dev/vbi#\x00', 0x0, 0x2)
ioctl$VIDIOC_STREAMOFF(r0, 0x40045613, &(0x7f0000000080)=0xff)
ioctl$VIDIOC_S_OUTPUT(0xffffffffffffffff, 0xc004562f, &(0x7f0000000000)=0x81)
syz_open_dev$radio(0x0, 0x0, 0x2)

17:30:28 executing program 0:
syz_open_dev$vbi(0xffffffffffffffff, 0x2, 0x2)
r0 = syz_open_dev$radio(&(0x7f0000000000)='/dev/radio#\x00', 0x1, 0x2)
ioctl$VIDIOC_G_FREQUENCY(r0, 0xc02c5638, &(0x7f0000000040))
openat$vimc1(0xffffffffffffff9c, &(0x7f0000000100)='/dev/video1\x00', 0x2, 0x0)
r1 = syz_open_dev$radio(&(0x7f0000000000)='/dev/radio#\x00', 0x1, 0x2)
ioctl$VIDIOC_G_FREQUENCY(r1, 0xc02c5638, &(0x7f0000000040))
ioctl$VIDIOC_QUERYCAP(r1, 0x80685600, &(0x7f0000000080))

17:30:28 executing program 0:
ioctl$VIDIOC_G_INPUT(0xffffffffffffffff, 0x80045626, &(0x7f00000000c0))
ioctl$VIDIOC_ENUM_FRAMESIZES(0xffffffffffffffff, 0xc02c564a, &(0x7f0000000000)={0x5, 0x307000d, 0x3, @stepwise={0x8001, 0x5, 0x8, 0x1, 0x20, 0x10400000}})
openat$vicodec1(0xffffffffffffff9c, &(0x7f0000000080)='/dev/video37\x00', 0x2, 0x0)

17:30:28 executing program 0:
r0 = syz_open_dev$swradio(&(0x7f0000000040)='/dev/swradio#\x00', 0x0, 0x2)
r1 = syz_open_dev$radio(&(0x7f0000000000)='/dev/radio#\x00', 0x1, 0x2)
ioctl$VIDIOC_G_FREQUENCY(r1, 0xc02c5638, &(0x7f0000000040))
r2 = openat$vimc0(0xffffffffffffff9c, &(0x7f00000000c0)='/dev/video0\x00', 0x2, 0x0)
ioctl$VIDIOC_G_EXT_CTRLS(r1, 0xc0205647, &(0x7f0000000180)={0xa10000, 0x4, 0x8, r2, 0x0, &(0x7f0000000140)={0x2031d, 0x5, [], @string=&(0x7f0000000100)=0xa5}})
ioctl$VIDIOC_TRY_EXT_CTRLS(r0, 0xc0205649, &(0x7f0000000080)={0x0, 0x7})
openat$vicodec1(0xffffffffffffff9c, &(0x7f00000001c0)='/dev/video37\x00', 0x2, 0x0)
ioctl$VIDIOC_OVERLAY(r1, 0x4004560e, &(0x7f0000000200)=0x3f)

17:30:28 executing program 0:
r0 = syz_open_dev$vivid(&(0x7f0000000140)='/dev/video#\x00', 0x2, 0x2)
ioctl$VIDIOC_REQBUFS(r0, 0xc0145608, &(0x7f0000000100)={0xf2, 0x9, 0x1})
ioctl$VIDIOC_G_EXT_CTRLS(r0, 0xc0205647, &(0x7f0000000080)={0x9b0000, 0x9, 0xfffffffb, r0, 0x0, &(0x7f0000000040)={0x980921, 0x1, [], @p_u32=&(0x7f0000000000)=0x1}})

17:30:28 executing program 0:
r0 = syz_open_dev$vivid(&(0x7f0000000000)='/dev/video#\x00', 0x2, 0x2)
ioctl$VIDIOC_QUERYCTRL(r0, 0xc0445624, &(0x7f0000000040)={0x90f00004, 0x0, "0600607e00000000a627c9840d0aa701d60579bb7e8228b9cd60222aed224b9c"})
ioctl$VIDIOC_S_AUDIO(r0, 0x40345622, &(0x7f00000000c0)={0x20b613e, "c79b5e6fbc3ae71d47db9fc177df1415a8ea453548a6afe5a45115f885a2270a", 0x2, 0x1})
r1 = syz_open_dev$radio(&(0x7f0000000000)='/dev/radio#\x00', 0x1, 0x2)
ioctl$VIDIOC_G_FREQUENCY(r1, 0xc02c5638, &(0x7f0000000040))
ioctl$VIDIOC_S_FREQUENCY(r1, 0x402c5639, &(0x7f0000000100)={0x1, 0x5, 0xbac})

17:30:28 executing program 0:
r0 = syz_open_dev$cec(&(0x7f0000000000)='/dev/cec#\x00', 0x2, 0x2)
ioctl$VIDIOC_REQBUFS(r0, 0xc0145608, &(0x7f0000000040)={0x5ca, 0x7, 0x1})
openat$vimc2(0xffffffffffffff9c, &(0x7f0000000740)='/dev/video2\x00', 0x2, 0x0)
r1 = syz_open_dev$radio(&(0x7f0000000000)='/dev/radio#\x00', 0x1, 0x2)
ioctl$VIDIOC_G_FREQUENCY(r1, 0xc02c5638, &(0x7f0000000040))
r2 = openat$vicodec1(0xffffffffffffff9c, &(0x7f00000000c0)='/dev/video37\x00', 0x2, 0x0)
ioctl$VIDIOC_G_FMT(r2, 0xc0d05604, &(0x7f0000000100)={0x6, @vbi={0x401, 0x6c6, 0x8, 0x3032344d, [0x6, 0x1], [0x4], 0x13a}})
ioctl$VIDIOC_S_HW_FREQ_SEEK(r1, 0x40305652, &(0x7f0000000080)={0xda, 0x2, 0xffffffff, 0x8, 0x7, 0x800, 0x6})

17:30:28 executing program 0:
r0 = openat$vimc0(0xffffffffffffff9c, &(0x7f0000000100)='/dev/video0\x00', 0x2, 0x0)
ioctl$VIDIOC_G_OUTPUT(r0, 0x8004562e, &(0x7f0000000140))
r1 = syz_open_dev$vbi(&(0x7f00000001c0)='/dev/vbi#\x00', 0x2, 0x2)
r2 = syz_open_dev$radio(&(0x7f0000000000)='/dev/radio#\x00', 0x1, 0x2)
ioctl$VIDIOC_G_FREQUENCY(r2, 0xc02c5638, &(0x7f0000000040)={0x2})
openat$vimc1(0xffffffffffffff9c, &(0x7f00000000c0)='/dev/video1\x00', 0x2, 0x0)
ioctl$VIDIOC_S_INPUT(r1, 0xc0045627, &(0x7f0000000080)=0xfbfff801)

17:30:28 executing program 0:
r0 = openat$vimc2(0xffffffffffffff9c, &(0x7f0000000000)='/dev/video2\x00', 0x2, 0x0)
ioctl$VIDIOC_SUBDEV_G_SELECTION(r0, 0xc040563d, &(0x7f0000000040)={0x1, 0x0, 0x102, 0x7, {0x80000001, 0x710, 0x7, 0xffffffff}})
ioctl$VIDIOC_S_CTRL(r0, 0xc008561c, &(0x7f0000000080)={0x0, 0x6})
syz_open_dev$radio(&(0x7f00000000c0)='/dev/radio#\x00', 0x2, 0x2)
r1 = syz_open_dev$radio(&(0x7f0000000000)='/dev/radio#\x00', 0x1, 0x2)
ioctl$VIDIOC_G_FREQUENCY(r1, 0xc02c5638, &(0x7f0000000040))
r2 = openat$vimc0(0xffffffffffffff9c, &(0x7f0000000100)='/dev/video0\x00', 0x2, 0x0)
ioctl$VIDIOC_S_FREQUENCY(r2, 0x402c5639, &(0x7f0000000180)={0x3, 0x4, 0x6})
ioctl$VIDIOC_QUERY_DV_TIMINGS(0xffffffffffffffff, 0x80845663, &(0x7f00000001c0)={0x0, @reserved})

17:30:28 executing program 0:
openat$vimc0(0xffffffffffffff9c, &(0x7f00000000c0)='/dev/video0\x00', 0x2, 0x0)
r0 = syz_open_dev$radio(&(0x7f0000000000)='/dev/radio#\x00', 0x1, 0x2)
ioctl$VIDIOC_G_FREQUENCY(r0, 0xc02c5638, &(0x7f0000000040))
ioctl$VIDIOC_S_CTRL(r0, 0xc008561c, &(0x7f0000000000)={0x6, 0x7})
r1 = syz_open_dev$vivid(&(0x7f0000000080)='/dev/video#\x00', 0x1, 0x2)
ioctl$VIDIOC_CREATE_BUFS(r1, 0xc100565c, &(0x7f0000000140)={0x0, 0x8001, 0x1, {0x1, @sliced={0x7, [0x0, 0x0, 0x0, 0x0, 0x0, 0x0, 0x0, 0x0, 0x0, 0x0, 0x12, 0x0, 0xff, 0x0, 0x0, 0x0, 0x20, 0x6, 0x1, 0x0, 0x2, 0x0, 0x0, 0x3, 0x0, 0x201, 0x0, 0x0, 0x0, 0x0, 0x0, 0x0, 0x6c2, 0xc05, 0x100, 0x0, 0x0, 0x0, 0x0, 0x0, 0x9]}}})
r2 = syz_open_dev$radio(&(0x7f0000000100)='/dev/radio#\x00', 0x3, 0x2)
ioctl$VIDIOC_G_JPEGCOMP(r2, 0x808c563d, &(0x7f0000000240))

17:30:28 executing program 0:
r0 = openat$vicodec0(0xffffffffffffff9c, &(0x7f0000000040)='/dev/video36\x00', 0x2, 0x0)
ioctl$VIDIOC_CREATE_BUFS(r0, 0xc100565c, &(0x7f0000000100)={0x0, 0x1e3d, 0x1, {0xc, @sliced={0x0, [0x0, 0x0, 0x0, 0x0, 0x0, 0x0, 0x0, 0x0, 0x0, 0x0, 0x80, 0x0, 0x0, 0x0, 0x0, 0x0, 0x2, 0x0, 0x8000, 0x0, 0x0, 0x0, 0x0, 0x0, 0xffff, 0x0, 0x0, 0x0, 0x0, 0x0, 0x0, 0x0, 0x8]}}})
ioctl$VIDIOC_S_EXT_CTRLS(r0, 0xc0205648, &(0x7f00000000c0)={0xfffffff, 0x80000000, 0xdb, 0xffffffffffffffff, 0x0, &(0x7f0000000080)={0x9909e2, 0x8, [], @string=&(0x7f0000000000)=0x9}})

17:30:28 executing program 0:
r0 = syz_open_dev$vivid(&(0x7f0000000000)='/dev/video#\x00', 0x3, 0x2)
ioctl$VIDIOC_TRY_FMT(r0, 0xc0d05640, &(0x7f0000000000)={0xa, @sliced={0xfc83, [0x7, 0x8, 0x8000, 0x3, 0x8, 0x7, 0xf8, 0x6, 0x2, 0xfe01, 0x1c2, 0x81, 0x8, 0x7, 0x200, 0x2, 0x3, 0xf029, 0x8ab, 0x3f, 0x3ff, 0x8000, 0x14, 0x100, 0x4, 0x2, 0x9cf, 0x101, 0x6, 0x4, 0x8, 0x7, 0x100, 0x9, 0x0, 0x0, 0x101, 0x7, 0x1000, 0x400, 0x0, 0x9, 0xae18, 0xf72, 0x2, 0xff, 0x1ff, 0x9], 0x4}})
openat$vicodec1(0xffffffffffffff9c, &(0x7f0000000100)='/dev/video37\x00', 0x2, 0x0)

17:30:28 executing program 0:
r0 = openat$vicodec0(0xffffffffffffff9c, &(0x7f0000000700)='/dev/video36\x00', 0x2, 0x0)
r1 = openat$vimc0(0xffffffffffffff9c, &(0x7f0000000000)='/dev/video0\x00', 0x2, 0x0)
ioctl$VIDIOC_REQBUFS(r1, 0xc0145608, &(0x7f0000000040)={0x1, 0x3, 0x4})
r2 = syz_open_dev$radio(&(0x7f0000000000)='/dev/radio#\x00', 0x1, 0x2)
ioctl$VIDIOC_G_AUDIO(r0, 0x80345621, &(0x7f0000000240))
ioctl$VIDIOC_G_FREQUENCY(r2, 0xc02c5638, &(0x7f0000000040)={0x0, 0x5, 0xfffffffd})
ioctl$VIDIOC_S_FBUF(r2, 0x4030560b, &(0x7f0000000200)={0xd0, 0x10, &(0x7f0000000080)="fca33d345eb9676b7c9dbb0d26f5b5dba8f6045b4a685afda3de859fd8c304e307d5c1563b90eab98a6a231e4f24f1e2f6c0d1c1ae2d20fd5603faee329a2a8779f86faab89275144072cf4b0759397e146cf0130d6aa04b6618fee233ef900affca775e66af718a971a1db8a719c3af4a4f8a172ba9ba9a2a6d26f2eeb18a2f980d31992d6b8980b425b1b65a3ac7f27779098a8cd7deaf2af3745cf16c9fff535c360aabf99e31e811192a0a49edb297f2267583121be2dc49b00d2bbe2e654c036ec07b7264ea420c0b0ea944470ebb4b731dd0f4103fbe6d74769e79950f09b0b21a671963b422de33d1ab565c", {0x401, 0x6, 0x34424752, 0x3, 0xcb, 0x9, 0xa, 0x8}})
ioctl$VIDIOC_QUERYCTRL(r0, 0xc0445624, &(0x7f0000000180)={0x0, 0x0, "8b364bd3a993499c7529e7f27767e857a489d364adc083e27478585de7d156ec"})

17:30:28 executing program 0:
syz_open_dev$vivid(0x0, 0x0, 0x2)
openat$vimc0(0xffffffffffffff9c, &(0x7f0000000000)='/dev/video0\x00', 0x2, 0x0)
r0 = syz_open_dev$radio(&(0x7f0000000000)='/dev/radio#\x00', 0x1, 0x2)
ioctl$VIDIOC_G_FREQUENCY(r0, 0xc02c5638, &(0x7f0000000040))
r1 = syz_open_dev$radio(&(0x7f0000000000)='/dev/radio#\x00', 0x1, 0x2)
ioctl$VIDIOC_G_FREQUENCY(r1, 0xc02c5638, &(0x7f0000000040))
r2 = openat$vimc1(0xffffffffffffff9c, &(0x7f0000000080)='/dev/video1\x00', 0x2, 0x0)
ioctl$VIDIOC_LOG_STATUS(r2, 0x5646, 0x0)

17:30:29 executing program 0:
r0 = syz_open_dev$vivid(&(0x7f0000000000)='/dev/video#\x00', 0x3, 0x2)
r1 = openat$vimc2(0xffffffffffffff9c, &(0x7f0000000040)='/dev/video2\x00', 0x2, 0x0)
ioctl$VIDIOC_G_OUTPUT(r1, 0x8004562e, &(0x7f0000000080))
ioctl$VIDIOC_G_PARM(r0, 0xc0cc5615, &(0x7f0000000100)={0x2})

17:30:29 executing program 0:
openat$vimc0(0xffffffffffffff9c, &(0x7f00000001c0)='/dev/video0\x00', 0x2, 0x0)
r0 = syz_open_dev$radio(&(0x7f0000000000)='/dev/radio#\x00', 0x1, 0x2)
ioctl$VIDIOC_G_FREQUENCY(r0, 0xc02c5638, &(0x7f0000000040))
ioctl$VIDIOC_S_FBUF(r0, 0x4030560b, &(0x7f00000000c0)={0xc2, 0x0, &(0x7f0000000000)="93271f9edd4d978babfcf9773559f41067f3796e02faccc4962bb430213ec987ccbf1f773daf860beef154bdbc9fc594ab4647e5dbbdb4eb81f7f27f4c121a69c51c2983f1f3c5c7ca16d057c778473121b6bd8de39c14102f95da992f992e6e0325a36bd28ad024dcd13576426a67a355d486228c703c517ff32ca6557dd8897cd53148cc5c4a0e244e581f3aa2057c69", {0x5, 0x6, 0x34324948, 0x0, 0x80000000, 0xf6, 0x1, 0x7e}})
ioctl$VIDIOC_QUERYCAP(r0, 0x80685600, &(0x7f0000000100))

17:30:29 executing program 0:
r0 = syz_open_dev$vivid(&(0x7f0000000000)='/dev/video#\x00', 0x2, 0x2)
ioctl$VIDIOC_G_SELECTION(r0, 0xc040565e, &(0x7f0000000080)={0x1, 0x101, 0x2, {0x7, 0x1, 0x5, 0x2}})
ioctl$VIDIOC_TRY_EXT_CTRLS(0xffffffffffffffff, 0xc0205649, &(0x7f0000000140)={0xf000000, 0x7, 0x0, 0xffffffffffffffff, 0x0, &(0x7f0000000040)={0x0, 0x0, [], @value64}})

17:30:29 executing program 0:
r0 = openat$vicodec0(0xffffffffffffff9c, &(0x7f0000000300)='/dev/video36\x00', 0x2, 0x0)
ioctl$VIDIOC_DECODER_CMD(r0, 0xc0485660, &(0x7f0000000000)={0x0, 0x2, @start={0x40, 0x1}})
ioctl$VIDIOC_TRY_FMT(r0, 0xc0d05640, &(0x7f00000004c0)={0x9, @pix_mp})

17:30:29 executing program 0:
r0 = syz_open_dev$vbi(&(0x7f0000000200)='/dev/vbi#\x00', 0x2, 0x2)
ioctl$VIDIOC_SUBDEV_ENUM_DV_TIMINGS(r0, 0xc0945662, &(0x7f0000000000)={0x7, 0x0, [], {0x0, @bt={0x8000, 0x2, 0x0, 0x2, 0x1, 0x3, 0x3, 0x3, 0x1000, 0x39d, 0x3, 0x102, 0x2, 0x2, 0x3, 0x24, {0x6, 0x9}, 0xe0, 0x3f}}})
r1 = openat$vimc0(0xffffffffffffff9c, &(0x7f00000000c0)='/dev/video0\x00', 0x2, 0x0)
ioctl$VIDIOC_G_SLICED_VBI_CAP(r1, 0xc0745645, &(0x7f0000000180)={0x0, [0x2, 0x0, 0x0, 0x0, 0xffff, 0x0, 0x0, 0x0, 0x0, 0x0, 0x0, 0x0, 0x0, 0x0, 0x0, 0x0, 0xfffe, 0x0, 0x0, 0x0, 0x0, 0x0, 0x0, 0xfffc, 0x0, 0xaeb], 0x6})
ioctl$VIDIOC_S_PARM(r0, 0xc0cc5616, &(0x7f0000000240)={0x3, @raw_data="e9c203b37a8054d1c81d81db2b56eafcc4e70009101c3f3b9c034d27efb32bf77864f299e31ed69ad3641a97667fb9ba6b5b1266dbde16e29ab3ced613b16418bb001312c1620fc1b25f662eef8efff69736fd7779b5e028b13bc1646807c5a2e7128f8f5116935b640f363651d6e0250d4ecfa8b0b83f528e15efbde281d5be93ed840cb68abb04eabc7661018f4465c4cbe2556c49e9c44222336c913eda55a22316850ed02150177c820cd17825dda12c19da95181c96c3c90fa743e0ae9cc7f77dace8246f3c"})

17:30:29 executing program 0:
r0 = syz_open_dev$vivid(&(0x7f0000000000)='/dev/video#\x00', 0x0, 0x2)
ioctl$VIDIOC_TRY_EXT_CTRLS(r0, 0xc0205649, &(0x7f0000000100)={0x980000, 0x1ff, 0x10, 0xffffffffffffffff, 0x0, &(0x7f00000000c0)={0x0, 0x6, [], @p_u8=0x0}})

17:30:29 executing program 0:
r0 = openat$vicodec0(0xffffffffffffff9c, &(0x7f0000000080)='/dev/video36\x00', 0x2, 0x0)
ioctl$VIDIOC_QUERYCAP(r0, 0x80685600, &(0x7f00000000c0))
r1 = openat$vimc2(0xffffffffffffff9c, &(0x7f0000000000)='/dev/video2\x00', 0x2, 0x0)
ioctl$VIDIOC_S_HW_FREQ_SEEK(r1, 0x40305652, &(0x7f0000000040)={0x5, 0x2, 0xfff, 0x1, 0x0, 0x21, 0x8})

17:30:29 executing program 0:
openat$vicodec1(0xffffffffffffff9c, &(0x7f0000000080)='/dev/video37\x00', 0x2, 0x0)
r0 = openat$vimc0(0xffffffffffffff9c, &(0x7f0000000000)='/dev/video0\x00', 0x2, 0x0)
ioctl$VIDIOC_SUBDEV_G_FMT(r0, 0xc0585604, &(0x7f00000000c0)={0x0, 0x0, {0x7fffffff, 0x1, 0x6001, 0x4, 0x3, 0xe, 0x1, 0x1}})

17:30:29 executing program 0:
r0 = openat$vimc1(0xffffffffffffff9c, &(0x7f0000000000)='/dev/video1\x00', 0x2, 0x0)
ioctl$VIDIOC_REQBUFS(r0, 0xc0145608, &(0x7f00000000c0)={0xfff, 0x1, 0x1})
ioctl$VIDIOC_ENUM_FRAMESIZES(r0, 0xc02c564a, &(0x7f0000000040)={0x5, 0x50313459, 0x1, @discrete={0x10001, 0x7fff}})
ioctl$VIDIOC_REQBUFS(r0, 0xc0145608, &(0x7f0000000080)={0x7, 0x1, 0x4})

17:30:29 executing program 0:
r0 = syz_open_dev$vbi(&(0x7f00000001c0)='/dev/vbi#\x00', 0x2, 0x2)
ioctl$VIDIOC_S_INPUT(r0, 0xc0045627, &(0x7f0000000080)=0x800)
ioctl$VIDIOC_SUBDEV_QUERY_DV_TIMINGS(r0, 0x80845663, &(0x7f00000000c0)={0x0, @reserved})

17:30:29 executing program 0:
ioctl$VIDIOC_OVERLAY(0xffffffffffffffff, 0x4004560e, &(0x7f0000000080)=0x1)
r0 = syz_open_dev$vbi(&(0x7f0000000040)='/dev/vbi#\x00', 0x0, 0x2)
ioctl$VIDIOC_DBG_S_REGISTER(r0, 0x4038564f, &(0x7f00000000c0)={{0x1, @name="48ac07f1bc1a33ec221bc7564b2dd956283338d06fb2956949e9dec2b28e738b"}, 0x8, 0x8, 0x1})
ioctl$VIDIOC_S_FREQUENCY(r0, 0x402c5639, &(0x7f0000000000)={0x0, 0x2})

17:30:29 executing program 0:
ioctl$VIDIOC_DBG_G_REGISTER(0xffffffffffffffff, 0xc0385650, &(0x7f00000001c0)={{0x2, @name="aef52982aab4007f5cd929204b8111b6a6d6af74e999c49ccdab88b08724a01b"}, 0x8, 0x100000000, 0x4})
r0 = syz_open_dev$vivid(&(0x7f0000000000)='/dev/video#\x00', 0x3, 0x2)
r1 = openat$vimc2(0xffffffffffffff9c, &(0x7f00000000c0)='/dev/video2\x00', 0x2, 0x0)
ioctl$VIDIOC_SUBDEV_S_FRAME_INTERVAL(r1, 0xc0305616, &(0x7f0000000180)={0x0, {0x8}})
ioctl$VIDIOC_LOG_STATUS(r0, 0x5646, 0x0)
ioctl$VIDIOC_STREAMON(r1, 0x40045612, &(0x7f0000000200)=0x35a)
r2 = syz_open_dev$radio(&(0x7f0000000080)='/dev/radio#\x00', 0x0, 0x2)
ioctl$VIDIOC_EXPBUF(r0, 0xc0405610, &(0x7f0000000140)={0x9, 0x10000, 0x0, 0x82800, <r3=>0xffffffffffffffff})
r4 = syz_open_dev$radio(&(0x7f0000000000)='/dev/radio#\x00', 0x1, 0x2)
ioctl$VIDIOC_G_FREQUENCY(r4, 0xc02c5638, &(0x7f0000000040))
ioctl$VIDIOC_G_EDID(r4, 0xc0285628, &(0x7f0000000240)={0x0, 0x7, 0x0, [], &(0x7f0000000040)=0x4})
ioctl$VIDIOC_EXPBUF(r2, 0xc0405610, &(0x7f0000000100)={0x8, 0x7fff, 0x5, 0x4800, r3})

[  108.850979][T12796] vivid-001: =================  START STATUS  =================
[  108.857957][T12796] v4l2-ctrls: vivid-001: Enable Output Cropping: true
[  108.865006][T12796] v4l2-ctrls: vivid-001: Enable Output Composing: true
[  108.869469][T12796] v4l2-ctrls: vivid-001: Enable Output Scaler: true
[  108.875112][T12796] v4l2-ctrls: vivid-001: Tx RGB Quantization Range: Automatic
[  108.879695][T12796] v4l2-ctrls: vivid-001: Transmit Mode: HDMI
[  108.883844][T12796] v4l2-ctrls: vivid-001: Display Present: true inactive
[  108.892485][T12796] v4l2-ctrls: vivid-001: Hotplug Present: 0x00000001
[  108.897353][T12796] v4l2-ctrls: vivid-001: RxSense Present: 0x00000001
[  108.902652][T12796] v4l2-ctrls: vivid-001: EDID Present: 0x00000001
[  108.905607][T12796] vivid-001: ==================  END STATUS  ==================
17:30:29 executing program 0:
r0 = syz_open_dev$vbi(&(0x7f0000000180)='/dev/vbi#\x00', 0x1, 0x2)
r1 = syz_open_dev$radio(&(0x7f0000000000)='/dev/radio#\x00', 0x1, 0x2)
ioctl$VIDIOC_G_FREQUENCY(r1, 0xc02c5638, &(0x7f0000000040))
ioctl$VIDIOC_S_CTRL(r1, 0xc008561c, &(0x7f0000000100)={0x8, 0x8})
r2 = syz_open_dev$radio(&(0x7f0000000000)='/dev/radio#\x00', 0x1, 0x2)
ioctl$VIDIOC_G_FREQUENCY(r2, 0xc02c5638, &(0x7f0000000040))
ioctl$VIDIOC_QUERY_EXT_CTRL(r2, 0xc0e85667, &(0x7f0000000000)={0x80000000, 0x102, "13a2984b7c05eb492ea4d8f34ed01ae2ee1f8cc63a23a311c0780a136690e184", 0x5, 0x2, 0x5, 0x6, 0x9, 0x40, 0x24, 0x1, [0x80000000, 0x1ff, 0xffffff27, 0x7]})
ioctl$VIDIOC_QUERYMENU(r0, 0xc02c5625, &(0x7f00000001c0)={0x7fffffff, 0x0, @name="691e8afc1d376da551181f1ba56a56719d5410c645ffd22559094c5747abed42"})

17:30:29 executing program 0:
r0 = syz_open_dev$radio(&(0x7f0000000000)='/dev/radio#\x00', 0x1, 0x2)
ioctl$VIDIOC_G_FREQUENCY(r0, 0xc02c5638, &(0x7f0000000040))
ioctl$VIDIOC_G_PRIORITY(r0, 0x80045643, 0x0)
r1 = syz_open_dev$vivid(&(0x7f0000000000)='/dev/video#\x00', 0x0, 0x2)
ioctl$VIDIOC_REQBUFS(r1, 0xc0145608, &(0x7f0000000140)={0x400, 0x1, 0x1})
r2 = syz_open_dev$radio(&(0x7f0000000000)='/dev/radio#\x00', 0x1, 0x2)
ioctl$VIDIOC_G_FREQUENCY(r2, 0xc02c5638, &(0x7f0000000040))
ioctl$VIDIOC_STREAMON(r2, 0x40045612, &(0x7f0000000180)=0x4)
ioctl$VIDIOC_TRY_EXT_CTRLS(0xffffffffffffffff, 0xc0205649, &(0x7f00000000c0)={0xf000000, 0x7fffffff, 0xdee, 0xffffffffffffffff, 0x0, &(0x7f0000000080)={0x980900, 0x3, [], @string=&(0x7f0000000100)=0x9}})

17:30:29 executing program 0:
ioctl$VIDIOC_SUBDEV_S_FRAME_INTERVAL(0xffffffffffffffff, 0xc0305616, &(0x7f0000000040)={0x0, {0x1f, 0x7f}})
r0 = syz_open_dev$vivid(&(0x7f0000000000)='/dev/video#\x00', 0x0, 0x2)
r1 = syz_open_dev$vivid(&(0x7f0000000080)='/dev/video#\x00', 0x0, 0x2)
ioctl$VIDIOC_LOG_STATUS(r0, 0x5646, 0x0)
ioctl$VIDIOC_S_STD(r1, 0x40085618, &(0x7f00000000c0)=0x100000)
r2 = openat$vimc2(0xffffffffffffff9c, &(0x7f0000000100)='/dev/video2\x00', 0x2, 0x0)
ioctl$VIDIOC_SUBDEV_ENUM_DV_TIMINGS(r2, 0xc0945662, &(0x7f0000000240)={0x6, 0x0, [], {0x0, @bt={0x7, 0x3, 0x1, 0x0, 0x3, 0x7, 0x3f, 0x28d, 0x40, 0xffffff11, 0x6, 0x5, 0x5, 0x10001, 0x16, 0x4c, {0x4, 0x4}, 0xed, 0x7}}})
ioctl$VIDIOC_S_FMT(r0, 0xc0d05605, &(0x7f0000000140)={0x7, @pix={0x0, 0xfffffffc, 0x0, 0x0, 0x0, 0x0, 0x8, 0x0, 0x1}})

[  109.019622][T12810] vivid-000: =================  START STATUS  =================
[  109.022118][T12810] v4l2-ctrls: vivid-000: Test Pattern: 75% Colorbar
[  109.025415][T12810] v4l2-ctrls: vivid-000: Fill Percentage of Frame: 100
[  109.027596][T12810] v4l2-ctrls: vivid-000: Horizontal Movement: No Movement
[  109.030039][T12810] v4l2-ctrls: vivid-000: Vertical Movement: No Movement
[  109.032231][T12810] v4l2-ctrls: vivid-000: OSD Text Mode: All
[  109.035376][T12810] v4l2-ctrls: vivid-000: Show Border: false
[  109.037264][T12810] v4l2-ctrls: vivid-000: Show Square: false
[  109.039108][T12810] v4l2-ctrls: vivid-000: Sensor Flipped Horizontally: false
[  109.041377][T12810] v4l2-ctrls: vivid-000: Sensor Flipped Vertically: false
[  109.044570][T12810] v4l2-ctrls: vivid-000: Insert SAV Code in Image: false
[  109.046827][T12810] v4l2-ctrls: vivid-000: Insert EAV Code in Image: false
[  109.049121][T12810] v4l2-ctrls: vivid-000: Reduced Framerate: false
[  109.051202][T12810] v4l2-ctrls: vivid-000: Enable Capture Cropping: true
[  109.054732][T12810] v4l2-ctrls: vivid-000: Enable Capture Composing: true
[  109.057144][T12810] v4l2-ctrls: vivid-000: Enable Capture Scaler: true
[  109.059355][T12810] v4l2-ctrls: vivid-000: Timestamp Source: End of Frame
[  109.061630][T12810] v4l2-ctrls: vivid-000: Colorspace: sRGB
[  109.064708][T12810] v4l2-ctrls: vivid-000: Transfer Function: Default
[  109.067245][T12810] v4l2-ctrls: vivid-000: Y'CbCr Encoding: Default
[  109.069617][T12810] v4l2-ctrls: vivid-000: HSV Encoding: Hue 0-179
[  109.071739][T12810] v4l2-ctrls: vivid-000: Quantization: Default
[  109.075093][T12810] v4l2-ctrls: vivid-000: Apply Alpha To Red Only: false
[  109.077296][T12810] v4l2-ctrls: vivid-000: Standard Aspect Ratio: 4x3
[  109.079367][T12810] v4l2-ctrls: vivid-000: DV Timings Signal Mode: Current DV Timings inactive
[  109.082334][T12810] v4l2-ctrls: vivid-000: DV Timings: 640x480p59 inactive
[  109.085592][T12810] v4l2-ctrls: vivid-000: DV Timings Aspect Ratio: Source Width x Height
[  109.088399][T12810] v4l2-ctrls: vivid-000: Maximum EDID Blocks: 2
[  109.090478][T12810] v4l2-ctrls: vivid-000: Limited RGB Range (16-235): false
[  109.092883][T12810] v4l2-ctrls: vivid-000: Rx RGB Quantization Range: Automatic
[  109.096594][T12810] v4l2-ctrls: vivid-000: Power Present: 0x00000001
[  109.098853][T12810] tpg source WxH: 320x180 (Y'CbCr)
[  109.100678][T12810] tpg field: 1
[  109.101979][T12810] tpg crop: 320x180@0x0
[  109.104415][T12810] tpg compose: 320x180@0x0
[  109.105990][T12810] tpg colorspace: 8
[  109.107298][T12810] tpg transfer function: 0/0
[  109.108875][T12810] tpg Y'CbCr encoding: 0/0
[  109.110417][T12810] tpg quantization: 0/0
[  109.111879][T12810] tpg RGB range: 0/2
[  109.115067][T12810] vivid-000: ==================  END STATUS  ==================
[  109.120302][T12811] vivid-000: =================  START STATUS  =================
[  109.123744][T12811] v4l2-ctrls: vivid-000: Test Pattern: 75% Colorbar
[  109.126125][T12811] v4l2-ctrls: vivid-000: Fill Percentage of Frame: 100
[  109.128464][T12811] v4l2-ctrls: vivid-000: Horizontal Movement: No Movement
[  109.130863][T12811] v4l2-ctrls: vivid-000: Vertical Movement: No Movement
[  109.134873][T12811] v4l2-ctrls: vivid-000: OSD Text Mode: All
[  109.136926][T12811] v4l2-ctrls: vivid-000: Show Border: false
[  109.138912][T12811] v4l2-ctrls: vivid-000: Show Square: false
[  109.140914][T12811] v4l2-ctrls: vivid-000: Sensor Flipped Horizontally: false
[  109.144368][T12811] v4l2-ctrls: vivid-000: Sensor Flipped Vertically: false
[  109.146797][T12811] v4l2-ctrls: vivid-000: Insert SAV Code in Image: false
[  109.149187][T12811] v4l2-ctrls: vivid-000: Insert EAV Code in Image: false
[  109.151563][T12811] v4l2-ctrls: vivid-000: Reduced Framerate: false
[  109.155051][T12811] v4l2-ctrls: vivid-000: Enable Capture Cropping: true
[  109.157441][T12811] v4l2-ctrls: vivid-000: Enable Capture Composing: true
[  109.159825][T12811] v4l2-ctrls: vivid-000: Enable Capture Scaler: true
[  109.162109][T12811] v4l2-ctrls: vivid-000: Timestamp Source: End of Frame
[  109.165775][T12811] v4l2-ctrls: vivid-000: Colorspace: sRGB
[  109.168076][T12811] v4l2-ctrls: vivid-000: Transfer Function: Default
[  109.170402][T12811] v4l2-ctrls: vivid-000: Y'CbCr Encoding: Default
[  109.172701][T12811] v4l2-ctrls: vivid-000: HSV Encoding: Hue 0-179
[  109.176254][T12811] v4l2-ctrls: vivid-000: Quantization: Default
[  109.178439][T12811] v4l2-ctrls: vivid-000: Apply Alpha To Red Only: false
[  109.180805][T12811] v4l2-ctrls: vivid-000: Standard Aspect Ratio: 4x3
[  109.184060][T12811] v4l2-ctrls: vivid-000: DV Timings Signal Mode: Current DV Timings inactive
[  109.187064][T12811] v4l2-ctrls: vivid-000: DV Timings: 640x480p59 inactive
[  109.189453][T12811] v4l2-ctrls: vivid-000: DV Timings Aspect Ratio: Source Width x Height
[  109.192371][T12811] v4l2-ctrls: vivid-000: Maximum EDID Blocks: 2
[  109.195676][T12811] v4l2-ctrls: vivid-000: Limited RGB Range (16-235): false
[  109.198178][T12811] v4l2-ctrls: vivid-000: Rx RGB Quantization Range: Automatic
[  109.200856][T12811] v4l2-ctrls: vivid-000: Power Present: 0x00000001
[  109.203851][T12811] tpg source WxH: 320x180 (Y'CbCr)
[  109.205634][T12811] tpg field: 1
[  109.206804][T12811] tpg crop: 320x180@0x0
[  109.208225][T12811] tpg compose: 320x180@0x0
[  109.209828][T12811] tpg colorspace: 8
[  109.211142][T12811] tpg transfer function: 0/0
[  109.212707][T12811] tpg Y'CbCr encoding: 0/0
[  109.215873][T12811] tpg quantization: 0/0
[  109.217347][T12811] tpg RGB range: 0/2
[  109.218689][T12811] vivid-000: ==================  END STATUS  ==================
17:30:29 executing program 0:
r0 = syz_open_dev$vivid(&(0x7f0000000040)='/dev/video#\x00', 0x0, 0x2)
